<sig cut>= (belectron_charge*bjet_partonFlavour < 0)&&(Has_bElectron)
<bkg cut>= (belectron_charge*bjet_partonFlavour > 0)&&(Has_bElectron)
Model: "sequential"
_________________________________________________________________
 Layer (type)                Output Shape              Param #   
=================================================================
 dense (Dense)               (None, 128)               1792      
                                                                 
 batch_normalization (BatchN  (None, 128)              512       
 ormalization)                                                   
                                                                 
 activation (Activation)     (None, 128)               0         
                                                                 
 dropout (Dropout)           (None, 128)               0         
                                                                 
 dense_1 (Dense)             (None, 128)               16512     
                                                                 
 batch_normalization_1 (Batc  (None, 128)              512       
 hNormalization)                                                 
                                                                 
 activation_1 (Activation)   (None, 128)               0         
                                                                 
 dropout_1 (Dropout)         (None, 128)               0         
                                                                 
 dense_2 (Dense)             (None, 128)               16512     
                                                                 
 batch_normalization_2 (Batc  (None, 128)              512       
 hNormalization)                                                 
                                                                 
 activation_2 (Activation)   (None, 128)               0         
                                                                 
 dropout_2 (Dropout)         (None, 128)               0         
                                                                 
 dense_3 (Dense)             (None, 128)               16512     
                                                                 
 batch_normalization_3 (Batc  (None, 128)              512       
 hNormalization)                                                 
                                                                 
 activation_3 (Activation)   (None, 128)               0         
                                                                 
 dropout_3 (Dropout)         (None, 128)               0         
                                                                 
 dense_4 (Dense)             (None, 128)               16512     
                                                                 
 batch_normalization_4 (Batc  (None, 128)              512       
 hNormalization)                                                 
                                                                 
 activation_4 (Activation)   (None, 128)               0         
                                                                 
 dropout_4 (Dropout)         (None, 128)               0         
                                                                 
 dense_5 (Dense)             (None, 2)                 258       
                                                                 
 activation_5 (Activation)   (None, 2)                 0         
                                                                 
=================================================================
Total params: 70,658
Trainable params: 69,378
Non-trainable params: 1,280
_________________________________________________________________
DataSetInfo              : [electron2018__5__128__500__0.2] : Added class "Signal"
                         : Add Tree OutTree/sig of type Signal with 1190992 events
                         : Add Tree OutTree/sig of type Signal with 1185970 events
DataSetInfo              : [electron2018__5__128__500__0.2] : Added class "Background"
                         : Add Tree OutTree/bkg of type Background with 800617 events
                         : Add Tree OutTree/bkg of type Background with 788872 events
Factory                  : Booking method: [1mDNN[0m
                         : 
DNN                      : [electron2018__5__128__500__0.2] : Create Transformation "U" with events from all classes.
                         : 
                         : Transformation, Variable selection : 
                         : Input : variable 'belectron_nsip3d' <---> Output : variable 'belectron_nsip3d'
                         : Input : variable 'belectron_reliso' <---> Output : variable 'belectron_reliso'
                         : Input : variable 'belectron_ptwrtbjet' <---> Output : variable 'belectron_ptwrtbjet'
                         : Input : variable 'belectron_P_jetrest' <---> Output : variable 'belectron_P_jetrest'
                         : Input : variable 'bjet_charge*belectron_charge' <---> Output : variable 'bjet_charge*belectron_charge'
                         : Input : variable 'bjet_ChargedHadronEnergyFraction' <---> Output : variable 'bjet_ChargedHadronEnergyFraction'
                         : Input : variable 'bjet_NeutralHadronEnergyFraction' <---> Output : variable 'bjet_NeutralHadronEnergyFraction'
                         : Input : variable 'bjet_NeutralEmEnergyFraction' <---> Output : variable 'bjet_NeutralEmEnergyFraction'
                         : Input : variable 'bjet_ChargedEmEnergyFraction' <---> Output : variable 'bjet_ChargedEmEnergyFraction'
                         : Input : variable 'bjet_MuonEnergyFraction' <---> Output : variable 'bjet_MuonEnergyFraction'
                         : Input : variable 'bjet_ChargedMultiplicity' <---> Output : variable 'bjet_ChargedMultiplicity'
                         : Input : variable 'bjet_NeutralMultiplicity' <---> Output : variable 'bjet_NeutralMultiplicity'
                         : Input : variable 'fabs(bjet_charge)' <---> Output : variable 'fabs(bjet_charge)'
                         : Setting up tf.keras
                         : Using TensorFlow version 2
                         : Use Keras version from TensorFlow : tf.keras
                         :  Loading Keras Model 
                         : Loaded model from file: model.h5
Factory                  : [1mTrain all methods[0m
                         : Rebuilding Dataset electron2018__5__128__500__0.2
                         : Building event vectors for type 1 Signal
                         : Dataset[electron2018__5__128__500__0.2] :  create input formulas for tree sig
                         : Dataset[electron2018__5__128__500__0.2] :  create input formulas for tree sig
                         : Dataset[electron2018__5__128__500__0.2] :  create input formulas for tree sig
                         : Building event vectors for type 0 Signal
                         : Dataset[electron2018__5__128__500__0.2] :  create input formulas for tree sig
                         : Dataset[electron2018__5__128__500__0.2] :  create input formulas for tree sig
                         : Building event vectors for type 1 Background
                         : Dataset[electron2018__5__128__500__0.2] :  create input formulas for tree bkg
                         : Dataset[electron2018__5__128__500__0.2] :  create input formulas for tree bkg
                         : Dataset[electron2018__5__128__500__0.2] :  create input formulas for tree bkg
                         : Building event vectors for type 0 Background
                         : Dataset[electron2018__5__128__500__0.2] :  create input formulas for tree bkg
                         : Dataset[electron2018__5__128__500__0.2] :  create input formulas for tree bkg
DataSetFactory           : [electron2018__5__128__500__0.2] : Number of events in input trees
                         : Dataset[electron2018__5__128__500__0.2] :     Signal     requirement: "(belectron_charge*bjet_partonFlavour < 0)&&(Has_bElectron)"
                         : Dataset[electron2018__5__128__500__0.2] :     Signal          -- number of events passed: 167661  / sum of weights: 133041
                         : Dataset[electron2018__5__128__500__0.2] :     Signal          -- efficiency             : 0.0735922
                         : Dataset[electron2018__5__128__500__0.2] :     Background requirement: "(belectron_charge*bjet_partonFlavour > 0)&&(Has_bElectron)"
                         : Dataset[electron2018__5__128__500__0.2] :     Background      -- number of events passed: 127916  / sum of weights: 101876
                         : Dataset[electron2018__5__128__500__0.2] :     Background      -- efficiency             : 0.0834728
                         : Dataset[electron2018__5__128__500__0.2] :  you have opted for interpreting the requested number of training/testing events
                         :  to be the number of events AFTER your preselection cuts
                         : 
                         : Dataset[electron2018__5__128__500__0.2] :  you have opted for interpreting the requested number of training/testing events
                         :  to be the number of events AFTER your preselection cuts
                         : 
                         : Dataset[electron2018__5__128__500__0.2] : Weight renormalisation mode: "EqualNumEvents": renormalises all event classes ...
                         : Dataset[electron2018__5__128__500__0.2] :  such that the effective (weighted) number of events in each class is the same 
                         : Dataset[electron2018__5__128__500__0.2] :  (and equals the number of events (entries) given for class=0 )
                         : Dataset[electron2018__5__128__500__0.2] : ... i.e. such that Sum[i=1..N_j]{w_i} = N_classA, j=classA, classB, ...
                         : Dataset[electron2018__5__128__500__0.2] : ... (note that N_j is the sum of TRAINING events
                         : Dataset[electron2018__5__128__500__0.2] :  ..... Testing events are not renormalised nor included in the renormalisation factor!)
                         : Number of training and testing events
                         : ---------------------------------------------------------------------------
                         : Signal     -- training events            : 73291
                         : Signal     -- testing events             : 94370
                         : Signal     -- training and testing events: 167661
                         : Dataset[electron2018__5__128__500__0.2] : Signal     -- due to the preselection a scaling factor has been applied to the numbers of requested events: 0.0705358
                         : Background -- training events            : 55516
                         : Background -- testing events             : 72400
                         : Background -- training and testing events: 127916
                         : Dataset[electron2018__5__128__500__0.2] : Background -- due to the preselection a scaling factor has been applied to the numbers of requested events: 0.0804762
                         : 
DataSetInfo              : Correlation matrix (Signal):
                         : ------------------------------------------------------------------------------------------------------------------------------------------------------------------------------------------------------------------------------------------------------------------------------------------------------------------------------------------------------------------
                         :                                   belectron_nsip3d belectron_reliso belectron_ptwrtbjet belectron_P_jetrest bjet_charge_T_belectron_charge bjet_ChargedHadronEnergyFraction bjet_NeutralHadronEnergyFraction bjet_NeutralEmEnergyFraction bjet_ChargedEmEnergyFraction bjet_MuonEnergyFraction bjet_ChargedMultiplicity bjet_NeutralMultiplicity fabs_bjet_charge_
                         :                 belectron_nsip3d:           +1.000           -0.150              +0.043              +0.045                         -0.089                           +0.063                           +0.086                       +0.028                       -0.171                  +0.033                   +0.025                   +0.050            -0.046
                         :                 belectron_reliso:           -0.150           +1.000              -0.115              -0.083                         -0.128                           +0.127                           +0.003                       +0.099                       -0.188                  -0.046                   +0.151                   +0.172            -0.135
                         :              belectron_ptwrtbjet:           +0.043           -0.115              +1.000              +0.414                         -0.103                           +0.097                           +0.042                       +0.068                       -0.216                  +0.055                   +0.060                   +0.087            -0.041
                         :              belectron_P_jetrest:           +0.045           -0.083              +0.414              +1.000                         -0.097                           -0.035                           +0.234                       +0.008                       -0.155                  +0.023                   -0.058                   +0.017            -0.024
                         :   bjet_charge_T_belectron_charge:           -0.089           -0.128              -0.103              -0.097                         +1.000                           -0.177                           -0.101                       -0.067                       +0.335                  -0.035                   -0.147                   -0.102            +0.582
                         : bjet_ChargedHadronEnergyFraction:           +0.063           +0.127              +0.097              -0.035                         -0.177                           +1.000                           -0.427                       -0.138                       -0.532                  -0.229                   +0.463                   -0.067            -0.249
                         : bjet_NeutralHadronEnergyFraction:           +0.086           +0.003              +0.042              +0.234                         -0.101                           -0.427                           +1.000                       -0.186                       -0.098                  -0.090                   -0.309                   +0.102            -0.046
                         :     bjet_NeutralEmEnergyFraction:           +0.028           +0.099              +0.068              +0.008                         -0.067                           -0.138                           -0.186                       +1.000                       -0.390                  -0.141                   -0.027                   +0.432            -0.075
                         :     bjet_ChargedEmEnergyFraction:           -0.171           -0.188              -0.216              -0.155                         +0.335                           -0.532                           -0.098                       -0.390                       +1.000                  -0.116                   -0.225                   -0.282            +0.267
                         :          bjet_MuonEnergyFraction:           +0.033           -0.046              +0.055              +0.023                         -0.035                           -0.229                           -0.090                       -0.141                       -0.116                  +1.000                   -0.042                   -0.088            +0.170
                         :         bjet_ChargedMultiplicity:           +0.025           +0.151              +0.060              -0.058                         -0.147                           +0.463                           -0.309                       -0.027                       -0.225                  -0.042                   +1.000                   +0.088            -0.234
                         :         bjet_NeutralMultiplicity:           +0.050           +0.172              +0.087              +0.017                         -0.102                           -0.067                           +0.102                       +0.432                       -0.282                  -0.088                   +0.088                   +1.000            -0.136
                         :                fabs_bjet_charge_:           -0.046           -0.135              -0.041              -0.024                         +0.582                           -0.249                           -0.046                       -0.075                       +0.267                  +0.170                   -0.234                   -0.136            +1.000
                         : ------------------------------------------------------------------------------------------------------------------------------------------------------------------------------------------------------------------------------------------------------------------------------------------------------------------------------------------------------------------
DataSetInfo              : Correlation matrix (Background):
                         : ------------------------------------------------------------------------------------------------------------------------------------------------------------------------------------------------------------------------------------------------------------------------------------------------------------------------------------------------------------------
                         :                                   belectron_nsip3d belectron_reliso belectron_ptwrtbjet belectron_P_jetrest bjet_charge_T_belectron_charge bjet_ChargedHadronEnergyFraction bjet_NeutralHadronEnergyFraction bjet_NeutralEmEnergyFraction bjet_ChargedEmEnergyFraction bjet_MuonEnergyFraction bjet_ChargedMultiplicity bjet_NeutralMultiplicity fabs_bjet_charge_
                         :                 belectron_nsip3d:           +1.000           -0.179              +0.012              +0.011                         -0.051                           +0.023                           +0.062                       +0.018                       -0.144                  +0.026                   +0.007                   +0.034            +0.018
                         :                 belectron_reliso:           -0.179           +1.000              -0.154              -0.078                         -0.062                           +0.065                           -0.036                       +0.037                       -0.036                  -0.069                   +0.135                   +0.138            -0.048
                         :              belectron_ptwrtbjet:           +0.012           -0.154              +1.000              +0.294                         -0.090                           +0.069                           +0.016                       +0.049                       -0.192                  +0.030                   +0.039                   +0.067            +0.041
                         :              belectron_P_jetrest:           +0.011           -0.078              +0.294              +1.000                         -0.043                           -0.066                           +0.177                       -0.005                       -0.096                  -0.006                   -0.078                   -0.008            +0.033
                         :   bjet_charge_T_belectron_charge:           -0.051           -0.062              -0.090              -0.043                         +1.000                           -0.105                           +0.015                       +0.017                       +0.224                  -0.135                   -0.025                   -0.007            -0.046
                         : bjet_ChargedHadronEnergyFraction:           +0.023           +0.065              +0.069              -0.066                         -0.105                           +1.000                           -0.526                       -0.211                       -0.402                  -0.286                   +0.457                   -0.134            -0.145
                         : bjet_NeutralHadronEnergyFraction:           +0.062           -0.036              +0.016              +0.177                         +0.015                           -0.526                           +1.000                       -0.233                       -0.055                  -0.112                   -0.389                   +0.087            -0.010
                         :     bjet_NeutralEmEnergyFraction:           +0.018           +0.037              +0.049              -0.005                         +0.017                           -0.211                           -0.233                       +1.000                       -0.301                  -0.186                   -0.045                   +0.389            -0.020
                         :     bjet_ChargedEmEnergyFraction:           -0.144           -0.036              -0.192              -0.096                         +0.224                           -0.402                           -0.055                       -0.301                       +1.000                  -0.062                   -0.128                   -0.212            +0.033
                         :          bjet_MuonEnergyFraction:           +0.026           -0.069              +0.030              -0.006                         -0.135                           -0.286                           -0.112                       -0.186                       -0.062                  +1.000                   -0.053                   -0.114            +0.263
                         :         bjet_ChargedMultiplicity:           +0.007           +0.135              +0.039              -0.078                         -0.025                           +0.457                           -0.389                       -0.045                       -0.128                  -0.053                   +1.000                   +0.049            -0.157
                         :         bjet_NeutralMultiplicity:           +0.034           +0.138              +0.067              -0.008                         -0.007                           -0.134                           +0.087                       +0.389                       -0.212                  -0.114                   +0.049                   +1.000            -0.090
                         :                fabs_bjet_charge_:           +0.018           -0.048              +0.041              +0.033                         -0.046                           -0.145                           -0.010                       -0.020                       +0.033                  +0.263                   -0.157                   -0.090            +1.000
                         : ------------------------------------------------------------------------------------------------------------------------------------------------------------------------------------------------------------------------------------------------------------------------------------------------------------------------------------------------------------------
DataSetFactory           : [electron2018__5__128__500__0.2] :  
                         : 
Factory                  : [electron2018__5__128__500__0.2] : Create Transformation "I" with events from all classes.
                         : 
                         : Transformation, Variable selection : 
                         : Input : variable 'belectron_nsip3d' <---> Output : variable 'belectron_nsip3d'
                         : Input : variable 'belectron_reliso' <---> Output : variable 'belectron_reliso'
                         : Input : variable 'belectron_ptwrtbjet' <---> Output : variable 'belectron_ptwrtbjet'
                         : Input : variable 'belectron_P_jetrest' <---> Output : variable 'belectron_P_jetrest'
                         : Input : variable 'bjet_charge*belectron_charge' <---> Output : variable 'bjet_charge*belectron_charge'
                         : Input : variable 'bjet_ChargedHadronEnergyFraction' <---> Output : variable 'bjet_ChargedHadronEnergyFraction'
                         : Input : variable 'bjet_NeutralHadronEnergyFraction' <---> Output : variable 'bjet_NeutralHadronEnergyFraction'
                         : Input : variable 'bjet_NeutralEmEnergyFraction' <---> Output : variable 'bjet_NeutralEmEnergyFraction'
                         : Input : variable 'bjet_ChargedEmEnergyFraction' <---> Output : variable 'bjet_ChargedEmEnergyFraction'
                         : Input : variable 'bjet_MuonEnergyFraction' <---> Output : variable 'bjet_MuonEnergyFraction'
                         : Input : variable 'bjet_ChargedMultiplicity' <---> Output : variable 'bjet_ChargedMultiplicity'
                         : Input : variable 'bjet_NeutralMultiplicity' <---> Output : variable 'bjet_NeutralMultiplicity'
                         : Input : variable 'fabs(bjet_charge)' <---> Output : variable 'fabs(bjet_charge)'
TFHandler_Factory        :                         Variable                                Mean                                RMS                        [        Min                                Max ]
                         : -----------------------------------------------------------------------------------------------------------------------------------------------------------------------------------
                         :                 belectron_nsip3d:                            106.48                            377.50   [                         0.0042776                            9748.0 ]
                         :                 belectron_reliso:                            1.9621                            2.4712   [                            0.0000                            54.358 ]
                         :              belectron_ptwrtbjet:                            7.8488                            21.474   [                        0.00093650                            1114.6 ]
                         :              belectron_P_jetrest:                            172.75                            975.69   [                           0.19801                        1.5422e+05 ]
                         :     bjet_charge*belectron_charge:                          0.093342                           0.32976   [                           -1.0000                            1.0000 ]
                         : bjet_ChargedHadronEnergyFraction:                           0.50137                           0.21531   [                            0.0000                            1.0000 ]
                         : bjet_NeutralHadronEnergyFraction:                           0.11132                           0.15976   [                            0.0000                            1.0000 ]
                         :     bjet_NeutralEmEnergyFraction:                           0.22358                           0.15110   [                            0.0000                           0.98578 ]
                         :     bjet_ChargedEmEnergyFraction:                           0.12633                           0.17927   [                            0.0000                           0.97985 ]
                         :          bjet_MuonEnergyFraction:                          0.037399                           0.11260   [                            0.0000                           0.99423 ]
                         :         bjet_ChargedMultiplicity:                            11.157                            4.3463   [                            0.0000                            42.000 ]
                         :         bjet_NeutralMultiplicity:                            10.267                            5.1076   [                            0.0000                            48.000 ]
                         :                fabs(bjet_charge):                           0.27395                           0.20593   [                            0.0000                            1.0000 ]
                         : -----------------------------------------------------------------------------------------------------------------------------------------------------------------------------------
                         : Ranking input variables (method unspecific)...
IdTransformation         : Ranking result (top variable is best ranked)
                         : ---------------------------------------------------------
                         : Rank : Variable                         : Separation
                         : ---------------------------------------------------------
                         :    1 : bjet_charge*belectron_charge     : 1.131e-01
                         :    2 : bjet_ChargedEmEnergyFraction     : 3.643e-02
                         :    3 : belectron_ptwrtbjet              : 1.915e-02
                         :    4 : fabs(bjet_charge)                : 1.643e-02
                         :    5 : bjet_ChargedHadronEnergyFraction : 8.262e-03
                         :    6 : belectron_P_jetrest              : 7.010e-03
                         :    7 : belectron_reliso                 : 5.302e-03
                         :    8 : bjet_ChargedMultiplicity         : 4.550e-03
                         :    9 : bjet_NeutralMultiplicity         : 3.363e-03
                         :   10 : bjet_NeutralEmEnergyFraction     : 3.356e-03
                         :   11 : belectron_nsip3d                 : 2.647e-03
                         :   12 : bjet_NeutralHadronEnergyFraction : 2.180e-03
                         :   13 : bjet_MuonEnergyFraction          : 1.979e-03
                         : ---------------------------------------------------------
Factory                  : Train method: DNN for Classification
                         : 
                         : 
                         : [1m================================================================[0m
                         : [1mH e l p   f o r   M V A   m e t h o d   [ DNN ] :[0m
                         : 
                         : Keras is a high-level API for the Theano and Tensorflow packages.
                         : This method wraps the training and predictions steps of the Keras
                         : Python package for TMVA, so that dataloading, preprocessing and
                         : evaluation can be done within the TMVA system. To use this Keras
                         : interface, you have to generate a model with Keras first. Then,
                         : this model can be loaded and trained in TMVA.
                         : 
                         : 
                         : <Suppress this message by specifying "!H" in the booking option>
                         : [1m================================================================[0m
                         : 
                         : Preparing the Gaussian transformation...
TFHandler_DNN            :                         Variable                                Mean                                RMS                        [        Min                                Max ]
                         : -----------------------------------------------------------------------------------------------------------------------------------------------------------------------------------
                         :                 belectron_nsip3d:                           0.49904                           0.28959   [                        1.0000e-09                            1.0000 ]
                         :                 belectron_reliso:                           0.46242                           0.30725   [                         0.0011777                            1.0000 ]
                         :              belectron_ptwrtbjet:                           0.50025                           0.28829   [                        1.0000e-09                            1.0000 ]
                         :              belectron_P_jetrest:                           0.69175                           0.11469   [                           0.61744                            1.0000 ]
                         :     bjet_charge*belectron_charge:                           0.49915                           0.28759   [                        0.00054759                            1.0000 ]
                         : bjet_ChargedHadronEnergyFraction:                           0.49320                           0.29267   [                        0.00051283                            1.0000 ]
                         : bjet_NeutralHadronEnergyFraction:                           0.40096                           0.32656   [                        0.00075199                           0.99897 ]
                         :     bjet_NeutralEmEnergyFraction:                           0.49619                           0.29090   [                        0.00053555                            1.0000 ]
                         :     bjet_ChargedEmEnergyFraction:                           0.22962                           0.31615   [                         0.0010038                            1.0000 ]
                         :          bjet_MuonEnergyFraction:                          0.086638                           0.22058   [                         0.0027689                            1.0000 ]
                         :         bjet_ChargedMultiplicity:                           0.49361                           0.29116   [                        1.5436e-07                            1.0000 ]
                         :         bjet_NeutralMultiplicity:                           0.49930                           0.28763   [                        2.1559e-07                            1.0000 ]
                         :                fabs(bjet_charge):                           0.49511                           0.29326   [                        0.00082959                            1.0000 ]
                         : -----------------------------------------------------------------------------------------------------------------------------------------------------------------------------------
TFHandler_DNN            :                         Variable                                Mean                                RMS                        [        Min                                Max ]
                         : -----------------------------------------------------------------------------------------------------------------------------------------------------------------------------------
                         :                 belectron_nsip3d:                           0.49904                           0.28959   [                        1.0000e-09                            1.0000 ]
                         :                 belectron_reliso:                           0.46242                           0.30725   [                         0.0011777                            1.0000 ]
                         :              belectron_ptwrtbjet:                           0.50025                           0.28829   [                        1.0000e-09                            1.0000 ]
                         :              belectron_P_jetrest:                           0.69175                           0.11469   [                           0.61744                            1.0000 ]
                         :     bjet_charge*belectron_charge:                           0.49915                           0.28759   [                        0.00054759                            1.0000 ]
                         : bjet_ChargedHadronEnergyFraction:                           0.49320                           0.29267   [                        0.00051283                            1.0000 ]
                         : bjet_NeutralHadronEnergyFraction:                           0.40096                           0.32656   [                        0.00075199                           0.99897 ]
                         :     bjet_NeutralEmEnergyFraction:                           0.49619                           0.29090   [                        0.00053555                            1.0000 ]
                         :     bjet_ChargedEmEnergyFraction:                           0.22962                           0.31615   [                         0.0010038                            1.0000 ]
                         :          bjet_MuonEnergyFraction:                          0.086638                           0.22058   [                         0.0027689                            1.0000 ]
                         :         bjet_ChargedMultiplicity:                           0.49361                           0.29116   [                        1.5436e-07                            1.0000 ]
                         :         bjet_NeutralMultiplicity:                           0.49930                           0.28763   [                        2.1559e-07                            1.0000 ]
                         :                fabs(bjet_charge):                           0.49511                           0.29326   [                        0.00082959                            1.0000 ]
                         : -----------------------------------------------------------------------------------------------------------------------------------------------------------------------------------
                         : Split TMVA training data in 103046 training events and 25761 validation events
                         : Training Model Summary
---sig_test---
<self.testtree_sig> OutTree/sig
/data9/Users/jhchoi/TMVA/el9/TMVA_TOOL/inputs/EEMu_MuMuE_Method/v2503.2/2018/EEMu_MuMuE_Method_DYJetsToEE_MiNNLO.root
/data9/Users/jhchoi/TMVA/el9/TMVA_TOOL/inputs/EEMu_MuMuE_Method/v2503.2/2018/EEMu_MuMuE_Method_DYJetsToMuMu_MiNNLO.root
--bkg_test---
<self.testtree_bkg> OutTree/bkg
/data9/Users/jhchoi/TMVA/el9/TMVA_TOOL/inputs/EEMu_MuMuE_Method/v2503.2/2018/EEMu_MuMuE_Method_DYJetsToEE_MiNNLO.root
/data9/Users/jhchoi/TMVA/el9/TMVA_TOOL/inputs/EEMu_MuMuE_Method/v2503.2/2018/EEMu_MuMuE_Method_DYJetsToMuMu_MiNNLO.root
---sig_train---
<self.traintree_sig> OutTree/sig
/data9/Users/jhchoi/TMVA/el9/TMVA_TOOL/inputs/EEMu_MuMuE_Method/v2503.2/2018/EEMu_MuMuE_Method_DYJets.root
---bkg_train---
<self.traintree_bkg> OutTree/bkg
/data9/Users/jhchoi/TMVA/el9/TMVA_TOOL/inputs/EEMu_MuMuE_Method/v2503.2/2018/EEMu_MuMuE_Method_DYJets.root
>>>>self.dataloader.PrepareTrainingAndTestTree
Set sig cut -> (belectron_charge*bjet_partonFlavour < 0)&&(Has_bElectron)
Set bkg cut -> (belectron_charge*bjet_partonFlavour > 0)&&(Has_bElectron)
Model: "sequential"
_________________________________________________________________
 Layer (type)                Output Shape              Param #   
=================================================================
 dense (Dense)               (None, 128)               1792      
                                                                 
 batch_normalization (BatchN  (None, 128)              512       
 ormalization)                                                   
                                                                 
 activation (Activation)     (None, 128)               0         
                                                                 
 dropout (Dropout)           (None, 128)               0         
                                                                 
 dense_1 (Dense)             (None, 128)               16512     
                                                                 
 batch_normalization_1 (Batc  (None, 128)              512       
 hNormalization)                                                 
                                                                 
 activation_1 (Activation)   (None, 128)               0         
                                                                 
 dropout_1 (Dropout)         (None, 128)               0         
                                                                 
 dense_2 (Dense)             (None, 128)               16512     
                                                                 
 batch_normalization_2 (Batc  (None, 128)              512       
 hNormalization)                                                 
                                                                 
 activation_2 (Activation)   (None, 128)               0         
                                                                 
 dropout_2 (Dropout)         (None, 128)               0         
                                                                 
 dense_3 (Dense)             (None, 128)               16512     
                                                                 
 batch_normalization_3 (Batc  (None, 128)              512       
 hNormalization)                                                 
                                                                 
 activation_3 (Activation)   (None, 128)               0         
                                                                 
 dropout_3 (Dropout)         (None, 128)               0         
                                                                 
 dense_4 (Dense)             (None, 128)               16512     
                                                                 
 batch_normalization_4 (Batc  (None, 128)              512       
 hNormalization)                                                 
                                                                 
 activation_4 (Activation)   (None, 128)               0         
                                                                 
 dropout_4 (Dropout)         (None, 128)               0         
                                                                 
 dense_5 (Dense)             (None, 2)                 258       
                                                                 
 activation_5 (Activation)   (None, 2)                 0         
                                                                 
=================================================================
Total params: 70,658
Trainable params: 69,378
Non-trainable params: 1,280
_________________________________________________________________
                         : Option TriesEarlyStopping: Training will stop after 30 number of epochs with no improvement of validation loss
Epoch 1/300
207/207 - 20s - loss: 1.4224 - accuracy: 0.6409 - weighted_accuracy: 0.6408 - val_loss: 1.4070 - val_accuracy: 0.6421 - val_weighted_accuracy: 0.6426 - 20s/epoch - 98ms/step
Epoch 2/300
207/207 - 5s - loss: 1.4038 - accuracy: 0.6437 - weighted_accuracy: 0.6448 - val_loss: 1.3919 - val_accuracy: 0.6462 - val_weighted_accuracy: 0.6428 - 5s/epoch - 23ms/step
Epoch 3/300
207/207 - 5s - loss: 1.3987 - accuracy: 0.6447 - weighted_accuracy: 0.6455 - val_loss: 1.4173 - val_accuracy: 0.6402 - val_weighted_accuracy: 0.6398 - 5s/epoch - 23ms/step
Epoch 4/300
207/207 - 5s - loss: 1.3902 - accuracy: 0.6431 - weighted_accuracy: 0.6449 - val_loss: 1.3832 - val_accuracy: 0.6422 - val_weighted_accuracy: 0.6412 - 5s/epoch - 25ms/step
Epoch 5/300
207/207 - 6s - loss: 1.3841 - accuracy: 0.6443 - weighted_accuracy: 0.6455 - val_loss: 1.3809 - val_accuracy: 0.6374 - val_weighted_accuracy: 0.6422 - 6s/epoch - 27ms/step
Epoch 6/300
207/207 - 4s - loss: 1.3771 - accuracy: 0.6435 - weighted_accuracy: 0.6453 - val_loss: 1.3649 - val_accuracy: 0.6384 - val_weighted_accuracy: 0.6451 - 4s/epoch - 22ms/step
Epoch 7/300
207/207 - 5s - loss: 1.3684 - accuracy: 0.6448 - weighted_accuracy: 0.6458 - val_loss: 1.3615 - val_accuracy: 0.6445 - val_weighted_accuracy: 0.6439 - 5s/epoch - 26ms/step
Epoch 8/300
207/207 - 5s - loss: 1.3632 - accuracy: 0.6434 - weighted_accuracy: 0.6459 - val_loss: 1.3544 - val_accuracy: 0.6494 - val_weighted_accuracy: 0.6446 - 5s/epoch - 25ms/step
Epoch 9/300
207/207 - 6s - loss: 1.3572 - accuracy: 0.6444 - weighted_accuracy: 0.6469 - val_loss: 1.3701 - val_accuracy: 0.6383 - val_weighted_accuracy: 0.6427 - 6s/epoch - 27ms/step
Epoch 10/300
207/207 - 6s - loss: 1.3528 - accuracy: 0.6436 - weighted_accuracy: 0.6468 - val_loss: 1.3524 - val_accuracy: 0.6444 - val_weighted_accuracy: 0.6458 - 6s/epoch - 27ms/step
Epoch 11/300
207/207 - 5s - loss: 1.3492 - accuracy: 0.6437 - weighted_accuracy: 0.6468 - val_loss: 1.3430 - val_accuracy: 0.6412 - val_weighted_accuracy: 0.6452 - 5s/epoch - 25ms/step
Epoch 12/300
207/207 - 6s - loss: 1.3449 - accuracy: 0.6433 - weighted_accuracy: 0.6472 - val_loss: 1.3387 - val_accuracy: 0.6414 - val_weighted_accuracy: 0.6457 - 6s/epoch - 27ms/step
Epoch 13/300
207/207 - 5s - loss: 1.3418 - accuracy: 0.6439 - weighted_accuracy: 0.6473 - val_loss: 1.3629 - val_accuracy: 0.6460 - val_weighted_accuracy: 0.6334 - 5s/epoch - 24ms/step
Epoch 14/300
207/207 - 5s - loss: 1.3410 - accuracy: 0.6445 - weighted_accuracy: 0.6467 - val_loss: 1.3361 - val_accuracy: 0.6506 - val_weighted_accuracy: 0.6453 - 5s/epoch - 23ms/step
Epoch 15/300
207/207 - 4s - loss: 1.3367 - accuracy: 0.6454 - weighted_accuracy: 0.6488 - val_loss: 1.3403 - val_accuracy: 0.6502 - val_weighted_accuracy: 0.6464 - 4s/epoch - 21ms/step
Epoch 16/300
207/207 - 5s - loss: 1.3353 - accuracy: 0.6446 - weighted_accuracy: 0.6486 - val_loss: 1.3313 - val_accuracy: 0.6461 - val_weighted_accuracy: 0.6412 - 5s/epoch - 26ms/step
Epoch 17/300
207/207 - 6s - loss: 1.3345 - accuracy: 0.6445 - weighted_accuracy: 0.6483 - val_loss: 1.3342 - val_accuracy: 0.6450 - val_weighted_accuracy: 0.6452 - 6s/epoch - 28ms/step
Epoch 18/300
207/207 - 5s - loss: 1.3327 - accuracy: 0.6458 - weighted_accuracy: 0.6487 - val_loss: 1.3412 - val_accuracy: 0.6509 - val_weighted_accuracy: 0.6450 - 5s/epoch - 22ms/step
Epoch 19/300
207/207 - 5s - loss: 1.3326 - accuracy: 0.6455 - weighted_accuracy: 0.6491 - val_loss: 1.3342 - val_accuracy: 0.6438 - val_weighted_accuracy: 0.6457 - 5s/epoch - 24ms/step
Epoch 20/300
207/207 - 5s - loss: 1.3306 - accuracy: 0.6453 - weighted_accuracy: 0.6485 - val_loss: 1.3262 - val_accuracy: 0.6471 - val_weighted_accuracy: 0.6458 - 5s/epoch - 23ms/step
Epoch 21/300
207/207 - 5s - loss: 1.3299 - accuracy: 0.6451 - weighted_accuracy: 0.6487 - val_loss: 1.3305 - val_accuracy: 0.6413 - val_weighted_accuracy: 0.6439 - 5s/epoch - 25ms/step
Epoch 22/300
207/207 - 5s - loss: 1.3282 - accuracy: 0.6451 - weighted_accuracy: 0.6496 - val_loss: 1.3237 - val_accuracy: 0.6434 - val_weighted_accuracy: 0.6470 - 5s/epoch - 24ms/step
Epoch 23/300
207/207 - 6s - loss: 1.3289 - accuracy: 0.6454 - weighted_accuracy: 0.6501 - val_loss: 1.3253 - val_accuracy: 0.6475 - val_weighted_accuracy: 0.6461 - 6s/epoch - 29ms/step
Epoch 24/300
207/207 - 6s - loss: 1.3265 - accuracy: 0.6449 - weighted_accuracy: 0.6490 - val_loss: 1.3271 - val_accuracy: 0.6355 - val_weighted_accuracy: 0.6426 - 6s/epoch - 28ms/step
Epoch 25/300
207/207 - 5s - loss: 1.3271 - accuracy: 0.6440 - weighted_accuracy: 0.6481 - val_loss: 1.3343 - val_accuracy: 0.6235 - val_weighted_accuracy: 0.6380 - 5s/epoch - 24ms/step
Epoch 26/300
207/207 - 5s - loss: 1.3271 - accuracy: 0.6440 - weighted_accuracy: 0.6487 - val_loss: 1.3267 - val_accuracy: 0.6557 - val_weighted_accuracy: 0.6445 - 5s/epoch - 26ms/step
Epoch 27/300
207/207 - 5s - loss: 1.3268 - accuracy: 0.6457 - weighted_accuracy: 0.6482 - val_loss: 1.3226 - val_accuracy: 0.6423 - val_weighted_accuracy: 0.6445 - 5s/epoch - 25ms/step
Epoch 28/300
207/207 - 5s - loss: 1.3253 - accuracy: 0.6462 - weighted_accuracy: 0.6492 - val_loss: 1.3318 - val_accuracy: 0.6526 - val_weighted_accuracy: 0.6495 - 5s/epoch - 22ms/step
Epoch 29/300
207/207 - 6s - loss: 1.3256 - accuracy: 0.6463 - weighted_accuracy: 0.6499 - val_loss: 1.3303 - val_accuracy: 0.6332 - val_weighted_accuracy: 0.6447 - 6s/epoch - 27ms/step
Epoch 30/300
207/207 - 6s - loss: 1.3246 - accuracy: 0.6457 - weighted_accuracy: 0.6497 - val_loss: 1.3258 - val_accuracy: 0.6299 - val_weighted_accuracy: 0.6419 - 6s/epoch - 27ms/step
Epoch 31/300
207/207 - 5s - loss: 1.3238 - accuracy: 0.6466 - weighted_accuracy: 0.6512 - val_loss: 1.3315 - val_accuracy: 0.6384 - val_weighted_accuracy: 0.6428 - 5s/epoch - 25ms/step
Epoch 32/300
207/207 - 5s - loss: 1.3250 - accuracy: 0.6456 - weighted_accuracy: 0.6488 - val_loss: 1.3214 - val_accuracy: 0.6450 - val_weighted_accuracy: 0.6470 - 5s/epoch - 26ms/step
Epoch 33/300
207/207 - 6s - loss: 1.3232 - accuracy: 0.6473 - weighted_accuracy: 0.6515 - val_loss: 1.3279 - val_accuracy: 0.6305 - val_weighted_accuracy: 0.6428 - 6s/epoch - 29ms/step
Epoch 34/300
207/207 - 6s - loss: 1.3234 - accuracy: 0.6457 - weighted_accuracy: 0.6509 - val_loss: 1.3257 - val_accuracy: 0.6404 - val_weighted_accuracy: 0.6455 - 6s/epoch - 28ms/step
Epoch 35/300
207/207 - 5s - loss: 1.3226 - accuracy: 0.6460 - weighted_accuracy: 0.6500 - val_loss: 1.3184 - val_accuracy: 0.6488 - val_weighted_accuracy: 0.6470 - 5s/epoch - 24ms/step
Epoch 36/300
207/207 - 5s - loss: 1.3228 - accuracy: 0.6463 - weighted_accuracy: 0.6495 - val_loss: 1.3224 - val_accuracy: 0.6396 - val_weighted_accuracy: 0.6432 - 5s/epoch - 26ms/step
Epoch 37/300
207/207 - 5s - loss: 1.3209 - accuracy: 0.6468 - weighted_accuracy: 0.6500 - val_loss: 1.3182 - val_accuracy: 0.6415 - val_weighted_accuracy: 0.6460 - 5s/epoch - 24ms/step
Epoch 38/300
207/207 - 5s - loss: 1.3211 - accuracy: 0.6473 - weighted_accuracy: 0.6507 - val_loss: 1.3244 - val_accuracy: 0.6533 - val_weighted_accuracy: 0.6416 - 5s/epoch - 25ms/step
Epoch 39/300
207/207 - 5s - loss: 1.3217 - accuracy: 0.6484 - weighted_accuracy: 0.6512 - val_loss: 1.3254 - val_accuracy: 0.6436 - val_weighted_accuracy: 0.6437 - 5s/epoch - 26ms/step
Epoch 40/300
207/207 - 6s - loss: 1.3218 - accuracy: 0.6469 - weighted_accuracy: 0.6497 - val_loss: 1.3209 - val_accuracy: 0.6460 - val_weighted_accuracy: 0.6450 - 6s/epoch - 28ms/step
Epoch 41/300
207/207 - 5s - loss: 1.3207 - accuracy: 0.6469 - weighted_accuracy: 0.6503 - val_loss: 1.3187 - val_accuracy: 0.6549 - val_weighted_accuracy: 0.6476 - 5s/epoch - 26ms/step
Epoch 42/300
207/207 - 5s - loss: 1.3210 - accuracy: 0.6477 - weighted_accuracy: 0.6500 - val_loss: 1.3203 - val_accuracy: 0.6338 - val_weighted_accuracy: 0.6412 - 5s/epoch - 25ms/step
Epoch 43/300
207/207 - 5s - loss: 1.3205 - accuracy: 0.6473 - weighted_accuracy: 0.6499 - val_loss: 1.3211 - val_accuracy: 0.6357 - val_weighted_accuracy: 0.6436 - 5s/epoch - 26ms/step
Epoch 44/300
207/207 - 5s - loss: 1.3200 - accuracy: 0.6471 - weighted_accuracy: 0.6502 - val_loss: 1.3207 - val_accuracy: 0.6343 - val_weighted_accuracy: 0.6427 - 5s/epoch - 26ms/step
Epoch 45/300
207/207 - 6s - loss: 1.3197 - accuracy: 0.6473 - weighted_accuracy: 0.6509 - val_loss: 1.3224 - val_accuracy: 0.6298 - val_weighted_accuracy: 0.6425 - 6s/epoch - 28ms/step
Epoch 46/300
207/207 - 5s - loss: 1.3196 - accuracy: 0.6480 - weighted_accuracy: 0.6512 - val_loss: 1.3154 - val_accuracy: 0.6431 - val_weighted_accuracy: 0.6470 - 5s/epoch - 24ms/step
Epoch 47/300
207/207 - 5s - loss: 1.3178 - accuracy: 0.6471 - weighted_accuracy: 0.6508 - val_loss: 1.3191 - val_accuracy: 0.6557 - val_weighted_accuracy: 0.6495 - 5s/epoch - 26ms/step
Epoch 48/300
207/207 - 5s - loss: 1.3182 - accuracy: 0.6472 - weighted_accuracy: 0.6503 - val_loss: 1.3161 - val_accuracy: 0.6493 - val_weighted_accuracy: 0.6487 - 5s/epoch - 26ms/step
Epoch 49/300
207/207 - 6s - loss: 1.3182 - accuracy: 0.6476 - weighted_accuracy: 0.6508 - val_loss: 1.3178 - val_accuracy: 0.6373 - val_weighted_accuracy: 0.6459 - 6s/epoch - 27ms/step
Epoch 50/300
207/207 - 5s - loss: 1.3189 - accuracy: 0.6462 - weighted_accuracy: 0.6504 - val_loss: 1.3185 - val_accuracy: 0.6493 - val_weighted_accuracy: 0.6469 - 5s/epoch - 25ms/step
Epoch 51/300
207/207 - 6s - loss: 1.3187 - accuracy: 0.6464 - weighted_accuracy: 0.6502 - val_loss: 1.3146 - val_accuracy: 0.6425 - val_weighted_accuracy: 0.6467 - 6s/epoch - 27ms/step
Epoch 52/300
207/207 - 6s - loss: 1.3175 - accuracy: 0.6455 - weighted_accuracy: 0.6491 - val_loss: 1.3165 - val_accuracy: 0.6355 - val_weighted_accuracy: 0.6414 - 6s/epoch - 27ms/step
Epoch 53/300
207/207 - 6s - loss: 1.3183 - accuracy: 0.6488 - weighted_accuracy: 0.6519 - val_loss: 1.3179 - val_accuracy: 0.6360 - val_weighted_accuracy: 0.6425 - 6s/epoch - 27ms/step
Epoch 54/300
207/207 - 6s - loss: 1.3173 - accuracy: 0.6482 - weighted_accuracy: 0.6520 - val_loss: 1.3213 - val_accuracy: 0.6487 - val_weighted_accuracy: 0.6479 - 6s/epoch - 27ms/step
Epoch 55/300
207/207 - 6s - loss: 1.3168 - accuracy: 0.6476 - weighted_accuracy: 0.6510 - val_loss: 1.3205 - val_accuracy: 0.6427 - val_weighted_accuracy: 0.6438 - 6s/epoch - 27ms/step
Epoch 56/300
207/207 - 6s - loss: 1.3187 - accuracy: 0.6472 - weighted_accuracy: 0.6499 - val_loss: 1.3148 - val_accuracy: 0.6389 - val_weighted_accuracy: 0.6443 - 6s/epoch - 30ms/step
Epoch 57/300
207/207 - 6s - loss: 1.3177 - accuracy: 0.6470 - weighted_accuracy: 0.6502 - val_loss: 1.3179 - val_accuracy: 0.6391 - val_weighted_accuracy: 0.6440 - 6s/epoch - 27ms/step
Epoch 58/300
207/207 - 6s - loss: 1.3174 - accuracy: 0.6483 - weighted_accuracy: 0.6515 - val_loss: 1.3167 - val_accuracy: 0.6337 - val_weighted_accuracy: 0.6427 - 6s/epoch - 30ms/step
Epoch 59/300
207/207 - 5s - loss: 1.3163 - accuracy: 0.6465 - weighted_accuracy: 0.6499 - val_loss: 1.3171 - val_accuracy: 0.6370 - val_weighted_accuracy: 0.6448 - 5s/epoch - 26ms/step
Epoch 60/300
207/207 - 5s - loss: 1.3165 - accuracy: 0.6471 - weighted_accuracy: 0.6513 - val_loss: 1.3145 - val_accuracy: 0.6496 - val_weighted_accuracy: 0.6459 - 5s/epoch - 26ms/step
Epoch 61/300
207/207 - 6s - loss: 1.3168 - accuracy: 0.6483 - weighted_accuracy: 0.6516 - val_loss: 1.3208 - val_accuracy: 0.6376 - val_weighted_accuracy: 0.6424 - 6s/epoch - 29ms/step
Epoch 62/300
207/207 - 5s - loss: 1.3167 - accuracy: 0.6466 - weighted_accuracy: 0.6509 - val_loss: 1.3147 - val_accuracy: 0.6477 - val_weighted_accuracy: 0.6496 - 5s/epoch - 26ms/step
Epoch 63/300
207/207 - 5s - loss: 1.3152 - accuracy: 0.6477 - weighted_accuracy: 0.6520 - val_loss: 1.3143 - val_accuracy: 0.6531 - val_weighted_accuracy: 0.6475 - 5s/epoch - 26ms/step
Epoch 64/300
207/207 - 5s - loss: 1.3169 - accuracy: 0.6485 - weighted_accuracy: 0.6521 - val_loss: 1.3134 - val_accuracy: 0.6490 - val_weighted_accuracy: 0.6485 - 5s/epoch - 26ms/step
Epoch 65/300
207/207 - 5s - loss: 1.3154 - accuracy: 0.6475 - weighted_accuracy: 0.6504 - val_loss: 1.3167 - val_accuracy: 0.6327 - val_weighted_accuracy: 0.6416 - 5s/epoch - 26ms/step
Epoch 66/300
207/207 - 6s - loss: 1.3155 - accuracy: 0.6480 - weighted_accuracy: 0.6516 - val_loss: 1.3152 - val_accuracy: 0.6346 - val_weighted_accuracy: 0.6423 - 6s/epoch - 27ms/step
Epoch 67/300
207/207 - 6s - loss: 1.3157 - accuracy: 0.6485 - weighted_accuracy: 0.6521 - val_loss: 1.3156 - val_accuracy: 0.6472 - val_weighted_accuracy: 0.6475 - 6s/epoch - 28ms/step
Epoch 68/300
207/207 - 5s - loss: 1.3159 - accuracy: 0.6487 - weighted_accuracy: 0.6521 - val_loss: 1.3120 - val_accuracy: 0.6456 - val_weighted_accuracy: 0.6476 - 5s/epoch - 25ms/step
Epoch 69/300
207/207 - 5s - loss: 1.3154 - accuracy: 0.6481 - weighted_accuracy: 0.6515 - val_loss: 1.3124 - val_accuracy: 0.6470 - val_weighted_accuracy: 0.6469 - 5s/epoch - 24ms/step
Epoch 70/300
207/207 - 5s - loss: 1.3165 - accuracy: 0.6476 - weighted_accuracy: 0.6520 - val_loss: 1.3134 - val_accuracy: 0.6453 - val_weighted_accuracy: 0.6472 - 5s/epoch - 25ms/step
Epoch 71/300
207/207 - 6s - loss: 1.3163 - accuracy: 0.6460 - weighted_accuracy: 0.6500 - val_loss: 1.3160 - val_accuracy: 0.6455 - val_weighted_accuracy: 0.6466 - 6s/epoch - 27ms/step
Epoch 72/300
207/207 - 6s - loss: 1.3157 - accuracy: 0.6483 - weighted_accuracy: 0.6517 - val_loss: 1.3164 - val_accuracy: 0.6464 - val_weighted_accuracy: 0.6459 - 6s/epoch - 27ms/step
Epoch 73/300
207/207 - 5s - loss: 1.3151 - accuracy: 0.6482 - weighted_accuracy: 0.6521 - val_loss: 1.3170 - val_accuracy: 0.6327 - val_weighted_accuracy: 0.6416 - 5s/epoch - 23ms/step
Epoch 74/300
207/207 - 6s - loss: 1.3147 - accuracy: 0.6485 - weighted_accuracy: 0.6524 - val_loss: 1.3115 - val_accuracy: 0.6516 - val_weighted_accuracy: 0.6512 - 6s/epoch - 29ms/step
Epoch 75/300
207/207 - 5s - loss: 1.3146 - accuracy: 0.6483 - weighted_accuracy: 0.6522 - val_loss: 1.3160 - val_accuracy: 0.6376 - val_weighted_accuracy: 0.6434 - 5s/epoch - 25ms/step
Epoch 76/300
207/207 - 6s - loss: 1.3159 - accuracy: 0.6473 - weighted_accuracy: 0.6514 - val_loss: 1.3112 - val_accuracy: 0.6508 - val_weighted_accuracy: 0.6481 - 6s/epoch - 28ms/step
Epoch 77/300
207/207 - 5s - loss: 1.3152 - accuracy: 0.6489 - weighted_accuracy: 0.6513 - val_loss: 1.3148 - val_accuracy: 0.6454 - val_weighted_accuracy: 0.6475 - 5s/epoch - 26ms/step
Epoch 78/300
207/207 - 5s - loss: 1.3159 - accuracy: 0.6471 - weighted_accuracy: 0.6514 - val_loss: 1.3281 - val_accuracy: 0.6538 - val_weighted_accuracy: 0.6472 - 5s/epoch - 26ms/step
Epoch 79/300
207/207 - 6s - loss: 1.3146 - accuracy: 0.6475 - weighted_accuracy: 0.6515 - val_loss: 1.3247 - val_accuracy: 0.6470 - val_weighted_accuracy: 0.6491 - 6s/epoch - 30ms/step
Epoch 80/300
207/207 - 5s - loss: 1.3148 - accuracy: 0.6484 - weighted_accuracy: 0.6520 - val_loss: 1.3116 - val_accuracy: 0.6466 - val_weighted_accuracy: 0.6475 - 5s/epoch - 24ms/step
Epoch 81/300
207/207 - 5s - loss: 1.3144 - accuracy: 0.6469 - weighted_accuracy: 0.6519 - val_loss: 1.3130 - val_accuracy: 0.6510 - val_weighted_accuracy: 0.6480 - 5s/epoch - 25ms/step
Epoch 82/300
207/207 - 6s - loss: 1.3145 - accuracy: 0.6498 - weighted_accuracy: 0.6526 - val_loss: 1.3126 - val_accuracy: 0.6424 - val_weighted_accuracy: 0.6455 - 6s/epoch - 28ms/step
Epoch 83/300
207/207 - 6s - loss: 1.3146 - accuracy: 0.6468 - weighted_accuracy: 0.6511 - val_loss: 1.3140 - val_accuracy: 0.6469 - val_weighted_accuracy: 0.6485 - 6s/epoch - 28ms/step
Epoch 84/300
207/207 - 6s - loss: 1.3155 - accuracy: 0.6489 - weighted_accuracy: 0.6527 - val_loss: 1.3188 - val_accuracy: 0.6461 - val_weighted_accuracy: 0.6452 - 6s/epoch - 29ms/step
Epoch 85/300
207/207 - 6s - loss: 1.3132 - accuracy: 0.6495 - weighted_accuracy: 0.6534 - val_loss: 1.3145 - val_accuracy: 0.6445 - val_weighted_accuracy: 0.6470 - 6s/epoch - 28ms/step
Epoch 86/300
207/207 - 6s - loss: 1.3142 - accuracy: 0.6479 - weighted_accuracy: 0.6528 - val_loss: 1.3156 - val_accuracy: 0.6394 - val_weighted_accuracy: 0.6437 - 6s/epoch - 27ms/step
Epoch 87/300
207/207 - 6s - loss: 1.3143 - accuracy: 0.6477 - weighted_accuracy: 0.6521 - val_loss: 1.3143 - val_accuracy: 0.6392 - val_weighted_accuracy: 0.6458 - 6s/epoch - 30ms/step
Epoch 88/300
207/207 - 6s - loss: 1.3131 - accuracy: 0.6482 - weighted_accuracy: 0.6519 - val_loss: 1.3130 - val_accuracy: 0.6398 - val_weighted_accuracy: 0.6454 - 6s/epoch - 28ms/step
Epoch 89/300
207/207 - 6s - loss: 1.3143 - accuracy: 0.6471 - weighted_accuracy: 0.6514 - val_loss: 1.3183 - val_accuracy: 0.6522 - val_weighted_accuracy: 0.6473 - 6s/epoch - 29ms/step
Epoch 90/300
207/207 - 6s - loss: 1.3124 - accuracy: 0.6481 - weighted_accuracy: 0.6525 - val_loss: 1.3157 - val_accuracy: 0.6476 - val_weighted_accuracy: 0.6491 - 6s/epoch - 28ms/step
Epoch 91/300
207/207 - 6s - loss: 1.3133 - accuracy: 0.6484 - weighted_accuracy: 0.6530 - val_loss: 1.3108 - val_accuracy: 0.6461 - val_weighted_accuracy: 0.6475 - 6s/epoch - 28ms/step
Epoch 92/300
207/207 - 6s - loss: 1.3141 - accuracy: 0.6482 - weighted_accuracy: 0.6528 - val_loss: 1.3153 - val_accuracy: 0.6382 - val_weighted_accuracy: 0.6446 - 6s/epoch - 28ms/step
Epoch 93/300
207/207 - 6s - loss: 1.3141 - accuracy: 0.6476 - weighted_accuracy: 0.6512 - val_loss: 1.3155 - val_accuracy: 0.6495 - val_weighted_accuracy: 0.6496 - 6s/epoch - 27ms/step
Epoch 94/300
207/207 - 6s - loss: 1.3140 - accuracy: 0.6493 - weighted_accuracy: 0.6532 - val_loss: 1.3157 - val_accuracy: 0.6400 - val_weighted_accuracy: 0.6454 - 6s/epoch - 28ms/step
Epoch 95/300
207/207 - 6s - loss: 1.3143 - accuracy: 0.6491 - weighted_accuracy: 0.6522 - val_loss: 1.3176 - val_accuracy: 0.6452 - val_weighted_accuracy: 0.6473 - 6s/epoch - 30ms/step
Epoch 96/300
207/207 - 6s - loss: 1.3132 - accuracy: 0.6485 - weighted_accuracy: 0.6525 - val_loss: 1.3114 - val_accuracy: 0.6454 - val_weighted_accuracy: 0.6479 - 6s/epoch - 27ms/step
Epoch 97/300
207/207 - 5s - loss: 1.3136 - accuracy: 0.6493 - weighted_accuracy: 0.6522 - val_loss: 1.3150 - val_accuracy: 0.6407 - val_weighted_accuracy: 0.6459 - 5s/epoch - 25ms/step
Epoch 98/300
207/207 - 5s - loss: 1.3146 - accuracy: 0.6482 - weighted_accuracy: 0.6524 - val_loss: 1.3256 - val_accuracy: 0.6233 - val_weighted_accuracy: 0.6410 - 5s/epoch - 26ms/step
Epoch 99/300
207/207 - 6s - loss: 1.3139 - accuracy: 0.6484 - weighted_accuracy: 0.6513 - val_loss: 1.3136 - val_accuracy: 0.6506 - val_weighted_accuracy: 0.6484 - 6s/epoch - 28ms/step
Epoch 100/300
207/207 - 5s - loss: 1.3142 - accuracy: 0.6489 - weighted_accuracy: 0.6522 - val_loss: 1.3174 - val_accuracy: 0.6395 - val_weighted_accuracy: 0.6453 - 5s/epoch - 27ms/step
Epoch 101/300
207/207 - 6s - loss: 1.3136 - accuracy: 0.6481 - weighted_accuracy: 0.6516 - val_loss: 1.3213 - val_accuracy: 0.6554 - val_weighted_accuracy: 0.6483 - 6s/epoch - 28ms/step
Epoch 102/300
207/207 - 6s - loss: 1.3135 - accuracy: 0.6482 - weighted_accuracy: 0.6523 - val_loss: 1.3146 - val_accuracy: 0.6377 - val_weighted_accuracy: 0.6452 - 6s/epoch - 29ms/step
Epoch 103/300
207/207 - 6s - loss: 1.3133 - accuracy: 0.6470 - weighted_accuracy: 0.6519 - val_loss: 1.3123 - val_accuracy: 0.6542 - val_weighted_accuracy: 0.6497 - 6s/epoch - 27ms/step
Epoch 104/300
207/207 - 6s - loss: 1.3115 - accuracy: 0.6496 - weighted_accuracy: 0.6537 - val_loss: 1.3138 - val_accuracy: 0.6482 - val_weighted_accuracy: 0.6478 - 6s/epoch - 30ms/step
Epoch 105/300
207/207 - 6s - loss: 1.3115 - accuracy: 0.6481 - weighted_accuracy: 0.6535 - val_loss: 1.3137 - val_accuracy: 0.6556 - val_weighted_accuracy: 0.6517 - 6s/epoch - 28ms/step
Epoch 106/300
207/207 - 6s - loss: 1.3144 - accuracy: 0.6483 - weighted_accuracy: 0.6519 - val_loss: 1.3119 - val_accuracy: 0.6407 - val_weighted_accuracy: 0.6461 - 6s/epoch - 28ms/step
Epoch 107/300
207/207 - 6s - loss: 1.3122 - accuracy: 0.6487 - weighted_accuracy: 0.6534 - val_loss: 1.3140 - val_accuracy: 0.6401 - val_weighted_accuracy: 0.6453 - 6s/epoch - 27ms/step
Epoch 108/300
207/207 - 6s - loss: 1.3119 - accuracy: 0.6487 - weighted_accuracy: 0.6541 - val_loss: 1.3140 - val_accuracy: 0.6484 - val_weighted_accuracy: 0.6487 - 6s/epoch - 28ms/step
Epoch 109/300
207/207 - 6s - loss: 1.3116 - accuracy: 0.6480 - weighted_accuracy: 0.6535 - val_loss: 1.3113 - val_accuracy: 0.6410 - val_weighted_accuracy: 0.6460 - 6s/epoch - 28ms/step
Epoch 110/300
207/207 - 6s - loss: 1.3131 - accuracy: 0.6480 - weighted_accuracy: 0.6526 - val_loss: 1.3136 - val_accuracy: 0.6414 - val_weighted_accuracy: 0.6457 - 6s/epoch - 28ms/step
Epoch 111/300
207/207 - 6s - loss: 1.3127 - accuracy: 0.6478 - weighted_accuracy: 0.6521 - val_loss: 1.3115 - val_accuracy: 0.6506 - val_weighted_accuracy: 0.6486 - 6s/epoch - 29ms/step
Epoch 112/300
207/207 - 6s - loss: 1.3123 - accuracy: 0.6499 - weighted_accuracy: 0.6538 - val_loss: 1.3135 - val_accuracy: 0.6452 - val_weighted_accuracy: 0.6466 - 6s/epoch - 29ms/step
Epoch 113/300
207/207 - 6s - loss: 1.3120 - accuracy: 0.6500 - weighted_accuracy: 0.6538 - val_loss: 1.3115 - val_accuracy: 0.6386 - val_weighted_accuracy: 0.6442 - 6s/epoch - 28ms/step
Epoch 114/300
207/207 - 6s - loss: 1.3116 - accuracy: 0.6488 - weighted_accuracy: 0.6533 - val_loss: 1.3176 - val_accuracy: 0.6477 - val_weighted_accuracy: 0.6472 - 6s/epoch - 28ms/step
Epoch 115/300
207/207 - 5s - loss: 1.3126 - accuracy: 0.6490 - weighted_accuracy: 0.6526 - val_loss: 1.3130 - val_accuracy: 0.6354 - val_weighted_accuracy: 0.6445 - 5s/epoch - 26ms/step
Epoch 116/300
207/207 - 6s - loss: 1.3116 - accuracy: 0.6482 - weighted_accuracy: 0.6527 - val_loss: 1.3241 - val_accuracy: 0.6542 - val_weighted_accuracy: 0.6467 - 6s/epoch - 27ms/step
Epoch 117/300
207/207 - 6s - loss: 1.3122 - accuracy: 0.6497 - weighted_accuracy: 0.6540 - val_loss: 1.3129 - val_accuracy: 0.6372 - val_weighted_accuracy: 0.6446 - 6s/epoch - 28ms/step
Epoch 118/300
207/207 - 6s - loss: 1.3130 - accuracy: 0.6486 - weighted_accuracy: 0.6524 - val_loss: 1.3126 - val_accuracy: 0.6509 - val_weighted_accuracy: 0.6492 - 6s/epoch - 29ms/step
Epoch 119/300
207/207 - 6s - loss: 1.3126 - accuracy: 0.6494 - weighted_accuracy: 0.6529 - val_loss: 1.3113 - val_accuracy: 0.6388 - val_weighted_accuracy: 0.6451 - 6s/epoch - 29ms/step
Epoch 120/300
207/207 - 6s - loss: 1.3126 - accuracy: 0.6476 - weighted_accuracy: 0.6527 - val_loss: 1.3135 - val_accuracy: 0.6519 - val_weighted_accuracy: 0.6488 - 6s/epoch - 28ms/step
Epoch 121/300
207/207 - 6s - loss: 1.3111 - accuracy: 0.6497 - weighted_accuracy: 0.6544 - val_loss: 1.3131 - val_accuracy: 0.6410 - val_weighted_accuracy: 0.6470 - 6s/epoch - 28ms/step
Epoch 121: early stopping
                         : Getting training history for item:0 name = 'loss'
                         : Getting training history for item:1 name = 'accuracy'
                         : Getting training history for item:2 name = 'weighted_accuracy'
                         : Getting training history for item:3 name = 'val_loss'
                         : Getting training history for item:4 name = 'val_accuracy'
                         : Getting training history for item:5 name = 'val_weighted_accuracy'
                         : Trained model written to file: electron2018__5__128__500__0.2/weights/TrainedModel_DNN.h5
                         : Elapsed time for training with 128807 events: 720 sec         
                         : Setting up tf.keras
                         : Using TensorFlow version 2
                         : Use Keras version from TensorFlow : tf.keras
                         : Disabled TF eager execution when evaluating model 
                         :  Loading Keras Model 
                         : Loaded model from file: electron2018__5__128__500__0.2/weights/TrainedModel_DNN.h5
DNN                      : [electron2018__5__128__500__0.2] : Evaluation of DNN on training sample (128807 events)
                         : Elapsed time for evaluation of 128807 events: 5.9 sec       
                         : Creating xml weight file: [0;36melectron2018__5__128__500__0.2/weights/electron2018__5__128__500__0.2_DNN.weights.xml[0m
                         : Creating standalone class: [0;36melectron2018__5__128__500__0.2/weights/electron2018__5__128__500__0.2_DNN.class.C[0m
Factory                  : Training finished
                         : 
                         : Ranking input variables (method specific)...
                         : No variable ranking supplied by classifier: DNN
TH1.Print Name  = TrainingHistory_DNN_'accuracy', Entries= 0, Total sum= 78.2938
TH1.Print Name  = TrainingHistory_DNN_'loss', Entries= 0, Total sum= 160.216
TH1.Print Name  = TrainingHistory_DNN_'val_accuracy', Entries= 0, Total sum= 77.8637
TH1.Print Name  = TrainingHistory_DNN_'val_loss', Entries= 0, Total sum= 160.267
TH1.Print Name  = TrainingHistory_DNN_'val_weighted_accuracy', Entries= 0, Total sum= 78.1007
TH1.Print Name  = TrainingHistory_DNN_'weighted_accuracy', Entries= 0, Total sum= 78.7292
Factory                  : === Destroy and recreate all methods via weight files for testing ===
                         : 
                         : Reading weight file: [0;36melectron2018__5__128__500__0.2/weights/electron2018__5__128__500__0.2_DNN.weights.xml[0m
Factory                  : [1mTest all methods[0m
Factory                  : Test method: DNN for Classification performance
                         : 
                         : Setting up tf.keras
                         : Using TensorFlow version 2
                         : Use Keras version from TensorFlow : tf.keras
                         : Disabled TF eager execution when evaluating model 
                         :  Loading Keras Model 
                         : Loaded model from file: electron2018__5__128__500__0.2/weights/TrainedModel_DNN.h5
DNN                      : [electron2018__5__128__500__0.2] : Evaluation of DNN on testing sample (166770 events)
                         : Elapsed time for evaluation of 166770 events: 7.63 sec       
Factory                  : [1mEvaluate all methods[0m
Factory                  : Evaluate classifier: DNN
                         : 
TFHandler_DNN            :                         Variable                                Mean                                RMS                        [        Min                                Max ]
                         : -----------------------------------------------------------------------------------------------------------------------------------------------------------------------------------
                         :                 belectron_nsip3d:                           0.48937                           0.28941   [                        1.0000e-09                            1.0000 ]
                         :                 belectron_reliso:                           0.46771                           0.30533   [                         0.0011777                            1.0000 ]
                         :              belectron_ptwrtbjet:                           0.51753                           0.28956   [                        1.0000e-09                            1.0000 ]
                         :              belectron_P_jetrest:                           0.69559                           0.11646   [                           0.61746                           0.99990 ]
                         :     bjet_charge*belectron_charge:                           0.50682                           0.28711   [                        0.00054760                            1.0000 ]
                         : bjet_ChargedHadronEnergyFraction:                           0.49788                           0.29378   [                        0.00051283                            1.0000 ]
                         : bjet_NeutralHadronEnergyFraction:                           0.39757                           0.32417   [                        0.00075199                           0.99897 ]
                         :     bjet_NeutralEmEnergyFraction:                           0.49865                           0.29241   [                        0.00053555                            1.0000 ]
                         :     bjet_ChargedEmEnergyFraction:                           0.22545                           0.31640   [                         0.0010038                            1.0000 ]
                         :          bjet_MuonEnergyFraction:                          0.085382                           0.21908   [                         0.0027689                            1.0000 ]
                         :         bjet_ChargedMultiplicity:                           0.50281                           0.29419   [                        1.5436e-07                            1.0000 ]
                         :         bjet_NeutralMultiplicity:                           0.50510                           0.28956   [                        2.1559e-07                            1.0000 ]
                         :                fabs(bjet_charge):                           0.49791                           0.29294   [                        0.00082959                            1.0000 ]
                         : -----------------------------------------------------------------------------------------------------------------------------------------------------------------------------------
DNN                      : [electron2018__5__128__500__0.2] : Loop over test events and fill histograms with classifier response...
                         : 
TFHandler_DNN            :                         Variable                                Mean                                RMS                        [        Min                                Max ]
                         : -----------------------------------------------------------------------------------------------------------------------------------------------------------------------------------
                         :                 belectron_nsip3d:                           0.48937                           0.28941   [                        1.0000e-09                            1.0000 ]
                         :                 belectron_reliso:                           0.46771                           0.30533   [                         0.0011777                            1.0000 ]
                         :              belectron_ptwrtbjet:                           0.51753                           0.28956   [                        1.0000e-09                            1.0000 ]
                         :              belectron_P_jetrest:                           0.69559                           0.11646   [                           0.61746                           0.99990 ]
                         :     bjet_charge*belectron_charge:                           0.50682                           0.28711   [                        0.00054760                            1.0000 ]
                         : bjet_ChargedHadronEnergyFraction:                           0.49788                           0.29378   [                        0.00051283                            1.0000 ]
                         : bjet_NeutralHadronEnergyFraction:                           0.39757                           0.32417   [                        0.00075199                           0.99897 ]
                         :     bjet_NeutralEmEnergyFraction:                           0.49865                           0.29241   [                        0.00053555                            1.0000 ]
                         :     bjet_ChargedEmEnergyFraction:                           0.22545                           0.31640   [                         0.0010038                            1.0000 ]
                         :          bjet_MuonEnergyFraction:                          0.085382                           0.21908   [                         0.0027689                            1.0000 ]
                         :         bjet_ChargedMultiplicity:                           0.50281                           0.29419   [                        1.5436e-07                            1.0000 ]
                         :         bjet_NeutralMultiplicity:                           0.50510                           0.28956   [                        2.1559e-07                            1.0000 ]
                         :                fabs(bjet_charge):                           0.49791                           0.29294   [                        0.00082959                            1.0000 ]
                         : -----------------------------------------------------------------------------------------------------------------------------------------------------------------------------------
                         : 
                         : Evaluation results ranked by best signal efficiency and purity (area)
                         : -------------------------------------------------------------------------------------------------------------------
                         : DataSet       MVA                       
                         : Name:         Method:          ROC-integ
                         : electron2018__5__128__500__0.2 DNN            : 0.710
                         : -------------------------------------------------------------------------------------------------------------------
                         : 
                         : Testing efficiency compared to training efficiency (overtraining check)
                         : -------------------------------------------------------------------------------------------------------------------
                         : DataSet              MVA              Signal efficiency: from test sample (from training sample) 
                         : Name:                Method:          @B=0.01             @B=0.10            @B=0.30   
                         : -------------------------------------------------------------------------------------------------------------------
                         : electron2018__5__128__500__0.2 DNN            : 0.077 (0.074)       0.329 (0.323)      0.605 (0.600)
                         : -------------------------------------------------------------------------------------------------------------------
                         : 
Dataset:electron2018__...: Created tree 'TestTree' with 166770 events
                         : 
Dataset:electron2018__...: Created tree 'TrainTree' with 128807 events
                         : 
Factory                  : [1mThank you for using TMVA![0m
                         : [1mFor citation information, please visit: http://tmva.sf.net/citeTMVA.html[0m
ref.cut= DNN 0.46608555755703585
auc= 0.7100817514373468
myerr=0
[ntry=1]
