/home/condor/dir_497116
DataSetInfo              : [FIN_BDT_2018] : Added class "Signal"
                         : Add Tree OutTree/sig of type Signal with 1214414 events
                         : Add Tree OutTree/sig of type Signal with 1201196 events
DataSetInfo              : [FIN_BDT_2018] : Added class "Background"
                         : Add Tree OutTree/bkg of type Background with 797707 events
                         : Add Tree OutTree/bkg of type Background with 786930 events
Factory                  : Booking method: [1mBDT[0m
                         : 
                         : Parsing option string: 
                         : ... "!H:V:NTrees=200:MinNodeSize=3%:MaxDepth=3:Shrinkage=0.05:BoostType=Grad:AdaBoostBeta=:UseBaggedBoost=True:BaggedSampleFraction=0.3:SeparationType=GiniIndex:nCuts=5:IgnoreNegWeightsInTraining=True:VarTransform=G"
                         : The following options are set:
                         : - By User:
                         :     <none>
                         : - Default:
                         :     Boost_num: "0" [Number of times the classifier will be boosted]
                         : Parsing option string: 
                         : ... "!H:V:NTrees=200:MinNodeSize=3%:MaxDepth=3:Shrinkage=0.05:BoostType=Grad:AdaBoostBeta=:UseBaggedBoost=True:BaggedSampleFraction=0.3:SeparationType=GiniIndex:nCuts=5:IgnoreNegWeightsInTraining=True:VarTransform=G"
                         : The following options are set:
                         : - By User:
                         :     V: "True" [Verbose output (short form of "VerbosityLevel" below - overrides the latter one)]
                         :     VarTransform: "G" [List of variable transformations performed before training, e.g., "D_Background,P_Signal,G,N_AllClasses" for: "Decorrelation, PCA-transformation, Gaussianisation, Normalisation, each for the given class of events ('AllClasses' denotes all events of all classes, if no class indication is given, 'All' is assumed)"]
                         :     H: "False" [Print method-specific help message]
                         :     IgnoreNegWeightsInTraining: "True" [Events with negative weights are ignored in the training (but are included for testing and performance evaluation)]
                         :     NTrees: "200" [Number of trees in the forest]
                         :     MaxDepth: "3" [Max depth of the decision tree allowed]
                         :     MinNodeSize: "3%" [Minimum percentage of training events required in a leaf node (default: Classification: 5%, Regression: 0.2%)]
                         :     nCuts: "5" [Number of grid points in variable range used in finding optimal cut in node splitting]
                         :     BoostType: "Grad" [Boosting type for the trees in the forest (note: AdaCost is still experimental)]
                         :     UseBaggedBoost: "True" [Use only a random subsample of all events for growing the trees in each boost iteration.]
                         :     Shrinkage: "5.000000e-02" [Learning rate for BoostType=Grad algorithm]
                         :     AdaBoostBeta: "5.000000e-01" [Learning rate  for AdaBoost algorithm]
                         :     BaggedSampleFraction: "3.000000e-01" [Relative size of bagged event sample to original size of the data sample (used whenever bagging is used (i.e. UseBaggedBoost, Bagging,)]
                         :     SeparationType: "GiniIndex" [Separation criterion for node splitting]
                         : - Default:
                         :     VerbosityLevel: "Default" [Verbosity level]
                         :     CreateMVAPdfs: "False" [Create PDFs for classifier outputs (signal and background)]
                         :     AdaBoostR2Loss: "Quadratic" [Type of Loss function in AdaBoostR2]
                         :     UseRandomisedTrees: "False" [Determine at each node splitting the cut variable only as the best out of a random subset of variables (like in RandomForests)]
                         :     UseNvars: "3" [Size of the subset of variables used with RandomisedTree option]
                         :     UsePoissonNvars: "True" [Interpret "UseNvars" not as fixed number but as mean of a Poisson distribution in each split with RandomisedTree option]
                         :     UseYesNoLeaf: "True" [Use Sig or Bkg categories, or the purity=S/(S+B) as classification of the leaf node -> Real-AdaBoost]
                         :     NegWeightTreatment: "InverseBoostNegWeights" [How to treat events with negative weights in the BDT training (particular the boosting) : IgnoreInTraining;  Boost With inverse boostweight; Pair events with negative and positive weights in training sample and *annihilate* them (experimental!)]
                         :     Css: "1.000000e+00" [AdaCost: cost of true signal selected signal]
                         :     Cts_sb: "1.000000e+00" [AdaCost: cost of true signal selected bkg]
                         :     Ctb_ss: "1.000000e+00" [AdaCost: cost of true bkg    selected signal]
                         :     Cbb: "1.000000e+00" [AdaCost: cost of true bkg    selected bkg ]
                         :     NodePurityLimit: "5.000000e-01" [In boosting/pruning, nodes with purity > NodePurityLimit are signal; background otherwise.]
                         :     RegressionLossFunctionBDTG: "Huber" [Loss function for BDTG regression.]
                         :     HuberQuantile: "7.000000e-01" [In the Huber loss function this is the quantile that separates the core from the tails in the residuals distribution.]
                         :     DoBoostMonitor: "False" [Create control plot with ROC integral vs tree number]
                         :     UseFisherCuts: "False" [Use multivariate splits using the Fisher criterion]
                         :     MinLinCorrForFisher: "8.000000e-01" [The minimum linear correlation between two variables demanded for use in Fisher criterion in node splitting]
                         :     UseExclusiveVars: "False" [Variables already used in fisher criterion are not anymore analysed individually for node splitting]
                         :     DoPreselection: "False" [and and apply automatic pre-selection for 100% efficient signal (bkg) cuts prior to training]
                         :     SigToBkgFraction: "1.000000e+00" [Sig to Bkg ratio used in Training (similar to NodePurityLimit, which cannot be used in real adaboost]
                         :     PruneMethod: "NoPruning" [Note: for BDTs use small trees (e.g.MaxDepth=3) and NoPruning:  Pruning: Method used for pruning (removal) of statistically insignificant branches ]
                         :     PruneStrength: "0.000000e+00" [Pruning strength]
                         :     PruningValFraction: "5.000000e-01" [Fraction of events to use for optimizing automatic pruning.]
                         :     SkipNormalization: "False" [Skip normalization at initialization, to keep expectation value of BDT output according to the fraction of events]
                         :     nEventsMin: "0" [deprecated: Use MinNodeSize (in % of training events) instead]
                         :     UseBaggedGrad: "False" [deprecated: Use *UseBaggedBoost* instead:  Use only a random subsample of all events for growing the trees in each iteration.]
                         :     GradBaggingFraction: "3.000000e-01" [deprecated: Use *BaggedSampleFraction* instead: Defines the fraction of events to be used in each iteration, e.g. when UseBaggedGrad=kTRUE. ]
                         :     UseNTrainEvents: "0" [deprecated: Use *BaggedSampleFraction* instead: Number of randomly picked training events used in randomised (and bagged) trees]
                         :     NNodesMax: "0" [deprecated: Use MaxDepth instead to limit the tree size]
BDT                      : [FIN_BDT_2018] : Create Transformation "G" with events from all classes.
                         : 
                         : Transformation, Variable selection : 
                         : Input : variable 'belectron_dR_l_j<0.15?0.15:belectron_dR_l_j' <---> Output : variable 'belectron_dR_l_j<0.15?0.15:belectron_dR_l_j'
                         : Input : variable 'belectron_nsip3d<6.?belectron_nsip3d:6.' <---> Output : variable 'belectron_nsip3d<6.?belectron_nsip3d:6.'
                         : Input : variable 'belectron_P_jetrest<4.?belectron_P_jetrest:4.' <---> Output : variable 'belectron_P_jetrest<4.?belectron_P_jetrest:4.'
                         : Input : variable '(belectron_ptwrtbjet<3.)?3.:belectron_ptwrtbjet>5.?5.:belectron_ptwrtbjet' <---> Output : variable '(belectron_ptwrtbjet<3.)?3.:belectron_ptwrtbjet>5.?5.:belectron_ptwrtbjet'
                         : Input : variable 'bjet_ChargedEmEnergyFraction<0.15?bjet_ChargedEmEnergyFraction:0.15' <---> Output : variable 'bjet_ChargedEmEnergyFraction<0.15?bjet_ChargedEmEnergyFraction:0.15'
                         : Input : variable 'bjet_ChargedHadronEnergyFraction<0.6?0.6:bjet_ChargedHadronEnergyFraction' <---> Output : variable 'bjet_ChargedHadronEnergyFraction<0.6?0.6:bjet_ChargedHadronEnergyFraction'
                         : Input : variable '(bjet_NeutralEmEnergyFraction<0.35)?0.35:(bjet_NeutralEmEnergyFraction>0.75)?0.75:bjet_NeutralEmEnergyFraction' <---> Output : variable '(bjet_NeutralEmEnergyFraction<0.35)?0.35:(bjet_NeutralEmEnergyFraction>0.75)?0.75:bjet_NeutralEmEnergyFraction'
                         : Input : variable 'fabs(bjet_charge)<0.3?fabs(bjet_charge):0.3' <---> Output : variable 'fabs(bjet_charge)<0.3?fabs(bjet_charge):0.3'
                         : Input : variable '(bjet_charge*belectron_charge<-0.2)?-0.2:(bjet_charge*belectron_charge>0.4)?0.4:bjet_charge*belectron_charge' <---> Output : variable '(bjet_charge*belectron_charge<-0.2)?-0.2:(bjet_charge*belectron_charge>0.4)?0.4:bjet_charge*belectron_charge'
                         : the option NegWeightTreatment=InverseBoostNegWeights does not exist for BoostType=Grad
                         : --> change to new default NegWeightTreatment=Pray
                         : Rebuilding Dataset FIN_BDT_2018
                         : Building event vectors for type 1 Signal
                         : Dataset[FIN_BDT_2018] :  create input formulas for tree sig
                         : Dataset[FIN_BDT_2018] :  create input formulas for tree sig
                         : Dataset[FIN_BDT_2018] :  create input formulas for tree sig
                         : Building event vectors for type 0 Signal
                         : Dataset[FIN_BDT_2018] :  create input formulas for tree sig
                         : Dataset[FIN_BDT_2018] :  create input formulas for tree sig
                         : Building event vectors for type 1 Background
                         : Dataset[FIN_BDT_2018] :  create input formulas for tree bkg
                         : Dataset[FIN_BDT_2018] :  create input formulas for tree bkg
                         : Dataset[FIN_BDT_2018] :  create input formulas for tree bkg
                         : Building event vectors for type 0 Background
                         : Dataset[FIN_BDT_2018] :  create input formulas for tree bkg
                         : Dataset[FIN_BDT_2018] :  create input formulas for tree bkg
DataSetFactory           : [FIN_BDT_2018] : Number of events in input trees
                         : Dataset[FIN_BDT_2018] :     Signal     requirement: "(belectron_charge*bjet_partonFlavour < 0)&&(Has_bElectron)"
                         : Dataset[FIN_BDT_2018] :     Signal          -- number of events passed: 113563  / sum of weights: 90014
                         : Dataset[FIN_BDT_2018] :     Signal          -- efficiency             : 0.0489855
                         : Dataset[FIN_BDT_2018] :     Background requirement: "(belectron_charge*bjet_partonFlavour > 0)&&(Has_bElectron)"
                         : Dataset[FIN_BDT_2018] :     Background      -- number of events passed: 65206  / sum of weights: 51997.9
                         : Dataset[FIN_BDT_2018] :     Background      -- efficiency             : 0.042731
                         : Dataset[FIN_BDT_2018] :  you have opted for interpreting the requested number of training/testing events
                         :  to be the number of events AFTER your preselection cuts
                         : 
                         : Dataset[FIN_BDT_2018] :  you have opted for interpreting the requested number of training/testing events
                         :  to be the number of events AFTER your preselection cuts
                         : 
                         : Dataset[FIN_BDT_2018] : Weight renormalisation mode: "EqualNumEvents": renormalises all event classes ...
                         : Dataset[FIN_BDT_2018] :  such that the effective (weighted) number of events in each class is the same 
                         : Dataset[FIN_BDT_2018] :  (and equals the number of events (entries) given for class=0 )
                         : Dataset[FIN_BDT_2018] : ... i.e. such that Sum[i=1..N_j]{w_i} = N_classA, j=classA, classB, ...
                         : Dataset[FIN_BDT_2018] : ... (note that N_j is the sum of TRAINING events
                         : Dataset[FIN_BDT_2018] :  ..... Testing events are not renormalised nor included in the renormalisation factor!)
                         : Number of training and testing events
                         : ---------------------------------------------------------------------------
                         : Signal     -- training events            : 50419
                         : Signal     -- testing events             : 63144
                         : Signal     -- training and testing events: 113563
                         : Dataset[FIN_BDT_2018] : Signal     -- due to the preselection a scaling factor has been applied to the numbers of requested events: 0.0470121
                         : Background -- training events            : 29224
                         : Background -- testing events             : 35982
                         : Background -- training and testing events: 65206
                         : Dataset[FIN_BDT_2018] : Background -- due to the preselection a scaling factor has been applied to the numbers of requested events: 0.0411489
                         : 
DataSetInfo              : Correlation matrix (Signal):
                         : -------------------------------------------------------------------------------------------------------------------------------------------------------------------------------------------------------------------------------------------------------------------------------------------------------------------------------------------------------------------------------------------------------------------------------------------------------------------------------------------------------------------------------------------------------------------------------------------------------------------------------------------------------------------------------------------------------------------------------------------------------------------
                         :                                                                                                                         belectron_dR_l_j_0.15_0.15:belectron_dR_l_j belectron_nsip3d_6._belectron_nsip3d:6. belectron_P_jetrest_4._belectron_P_jetrest:4. _belectron_ptwrtbjet_3.__3.:belectron_ptwrtbjet_5._5.:belectron_ptwrtbjet bjet_ChargedEmEnergyFraction_0.15_bjet_ChargedEmEnergyFraction:0.15 bjet_ChargedHadronEnergyFraction_0.6_0.6:bjet_ChargedHadronEnergyFraction _bjet_NeutralEmEnergyFraction_0.35__0.35:_bjet_NeutralEmEnergyFraction_0.75__0.75:bjet_NeutralEmEnergyFraction fabs_bjet_charge__0.3_fabs_bjet_charge_:0.3 _bjet_charge_T_belectron_charge__M_0.2___M_0.2:_bjet_charge_T_belectron_charge_0.4__0.4:bjet_charge_T_belectron_charge
                         :                                                                            belectron_dR_l_j_0.15_0.15:belectron_dR_l_j:                                      +1.000                                  +0.023                                        +0.161                                                                    +0.150                                                              -0.024                                                                    +0.022                                                                                                         -0.004                                      -0.067                                                                                                                 -0.124
                         :                                                                                belectron_nsip3d_6._belectron_nsip3d:6.:                                      +0.023                                  +1.000                                        +0.009                                                                    -0.005                                                              +0.092                                                                    -0.036                                                                                                         -0.002                                      -0.014                                                                                                                 -0.017
                         :                                                                          belectron_P_jetrest_4._belectron_P_jetrest:4.:                                      +0.161                                  +0.009                                        +1.000                                                                    +0.335                                                              +0.085                                                                    -0.136                                                                                                         -0.005                                      +0.181                                                                                                                 +0.204
                         :                                              _belectron_ptwrtbjet_3.__3.:belectron_ptwrtbjet_5._5.:belectron_ptwrtbjet:                                      +0.150                                  -0.005                                        +0.335                                                                    +1.000                                                              -0.066                                                                    -0.014                                                                                                         +0.053                                      +0.016                                                                                                                 -0.016
                         :                                                    bjet_ChargedEmEnergyFraction_0.15_bjet_ChargedEmEnergyFraction:0.15:                                      -0.024                                  +0.092                                        +0.085                                                                    -0.066                                                              +1.000                                                                    -0.495                                                                                                         -0.291                                      +0.103                                                                                                                 +0.117
                         :                                              bjet_ChargedHadronEnergyFraction_0.6_0.6:bjet_ChargedHadronEnergyFraction:                                      +0.022                                  -0.036                                        -0.136                                                                    -0.014                                                              -0.495                                                                    +1.000                                                                                                         -0.140                                      -0.089                                                                                                                 -0.089
                         :         _bjet_NeutralEmEnergyFraction_0.35__0.35:_bjet_NeutralEmEnergyFraction_0.75__0.75:bjet_NeutralEmEnergyFraction:                                      -0.004                                  -0.002                                        -0.005                                                                    +0.053                                                              -0.291                                                                    -0.140                                                                                                         +1.000                                      -0.029                                                                                                                 -0.025
                         :                                                                            fabs_bjet_charge__0.3_fabs_bjet_charge_:0.3:                                      -0.067                                  -0.014                                        +0.181                                                                    +0.016                                                              +0.103                                                                    -0.089                                                                                                         -0.029                                      +1.000                                                                                                                 +0.691
                         : _bjet_charge_T_belectron_charge__M_0.2___M_0.2:_bjet_charge_T_belectron_charge_0.4__0.4:bjet_charge_T_belectron_charge:                                      -0.124                                  -0.017                                        +0.204                                                                    -0.016                                                              +0.117                                                                    -0.089                                                                                                         -0.025                                      +0.691                                                                                                                 +1.000
                         : -------------------------------------------------------------------------------------------------------------------------------------------------------------------------------------------------------------------------------------------------------------------------------------------------------------------------------------------------------------------------------------------------------------------------------------------------------------------------------------------------------------------------------------------------------------------------------------------------------------------------------------------------------------------------------------------------------------------------------------------------------------------
DataSetInfo              : Correlation matrix (Background):
                         : -------------------------------------------------------------------------------------------------------------------------------------------------------------------------------------------------------------------------------------------------------------------------------------------------------------------------------------------------------------------------------------------------------------------------------------------------------------------------------------------------------------------------------------------------------------------------------------------------------------------------------------------------------------------------------------------------------------------------------------------------------------------
                         :                                                                                                                         belectron_dR_l_j_0.15_0.15:belectron_dR_l_j belectron_nsip3d_6._belectron_nsip3d:6. belectron_P_jetrest_4._belectron_P_jetrest:4. _belectron_ptwrtbjet_3.__3.:belectron_ptwrtbjet_5._5.:belectron_ptwrtbjet bjet_ChargedEmEnergyFraction_0.15_bjet_ChargedEmEnergyFraction:0.15 bjet_ChargedHadronEnergyFraction_0.6_0.6:bjet_ChargedHadronEnergyFraction _bjet_NeutralEmEnergyFraction_0.35__0.35:_bjet_NeutralEmEnergyFraction_0.75__0.75:bjet_NeutralEmEnergyFraction fabs_bjet_charge__0.3_fabs_bjet_charge_:0.3 _bjet_charge_T_belectron_charge__M_0.2___M_0.2:_bjet_charge_T_belectron_charge_0.4__0.4:bjet_charge_T_belectron_charge
                         :                                                                            belectron_dR_l_j_0.15_0.15:belectron_dR_l_j:                                      +1.000                                  -0.005                                        +0.253                                                                    +0.161                                                              -0.033                                                                    +0.028                                                                                                         -0.009                                      +0.031                                                                                                                 -0.005
                         :                                                                                belectron_nsip3d_6._belectron_nsip3d:6.:                                      -0.005                                  +1.000                                        +0.028                                                                    -0.021                                                              +0.166                                                                    -0.070                                                                                                         -0.004                                      +0.046                                                                                                                 +0.022
                         :                                                                          belectron_P_jetrest_4._belectron_P_jetrest:4.:                                      +0.253                                  +0.028                                        +1.000                                                                    +0.330                                                              +0.020                                                                    -0.096                                                                                                         +0.014                                      +0.087                                                                                                                 +0.217
                         :                                              _belectron_ptwrtbjet_3.__3.:belectron_ptwrtbjet_5._5.:belectron_ptwrtbjet:                                      +0.161                                  -0.021                                        +0.330                                                                    +1.000                                                              -0.034                                                                    -0.006                                                                                                         +0.019                                      +0.011                                                                                                                 +0.016
                         :                                                    bjet_ChargedEmEnergyFraction_0.15_bjet_ChargedEmEnergyFraction:0.15:                                      -0.033                                  +0.166                                        +0.020                                                                    -0.034                                                              +1.000                                                                    -0.441                                                                                                         -0.265                                      +0.047                                                                                                                 +0.010
                         :                                              bjet_ChargedHadronEnergyFraction_0.6_0.6:bjet_ChargedHadronEnergyFraction:                                      +0.028                                  -0.070                                        -0.096                                                                    -0.006                                                              -0.441                                                                    +1.000                                                                                                         -0.179                                      -0.055                                                                                                                 -0.043
                         :         _bjet_NeutralEmEnergyFraction_0.35__0.35:_bjet_NeutralEmEnergyFraction_0.75__0.75:bjet_NeutralEmEnergyFraction:                                      -0.009                                  -0.004                                        +0.014                                                                    +0.019                                                              -0.265                                                                    -0.179                                                                                                         +1.000                                      +0.017                                                                                                                 +0.067
                         :                                                                            fabs_bjet_charge__0.3_fabs_bjet_charge_:0.3:                                      +0.031                                  +0.046                                        +0.087                                                                    +0.011                                                              +0.047                                                                    -0.055                                                                                                         +0.017                                      +1.000                                                                                                                 +0.288
                         : _bjet_charge_T_belectron_charge__M_0.2___M_0.2:_bjet_charge_T_belectron_charge_0.4__0.4:bjet_charge_T_belectron_charge:                                      -0.005                                  +0.022                                        +0.217                                                                    +0.016                                                              +0.010                                                                    -0.043                                                                                                         +0.067                                      +0.288                                                                                                                 +1.000
                         : -------------------------------------------------------------------------------------------------------------------------------------------------------------------------------------------------------------------------------------------------------------------------------------------------------------------------------------------------------------------------------------------------------------------------------------------------------------------------------------------------------------------------------------------------------------------------------------------------------------------------------------------------------------------------------------------------------------------------------------------------------------------
DataSetFactory           : [FIN_BDT_2018] :  
                         : 
Factory                  : [1mTrain all methods[0m
Factory                  : [FIN_BDT_2018] : Create Transformation "I" with events from all classes.
                         : 
                         : Transformation, Variable selection : 
                         : Input : variable 'belectron_dR_l_j<0.15?0.15:belectron_dR_l_j' <---> Output : variable 'belectron_dR_l_j<0.15?0.15:belectron_dR_l_j'
                         : Input : variable 'belectron_nsip3d<6.?belectron_nsip3d:6.' <---> Output : variable 'belectron_nsip3d<6.?belectron_nsip3d:6.'
                         : Input : variable 'belectron_P_jetrest<4.?belectron_P_jetrest:4.' <---> Output : variable 'belectron_P_jetrest<4.?belectron_P_jetrest:4.'
                         : Input : variable '(belectron_ptwrtbjet<3.)?3.:belectron_ptwrtbjet>5.?5.:belectron_ptwrtbjet' <---> Output : variable '(belectron_ptwrtbjet<3.)?3.:belectron_ptwrtbjet>5.?5.:belectron_ptwrtbjet'
                         : Input : variable 'bjet_ChargedEmEnergyFraction<0.15?bjet_ChargedEmEnergyFraction:0.15' <---> Output : variable 'bjet_ChargedEmEnergyFraction<0.15?bjet_ChargedEmEnergyFraction:0.15'
                         : Input : variable 'bjet_ChargedHadronEnergyFraction<0.6?0.6:bjet_ChargedHadronEnergyFraction' <---> Output : variable 'bjet_ChargedHadronEnergyFraction<0.6?0.6:bjet_ChargedHadronEnergyFraction'
                         : Input : variable '(bjet_NeutralEmEnergyFraction<0.35)?0.35:(bjet_NeutralEmEnergyFraction>0.75)?0.75:bjet_NeutralEmEnergyFraction' <---> Output : variable '(bjet_NeutralEmEnergyFraction<0.35)?0.35:(bjet_NeutralEmEnergyFraction>0.75)?0.75:bjet_NeutralEmEnergyFraction'
                         : Input : variable 'fabs(bjet_charge)<0.3?fabs(bjet_charge):0.3' <---> Output : variable 'fabs(bjet_charge)<0.3?fabs(bjet_charge):0.3'
                         : Input : variable '(bjet_charge*belectron_charge<-0.2)?-0.2:(bjet_charge*belectron_charge>0.4)?0.4:bjet_charge*belectron_charge' <---> Output : variable '(bjet_charge*belectron_charge<-0.2)?-0.2:(bjet_charge*belectron_charge>0.4)?0.4:bjet_charge*belectron_charge'
TFHandler_Factory        :                                                                                                       Variable                                                                                                              Mean                                                                                                              RMS                                                                                                      [        Min                                                                                                              Max ]
                         : -----------------------------------------------------------------------------------------------------------------------------------------------------------------------------------------------------------------------------------------------------------------------------------------------------------------------------------------------------------------------------------------------------------------------------------------------------------------------------------------------------------------------------------------------------------------------------------------
                         :                                                                    belectron_dR_l_j<0.15?0.15:belectron_dR_l_j:                                                                                                         0.15646                                                                                                        0.024529   [                                                                                                         0.15000                                                                                                         0.39950 ]
                         :                                                                        belectron_nsip3d<6.?belectron_nsip3d:6.:                                                                                                          4.2197                                                                                                          2.0674   [                                                                                                        0.010205                                                                                                          6.0000 ]
                         :                                                                  belectron_P_jetrest<4.?belectron_P_jetrest:4.:                                                                                                          1.5273                                                                                                         0.78282   [                                                                                                         0.26281                                                                                                          4.0000 ]
                         :                                      (belectron_ptwrtbjet<3.)?3.:belectron_ptwrtbjet>5.?5.:belectron_ptwrtbjet:                                                                                                          3.0159                                                                                                         0.14892   [                                                                                                          3.0000                                                                                                          5.0000 ]
                         :                                            bjet_ChargedEmEnergyFraction<0.15?bjet_ChargedEmEnergyFraction:0.15:                                                                                                        0.095351                                                                                                        0.068446   [                                                                                                          0.0000                                                                                                         0.15000 ]
                         :                                      bjet_ChargedHadronEnergyFraction<0.6?0.6:bjet_ChargedHadronEnergyFraction:                                                                                                         0.63308                                                                                                        0.068687   [                                                                                                         0.60000                                                                                                          1.0000 ]
                         : (bjet_NeutralEmEnergyFraction<0.35)?0.35:(bjet_NeutralEmEnergyFraction>0.75)?0.75:bjet_NeutralEmEnergyFraction:                                                                                                         0.36907                                                                                                        0.056550   [                                                                                                         0.35000                                                                                                         0.75000 ]
                         :                                                                    fabs(bjet_charge)<0.3?fabs(bjet_charge):0.3:                                                                                                         0.20328                                                                                                         0.10227   [                                                                                                      7.0209e-06                                                                                                         0.30000 ]
                         :   (bjet_charge*belectron_charge<-0.2)?-0.2:(bjet_charge*belectron_charge>0.4)?0.4:bjet_charge*belectron_charge:                                                                                                         0.13743                                                                                                         0.21652   [                                                                                                        -0.20000                                                                                                         0.40000 ]
                         : -----------------------------------------------------------------------------------------------------------------------------------------------------------------------------------------------------------------------------------------------------------------------------------------------------------------------------------------------------------------------------------------------------------------------------------------------------------------------------------------------------------------------------------------------------------------------------------------
                         : Ranking input variables (method unspecific)...
IdTransformation         : Ranking result (top variable is best ranked)
                         : ---------------------------------------------------------------------------------------------------------------------------------------
                         : Rank : Variable                                                                                                       : Separation
                         : ---------------------------------------------------------------------------------------------------------------------------------------
                         :    1 : (bjet_charge*belectron_charge<-0.2)?-0.2:(bjet_charge*belectron_charge>0.4)?0.4:bjet_charge*belectron_charge   : 1.193e-01
                         :    2 : belectron_P_jetrest<4.?belectron_P_jetrest:4.                                                                  : 3.867e-02
                         :    3 : fabs(bjet_charge)<0.3?fabs(bjet_charge):0.3                                                                    : 3.612e-02
                         :    4 : bjet_ChargedEmEnergyFraction<0.15?bjet_ChargedEmEnergyFraction:0.15                                            : 1.858e-02
                         :    5 : bjet_ChargedHadronEnergyFraction<0.6?0.6:bjet_ChargedHadronEnergyFraction                                      : 4.968e-03
                         :    6 : belectron_dR_l_j<0.15?0.15:belectron_dR_l_j                                                                    : 2.460e-03
                         :    7 : (bjet_NeutralEmEnergyFraction<0.35)?0.35:(bjet_NeutralEmEnergyFraction>0.75)?0.75:bjet_NeutralEmEnergyFraction : 2.165e-03
                         :    8 : belectron_nsip3d<6.?belectron_nsip3d:6.                                                                        : 1.625e-03
                         :    9 : (belectron_ptwrtbjet<3.)?3.:belectron_ptwrtbjet>5.?5.:belectron_ptwrtbjet                                      : 1.349e-03
                         : ---------------------------------------------------------------------------------------------------------------------------------------
Factory                  : Train method: BDT for Classification
                         : 
                         : Preparing the Gaussian transformation...
TFHandler_BDT            :                                                                                                       Variable                                                                                                              Mean                                                                                                              RMS                                                                                                      [        Min                                                                                                              Max ]
                         : -----------------------------------------------------------------------------------------------------------------------------------------------------------------------------------------------------------------------------------------------------------------------------------------------------------------------------------------------------------------------------------------------------------------------------------------------------------------------------------------------------------------------------------------------------------------------------------------
                         :                                                                    belectron_dR_l_j<0.15?0.15:belectron_dR_l_j:                                                                                                         -2.1981                                                                                                         0.87602   [                                                                                                         -2.4946                                                                                                          5.7307 ]
                         :                                                                        belectron_nsip3d<6.?belectron_nsip3d:6.:                                                                                                          2.7440                                                                                                          2.9490   [                                                                                                         -3.1484                                                                                                          5.7307 ]
                         :                                                                  belectron_P_jetrest<4.?belectron_P_jetrest:4.:                                                                                                         0.14109                                                                                                          1.3192   [                                                                                                         -3.3307                                                                                                          5.7307 ]
                         :                                      (belectron_ptwrtbjet<3.)?3.:belectron_ptwrtbjet>5.?5.:belectron_ptwrtbjet:                                                                                                         -1.7793                                                                                                         0.49678   [                                                                                                         -1.8332                                                                                                          5.7307 ]
                         :                                            bjet_ChargedEmEnergyFraction<0.15?bjet_ChargedEmEnergyFraction:0.15:                                                                                                          2.1245                                                                                                          3.9348   [                                                                                                         -2.7838                                                                                                          5.7307 ]
                         :                                      bjet_ChargedHadronEnergyFraction<0.6?0.6:bjet_ChargedHadronEnergyFraction:                                                                                                         -1.9477                                                                                                          1.3645   [                                                                                                         -2.7504                                                                                                          5.7307 ]
                         : (bjet_NeutralEmEnergyFraction<0.35)?0.35:(bjet_NeutralEmEnergyFraction>0.75)?0.75:bjet_NeutralEmEnergyFraction:                                                                                                         -2.0868                                                                                                          1.1037   [                                                                                                         -2.5398                                                                                                          5.7307 ]
                         :                                                                    fabs(bjet_charge)<0.3?fabs(bjet_charge):0.3:                                                                                                          2.2658                                                                                                          2.9043   [                                                                                                         -3.0676                                                                                                          5.7307 ]
                         :   (bjet_charge*belectron_charge<-0.2)?-0.2:(bjet_charge*belectron_charge>0.4)?0.4:bjet_charge*belectron_charge:                                                                                                         0.86622                                                                                                          2.8635   [                                                                                                         -3.0520                                                                                                          5.7307 ]
                         : -----------------------------------------------------------------------------------------------------------------------------------------------------------------------------------------------------------------------------------------------------------------------------------------------------------------------------------------------------------------------------------------------------------------------------------------------------------------------------------------------------------------------------------------------------------------------------------------
                         : Events with weight == 0 are going to be simply ignored 
BDT                      : #events: (reweighted) sig: 27276.5 bkg: 27276.5
                         : #events: (unweighted) sig: 34511 bkg: 20042
                         : Training 200 Decision Trees ... patience please
                         : Elapsed time for training with 79643 events: 13.8 sec         
BDT                      : [FIN_BDT_2018] : Evaluation of BDT on training sample (79643 events)
                         : Elapsed time for evaluation of 79643 events: 3.16 sec       
                         : Creating xml weight file: [0;36mFIN_BDT_2018/weights/FIN_BDT_2018_BDT.weights.xml[0m
                         : Creating standalone class: [0;36mFIN_BDT_2018/weights/FIN_BDT_2018_BDT.class.C[0m
                         : FIN_BDT_2018.root:/FIN_BDT_2018/Method_BDT/BDT
Factory                  : Training finished
                         : 
                         : Ranking input variables (method specific)...
BDT                      : Ranking result (top variable is best ranked)
                         : ------------------------------------------------------------------------------------------------------------------------------------------------
                         : Rank : Variable                                                                                                       : Variable Importance
                         : ------------------------------------------------------------------------------------------------------------------------------------------------
                         :    1 : (bjet_charge*belectron_charge<-0.2)?-0.2:(bjet_charge*belectron_charge>0.4)?0.4:bjet_charge*belectron_charge   : 2.047e-01
                         :    2 : belectron_P_jetrest<4.?belectron_P_jetrest:4.                                                                  : 1.411e-01
                         :    3 : fabs(bjet_charge)<0.3?fabs(bjet_charge):0.3                                                                    : 1.249e-01
                         :    4 : bjet_ChargedEmEnergyFraction<0.15?bjet_ChargedEmEnergyFraction:0.15                                            : 1.204e-01
                         :    5 : belectron_nsip3d<6.?belectron_nsip3d:6.                                                                        : 1.198e-01
                         :    6 : belectron_dR_l_j<0.15?0.15:belectron_dR_l_j                                                                    : 1.097e-01
                         :    7 : bjet_ChargedHadronEnergyFraction<0.6?0.6:bjet_ChargedHadronEnergyFraction                                      : 9.609e-02
                         :    8 : (bjet_NeutralEmEnergyFraction<0.35)?0.35:(bjet_NeutralEmEnergyFraction>0.75)?0.75:bjet_NeutralEmEnergyFraction : 8.324e-02
                         :    9 : (belectron_ptwrtbjet<3.)?3.:belectron_ptwrtbjet>5.?5.:belectron_ptwrtbjet                                      : 0.000e+00
                         : ------------------------------------------------------------------------------------------------------------------------------------------------
Factory                  : === Destroy and recreate all methods via weight files for testing ===
                         : 
                         : Reading weight file: [0;36mFIN_BDT_2018/weights/FIN_BDT_2018_BDT.weights.xml[0m
Factory                  : [1mTest all methods[0m
Factory                  : Test method: BDT for Classification performance
                         : 
BDT                      : [FIN_BDT_2018] : Evaluation of BDT on testing sample (99126 events)
                         : Elapsed time for evaluation of 99126 events: 3.02 sec       
Factory                  : [1mEvaluate all methods[0m
Factory                  : Evaluate classifier: BDT
                         : 
TFHandler_BDT            :                                                                                                       Variable                                                                                                              Mean                                                                                                              RMS                                                                                                      [        Min                                                                                                              Max ]
                         : -----------------------------------------------------------------------------------------------------------------------------------------------------------------------------------------------------------------------------------------------------------------------------------------------------------------------------------------------------------------------------------------------------------------------------------------------------------------------------------------------------------------------------------------------------------------------------------------
                         :                                                                    belectron_dR_l_j<0.15?0.15:belectron_dR_l_j:                                                                                                         -2.1950                                                                                                         0.88286   [                                                                                                         -2.4946                                                                                                          5.7307 ]
                         :                                                                        belectron_nsip3d<6.?belectron_nsip3d:6.:                                                                                                          2.7243                                                                                                          2.9499   [                                                                                                         -3.1084                                                                                                          5.7307 ]
                         :                                                                  belectron_P_jetrest<4.?belectron_P_jetrest:4.:                                                                                                         0.26039                                                                                                          1.3899   [                                                                                                         -5.7307                                                                                                          5.7307 ]
                         :                                      (belectron_ptwrtbjet<3.)?3.:belectron_ptwrtbjet>5.?5.:belectron_ptwrtbjet:                                                                                                         -1.7576                                                                                                         0.61164   [                                                                                                         -1.8332                                                                                                          5.7307 ]
                         :                                            bjet_ChargedEmEnergyFraction<0.15?bjet_ChargedEmEnergyFraction:0.15:                                                                                                          2.2389                                                                                                          3.9253   [                                                                                                         -2.7838                                                                                                          5.7307 ]
                         :                                      bjet_ChargedHadronEnergyFraction<0.6?0.6:bjet_ChargedHadronEnergyFraction:                                                                                                         -1.9651                                                                                                          1.3544   [                                                                                                         -2.7504                                                                                                          5.7307 ]
                         : (bjet_NeutralEmEnergyFraction<0.35)?0.35:(bjet_NeutralEmEnergyFraction>0.75)?0.75:bjet_NeutralEmEnergyFraction:                                                                                                         -2.0839                                                                                                          1.1103   [                                                                                                         -2.5398                                                                                                          5.7307 ]
                         :                                                                    fabs(bjet_charge)<0.3?fabs(bjet_charge):0.3:                                                                                                          2.3703                                                                                                          2.9127   [                                                                                                         -3.0739                                                                                                          5.7307 ]
                         :   (bjet_charge*belectron_charge<-0.2)?-0.2:(bjet_charge*belectron_charge>0.4)?0.4:bjet_charge*belectron_charge:                                                                                                          1.0919                                                                                                          2.8726   [                                                                                                         -3.0520                                                                                                          5.7307 ]
                         : -----------------------------------------------------------------------------------------------------------------------------------------------------------------------------------------------------------------------------------------------------------------------------------------------------------------------------------------------------------------------------------------------------------------------------------------------------------------------------------------------------------------------------------------------------------------------------------------
BDT                      : [FIN_BDT_2018] : Loop over test events and fill histograms with classifier response...
                         : 
TFHandler_BDT            :                                                                                                       Variable                                                                                                              Mean                                                                                                              RMS                                                                                                      [        Min                                                                                                              Max ]
                         : -----------------------------------------------------------------------------------------------------------------------------------------------------------------------------------------------------------------------------------------------------------------------------------------------------------------------------------------------------------------------------------------------------------------------------------------------------------------------------------------------------------------------------------------------------------------------------------------
                         :                                                                    belectron_dR_l_j<0.15?0.15:belectron_dR_l_j:                                                                                                         -2.1950                                                                                                         0.88286   [                                                                                                         -2.4946                                                                                                          5.7307 ]
                         :                                                                        belectron_nsip3d<6.?belectron_nsip3d:6.:                                                                                                          2.7243                                                                                                          2.9499   [                                                                                                         -3.1084                                                                                                          5.7307 ]
                         :                                                                  belectron_P_jetrest<4.?belectron_P_jetrest:4.:                                                                                                         0.26039                                                                                                          1.3899   [                                                                                                         -5.7307                                                                                                          5.7307 ]
                         :                                      (belectron_ptwrtbjet<3.)?3.:belectron_ptwrtbjet>5.?5.:belectron_ptwrtbjet:                                                                                                         -1.7576                                                                                                         0.61164   [                                                                                                         -1.8332                                                                                                          5.7307 ]
                         :                                            bjet_ChargedEmEnergyFraction<0.15?bjet_ChargedEmEnergyFraction:0.15:                                                                                                          2.2389                                                                                                          3.9253   [                                                                                                         -2.7838                                                                                                          5.7307 ]
                         :                                      bjet_ChargedHadronEnergyFraction<0.6?0.6:bjet_ChargedHadronEnergyFraction:                                                                                                         -1.9651                                                                                                          1.3544   [                                                                                                         -2.7504                                                                                                          5.7307 ]
                         : (bjet_NeutralEmEnergyFraction<0.35)?0.35:(bjet_NeutralEmEnergyFraction>0.75)?0.75:bjet_NeutralEmEnergyFraction:                                                                                                         -2.0839                                                                                                          1.1103   [                                                                                                         -2.5398                                                                                                          5.7307 ]
                         :                                                                    fabs(bjet_charge)<0.3?fabs(bjet_charge):0.3:                                                                                                          2.3703                                                                                                          2.9127   [                                                                                                         -3.0739                                                                                                          5.7307 ]
                         :   (bjet_charge*belectron_charge<-0.2)?-0.2:(bjet_charge*belectron_charge>0.4)?0.4:bjet_charge*belectron_charge:                                                                                                          1.0919                                                                                                          2.8726   [                                                                                                         -3.0520                                                                                                          5.7307 ]
                         : -----------------------------------------------------------------------------------------------------------------------------------------------------------------------------------------------------------------------------------------------------------------------------------------------------------------------------------------------------------------------------------------------------------------------------------------------------------------------------------------------------------------------------------------------------------------------------------------
                         : 
                         : Evaluation results ranked by best signal efficiency and purity (area)
                         : -------------------------------------------------------------------------------------------------------------------
                         : DataSet       MVA                       
                         : Name:         Method:          ROC-integ
                         : FIN_BDT_2018  BDT            : 0.711
                         : -------------------------------------------------------------------------------------------------------------------
                         : 
                         : Testing efficiency compared to training efficiency (overtraining check)
                         : -------------------------------------------------------------------------------------------------------------------
                         : DataSet              MVA              Signal efficiency: from test sample (from training sample) 
                         : Name:                Method:          @B=0.01             @B=0.10            @B=0.30   
                         : -------------------------------------------------------------------------------------------------------------------
                         : FIN_BDT_2018         BDT            : 0.061 (0.065)       0.312 (0.314)      0.610 (0.613)
                         : -------------------------------------------------------------------------------------------------------------------
                         : 
Dataset:FIN_BDT_2018     : Created tree 'TestTree' with 99126 events
                         : 
Dataset:FIN_BDT_2018     : Created tree 'TrainTree' with 79643 events
                         : 
Factory                  : [1mThank you for using TMVA![0m
                         : [1mFor citation information, please visit: http://tmva.sf.net/citeTMVA.html[0m
['bmuon_dR_l_j < 0.04 ? 0.04 : bmuon_dR_l_j', '(bmuon_nsip3d < 1.)?1.:(bmuon_nsip3d>10.)?10.:bmuon_nsip3d', '(bmuon_P_jetrest<1.5)?1.5:(bmuon_P_jetrest>4.)?4.:bmuon_P_jetrest', 'bmuon_palongjet < 30. ? bmuon_palongjet : 30.', 'bmuon_ptwrtbjet<1.?1:bmuon_ptwrtbjet>3.5?3.5:bmuon_ptwrtbjet', 'bmuon_reliso < 4. ? bmuon_reliso : 4.', '(bjet_ChargedHadronEnergyFraction<0.35)?0.35:(bjet_ChargedHadronEnergyFraction>0.9)?0.9:bjet_ChargedHadronEnergyFraction', '(bjet_MuonEnergyFraction < 0.15) ? 0.15 : (bjet_MuonEnergyFraction >0.45) ? 0.45 : bjet_MuonEnergyFraction', 'bjet_NeutralEmEnergyFraction<0.1?0.1:bjet_NeutralEmEnergyFraction>0.5?0.5:bjet_NeutralEmEnergyFraction', '(bjet_NeutralHadronEnergyFraction<0.1)?0.1:(bjet_NeutralHadronEnergyFraction>0.5)?0.5:bjet_NeutralHadronEnergyFraction', '(bjet_NeutralMultiplicity<30)?bjet_NeutralMultiplicity:30', 'fabs(bjet_charge) < 0.5 ? fabs(bjet_charge) : 0.5', 'bjet_charge*bmuon_charge<-0.6?-0.6:bjet_charge*bmuon_charge>0.5?0.5:bjet_charge*bmuon_charge'] ['belectron_dR_l_j < 0.15 ? 0.15 : belectron_dR_l_j', 'belectron_nsip3d < 6. ? belectron_nsip3d : 6.', 'belectron_P_jetrest < 4. ? belectron_P_jetrest : 4.', '(belectron_ptwrtbjet < 3.)?3.: belectron_ptwrtbjet>5.?5. : belectron_ptwrtbjet', 'bjet_ChargedEmEnergyFraction < 0.15 ? bjet_ChargedEmEnergyFraction : 0.15', 'bjet_ChargedHadronEnergyFraction < 0.6 ? 0.6 : bjet_ChargedHadronEnergyFraction', '(bjet_NeutralEmEnergyFraction < 0.35)?0.35:(bjet_NeutralEmEnergyFraction>0.75)?0.75:bjet_NeutralEmEnergyFraction', 'fabs(bjet_charge)<0.3 ? fabs(bjet_charge) : 0.3', '(bjet_charge*belectron_charge < -0.2) ? -0.2 : (bjet_charge*belectron_charge > 0.4) ? 0.4 : bjet_charge*belectron_charge'] ['bjet_ChargedHadronEnergyFraction > 0.2 ? bjet_ChargedHadronEnergyFraction : 0.2', 'bjet_NeutralEmEnergyFraction<0.05?0.05:bjet_NeutralEmEnergyFraction>0.75?0.75:bjet_NeutralEmEnergyFraction', '(bjet_NeutralHadronEnergyFraction<0.1)?0.1:(bjet_NeutralHadronEnergyFraction>0.6)?0.6:bjet_NeutralHadronEnergyFraction', 'bjet_NeutralMultiplicity<30?bjet_NeutralMultiplicity:30', 'fabs(bjet_charge) < 0.4 ? fabs(bjet_charge) : 0.4']
(bmuon_charge*bjet_partonFlavour < 0)&&Has_bMuon (bmuon_charge*bjet_partonFlavour > 0)&&Has_bMuon (belectron_charge*bjet_partonFlavour < 0)&&(Has_bElectron) (belectron_charge*bjet_partonFlavour > 0)&&(Has_bElectron) (bjet_charge*bjet_partonFlavour < 0)&&(!Has_bElectron)&&(!Has_bMuon) (bjet_charge*bjet_partonFlavour > 0)&&(!Has_bElectron)&&(!Has_bMuon)
sigcut= (belectron_charge*bjet_partonFlavour < 0)&&(Has_bElectron)
bkgcut= (belectron_charge*bjet_partonFlavour > 0)&&(Has_bElectron)
<sig cut>= (belectron_charge*bjet_partonFlavour < 0)&&(Has_bElectron)
<bkg cut>= (belectron_charge*bjet_partonFlavour > 0)&&(Has_bElectron)
---sig_test---
<self.testtree_sig> OutTree/sig
/pnfs/knu.ac.kr/data/cms/store/user/jhchoi/JetChargeTagScore/TMVA_TOOL/inputs/EEMu_MuMuE_Method/v2512.5_2018/2018/EEMu_MuMuE_Method_DYJetsToEE_MiNNLO.root
/pnfs/knu.ac.kr/data/cms/store/user/jhchoi/JetChargeTagScore/TMVA_TOOL/inputs/EEMu_MuMuE_Method/v2512.5_2018/2018/EEMu_MuMuE_Method_DYJetsToMuMu_MiNNLO.root
--bkg_test---
<self.testtree_bkg> OutTree/bkg
/pnfs/knu.ac.kr/data/cms/store/user/jhchoi/JetChargeTagScore/TMVA_TOOL/inputs/EEMu_MuMuE_Method/v2512.5_2018/2018/EEMu_MuMuE_Method_DYJetsToEE_MiNNLO.root
/pnfs/knu.ac.kr/data/cms/store/user/jhchoi/JetChargeTagScore/TMVA_TOOL/inputs/EEMu_MuMuE_Method/v2512.5_2018/2018/EEMu_MuMuE_Method_DYJetsToMuMu_MiNNLO.root
---sig_train---
<self.traintree_sig> OutTree/sig
/pnfs/knu.ac.kr/data/cms/store/user/jhchoi/JetChargeTagScore/TMVA_TOOL/inputs/EEMu_MuMuE_Method/v2512.5_2018/2018/EEMu_MuMuE_Method_DYJets.root
---bkg_train---
<self.traintree_bkg> OutTree/bkg
/pnfs/knu.ac.kr/data/cms/store/user/jhchoi/JetChargeTagScore/TMVA_TOOL/inputs/EEMu_MuMuE_Method/v2512.5_2018/2018/EEMu_MuMuE_Method_DYJets.root
>>>>self.dataloader.PrepareTrainingAndTestTree
Set sig cut -> (belectron_charge*bjet_partonFlavour < 0)&&(Has_bElectron)
Set bkg cut -> (belectron_charge*bjet_partonFlavour > 0)&&(Has_bElectron)
auc= 0.711184222524016
END of RUNNING...run_single
FIN_BDT_2018
FIN_BDT_2018.root
_condor_stderr
_condor_stdout
run.sh
tmp
var
myerr=0
[ntry=1]
