Submitting job(s)..................................................
50 job(s) submitted to cluster 2240159.
Submitting job(s)..................................................
50 job(s) submitted to cluster 2240160.
Submitting job(s)..................................................
50 job(s) submitted to cluster 2240161.
Submitting job(s)..................................................
50 job(s) submitted to cluster 2240162.
Submitting job(s)..................................................
50 job(s) submitted to cluster 2240163.
condor_submit WORKDIR_HADD/run.jds > WORKDIR_HADD/run.jid
condor_submit WORKDIR_HADD/run.jds > WORKDIR_HADD/run.jid
condor_submit WORKDIR_HADD/run.jds > WORKDIR_HADD/run.jid
condor_submit WORKDIR_HADD/run.jds > WORKDIR_HADD/run.jid
condor_submit WORKDIR_HADD/run.jds > WORKDIR_HADD/run.jid
##################################################
Submission Finished
- JobID = 878057
- Analyzer = DiLeptonAnalyzer
- Skim = SkimTree_Dilepton
- InputSamples = ['TTLL_powheg', 'TTLJ_powheg', 'DYJetsToEE_MiNNLO', 'DYJetsToMuMu_MiNNLO', 'DYJetsToTauTau_MiNNLO']
- NJobs = 50
- Era = 2016preVFP
- UserFlags = ['runSys']
- RunDir = /data6/Users/jhchoi/SKFlatRunlog//2024_04_04_041530__878057__DiLeptonAnalyzer__Era2016preVFP__SkimTree_Dilepton__runSys__TAMSA1/DYJetsToTauTau_MiNNLO/
- output will be send to : /data6/Users/jhchoi/SKFlatOutput//Run2UltraLegacy_v3/DiLeptonAnalyzer/2016preVFP/runSys__
##################################################
submit hadd
CheckOutputSize...
<AFTER hadd fin. please rm remainings..>
rm /data6/Users/jhchoi/SKFlatRunlog//2024_04_04_041530__878057__DiLeptonAnalyzer__Era2016preVFP__SkimTree_Dilepton__runSys__TAMSA1/DYJetsToTauTau_MiNNLO//output/*.root
submit hadd
CheckOutputSize...
<AFTER hadd fin. please rm remainings..>
rm /data6/Users/jhchoi/SKFlatRunlog//2024_04_04_041530__878057__DiLeptonAnalyzer__Era2016preVFP__SkimTree_Dilepton__runSys__TAMSA1/TTLJ_powheg//output/*.root
submit hadd
CheckOutputSize...
<AFTER hadd fin. please rm remainings..>
rm /data6/Users/jhchoi/SKFlatRunlog//2024_04_04_041530__878057__DiLeptonAnalyzer__Era2016preVFP__SkimTree_Dilepton__runSys__TAMSA1/TTLL_powheg//output/*.root
submit hadd
CheckOutputSize...
<AFTER hadd fin. please rm remainings..>
rm /data6/Users/jhchoi/SKFlatRunlog//2024_04_04_041530__878057__DiLeptonAnalyzer__Era2016preVFP__SkimTree_Dilepton__runSys__TAMSA1/DYJetsToEE_MiNNLO//output/*.root
submit hadd
CheckOutputSize...
<AFTER hadd fin. please rm remainings..>
rm /data6/Users/jhchoi/SKFlatRunlog//2024_04_04_041530__878057__DiLeptonAnalyzer__Era2016preVFP__SkimTree_Dilepton__runSys__TAMSA1/DYJetsToMuMu_MiNNLO//output/*.root
