Submitting job(s)..................................................
50 job(s) submitted to cluster 2252628.
Submitting job(s)..................................................
50 job(s) submitted to cluster 2252632.
Submitting job(s)..................................................
50 job(s) submitted to cluster 2252636.
Submitting job(s)..................................................
50 job(s) submitted to cluster 2252643.
Submitting job(s)..................................................
50 job(s) submitted to cluster 2252647.
Submitting job(s).........................
25 job(s) submitted to cluster 2252651.
Submitting job(s)..........................................
42 job(s) submitted to cluster 2252658.
Submitting job(s)............................
28 job(s) submitted to cluster 2252665.
condor_submit WORKDIR_HADD/run.jds > WORKDIR_HADD/run.jid
condor_submit WORKDIR_HADD/run.jds > WORKDIR_HADD/run.jid
condor_submit WORKDIR_HADD/run.jds > WORKDIR_HADD/run.jid
condor_submit WORKDIR_HADD/run.jds > WORKDIR_HADD/run.jid
condor_submit WORKDIR_HADD/run.jds > WORKDIR_HADD/run.jid
condor_submit WORKDIR_HADD/run.jds > WORKDIR_HADD/run.jid
condor_submit WORKDIR_HADD/run.jds > WORKDIR_HADD/run.jid
condor_submit WORKDIR_HADD/run.jds > WORKDIR_HADD/run.jid
##################################################
Submission Finished
- JobID = 667477
- Analyzer = DiLeptonAnalyzer
- Skim = 
- InputSamples = ['WJets_Sherpa', 'QCD_bEnriched_HT100to200', 'QCD_bEnriched_HT200to300', 'QCD_bEnriched_HT300to500', 'QCD_bEnriched_HT500to700', 'QCD_bEnriched_HT700to1000', 'QCD_bEnriched_HT1000to1500', 'QCD_bEnriched_HT1500to2000']
- NJobs = 28
- Era = 2016preVFP
- UserFlags = ['runSys']
- RunDir = /data6/Users/jhchoi/SKFlatRunlog//2024_04_19_125605__667477__DiLeptonAnalyzer__Era2016preVFP__runSys__TAMSA1/QCD_bEnriched_HT1500to2000/
- output will be send to : /data6/Users/jhchoi/SKFlatOutput//Run2UltraLegacy_v3/DiLeptonAnalyzer/2016preVFP/runSys__
##################################################
submit hadd
CheckOutputSize...
<AFTER hadd fin. please rm remainings..>
rm /data6/Users/jhchoi/SKFlatRunlog//2024_04_19_125605__667477__DiLeptonAnalyzer__Era2016preVFP__runSys__TAMSA1/QCD_bEnriched_HT100to200//output/*.root
submit hadd
CheckOutputSize...
<AFTER hadd fin. please rm remainings..>
rm /data6/Users/jhchoi/SKFlatRunlog//2024_04_19_125605__667477__DiLeptonAnalyzer__Era2016preVFP__runSys__TAMSA1/QCD_bEnriched_HT200to300//output/*.root
submit hadd
CheckOutputSize...
<AFTER hadd fin. please rm remainings..>
rm /data6/Users/jhchoi/SKFlatRunlog//2024_04_19_125605__667477__DiLeptonAnalyzer__Era2016preVFP__runSys__TAMSA1/QCD_bEnriched_HT700to1000//output/*.root
submit hadd
CheckOutputSize...
<AFTER hadd fin. please rm remainings..>
rm /data6/Users/jhchoi/SKFlatRunlog//2024_04_19_125605__667477__DiLeptonAnalyzer__Era2016preVFP__runSys__TAMSA1/QCD_bEnriched_HT300to500//output/*.root
submit hadd
CheckOutputSize...
<AFTER hadd fin. please rm remainings..>
rm /data6/Users/jhchoi/SKFlatRunlog//2024_04_19_125605__667477__DiLeptonAnalyzer__Era2016preVFP__runSys__TAMSA1/QCD_bEnriched_HT1000to1500//output/*.root
submit hadd
CheckOutputSize...
<AFTER hadd fin. please rm remainings..>
rm /data6/Users/jhchoi/SKFlatRunlog//2024_04_19_125605__667477__DiLeptonAnalyzer__Era2016preVFP__runSys__TAMSA1/QCD_bEnriched_HT500to700//output/*.root
submit hadd
CheckOutputSize...
<AFTER hadd fin. please rm remainings..>
rm /data6/Users/jhchoi/SKFlatRunlog//2024_04_19_125605__667477__DiLeptonAnalyzer__Era2016preVFP__runSys__TAMSA1/WJets_Sherpa//output/*.root
submit hadd
CheckOutputSize...
<AFTER hadd fin. please rm remainings..>
rm /data6/Users/jhchoi/SKFlatRunlog//2024_04_19_125605__667477__DiLeptonAnalyzer__Era2016preVFP__runSys__TAMSA1/QCD_bEnriched_HT1500to2000//output/*.root
