/home/condor/dir_3257579
DataSetInfo              : [FIN_BDT_2016postVFP] : Added class "Signal"
                         : Add Tree OutTree/sig of type Signal with 387726 events
                         : Add Tree OutTree/sig of type Signal with 440734 events
DataSetInfo              : [FIN_BDT_2016postVFP] : Added class "Background"
                         : Add Tree OutTree/bkg of type Background with 273702 events
                         : Add Tree OutTree/bkg of type Background with 310379 events
Factory                  : Booking method: [1mBDT[0m
                         : 
                         : Parsing option string: 
                         : ... "!H:V:NTrees=400:MinNodeSize=3%:MaxDepth=4:Shrinkage=0.01:BoostType=Grad:AdaBoostBeta=:UseBaggedBoost=True:BaggedSampleFraction=0.3:SeparationType=GiniIndex:nCuts=10:IgnoreNegWeightsInTraining=True:VarTransform=G"
                         : The following options are set:
                         : - By User:
                         :     <none>
                         : - Default:
                         :     Boost_num: "0" [Number of times the classifier will be boosted]
                         : Parsing option string: 
                         : ... "!H:V:NTrees=400:MinNodeSize=3%:MaxDepth=4:Shrinkage=0.01:BoostType=Grad:AdaBoostBeta=:UseBaggedBoost=True:BaggedSampleFraction=0.3:SeparationType=GiniIndex:nCuts=10:IgnoreNegWeightsInTraining=True:VarTransform=G"
                         : The following options are set:
                         : - By User:
                         :     V: "True" [Verbose output (short form of "VerbosityLevel" below - overrides the latter one)]
                         :     VarTransform: "G" [List of variable transformations performed before training, e.g., "D_Background,P_Signal,G,N_AllClasses" for: "Decorrelation, PCA-transformation, Gaussianisation, Normalisation, each for the given class of events ('AllClasses' denotes all events of all classes, if no class indication is given, 'All' is assumed)"]
                         :     H: "False" [Print method-specific help message]
                         :     IgnoreNegWeightsInTraining: "True" [Events with negative weights are ignored in the training (but are included for testing and performance evaluation)]
                         :     NTrees: "400" [Number of trees in the forest]
                         :     MaxDepth: "4" [Max depth of the decision tree allowed]
                         :     MinNodeSize: "3%" [Minimum percentage of training events required in a leaf node (default: Classification: 5%, Regression: 0.2%)]
                         :     nCuts: "10" [Number of grid points in variable range used in finding optimal cut in node splitting]
                         :     BoostType: "Grad" [Boosting type for the trees in the forest (note: AdaCost is still experimental)]
                         :     UseBaggedBoost: "True" [Use only a random subsample of all events for growing the trees in each boost iteration.]
                         :     Shrinkage: "1.000000e-02" [Learning rate for BoostType=Grad algorithm]
                         :     AdaBoostBeta: "5.000000e-01" [Learning rate  for AdaBoost algorithm]
                         :     BaggedSampleFraction: "3.000000e-01" [Relative size of bagged event sample to original size of the data sample (used whenever bagging is used (i.e. UseBaggedBoost, Bagging,)]
                         :     SeparationType: "GiniIndex" [Separation criterion for node splitting]
                         : - Default:
                         :     VerbosityLevel: "Default" [Verbosity level]
                         :     CreateMVAPdfs: "False" [Create PDFs for classifier outputs (signal and background)]
                         :     AdaBoostR2Loss: "Quadratic" [Type of Loss function in AdaBoostR2]
                         :     UseRandomisedTrees: "False" [Determine at each node splitting the cut variable only as the best out of a random subset of variables (like in RandomForests)]
                         :     UseNvars: "3" [Size of the subset of variables used with RandomisedTree option]
                         :     UsePoissonNvars: "True" [Interpret "UseNvars" not as fixed number but as mean of a Poisson distribution in each split with RandomisedTree option]
                         :     UseYesNoLeaf: "True" [Use Sig or Bkg categories, or the purity=S/(S+B) as classification of the leaf node -> Real-AdaBoost]
                         :     NegWeightTreatment: "InverseBoostNegWeights" [How to treat events with negative weights in the BDT training (particular the boosting) : IgnoreInTraining;  Boost With inverse boostweight; Pair events with negative and positive weights in training sample and *annihilate* them (experimental!)]
                         :     Css: "1.000000e+00" [AdaCost: cost of true signal selected signal]
                         :     Cts_sb: "1.000000e+00" [AdaCost: cost of true signal selected bkg]
                         :     Ctb_ss: "1.000000e+00" [AdaCost: cost of true bkg    selected signal]
                         :     Cbb: "1.000000e+00" [AdaCost: cost of true bkg    selected bkg ]
                         :     NodePurityLimit: "5.000000e-01" [In boosting/pruning, nodes with purity > NodePurityLimit are signal; background otherwise.]
                         :     RegressionLossFunctionBDTG: "Huber" [Loss function for BDTG regression.]
                         :     HuberQuantile: "7.000000e-01" [In the Huber loss function this is the quantile that separates the core from the tails in the residuals distribution.]
                         :     DoBoostMonitor: "False" [Create control plot with ROC integral vs tree number]
                         :     UseFisherCuts: "False" [Use multivariate splits using the Fisher criterion]
                         :     MinLinCorrForFisher: "8.000000e-01" [The minimum linear correlation between two variables demanded for use in Fisher criterion in node splitting]
                         :     UseExclusiveVars: "False" [Variables already used in fisher criterion are not anymore analysed individually for node splitting]
                         :     DoPreselection: "False" [and and apply automatic pre-selection for 100% efficient signal (bkg) cuts prior to training]
                         :     SigToBkgFraction: "1.000000e+00" [Sig to Bkg ratio used in Training (similar to NodePurityLimit, which cannot be used in real adaboost]
                         :     PruneMethod: "NoPruning" [Note: for BDTs use small trees (e.g.MaxDepth=3) and NoPruning:  Pruning: Method used for pruning (removal) of statistically insignificant branches ]
                         :     PruneStrength: "0.000000e+00" [Pruning strength]
                         :     PruningValFraction: "5.000000e-01" [Fraction of events to use for optimizing automatic pruning.]
                         :     SkipNormalization: "False" [Skip normalization at initialization, to keep expectation value of BDT output according to the fraction of events]
                         :     nEventsMin: "0" [deprecated: Use MinNodeSize (in % of training events) instead]
                         :     UseBaggedGrad: "False" [deprecated: Use *UseBaggedBoost* instead:  Use only a random subsample of all events for growing the trees in each iteration.]
                         :     GradBaggingFraction: "3.000000e-01" [deprecated: Use *BaggedSampleFraction* instead: Defines the fraction of events to be used in each iteration, e.g. when UseBaggedGrad=kTRUE. ]
                         :     UseNTrainEvents: "0" [deprecated: Use *BaggedSampleFraction* instead: Number of randomly picked training events used in randomised (and bagged) trees]
                         :     NNodesMax: "0" [deprecated: Use MaxDepth instead to limit the tree size]
BDT                      : [FIN_BDT_2016postVFP] : Create Transformation "G" with events from all classes.
                         : 
                         : Transformation, Variable selection : 
                         : Input : variable 'belectron_dR_l_j<0.15?0.15:belectron_dR_l_j' <---> Output : variable 'belectron_dR_l_j<0.15?0.15:belectron_dR_l_j'
                         : Input : variable '(belectron_P_jetrest<1.)?1.:(belectron_P_jetrest>2.)?2.:belectron_P_jetrest' <---> Output : variable '(belectron_P_jetrest<1.)?1.:(belectron_P_jetrest>2.)?2.:belectron_P_jetrest'
                         : Input : variable '(belectron_ptwrtbjet<0.5)?0.5:(belectron_ptwrtbjet>3.)?3.:belectron_ptwrtbjet' <---> Output : variable '(belectron_ptwrtbjet<0.5)?0.5:(belectron_ptwrtbjet>3.)?3.:belectron_ptwrtbjet'
                         : Input : variable 'bjet_ChargedEmEnergyFraction<0.2?bjet_ChargedEmEnergyFraction:0.2' <---> Output : variable 'bjet_ChargedEmEnergyFraction<0.2?bjet_ChargedEmEnergyFraction:0.2'
                         : Input : variable '(bjet_ChargedHadronEnergyFraction<0.5)?0.5:(bjet_ChargedHadronEnergyFraction>0.9)?0.9:bjet_ChargedHadronEnergyFraction' <---> Output : variable '(bjet_ChargedHadronEnergyFraction<0.5)?0.5:(bjet_ChargedHadronEnergyFraction>0.9)?0.9:bjet_ChargedHadronEnergyFraction'
                         : Input : variable '(bjet_NeutralEmEnergyFraction<0.25)?0.25:(bjet_NeutralEmEnergyFraction>0.7)?0.7:bjet_NeutralEmEnergyFraction' <---> Output : variable '(bjet_NeutralEmEnergyFraction<0.25)?0.25:(bjet_NeutralEmEnergyFraction>0.7)?0.7:bjet_NeutralEmEnergyFraction'
                         : Input : variable 'fabs(bjet_charge)<0.3?fabs(bjet_charge):0.3' <---> Output : variable 'fabs(bjet_charge)<0.3?fabs(bjet_charge):0.3'
                         : Input : variable '(bjet_charge*belectron_charge<-0.3)?-0.3:(bjet_charge*belectron_charge>0.3)?0.3:bjet_charge*belectron_charge' <---> Output : variable '(bjet_charge*belectron_charge<-0.3)?-0.3:(bjet_charge*belectron_charge>0.3)?0.3:bjet_charge*belectron_charge'
                         : the option NegWeightTreatment=InverseBoostNegWeights does not exist for BoostType=Grad
                         : --> change to new default NegWeightTreatment=Pray
                         : Rebuilding Dataset FIN_BDT_2016postVFP
                         : Building event vectors for type 1 Signal
                         : Dataset[FIN_BDT_2016postVFP] :  create input formulas for tree sig
                         : Dataset[FIN_BDT_2016postVFP] :  create input formulas for tree sig
                         : Dataset[FIN_BDT_2016postVFP] :  create input formulas for tree sig
                         : Building event vectors for type 0 Signal
                         : Dataset[FIN_BDT_2016postVFP] :  create input formulas for tree sig
                         : Dataset[FIN_BDT_2016postVFP] :  create input formulas for tree sig
                         : Building event vectors for type 1 Background
                         : Dataset[FIN_BDT_2016postVFP] :  create input formulas for tree bkg
                         : Dataset[FIN_BDT_2016postVFP] :  create input formulas for tree bkg
                         : Dataset[FIN_BDT_2016postVFP] :  create input formulas for tree bkg
                         : Building event vectors for type 0 Background
                         : Dataset[FIN_BDT_2016postVFP] :  create input formulas for tree bkg
                         : Dataset[FIN_BDT_2016postVFP] :  create input formulas for tree bkg
DataSetFactory           : [FIN_BDT_2016postVFP] : Number of events in input trees
                         : Dataset[FIN_BDT_2016postVFP] :     Signal     requirement: "(belectron_charge*bjet_partonFlavour < 0)&&(Has_bElectron)"
                         : Dataset[FIN_BDT_2016postVFP] :     Signal          -- number of events passed: 45142  / sum of weights: 26168.3
                         : Dataset[FIN_BDT_2016postVFP] :     Signal          -- efficiency             : 0.0521614
                         : Dataset[FIN_BDT_2016postVFP] :     Background requirement: "(belectron_charge*bjet_partonFlavour > 0)&&(Has_bElectron)"
                         : Dataset[FIN_BDT_2016postVFP] :     Background      -- number of events passed: 26553  / sum of weights: 16111.1
                         : Dataset[FIN_BDT_2016postVFP] :     Background      -- efficiency             : 0.0450997
                         : Dataset[FIN_BDT_2016postVFP] :  you have opted for interpreting the requested number of training/testing events
                         :  to be the number of events AFTER your preselection cuts
                         : 
                         : Dataset[FIN_BDT_2016postVFP] :  you have opted for interpreting the requested number of training/testing events
                         :  to be the number of events AFTER your preselection cuts
                         : 
                         : Dataset[FIN_BDT_2016postVFP] : Weight renormalisation mode: "EqualNumEvents": renormalises all event classes ...
                         : Dataset[FIN_BDT_2016postVFP] :  such that the effective (weighted) number of events in each class is the same 
                         : Dataset[FIN_BDT_2016postVFP] :  (and equals the number of events (entries) given for class=0 )
                         : Dataset[FIN_BDT_2016postVFP] : ... i.e. such that Sum[i=1..N_j]{w_i} = N_classA, j=classA, classB, ...
                         : Dataset[FIN_BDT_2016postVFP] : ... (note that N_j is the sum of TRAINING events
                         : Dataset[FIN_BDT_2016postVFP] :  ..... Testing events are not renormalised nor included in the renormalisation factor!)
                         : Number of training and testing events
                         : ---------------------------------------------------------------------------
                         : Signal     -- training events            : 20072
                         : Signal     -- testing events             : 25070
                         : Signal     -- training and testing events: 45142
                         : Dataset[FIN_BDT_2016postVFP] : Signal     -- due to the preselection a scaling factor has been applied to the numbers of requested events: 0.0544891
                         : Background -- training events            : 11801
                         : Background -- testing events             : 14752
                         : Background -- training and testing events: 26553
                         : Dataset[FIN_BDT_2016postVFP] : Background -- due to the preselection a scaling factor has been applied to the numbers of requested events: 0.0454612
                         : 
DataSetInfo              : Correlation matrix (Signal):
                         : ------------------------------------------------------------------------------------------------------------------------------------------------------------------------------------------------------------------------------------------------------------------------------------------------------------------------------------------------------------------------------------------------------------------------------------------------------------------------------------------------------------------------------------------------------------------------------------------------------------------------------------------------------------------------------------------------------------------------------------------------------------------------------------------------------
                         :                                                                                                                         belectron_dR_l_j_0.15_0.15:belectron_dR_l_j _belectron_P_jetrest_1.__1.:_belectron_P_jetrest_2.__2.:belectron_P_jetrest _belectron_ptwrtbjet_0.5__0.5:_belectron_ptwrtbjet_3.__3.:belectron_ptwrtbjet bjet_ChargedEmEnergyFraction_0.2_bjet_ChargedEmEnergyFraction:0.2 _bjet_ChargedHadronEnergyFraction_0.5__0.5:_bjet_ChargedHadronEnergyFraction_0.9__0.9:bjet_ChargedHadronEnergyFraction _bjet_NeutralEmEnergyFraction_0.25__0.25:_bjet_NeutralEmEnergyFraction_0.7__0.7:bjet_NeutralEmEnergyFraction fabs_bjet_charge__0.3_fabs_bjet_charge_:0.3 _bjet_charge_T_belectron_charge__M_0.3___M_0.3:_bjet_charge_T_belectron_charge_0.3__0.3:bjet_charge_T_belectron_charge
                         :                                                                            belectron_dR_l_j_0.15_0.15:belectron_dR_l_j:                                      +1.000                                                                      +0.177                                                                        +0.387                                                            +0.005                                                                                                                 +0.016                                                                                                       -0.008                                      -0.045                                                                                                                 -0.104
                         :                                            _belectron_P_jetrest_1.__1.:_belectron_P_jetrest_2.__2.:belectron_P_jetrest:                                      +0.177                                                                      +1.000                                                                        +0.671                                                            +0.242                                                                                                                 -0.270                                                                                                       -0.028                                      +0.184                                                                                                                 +0.187
                         :                                          _belectron_ptwrtbjet_0.5__0.5:_belectron_ptwrtbjet_3.__3.:belectron_ptwrtbjet:                                      +0.387                                                                      +0.671                                                                        +1.000                                                            +0.150                                                                                                                 -0.140                                                                                                       -0.000                                      +0.078                                                                                                                 +0.028
                         :                                                      bjet_ChargedEmEnergyFraction_0.2_bjet_ChargedEmEnergyFraction:0.2:                                      +0.005                                                                      +0.242                                                                        +0.150                                                            +1.000                                                                                                                 -0.538                                                                                                       -0.371                                      +0.123                                                                                                                 +0.111
                         : _bjet_ChargedHadronEnergyFraction_0.5__0.5:_bjet_ChargedHadronEnergyFraction_0.9__0.9:bjet_ChargedHadronEnergyFraction:                                      +0.016                                                                      -0.270                                                                        -0.140                                                            -0.538                                                                                                                 +1.000                                                                                                       -0.230                                      -0.162                                                                                                                 -0.106
                         :           _bjet_NeutralEmEnergyFraction_0.25__0.25:_bjet_NeutralEmEnergyFraction_0.7__0.7:bjet_NeutralEmEnergyFraction:                                      -0.008                                                                      -0.028                                                                        -0.000                                                            -0.371                                                                                                                 -0.230                                                                                                       +1.000                                      +0.016                                                                                                                 +0.017
                         :                                                                            fabs_bjet_charge__0.3_fabs_bjet_charge_:0.3:                                      -0.045                                                                      +0.184                                                                        +0.078                                                            +0.123                                                                                                                 -0.162                                                                                                       +0.016                                      +1.000                                                                                                                 +0.534
                         : _bjet_charge_T_belectron_charge__M_0.3___M_0.3:_bjet_charge_T_belectron_charge_0.3__0.3:bjet_charge_T_belectron_charge:                                      -0.104                                                                      +0.187                                                                        +0.028                                                            +0.111                                                                                                                 -0.106                                                                                                       +0.017                                      +0.534                                                                                                                 +1.000
                         : ------------------------------------------------------------------------------------------------------------------------------------------------------------------------------------------------------------------------------------------------------------------------------------------------------------------------------------------------------------------------------------------------------------------------------------------------------------------------------------------------------------------------------------------------------------------------------------------------------------------------------------------------------------------------------------------------------------------------------------------------------------------------------------------------------
DataSetInfo              : Correlation matrix (Background):
                         : ------------------------------------------------------------------------------------------------------------------------------------------------------------------------------------------------------------------------------------------------------------------------------------------------------------------------------------------------------------------------------------------------------------------------------------------------------------------------------------------------------------------------------------------------------------------------------------------------------------------------------------------------------------------------------------------------------------------------------------------------------------------------------------------------------
                         :                                                                                                                         belectron_dR_l_j_0.15_0.15:belectron_dR_l_j _belectron_P_jetrest_1.__1.:_belectron_P_jetrest_2.__2.:belectron_P_jetrest _belectron_ptwrtbjet_0.5__0.5:_belectron_ptwrtbjet_3.__3.:belectron_ptwrtbjet bjet_ChargedEmEnergyFraction_0.2_bjet_ChargedEmEnergyFraction:0.2 _bjet_ChargedHadronEnergyFraction_0.5__0.5:_bjet_ChargedHadronEnergyFraction_0.9__0.9:bjet_ChargedHadronEnergyFraction _bjet_NeutralEmEnergyFraction_0.25__0.25:_bjet_NeutralEmEnergyFraction_0.7__0.7:bjet_NeutralEmEnergyFraction fabs_bjet_charge__0.3_fabs_bjet_charge_:0.3 _bjet_charge_T_belectron_charge__M_0.3___M_0.3:_bjet_charge_T_belectron_charge_0.3__0.3:bjet_charge_T_belectron_charge
                         :                                                                            belectron_dR_l_j_0.15_0.15:belectron_dR_l_j:                                      +1.000                                                                      +0.199                                                                        +0.383                                                            -0.058                                                                                                                 +0.057                                                                                                       -0.028                                      -0.006                                                                                                                 -0.017
                         :                                            _belectron_P_jetrest_1.__1.:_belectron_P_jetrest_2.__2.:belectron_P_jetrest:                                      +0.199                                                                      +1.000                                                                        +0.685                                                            +0.073                                                                                                                 -0.177                                                                                                       +0.063                                      +0.054                                                                                                                 +0.234
                         :                                          _belectron_ptwrtbjet_0.5__0.5:_belectron_ptwrtbjet_3.__3.:belectron_ptwrtbjet:                                      +0.383                                                                      +0.685                                                                        +1.000                                                            +0.041                                                                                                                 -0.101                                                                                                       +0.057                                      +0.008                                                                                                                 +0.092
                         :                                                      bjet_ChargedEmEnergyFraction_0.2_bjet_ChargedEmEnergyFraction:0.2:                                      -0.058                                                                      +0.073                                                                        +0.041                                                            +1.000                                                                                                                 -0.498                                                                                                       -0.327                                      +0.031                                                                                                                 +0.041
                         : _bjet_ChargedHadronEnergyFraction_0.5__0.5:_bjet_ChargedHadronEnergyFraction_0.9__0.9:bjet_ChargedHadronEnergyFraction:                                      +0.057                                                                      -0.177                                                                        -0.101                                                            -0.498                                                                                                                 +1.000                                                                                                       -0.286                                      +0.000                                                                                                                 -0.049
                         :           _bjet_NeutralEmEnergyFraction_0.25__0.25:_bjet_NeutralEmEnergyFraction_0.7__0.7:bjet_NeutralEmEnergyFraction:                                      -0.028                                                                      +0.063                                                                        +0.057                                                            -0.327                                                                                                                 -0.286                                                                                                       +1.000                                      -0.053                                                                                                                 +0.033
                         :                                                                            fabs_bjet_charge__0.3_fabs_bjet_charge_:0.3:                                      -0.006                                                                      +0.054                                                                        +0.008                                                            +0.031                                                                                                                 +0.000                                                                                                       -0.053                                      +1.000                                                                                                                 +0.143
                         : _bjet_charge_T_belectron_charge__M_0.3___M_0.3:_bjet_charge_T_belectron_charge_0.3__0.3:bjet_charge_T_belectron_charge:                                      -0.017                                                                      +0.234                                                                        +0.092                                                            +0.041                                                                                                                 -0.049                                                                                                       +0.033                                      +0.143                                                                                                                 +1.000
                         : ------------------------------------------------------------------------------------------------------------------------------------------------------------------------------------------------------------------------------------------------------------------------------------------------------------------------------------------------------------------------------------------------------------------------------------------------------------------------------------------------------------------------------------------------------------------------------------------------------------------------------------------------------------------------------------------------------------------------------------------------------------------------------------------------------
DataSetFactory           : [FIN_BDT_2016postVFP] :  
                         : 
Factory                  : [1mTrain all methods[0m
Factory                  : [FIN_BDT_2016postVFP] : Create Transformation "I" with events from all classes.
                         : 
                         : Transformation, Variable selection : 
                         : Input : variable 'belectron_dR_l_j<0.15?0.15:belectron_dR_l_j' <---> Output : variable 'belectron_dR_l_j<0.15?0.15:belectron_dR_l_j'
                         : Input : variable '(belectron_P_jetrest<1.)?1.:(belectron_P_jetrest>2.)?2.:belectron_P_jetrest' <---> Output : variable '(belectron_P_jetrest<1.)?1.:(belectron_P_jetrest>2.)?2.:belectron_P_jetrest'
                         : Input : variable '(belectron_ptwrtbjet<0.5)?0.5:(belectron_ptwrtbjet>3.)?3.:belectron_ptwrtbjet' <---> Output : variable '(belectron_ptwrtbjet<0.5)?0.5:(belectron_ptwrtbjet>3.)?3.:belectron_ptwrtbjet'
                         : Input : variable 'bjet_ChargedEmEnergyFraction<0.2?bjet_ChargedEmEnergyFraction:0.2' <---> Output : variable 'bjet_ChargedEmEnergyFraction<0.2?bjet_ChargedEmEnergyFraction:0.2'
                         : Input : variable '(bjet_ChargedHadronEnergyFraction<0.5)?0.5:(bjet_ChargedHadronEnergyFraction>0.9)?0.9:bjet_ChargedHadronEnergyFraction' <---> Output : variable '(bjet_ChargedHadronEnergyFraction<0.5)?0.5:(bjet_ChargedHadronEnergyFraction>0.9)?0.9:bjet_ChargedHadronEnergyFraction'
                         : Input : variable '(bjet_NeutralEmEnergyFraction<0.25)?0.25:(bjet_NeutralEmEnergyFraction>0.7)?0.7:bjet_NeutralEmEnergyFraction' <---> Output : variable '(bjet_NeutralEmEnergyFraction<0.25)?0.25:(bjet_NeutralEmEnergyFraction>0.7)?0.7:bjet_NeutralEmEnergyFraction'
                         : Input : variable 'fabs(bjet_charge)<0.3?fabs(bjet_charge):0.3' <---> Output : variable 'fabs(bjet_charge)<0.3?fabs(bjet_charge):0.3'
                         : Input : variable '(bjet_charge*belectron_charge<-0.3)?-0.3:(bjet_charge*belectron_charge>0.3)?0.3:bjet_charge*belectron_charge' <---> Output : variable '(bjet_charge*belectron_charge<-0.3)?-0.3:(bjet_charge*belectron_charge>0.3)?0.3:bjet_charge*belectron_charge'
TFHandler_Factory        :                                                                                                               Variable                                                                                                                      Mean                                                                                                                      RMS                                                                                                              [        Min                                                                                                                      Max ]
                         : ---------------------------------------------------------------------------------------------------------------------------------------------------------------------------------------------------------------------------------------------------------------------------------------------------------------------------------------------------------------------------------------------------------------------------------------------------------------------------------------------------------------------------------------------------------------------------------------------------------------------------------
                         :                                                                            belectron_dR_l_j<0.15?0.15:belectron_dR_l_j:                                                                                                                 0.15627                                                                                                                0.023913   [                                                                                                                 0.15000                                                                                                                 0.39926 ]
                         :                                            (belectron_P_jetrest<1.)?1.:(belectron_P_jetrest>2.)?2.:belectron_P_jetrest:                                                                                                                  1.4179                                                                                                                 0.39762   [                                                                                                                  1.0000                                                                                                                  2.0000 ]
                         :                                          (belectron_ptwrtbjet<0.5)?0.5:(belectron_ptwrtbjet>3.)?3.:belectron_ptwrtbjet:                                                                                                                  1.0317                                                                                                                 0.57185   [                                                                                                                 0.50000                                                                                                                  3.0000 ]
                         :                                                      bjet_ChargedEmEnergyFraction<0.2?bjet_ChargedEmEnergyFraction:0.2:                                                                                                                 0.11258                                                                                                                0.090596   [                                                                                                                  0.0000                                                                                                                 0.20000 ]
                         : (bjet_ChargedHadronEnergyFraction<0.5)?0.5:(bjet_ChargedHadronEnergyFraction>0.9)?0.9:bjet_ChargedHadronEnergyFraction:                                                                                                                 0.57422                                                                                                                 0.10551   [                                                                                                                 0.50000                                                                                                                 0.90000 ]
                         :           (bjet_NeutralEmEnergyFraction<0.25)?0.25:(bjet_NeutralEmEnergyFraction>0.7)?0.7:bjet_NeutralEmEnergyFraction:                                                                                                                 0.29875                                                                                                                0.091469   [                                                                                                                 0.25000                                                                                                                 0.70000 ]
                         :                                                                            fabs(bjet_charge)<0.3?fabs(bjet_charge):0.3:                                                                                                                 0.20855                                                                                                                 0.10152   [                                                                                                              4.4259e-05                                                                                                                 0.30000 ]
                         :           (bjet_charge*belectron_charge<-0.3)?-0.3:(bjet_charge*belectron_charge>0.3)?0.3:bjet_charge*belectron_charge:                                                                                                                 0.10209                                                                                                                 0.20827   [                                                                                                                -0.30000                                                                                                                 0.30000 ]
                         : ---------------------------------------------------------------------------------------------------------------------------------------------------------------------------------------------------------------------------------------------------------------------------------------------------------------------------------------------------------------------------------------------------------------------------------------------------------------------------------------------------------------------------------------------------------------------------------------------------------------------------------
                         : Ranking input variables (method unspecific)...
IdTransformation         : Ranking result (top variable is best ranked)
                         : -----------------------------------------------------------------------------------------------------------------------------------------------
                         : Rank : Variable                                                                                                               : Separation
                         : -----------------------------------------------------------------------------------------------------------------------------------------------
                         :    1 : (bjet_charge*belectron_charge<-0.3)?-0.3:(bjet_charge*belectron_charge>0.3)?0.3:bjet_charge*belectron_charge           : 1.094e-01
                         :    2 : fabs(bjet_charge)<0.3?fabs(bjet_charge):0.3                                                                            : 3.467e-02
                         :    3 : (belectron_P_jetrest<1.)?1.:(belectron_P_jetrest>2.)?2.:belectron_P_jetrest                                            : 3.125e-02
                         :    4 : bjet_ChargedEmEnergyFraction<0.2?bjet_ChargedEmEnergyFraction:0.2                                                      : 2.296e-02
                         :    5 : (belectron_ptwrtbjet<0.5)?0.5:(belectron_ptwrtbjet>3.)?3.:belectron_ptwrtbjet                                          : 2.245e-02
                         :    6 : (bjet_ChargedHadronEnergyFraction<0.5)?0.5:(bjet_ChargedHadronEnergyFraction>0.9)?0.9:bjet_ChargedHadronEnergyFraction : 8.040e-03
                         :    7 : (bjet_NeutralEmEnergyFraction<0.25)?0.25:(bjet_NeutralEmEnergyFraction>0.7)?0.7:bjet_NeutralEmEnergyFraction           : 3.735e-03
                         :    8 : belectron_dR_l_j<0.15?0.15:belectron_dR_l_j                                                                            : 3.026e-03
                         : -----------------------------------------------------------------------------------------------------------------------------------------------
Factory                  : Train method: BDT for Classification
                         : 
                         : Preparing the Gaussian transformation...
TFHandler_BDT            :                                                                                                               Variable                                                                                                                      Mean                                                                                                                      RMS                                                                                                              [        Min                                                                                                                      Max ]
                         : ---------------------------------------------------------------------------------------------------------------------------------------------------------------------------------------------------------------------------------------------------------------------------------------------------------------------------------------------------------------------------------------------------------------------------------------------------------------------------------------------------------------------------------------------------------------------------------------------------------------------------------
                         :                                                                            belectron_dR_l_j<0.15?0.15:belectron_dR_l_j:                                                                                                                 -2.1840                                                                                                                 0.86678   [                                                                                                                 -2.4740                                                                                                                  5.7307 ]
                         :                                            (belectron_P_jetrest<1.)?1.:(belectron_P_jetrest>2.)?2.:belectron_P_jetrest:                                                                                                                 0.24240                                                                                                                  3.0934   [                                                                                                                 -2.9993                                                                                                                  5.7307 ]
                         :                                          (belectron_ptwrtbjet<0.5)?0.5:(belectron_ptwrtbjet>3.)?3.:belectron_ptwrtbjet:                                                                                                                -0.57855                                                                                                                  1.6968   [                                                                                                                 -2.9863                                                                                                                  5.4200 ]
                         :                                                      bjet_ChargedEmEnergyFraction<0.2?bjet_ChargedEmEnergyFraction:0.2:                                                                                                                  1.2081                                                                                                                  3.9139   [                                                                                                                 -3.0289                                                                                                                  5.7307 ]
                         : (bjet_ChargedHadronEnergyFraction<0.5)?0.5:(bjet_ChargedHadronEnergyFraction>0.9)?0.9:bjet_ChargedHadronEnergyFraction:                                                                                                                 -1.4757                                                                                                                  1.7471   [                                                                                                                 -2.9316                                                                                                                  5.7307 ]
                         :           (bjet_NeutralEmEnergyFraction<0.25)?0.25:(bjet_NeutralEmEnergyFraction>0.7)?0.7:bjet_NeutralEmEnergyFraction:                                                                                                                 -1.7983                                                                                                                  1.6070   [                                                                                                                 -2.8883                                                                                                                  5.7307 ]
                         :                                                                            fabs(bjet_charge)<0.3?fabs(bjet_charge):0.3:                                                                                                                  2.4070                                                                                                                  2.9261   [                                                                                                                 -3.1184                                                                                                                  5.7307 ]
                         :           (bjet_charge*belectron_charge<-0.3)?-0.3:(bjet_charge*belectron_charge>0.3)?0.3:bjet_charge*belectron_charge:                                                                                                                  1.6928                                                                                                                  3.1244   [                                                                                                                 -3.3112                                                                                                                  5.7307 ]
                         : ---------------------------------------------------------------------------------------------------------------------------------------------------------------------------------------------------------------------------------------------------------------------------------------------------------------------------------------------------------------------------------------------------------------------------------------------------------------------------------------------------------------------------------------------------------------------------------------------------------------------------------
                         : Events with weight == 0 are going to be simply ignored 
BDT                      : #events: (reweighted) sig: 10904.5 bkg: 10904.5
                         : #events: (unweighted) sig: 13624 bkg: 8185
                         : Training 400 Decision Trees ... patience please
                         : Elapsed time for training with 31873 events: 5.93 sec         
BDT                      : [FIN_BDT_2016postVFP] : Evaluation of BDT on training sample (31873 events)
                         : Elapsed time for evaluation of 31873 events: 1.64 sec       
                         : Creating xml weight file: [0;36mFIN_BDT_2016postVFP/weights/FIN_BDT_2016postVFP_BDT.weights.xml[0m
                         : Creating standalone class: [0;36mFIN_BDT_2016postVFP/weights/FIN_BDT_2016postVFP_BDT.class.C[0m
                         : FIN_BDT_2016postVFP.root:/FIN_BDT_2016postVFP/Method_BDT/BDT
Factory                  : Training finished
                         : 
                         : Ranking input variables (method specific)...
BDT                      : Ranking result (top variable is best ranked)
                         : --------------------------------------------------------------------------------------------------------------------------------------------------------
                         : Rank : Variable                                                                                                               : Variable Importance
                         : --------------------------------------------------------------------------------------------------------------------------------------------------------
                         :    1 : (bjet_charge*belectron_charge<-0.3)?-0.3:(bjet_charge*belectron_charge>0.3)?0.3:bjet_charge*belectron_charge           : 2.895e-01
                         :    2 : (belectron_ptwrtbjet<0.5)?0.5:(belectron_ptwrtbjet>3.)?3.:belectron_ptwrtbjet                                          : 1.278e-01
                         :    3 : bjet_ChargedEmEnergyFraction<0.2?bjet_ChargedEmEnergyFraction:0.2                                                      : 1.169e-01
                         :    4 : (belectron_P_jetrest<1.)?1.:(belectron_P_jetrest>2.)?2.:belectron_P_jetrest                                            : 1.092e-01
                         :    5 : (bjet_ChargedHadronEnergyFraction<0.5)?0.5:(bjet_ChargedHadronEnergyFraction>0.9)?0.9:bjet_ChargedHadronEnergyFraction : 9.759e-02
                         :    6 : fabs(bjet_charge)<0.3?fabs(bjet_charge):0.3                                                                            : 9.425e-02
                         :    7 : (bjet_NeutralEmEnergyFraction<0.25)?0.25:(bjet_NeutralEmEnergyFraction>0.7)?0.7:bjet_NeutralEmEnergyFraction           : 9.181e-02
                         :    8 : belectron_dR_l_j<0.15?0.15:belectron_dR_l_j                                                                            : 7.297e-02
                         : --------------------------------------------------------------------------------------------------------------------------------------------------------
Factory                  : === Destroy and recreate all methods via weight files for testing ===
                         : 
                         : Reading weight file: [0;36mFIN_BDT_2016postVFP/weights/FIN_BDT_2016postVFP_BDT.weights.xml[0m
Factory                  : [1mTest all methods[0m
Factory                  : Test method: BDT for Classification performance
                         : 
BDT                      : [FIN_BDT_2016postVFP] : Evaluation of BDT on testing sample (39822 events)
                         : Elapsed time for evaluation of 39822 events: 1.61 sec       
Factory                  : [1mEvaluate all methods[0m
Factory                  : Evaluate classifier: BDT
                         : 
TFHandler_BDT            :                                                                                                               Variable                                                                                                                      Mean                                                                                                                      RMS                                                                                                              [        Min                                                                                                                      Max ]
                         : ---------------------------------------------------------------------------------------------------------------------------------------------------------------------------------------------------------------------------------------------------------------------------------------------------------------------------------------------------------------------------------------------------------------------------------------------------------------------------------------------------------------------------------------------------------------------------------------------------------------------------------
                         :                                                                            belectron_dR_l_j<0.15?0.15:belectron_dR_l_j:                                                                                                                 -2.1878                                                                                                                 0.86632   [                                                                                                                 -2.4740                                                                                                                  5.7307 ]
                         :                                            (belectron_P_jetrest<1.)?1.:(belectron_P_jetrest>2.)?2.:belectron_P_jetrest:                                                                                                                 0.46362                                                                                                                  3.1807   [                                                                                                                 -2.9993                                                                                                                  5.7307 ]
                         :                                          (belectron_ptwrtbjet<0.5)?0.5:(belectron_ptwrtbjet>3.)?3.:belectron_ptwrtbjet:                                                                                                                -0.48346                                                                                                                  1.7608   [                                                                                                                 -2.9863                                                                                                                  5.4200 ]
                         :                                                      bjet_ChargedEmEnergyFraction<0.2?bjet_ChargedEmEnergyFraction:0.2:                                                                                                                  1.3063                                                                                                                  3.9418   [                                                                                                                 -3.0289                                                                                                                  5.7307 ]
                         : (bjet_ChargedHadronEnergyFraction<0.5)?0.5:(bjet_ChargedHadronEnergyFraction>0.9)?0.9:bjet_ChargedHadronEnergyFraction:                                                                                                                 -1.5428                                                                                                                  1.7237   [                                                                                                                 -2.9316                                                                                                                  5.7307 ]
                         :           (bjet_NeutralEmEnergyFraction<0.25)?0.25:(bjet_NeutralEmEnergyFraction>0.7)?0.7:bjet_NeutralEmEnergyFraction:                                                                                                                 -1.7774                                                                                                                  1.6343   [                                                                                                                 -2.8883                                                                                                                  5.7307 ]
                         :                                                                            fabs(bjet_charge)<0.3?fabs(bjet_charge):0.3:                                                                                                                  2.5296                                                                                                                  2.9363   [                                                                                                                 -3.1639                                                                                                                  5.7307 ]
                         :           (bjet_charge*belectron_charge<-0.3)?-0.3:(bjet_charge*belectron_charge>0.3)?0.3:bjet_charge*belectron_charge:                                                                                                                  1.9284                                                                                                                  3.1316   [                                                                                                                 -3.3112                                                                                                                  5.7307 ]
                         : ---------------------------------------------------------------------------------------------------------------------------------------------------------------------------------------------------------------------------------------------------------------------------------------------------------------------------------------------------------------------------------------------------------------------------------------------------------------------------------------------------------------------------------------------------------------------------------------------------------------------------------
BDT                      : [FIN_BDT_2016postVFP] : Loop over test events and fill histograms with classifier response...
                         : 
TFHandler_BDT            :                                                                                                               Variable                                                                                                                      Mean                                                                                                                      RMS                                                                                                              [        Min                                                                                                                      Max ]
                         : ---------------------------------------------------------------------------------------------------------------------------------------------------------------------------------------------------------------------------------------------------------------------------------------------------------------------------------------------------------------------------------------------------------------------------------------------------------------------------------------------------------------------------------------------------------------------------------------------------------------------------------
                         :                                                                            belectron_dR_l_j<0.15?0.15:belectron_dR_l_j:                                                                                                                 -2.1878                                                                                                                 0.86632   [                                                                                                                 -2.4740                                                                                                                  5.7307 ]
                         :                                            (belectron_P_jetrest<1.)?1.:(belectron_P_jetrest>2.)?2.:belectron_P_jetrest:                                                                                                                 0.46362                                                                                                                  3.1807   [                                                                                                                 -2.9993                                                                                                                  5.7307 ]
                         :                                          (belectron_ptwrtbjet<0.5)?0.5:(belectron_ptwrtbjet>3.)?3.:belectron_ptwrtbjet:                                                                                                                -0.48346                                                                                                                  1.7608   [                                                                                                                 -2.9863                                                                                                                  5.4200 ]
                         :                                                      bjet_ChargedEmEnergyFraction<0.2?bjet_ChargedEmEnergyFraction:0.2:                                                                                                                  1.3063                                                                                                                  3.9418   [                                                                                                                 -3.0289                                                                                                                  5.7307 ]
                         : (bjet_ChargedHadronEnergyFraction<0.5)?0.5:(bjet_ChargedHadronEnergyFraction>0.9)?0.9:bjet_ChargedHadronEnergyFraction:                                                                                                                 -1.5428                                                                                                                  1.7237   [                                                                                                                 -2.9316                                                                                                                  5.7307 ]
                         :           (bjet_NeutralEmEnergyFraction<0.25)?0.25:(bjet_NeutralEmEnergyFraction>0.7)?0.7:bjet_NeutralEmEnergyFraction:                                                                                                                 -1.7774                                                                                                                  1.6343   [                                                                                                                 -2.8883                                                                                                                  5.7307 ]
                         :                                                                            fabs(bjet_charge)<0.3?fabs(bjet_charge):0.3:                                                                                                                  2.5296                                                                                                                  2.9363   [                                                                                                                 -3.1639                                                                                                                  5.7307 ]
                         :           (bjet_charge*belectron_charge<-0.3)?-0.3:(bjet_charge*belectron_charge>0.3)?0.3:bjet_charge*belectron_charge:                                                                                                                  1.9284                                                                                                                  3.1316   [                                                                                                                 -3.3112                                                                                                                  5.7307 ]
                         : ---------------------------------------------------------------------------------------------------------------------------------------------------------------------------------------------------------------------------------------------------------------------------------------------------------------------------------------------------------------------------------------------------------------------------------------------------------------------------------------------------------------------------------------------------------------------------------------------------------------------------------
                         : 
                         : Evaluation results ranked by best signal efficiency and purity (area)
                         : -------------------------------------------------------------------------------------------------------------------
                         : DataSet       MVA                       
                         : Name:         Method:          ROC-integ
                         : FIN_BDT_2016postVFP BDT            : 0.703
                         : -------------------------------------------------------------------------------------------------------------------
                         : 
                         : Testing efficiency compared to training efficiency (overtraining check)
                         : -------------------------------------------------------------------------------------------------------------------
                         : DataSet              MVA              Signal efficiency: from test sample (from training sample) 
                         : Name:                Method:          @B=0.01             @B=0.10            @B=0.30   
                         : -------------------------------------------------------------------------------------------------------------------
                         : FIN_BDT_2016postVFP  BDT            : 0.042 (0.040)       0.289 (0.305)      0.600 (0.602)
                         : -------------------------------------------------------------------------------------------------------------------
                         : 
Dataset:FIN_BDT_2016po...: Created tree 'TestTree' with 39822 events
                         : 
Dataset:FIN_BDT_2016po...: Created tree 'TrainTree' with 31873 events
                         : 
Factory                  : [1mThank you for using TMVA![0m
                         : [1mFor citation information, please visit: http://tmva.sf.net/citeTMVA.html[0m
['bmuon_dR_l_j < 0.04 ? 0.04 : bmuon_dR_l_j', 'bmuon_nsip3d < 10. ? bmuon_nsip3d : 10.', '(bmuon_P_jetrest < 1.5)?1.5:(bmuon_P_jetrest>4.)?4.:bmuon_P_jetrest', 'bmuon_palongjet < 30. ? bmuon_palongjet : 30.', '(bmuon_ptwrtbjet < 1.)?1.:(bmuon_ptwrtbjet>3.)?3.:bmuon_ptwrtbjet', 'bmuon_reliso < 6. ? bmuon_reliso : 6.', '(bjet_ChargedHadronEnergyFraction<0.2)?0.2:(bjet_ChargedHadronEnergyFraction>0.8)?0.8:bjet_ChargedHadronEnergyFraction', '(bjet_MuonEnergyFraction < 0.25) ? 0.25 : (bjet_MuonEnergyFraction >0.45) ? 0.45 : bjet_MuonEnergyFraction', '(bjet_NeutralEmEnergyFraction<0.4)? bjet_NeutralEmEnergyFraction:0.4', '(bjet_NeutralHadronEnergyFraction < 0.15)?0.15:(bjet_NeutralHadronEnergyFraction>0.4)?0.4:bjet_NeutralHadronEnergyFraction', '(bjet_NeutralMultiplicity<25)?bjet_NeutralMultiplicity:25', 'fabs(bjet_charge) < 0.5 ? fabs(bjet_charge) : 0.5', '(bjet_charge*bmuon_charge<-0.5)?-0.5:(bjet_charge*bmuon_charge>0.6)?0.6:bjet_charge*bmuon_charge'] ['belectron_dR_l_j < 0.15 ? 0.15 : belectron_dR_l_j', '(belectron_P_jetrest < 1.)?1.:(belectron_P_jetrest>2.)?2.:belectron_P_jetrest', '(belectron_ptwrtbjet < 0.5)?0.5:(belectron_ptwrtbjet>3.)?3.:belectron_ptwrtbjet', 'bjet_ChargedEmEnergyFraction < 0.2 ? bjet_ChargedEmEnergyFraction : 0.2', '(bjet_ChargedHadronEnergyFraction<0.5)?0.5:(bjet_ChargedHadronEnergyFraction>0.9)?0.9:bjet_ChargedHadronEnergyFraction', '(bjet_NeutralEmEnergyFraction<0.25)?0.25:(bjet_NeutralEmEnergyFraction>0.7)?0.7:bjet_NeutralEmEnergyFraction', 'fabs(bjet_charge)<0.3 ? fabs(bjet_charge) : 0.3', '(bjet_charge*belectron_charge < -0.3)?-0.3:(bjet_charge*belectron_charge>0.3)?0.3:bjet_charge*belectron_charge'] ['bjet_ChargedHadronEnergyFraction<0.15?0.15:(bjet_ChargedHadronEnergyFraction>0.7)?0.7:bjet_ChargedHadronEnergyFraction', '(log(bjet_MuonEnergyFraction)<-3.5)?-3.5:(log(bjet_MuonEnergyFraction)>-1.5)?-1.5:log(bjet_MuonEnergyFraction)', 'bjet_NeutralEmEnergyFraction<0.7?bjet_NeutralEmEnergyFraction:0.7', '(log(bjet_NeutralHadronEnergyFraction)<-4.5)?-4.5:(log(bjet_NeutralHadronEnergyFraction)>-0.5)?-0.5:log(bjet_NeutralHadronEnergyFraction)', '(bjet_NeutralMultiplicity < 5)?5:(bjet_NeutralMultiplicity>32)?32:bjet_NeutralMultiplicity', 'fabs(bjet_charge)<0.7?fabs(bjet_charge):0.7']
(bmuon_charge*bjet_partonFlavour < 0)&&Has_bMuon (bmuon_charge*bjet_partonFlavour > 0)&&Has_bMuon (belectron_charge*bjet_partonFlavour < 0)&&(Has_bElectron) (belectron_charge*bjet_partonFlavour > 0)&&(Has_bElectron) (bjet_charge*bjet_partonFlavour < 0)&&(!Has_bElectron)&&(!Has_bMuon) (bjet_charge*bjet_partonFlavour > 0)&&(!Has_bElectron)&&(!Has_bMuon)
sigcut= (belectron_charge*bjet_partonFlavour < 0)&&(Has_bElectron)
bkgcut= (belectron_charge*bjet_partonFlavour > 0)&&(Has_bElectron)
<sig cut>= (belectron_charge*bjet_partonFlavour < 0)&&(Has_bElectron)
<bkg cut>= (belectron_charge*bjet_partonFlavour > 0)&&(Has_bElectron)
---sig_test---
<self.testtree_sig> OutTree/sig
/pnfs/knu.ac.kr/data/cms/store/user/jhchoi/JetChargeTagScore/TMVA_TOOL/inputs/EEMu_MuMuE_Method/v2512.5_2016postVFP/2016postVFP/EEMu_MuMuE_Method_DYJetsToEE_MiNNLO.root
/pnfs/knu.ac.kr/data/cms/store/user/jhchoi/JetChargeTagScore/TMVA_TOOL/inputs/EEMu_MuMuE_Method/v2512.5_2016postVFP/2016postVFP/EEMu_MuMuE_Method_DYJetsToMuMu_MiNNLO.root
--bkg_test---
<self.testtree_bkg> OutTree/bkg
/pnfs/knu.ac.kr/data/cms/store/user/jhchoi/JetChargeTagScore/TMVA_TOOL/inputs/EEMu_MuMuE_Method/v2512.5_2016postVFP/2016postVFP/EEMu_MuMuE_Method_DYJetsToEE_MiNNLO.root
/pnfs/knu.ac.kr/data/cms/store/user/jhchoi/JetChargeTagScore/TMVA_TOOL/inputs/EEMu_MuMuE_Method/v2512.5_2016postVFP/2016postVFP/EEMu_MuMuE_Method_DYJetsToMuMu_MiNNLO.root
---sig_train---
<self.traintree_sig> OutTree/sig
/pnfs/knu.ac.kr/data/cms/store/user/jhchoi/JetChargeTagScore/TMVA_TOOL/inputs/EEMu_MuMuE_Method/v2512.5_2016postVFP/2016postVFP/EEMu_MuMuE_Method_DYJets.root
---bkg_train---
<self.traintree_bkg> OutTree/bkg
/pnfs/knu.ac.kr/data/cms/store/user/jhchoi/JetChargeTagScore/TMVA_TOOL/inputs/EEMu_MuMuE_Method/v2512.5_2016postVFP/2016postVFP/EEMu_MuMuE_Method_DYJets.root
>>>>self.dataloader.PrepareTrainingAndTestTree
Set sig cut -> (belectron_charge*bjet_partonFlavour < 0)&&(Has_bElectron)
Set bkg cut -> (belectron_charge*bjet_partonFlavour > 0)&&(Has_bElectron)
auc= 0.7028231882174749
END of RUNNING...run_single
FIN_BDT_2016postVFP
FIN_BDT_2016postVFP.root
_condor_stderr
_condor_stdout
run.sh
tmp
var
myerr=0
[ntry=1]
