/home/condor/dir_3733604
DataSetInfo              : [FIN_BDT_2017] : Added class "Signal"
                         : Add Tree OutTree/sig of type Signal with 903237 events
                         : Add Tree OutTree/sig of type Signal with 1201756 events
DataSetInfo              : [FIN_BDT_2017] : Added class "Background"
                         : Add Tree OutTree/bkg of type Background with 594513 events
                         : Add Tree OutTree/bkg of type Background with 789045 events
Factory                  : Booking method: [1mBDT[0m
                         : 
                         : Parsing option string: 
                         : ... "!H:V:NTrees=1200:MinNodeSize=1.5%:MaxDepth=6:Shrinkage=0.005:BoostType=Grad:AdaBoostBeta=:UseBaggedBoost=True:BaggedSampleFraction=0.4:SeparationType=GiniIndex:nCuts=10:IgnoreNegWeightsInTraining=True:VarTransform=G"
                         : The following options are set:
                         : - By User:
                         :     <none>
                         : - Default:
                         :     Boost_num: "0" [Number of times the classifier will be boosted]
                         : Parsing option string: 
                         : ... "!H:V:NTrees=1200:MinNodeSize=1.5%:MaxDepth=6:Shrinkage=0.005:BoostType=Grad:AdaBoostBeta=:UseBaggedBoost=True:BaggedSampleFraction=0.4:SeparationType=GiniIndex:nCuts=10:IgnoreNegWeightsInTraining=True:VarTransform=G"
                         : The following options are set:
                         : - By User:
                         :     V: "True" [Verbose output (short form of "VerbosityLevel" below - overrides the latter one)]
                         :     VarTransform: "G" [List of variable transformations performed before training, e.g., "D_Background,P_Signal,G,N_AllClasses" for: "Decorrelation, PCA-transformation, Gaussianisation, Normalisation, each for the given class of events ('AllClasses' denotes all events of all classes, if no class indication is given, 'All' is assumed)"]
                         :     H: "False" [Print method-specific help message]
                         :     IgnoreNegWeightsInTraining: "True" [Events with negative weights are ignored in the training (but are included for testing and performance evaluation)]
                         :     NTrees: "1200" [Number of trees in the forest]
                         :     MaxDepth: "6" [Max depth of the decision tree allowed]
                         :     MinNodeSize: "1.5%" [Minimum percentage of training events required in a leaf node (default: Classification: 5%, Regression: 0.2%)]
                         :     nCuts: "10" [Number of grid points in variable range used in finding optimal cut in node splitting]
                         :     BoostType: "Grad" [Boosting type for the trees in the forest (note: AdaCost is still experimental)]
                         :     UseBaggedBoost: "True" [Use only a random subsample of all events for growing the trees in each boost iteration.]
                         :     Shrinkage: "5.000000e-03" [Learning rate for BoostType=Grad algorithm]
                         :     AdaBoostBeta: "5.000000e-01" [Learning rate  for AdaBoost algorithm]
                         :     BaggedSampleFraction: "4.000000e-01" [Relative size of bagged event sample to original size of the data sample (used whenever bagging is used (i.e. UseBaggedBoost, Bagging,)]
                         :     SeparationType: "GiniIndex" [Separation criterion for node splitting]
                         : - Default:
                         :     VerbosityLevel: "Default" [Verbosity level]
                         :     CreateMVAPdfs: "False" [Create PDFs for classifier outputs (signal and background)]
                         :     AdaBoostR2Loss: "Quadratic" [Type of Loss function in AdaBoostR2]
                         :     UseRandomisedTrees: "False" [Determine at each node splitting the cut variable only as the best out of a random subset of variables (like in RandomForests)]
                         :     UseNvars: "4" [Size of the subset of variables used with RandomisedTree option]
                         :     UsePoissonNvars: "True" [Interpret "UseNvars" not as fixed number but as mean of a Poisson distribution in each split with RandomisedTree option]
                         :     UseYesNoLeaf: "True" [Use Sig or Bkg categories, or the purity=S/(S+B) as classification of the leaf node -> Real-AdaBoost]
                         :     NegWeightTreatment: "InverseBoostNegWeights" [How to treat events with negative weights in the BDT training (particular the boosting) : IgnoreInTraining;  Boost With inverse boostweight; Pair events with negative and positive weights in training sample and *annihilate* them (experimental!)]
                         :     Css: "1.000000e+00" [AdaCost: cost of true signal selected signal]
                         :     Cts_sb: "1.000000e+00" [AdaCost: cost of true signal selected bkg]
                         :     Ctb_ss: "1.000000e+00" [AdaCost: cost of true bkg    selected signal]
                         :     Cbb: "1.000000e+00" [AdaCost: cost of true bkg    selected bkg ]
                         :     NodePurityLimit: "5.000000e-01" [In boosting/pruning, nodes with purity > NodePurityLimit are signal; background otherwise.]
                         :     RegressionLossFunctionBDTG: "Huber" [Loss function for BDTG regression.]
                         :     HuberQuantile: "7.000000e-01" [In the Huber loss function this is the quantile that separates the core from the tails in the residuals distribution.]
                         :     DoBoostMonitor: "False" [Create control plot with ROC integral vs tree number]
                         :     UseFisherCuts: "False" [Use multivariate splits using the Fisher criterion]
                         :     MinLinCorrForFisher: "8.000000e-01" [The minimum linear correlation between two variables demanded for use in Fisher criterion in node splitting]
                         :     UseExclusiveVars: "False" [Variables already used in fisher criterion are not anymore analysed individually for node splitting]
                         :     DoPreselection: "False" [and and apply automatic pre-selection for 100% efficient signal (bkg) cuts prior to training]
                         :     SigToBkgFraction: "1.000000e+00" [Sig to Bkg ratio used in Training (similar to NodePurityLimit, which cannot be used in real adaboost]
                         :     PruneMethod: "NoPruning" [Note: for BDTs use small trees (e.g.MaxDepth=3) and NoPruning:  Pruning: Method used for pruning (removal) of statistically insignificant branches ]
                         :     PruneStrength: "0.000000e+00" [Pruning strength]
                         :     PruningValFraction: "5.000000e-01" [Fraction of events to use for optimizing automatic pruning.]
                         :     SkipNormalization: "False" [Skip normalization at initialization, to keep expectation value of BDT output according to the fraction of events]
                         :     nEventsMin: "0" [deprecated: Use MinNodeSize (in % of training events) instead]
                         :     UseBaggedGrad: "False" [deprecated: Use *UseBaggedBoost* instead:  Use only a random subsample of all events for growing the trees in each iteration.]
                         :     GradBaggingFraction: "4.000000e-01" [deprecated: Use *BaggedSampleFraction* instead: Defines the fraction of events to be used in each iteration, e.g. when UseBaggedGrad=kTRUE. ]
                         :     UseNTrainEvents: "0" [deprecated: Use *BaggedSampleFraction* instead: Number of randomly picked training events used in randomised (and bagged) trees]
                         :     NNodesMax: "0" [deprecated: Use MaxDepth instead to limit the tree size]
BDT                      : [FIN_BDT_2017] : Create Transformation "G" with events from all classes.
                         : 
                         : Transformation, Variable selection : 
                         : Input : variable 'bmuon_nsip3d<10.?bmuon_nsip3d:10.' <---> Output : variable 'bmuon_nsip3d<10.?bmuon_nsip3d:10.'
                         : Input : variable 'bmuon_reliso' <---> Output : variable 'bmuon_reliso'
                         : Input : variable 'bmuon_ptwrtbjet<10.?bmuon_ptwrtbjet:10.' <---> Output : variable 'bmuon_ptwrtbjet<10.?bmuon_ptwrtbjet:10.'
                         : Input : variable 'bmuon_P_jetrest<10.?bmuon_P_jetrest:10.' <---> Output : variable 'bmuon_P_jetrest<10.?bmuon_P_jetrest:10.'
                         : Input : variable 'bmuon_palongjet<100.?bmuon_palongjet:100.' <---> Output : variable 'bmuon_palongjet<100.?bmuon_palongjet:100.'
                         : Input : variable 'bmuon_palongjetratio<1.?bmuon_palongjetratio:1.' <---> Output : variable 'bmuon_palongjetratio<1.?bmuon_palongjetratio:1.'
                         : Input : variable 'bjet_charge*bmuon_charge' <---> Output : variable 'bjet_charge*bmuon_charge'
                         : Input : variable 'bjet_ChargedHadronEnergyFraction' <---> Output : variable 'bjet_ChargedHadronEnergyFraction'
                         : Input : variable 'bjet_NeutralHadronEnergyFraction' <---> Output : variable 'bjet_NeutralHadronEnergyFraction'
                         : Input : variable 'bjet_NeutralEmEnergyFraction' <---> Output : variable 'bjet_NeutralEmEnergyFraction'
                         : Input : variable 'bjet_ChargedEmEnergyFraction' <---> Output : variable 'bjet_ChargedEmEnergyFraction'
                         : Input : variable 'bjet_MuonEnergyFraction' <---> Output : variable 'bjet_MuonEnergyFraction'
                         : Input : variable 'bjet_ChargedMultiplicity' <---> Output : variable 'bjet_ChargedMultiplicity'
                         : Input : variable 'bjet_NeutralMultiplicity' <---> Output : variable 'bjet_NeutralMultiplicity'
                         : Input : variable 'fabs(bjet_charge)' <---> Output : variable 'fabs(bjet_charge)'
                         : the option NegWeightTreatment=InverseBoostNegWeights does not exist for BoostType=Grad
                         : --> change to new default NegWeightTreatment=Pray
                         : Rebuilding Dataset FIN_BDT_2017
                         : Building event vectors for type 1 Signal
                         : Dataset[FIN_BDT_2017] :  create input formulas for tree sig
                         : Dataset[FIN_BDT_2017] :  create input formulas for tree sig
                         : Dataset[FIN_BDT_2017] :  create input formulas for tree sig
                         : Building event vectors for type 0 Signal
                         : Dataset[FIN_BDT_2017] :  create input formulas for tree sig
                         : Dataset[FIN_BDT_2017] :  create input formulas for tree sig
                         : Building event vectors for type 1 Background
                         : Dataset[FIN_BDT_2017] :  create input formulas for tree bkg
                         : Dataset[FIN_BDT_2017] :  create input formulas for tree bkg
                         : Dataset[FIN_BDT_2017] :  create input formulas for tree bkg
                         : Building event vectors for type 0 Background
                         : Dataset[FIN_BDT_2017] :  create input formulas for tree bkg
                         : Dataset[FIN_BDT_2017] :  create input formulas for tree bkg
DataSetFactory           : [FIN_BDT_2017] : Number of events in input trees
                         : Dataset[FIN_BDT_2017] :     Signal     requirement: "(bmuon_charge*bjet_partonFlavour < 0)&&Has_bMuon"
                         : Dataset[FIN_BDT_2017] :     Signal          -- number of events passed: 111973  / sum of weights: 57156.5
                         : Dataset[FIN_BDT_2017] :     Signal          -- efficiency             : 0.0447985
                         : Dataset[FIN_BDT_2017] :     Background requirement: "(bmuon_charge*bjet_partonFlavour > 0)&&Has_bMuon"
                         : Dataset[FIN_BDT_2017] :     Background      -- number of events passed: 54422  / sum of weights: 28288.5
                         : Dataset[FIN_BDT_2017] :     Background      -- efficiency             : 0.0332606
                         : Dataset[FIN_BDT_2017] :  you have opted for interpreting the requested number of training/testing events
                         :  to be the number of events AFTER your preselection cuts
                         : 
                         : Dataset[FIN_BDT_2017] :  you have opted for interpreting the requested number of training/testing events
                         :  to be the number of events AFTER your preselection cuts
                         : 
                         : Dataset[FIN_BDT_2017] : Weight renormalisation mode: "EqualNumEvents": renormalises all event classes ...
                         : Dataset[FIN_BDT_2017] :  such that the effective (weighted) number of events in each class is the same 
                         : Dataset[FIN_BDT_2017] :  (and equals the number of events (entries) given for class=0 )
                         : Dataset[FIN_BDT_2017] : ... i.e. such that Sum[i=1..N_j]{w_i} = N_classA, j=classA, classB, ...
                         : Dataset[FIN_BDT_2017] : ... (note that N_j is the sum of TRAINING events
                         : Dataset[FIN_BDT_2017] :  ..... Testing events are not renormalised nor included in the renormalisation factor!)
                         : Number of training and testing events
                         : ---------------------------------------------------------------------------
                         : Signal     -- training events            : 46020
                         : Signal     -- testing events             : 65953
                         : Signal     -- training and testing events: 111973
                         : Dataset[FIN_BDT_2017] : Signal     -- due to the preselection a scaling factor has been applied to the numbers of requested events: 0.053194
                         : Background -- training events            : 22429
                         : Background -- testing events             : 31993
                         : Background -- training and testing events: 54422
                         : Dataset[FIN_BDT_2017] : Background -- due to the preselection a scaling factor has been applied to the numbers of requested events: 0.0393348
                         : 
DataSetInfo              : Correlation matrix (Signal):
                         : ----------------------------------------------------------------------------------------------------------------------------------------------------------------------------------------------------------------------------------------------------------------------------------------------------------------------------------------------------------------------------------------------------------------------------------------------------------------------------------------------------------------------------
                         :                                                  bmuon_nsip3d_10._bmuon_nsip3d:10. bmuon_reliso bmuon_ptwrtbjet_10._bmuon_ptwrtbjet:10. bmuon_P_jetrest_10._bmuon_P_jetrest:10. bmuon_palongjet_100._bmuon_palongjet:100. bmuon_palongjetratio_1._bmuon_palongjetratio:1. bjet_charge_T_bmuon_charge bjet_ChargedHadronEnergyFraction bjet_NeutralHadronEnergyFraction bjet_NeutralEmEnergyFraction bjet_ChargedEmEnergyFraction bjet_MuonEnergyFraction bjet_ChargedMultiplicity bjet_NeutralMultiplicity fabs_bjet_charge_
                         :               bmuon_nsip3d_10._bmuon_nsip3d:10.:                            +1.000       +0.096                                  +0.059                                  -0.074                                    -0.105                                          -0.203                     -0.115                           +0.064                           +0.061                       +0.093                       +0.014                  -0.177                   -0.001                   +0.059            -0.103
                         :                                    bmuon_reliso:                            +0.096       +1.000                                  -0.202                                  -0.452                                    -0.424                                          -0.721                     -0.387                           +0.392                           +0.141                       +0.309                       -0.084                  -0.680                   +0.197                   +0.242            -0.344
                         :         bmuon_ptwrtbjet_10._bmuon_ptwrtbjet:10.:                            +0.059       -0.202                                  +1.000                                  +0.724                                    +0.179                                          +0.132                     +0.107                           -0.103                           +0.004                       -0.072                       +0.084                  +0.118                   +0.057                   +0.020            +0.086
                         :         bmuon_P_jetrest_10._bmuon_P_jetrest:10.:                            -0.074       -0.452                                  +0.724                                  +1.000                                    +0.558                                          +0.558                     +0.337                           -0.301                           -0.080                       -0.187                       +0.006                  +0.501                   +0.111                   +0.064            +0.333
                         :       bmuon_palongjet_100._bmuon_palongjet:100.:                            -0.105       -0.424                                  +0.179                                  +0.558                                    +1.000                                          +0.498                     +0.301                           -0.214                           -0.087                       -0.266                       -0.044                  +0.496                   +0.086                   -0.216            +0.305
                         : bmuon_palongjetratio_1._bmuon_palongjetratio:1.:                            -0.203       -0.721                                  +0.132                                  +0.558                                    +0.498                                          +1.000                     +0.536                           -0.495                           -0.191                       -0.283                       -0.125                  +0.907                   -0.291                   -0.200            +0.514
                         :                      bjet_charge_T_bmuon_charge:                            -0.115       -0.387                                  +0.107                                  +0.337                                    +0.301                                          +0.536                     +1.000                           -0.362                           -0.037                       -0.066                       -0.109                  +0.515                   -0.203                   -0.039            +0.811
                         :                bjet_ChargedHadronEnergyFraction:                            +0.064       +0.392                                  -0.103                                  -0.301                                    -0.214                                          -0.495                     -0.362                           +1.000                           -0.275                       -0.302                       -0.254                  -0.571                   +0.418                   -0.166            -0.395
                         :                bjet_NeutralHadronEnergyFraction:                            +0.061       +0.141                                  +0.004                                  -0.080                                    -0.087                                          -0.191                     -0.037                           -0.275                           +1.000                       -0.071                       +0.000                  -0.175                   -0.125                   +0.166            -0.039
                         :                    bjet_NeutralEmEnergyFraction:                            +0.093       +0.309                                  -0.072                                  -0.187                                    -0.266                                          -0.283                     -0.066                           -0.302                           -0.071                       +1.000                       -0.155                  -0.300                   -0.091                   +0.453            -0.074
                         :                    bjet_ChargedEmEnergyFraction:                            +0.014       -0.084                                  +0.084                                  +0.006                                    -0.044                                          -0.125                     -0.109                           -0.254                           +0.000                       -0.155                       +1.000                  -0.137                   -0.039                   -0.063            -0.001
                         :                         bjet_MuonEnergyFraction:                            -0.177       -0.680                                  +0.118                                  +0.501                                    +0.496                                          +0.907                     +0.515                           -0.571                           -0.175                       -0.300                       -0.137                  +1.000                   -0.296                   -0.211            +0.500
                         :                        bjet_ChargedMultiplicity:                            -0.001       +0.197                                  +0.057                                  +0.111                                    +0.086                                          -0.291                     -0.203                           +0.418                           -0.125                       -0.091                       -0.039                  -0.296                   +1.000                   +0.081            -0.248
                         :                        bjet_NeutralMultiplicity:                            +0.059       +0.242                                  +0.020                                  +0.064                                    -0.216                                          -0.200                     -0.039                           -0.166                           +0.166                       +0.453                       -0.063                  -0.211                   +0.081                   +1.000            -0.033
                         :                               fabs_bjet_charge_:                            -0.103       -0.344                                  +0.086                                  +0.333                                    +0.305                                          +0.514                     +0.811                           -0.395                           -0.039                       -0.074                       -0.001                  +0.500                   -0.248                   -0.033            +1.000
                         : ----------------------------------------------------------------------------------------------------------------------------------------------------------------------------------------------------------------------------------------------------------------------------------------------------------------------------------------------------------------------------------------------------------------------------------------------------------------------------------------------------------------------------
DataSetInfo              : Correlation matrix (Background):
                         : ----------------------------------------------------------------------------------------------------------------------------------------------------------------------------------------------------------------------------------------------------------------------------------------------------------------------------------------------------------------------------------------------------------------------------------------------------------------------------------------------------------------------------
                         :                                                  bmuon_nsip3d_10._bmuon_nsip3d:10. bmuon_reliso bmuon_ptwrtbjet_10._bmuon_ptwrtbjet:10. bmuon_P_jetrest_10._bmuon_P_jetrest:10. bmuon_palongjet_100._bmuon_palongjet:100. bmuon_palongjetratio_1._bmuon_palongjetratio:1. bjet_charge_T_bmuon_charge bjet_ChargedHadronEnergyFraction bjet_NeutralHadronEnergyFraction bjet_NeutralEmEnergyFraction bjet_ChargedEmEnergyFraction bjet_MuonEnergyFraction bjet_ChargedMultiplicity bjet_NeutralMultiplicity fabs_bjet_charge_
                         :               bmuon_nsip3d_10._bmuon_nsip3d:10.:                            +1.000       -0.017                                  +0.119                                  +0.040                                    +0.006                                          -0.045                     -0.015                           -0.072                           +0.029                       +0.006                       +0.054                  +0.024                   -0.047                   -0.002            +0.004
                         :                                    bmuon_reliso:                            -0.017       +1.000                                  -0.280                                  -0.458                                    -0.383                                          -0.682                     -0.371                           +0.285                           +0.123                       +0.283                       -0.140                  -0.606                   +0.209                   +0.254            -0.170
                         :         bmuon_ptwrtbjet_10._bmuon_ptwrtbjet:10.:                            +0.119       -0.280                                  +1.000                                  +0.783                                    +0.271                                          +0.265                     +0.207                           -0.143                           -0.039                       -0.123                       +0.079                  +0.263                   +0.003                   -0.055            +0.142
                         :         bmuon_P_jetrest_10._bmuon_P_jetrest:10.:                            +0.040       -0.458                                  +0.783                                  +1.000                                    +0.587                                          +0.608                     +0.385                           -0.230                           -0.092                       -0.174                       -0.009                  +0.532                   +0.062                   +0.001            +0.267
                         :       bmuon_palongjet_100._bmuon_palongjet:100.:                            +0.006       -0.383                                  +0.271                                  +0.587                                    +1.000                                          +0.494                     +0.288                           -0.106                           -0.084                       -0.199                       -0.058                  +0.429                   +0.097                   -0.230            +0.208
                         : bmuon_palongjetratio_1._bmuon_palongjetratio:1.:                            -0.045       -0.682                                  +0.265                                  +0.608                                    +0.494                                          +1.000                     +0.517                           -0.346                           -0.137                       -0.232                       -0.131                  +0.867                   -0.291                   -0.198            +0.336
                         :                      bjet_charge_T_bmuon_charge:                            -0.015       -0.371                                  +0.207                                  +0.385                                    +0.288                                          +0.517                     +1.000                           -0.309                           +0.039                       +0.015                       -0.135                  +0.468                   -0.093                   +0.004            +0.417
                         :                bjet_ChargedHadronEnergyFraction:                            -0.072       +0.285                                  -0.143                                  -0.230                                    -0.106                                          -0.346                     -0.309                           +1.000                           -0.339                       -0.335                       -0.352                  -0.466                   +0.393                   -0.166            -0.262
                         :                bjet_NeutralHadronEnergyFraction:                            +0.029       +0.123                                  -0.039                                  -0.092                                    -0.084                                          -0.137                     +0.039                           -0.339                           +1.000                       -0.115                       -0.029                  -0.133                   -0.159                   +0.136            -0.001
                         :                    bjet_NeutralEmEnergyFraction:                            +0.006       +0.283                                  -0.123                                  -0.174                                    -0.199                                          -0.232                     +0.015                           -0.335                           -0.115                       +1.000                       -0.230                  -0.225                   -0.076                   +0.435            -0.064
                         :                    bjet_ChargedEmEnergyFraction:                            +0.054       -0.140                                  +0.079                                  -0.009                                    -0.058                                          -0.131                     -0.135                           -0.352                           -0.029                       -0.230                       +1.000                  -0.115                   -0.054                   -0.109            +0.089
                         :                         bjet_MuonEnergyFraction:                            +0.024       -0.606                                  +0.263                                  +0.532                                    +0.429                                          +0.867                     +0.468                           -0.466                           -0.133                       -0.225                       -0.115                  +1.000                   -0.284                   -0.196            +0.329
                         :                        bjet_ChargedMultiplicity:                            -0.047       +0.209                                  +0.003                                  +0.062                                    +0.097                                          -0.291                     -0.093                           +0.393                           -0.159                       -0.076                       -0.054                  -0.284                   +1.000                   +0.081            -0.207
                         :                        bjet_NeutralMultiplicity:                            -0.002       +0.254                                  -0.055                                  +0.001                                    -0.230                                          -0.198                     +0.004                           -0.166                           +0.136                       +0.435                       -0.109                  -0.196                   +0.081                   +1.000            -0.010
                         :                               fabs_bjet_charge_:                            +0.004       -0.170                                  +0.142                                  +0.267                                    +0.208                                          +0.336                     +0.417                           -0.262                           -0.001                       -0.064                       +0.089                  +0.329                   -0.207                   -0.010            +1.000
                         : ----------------------------------------------------------------------------------------------------------------------------------------------------------------------------------------------------------------------------------------------------------------------------------------------------------------------------------------------------------------------------------------------------------------------------------------------------------------------------------------------------------------------------
DataSetFactory           : [FIN_BDT_2017] :  
                         : 
Factory                  : [1mTrain all methods[0m
Factory                  : [FIN_BDT_2017] : Create Transformation "I" with events from all classes.
                         : 
                         : Transformation, Variable selection : 
                         : Input : variable 'bmuon_nsip3d<10.?bmuon_nsip3d:10.' <---> Output : variable 'bmuon_nsip3d<10.?bmuon_nsip3d:10.'
                         : Input : variable 'bmuon_reliso' <---> Output : variable 'bmuon_reliso'
                         : Input : variable 'bmuon_ptwrtbjet<10.?bmuon_ptwrtbjet:10.' <---> Output : variable 'bmuon_ptwrtbjet<10.?bmuon_ptwrtbjet:10.'
                         : Input : variable 'bmuon_P_jetrest<10.?bmuon_P_jetrest:10.' <---> Output : variable 'bmuon_P_jetrest<10.?bmuon_P_jetrest:10.'
                         : Input : variable 'bmuon_palongjet<100.?bmuon_palongjet:100.' <---> Output : variable 'bmuon_palongjet<100.?bmuon_palongjet:100.'
                         : Input : variable 'bmuon_palongjetratio<1.?bmuon_palongjetratio:1.' <---> Output : variable 'bmuon_palongjetratio<1.?bmuon_palongjetratio:1.'
                         : Input : variable 'bjet_charge*bmuon_charge' <---> Output : variable 'bjet_charge*bmuon_charge'
                         : Input : variable 'bjet_ChargedHadronEnergyFraction' <---> Output : variable 'bjet_ChargedHadronEnergyFraction'
                         : Input : variable 'bjet_NeutralHadronEnergyFraction' <---> Output : variable 'bjet_NeutralHadronEnergyFraction'
                         : Input : variable 'bjet_NeutralEmEnergyFraction' <---> Output : variable 'bjet_NeutralEmEnergyFraction'
                         : Input : variable 'bjet_ChargedEmEnergyFraction' <---> Output : variable 'bjet_ChargedEmEnergyFraction'
                         : Input : variable 'bjet_MuonEnergyFraction' <---> Output : variable 'bjet_MuonEnergyFraction'
                         : Input : variable 'bjet_ChargedMultiplicity' <---> Output : variable 'bjet_ChargedMultiplicity'
                         : Input : variable 'bjet_NeutralMultiplicity' <---> Output : variable 'bjet_NeutralMultiplicity'
                         : Input : variable 'fabs(bjet_charge)' <---> Output : variable 'fabs(bjet_charge)'
TFHandler_Factory        :                                        Variable                                               Mean                                               RMS                                       [        Min                                               Max ]
                         : --------------------------------------------------------------------------------------------------------------------------------------------------------------------------------------------------------------------------------------------------------------
                         :               bmuon_nsip3d<10.?bmuon_nsip3d:10.:                                           7.2833                                           3.4315   [                                        0.0062385                                           10.000 ]
                         :                                    bmuon_reliso:                                           2.7621                                           2.2452   [                                           0.0000                                           9.9994 ]
                         :         bmuon_ptwrtbjet<10.?bmuon_ptwrtbjet:10.:                                          0.96785                                          0.65344   [                                        0.0034248                                           10.000 ]
                         :         bmuon_P_jetrest<10.?bmuon_P_jetrest:10.:                                           1.3965                                          0.77876   [                                          0.20012                                           10.000 ]
                         :       bmuon_palongjet<100.?bmuon_palongjet:100.:                                           27.196                                           22.004   [                                           4.8232                                           100.00 ]
                         : bmuon_palongjetratio<1.?bmuon_palongjetratio:1.:                                          0.24549                                          0.14407   [                                         0.021552                                           1.0000 ]
                         :                        bjet_charge*bmuon_charge:                                          0.20070                                          0.31591   [                                          -1.0000                                           1.0000 ]
                         :                bjet_ChargedHadronEnergyFraction:                                          0.45121                                          0.18943   [                                           0.0000                                           1.0000 ]
                         :                bjet_NeutralHadronEnergyFraction:                                         0.081255                                         0.095844   [                                           0.0000                                          0.76395 ]
                         :                    bjet_NeutralEmEnergyFraction:                                          0.19421                                          0.13125   [                                           0.0000                                          0.84859 ]
                         :                    bjet_ChargedEmEnergyFraction:                                         0.034102                                          0.10531   [                                           0.0000                                          0.93359 ]
                         :                         bjet_MuonEnergyFraction:                                          0.23922                                          0.16666   [                                           0.0000                                          0.94143 ]
                         :                        bjet_ChargedMultiplicity:                                           10.990                                           3.9784   [                                           1.0000                                           38.000 ]
                         :                        bjet_NeutralMultiplicity:                                           9.9328                                           5.1513   [                                           0.0000                                           41.000 ]
                         :                               fabs(bjet_charge):                                          0.30735                                          0.21357   [                                       5.1672e-06                                           1.0000 ]
                         : --------------------------------------------------------------------------------------------------------------------------------------------------------------------------------------------------------------------------------------------------------------
                         : Ranking input variables (method unspecific)...
IdTransformation         : Ranking result (top variable is best ranked)
                         : ------------------------------------------------------------------------
                         : Rank : Variable                                        : Separation
                         : ------------------------------------------------------------------------
                         :    1 : bjet_charge*bmuon_charge                        : 1.346e-01
                         :    2 : bmuon_P_jetrest<10.?bmuon_P_jetrest:10.         : 1.066e-01
                         :    3 : bjet_MuonEnergyFraction                         : 8.240e-02
                         :    4 : bmuon_palongjetratio<1.?bmuon_palongjetratio:1. : 8.157e-02
                         :    5 : bmuon_ptwrtbjet<10.?bmuon_ptwrtbjet:10.         : 7.461e-02
                         :    6 : fabs(bjet_charge)                               : 6.909e-02
                         :    7 : bmuon_reliso                                    : 5.591e-02
                         :    8 : bmuon_palongjet<100.?bmuon_palongjet:100.       : 3.060e-02
                         :    9 : bjet_ChargedHadronEnergyFraction                : 1.655e-02
                         :   10 : bmuon_nsip3d<10.?bmuon_nsip3d:10.               : 8.517e-03
                         :   11 : bjet_ChargedMultiplicity                        : 6.467e-03
                         :   12 : bjet_NeutralEmEnergyFraction                    : 6.085e-03
                         :   13 : bjet_ChargedEmEnergyFraction                    : 5.520e-03
                         :   14 : bjet_NeutralMultiplicity                        : 4.144e-03
                         :   15 : bjet_NeutralHadronEnergyFraction                : 3.198e-03
                         : ------------------------------------------------------------------------
Factory                  : Train method: BDT for Classification
                         : 
                         : Preparing the Gaussian transformation...
TFHandler_BDT            :                                        Variable                                               Mean                                               RMS                                       [        Min                                               Max ]
                         : --------------------------------------------------------------------------------------------------------------------------------------------------------------------------------------------------------------------------------------------------------------
                         :               bmuon_nsip3d<10.?bmuon_nsip3d:10.:                                           2.9555                                           2.9439   [                                          -3.0991                                           5.7307 ]
                         :                                    bmuon_reliso:                                        -0.025677                                           1.0361   [                                          -3.1432                                           5.7307 ]
                         :         bmuon_ptwrtbjet<10.?bmuon_ptwrtbjet:10.:                                        0.0038227                                          0.99874   [                                          -3.3526                                           5.7307 ]
                         :         bmuon_P_jetrest<10.?bmuon_P_jetrest:10.:                                        0.0054097                                           1.0002   [                                          -3.2928                                           5.7307 ]
                         :       bmuon_palongjet<100.?bmuon_palongjet:100.:                                          0.14993                                           1.3176   [                                          -3.3009                                           5.4200 ]
                         : bmuon_palongjetratio<1.?bmuon_palongjetratio:1.:                                        0.0053281                                           1.0003   [                                          -3.2980                                           5.7307 ]
                         :                        bjet_charge*bmuon_charge:                                        0.0057413                                           1.0004   [                                          -3.3134                                           5.7307 ]
                         :                bjet_ChargedHadronEnergyFraction:                                        0.0034583                                           1.0005   [                                          -3.3318                                           5.7307 ]
                         :                bjet_NeutralHadronEnergyFraction:                                         -0.75704                                           1.6156   [                                          -3.1950                                           5.7307 ]
                         :                    bjet_NeutralEmEnergyFraction:                                        -0.021717                                           1.0295   [                                          -3.2649                                           5.7307 ]
                         :                    bjet_ChargedEmEnergyFraction:                                          -2.2833                                           1.0210   [                                          -2.6764                                           5.7307 ]
                         :                         bjet_MuonEnergyFraction:                                         -0.33342                                           1.3759   [                                          -3.2909                                           5.7307 ]
                         :                        bjet_ChargedMultiplicity:                                        0.0026465                                          0.98830   [                                          -5.5993                                           5.7307 ]
                         :                        bjet_NeutralMultiplicity:                                       -0.0066211                                           1.0231   [                                          -5.0111                                           5.7307 ]
                         :                               fabs(bjet_charge):                                        0.0043460                                          0.99937   [                                          -3.2277                                           5.7307 ]
                         : --------------------------------------------------------------------------------------------------------------------------------------------------------------------------------------------------------------------------------------------------------------
                         : Events with weight == 0 are going to be simply ignored 
BDT                      : #events: (reweighted) sig: 23476.5 bkg: 23476.5
                         : #events: (unweighted) sig: 31479 bkg: 15474
                         : Training 1200 Decision Trees ... patience please
                         : Elapsed time for training with 68449 events: 106 sec         
BDT                      : [FIN_BDT_2017] : Evaluation of BDT on training sample (68449 events)
                         : Elapsed time for evaluation of 68449 events: 28.1 sec       
                         : Creating xml weight file: [0;36mFIN_BDT_2017/weights/FIN_BDT_2017_BDT.weights.xml[0m
                         : Creating standalone class: [0;36mFIN_BDT_2017/weights/FIN_BDT_2017_BDT.class.C[0m
                         : FIN_BDT_2017.root:/FIN_BDT_2017/Method_BDT/BDT
Factory                  : Training finished
                         : 
                         : Ranking input variables (method specific)...
BDT                      : Ranking result (top variable is best ranked)
                         : ---------------------------------------------------------------------------------
                         : Rank : Variable                                        : Variable Importance
                         : ---------------------------------------------------------------------------------
                         :    1 : bjet_charge*bmuon_charge                        : 1.427e-01
                         :    2 : bmuon_P_jetrest<10.?bmuon_P_jetrest:10.         : 8.671e-02
                         :    3 : bmuon_ptwrtbjet<10.?bmuon_ptwrtbjet:10.         : 8.360e-02
                         :    4 : bjet_MuonEnergyFraction                         : 7.878e-02
                         :    5 : bmuon_nsip3d<10.?bmuon_nsip3d:10.               : 6.465e-02
                         :    6 : bjet_NeutralHadronEnergyFraction                : 6.305e-02
                         :    7 : fabs(bjet_charge)                               : 5.937e-02
                         :    8 : bjet_ChargedHadronEnergyFraction                : 5.900e-02
                         :    9 : bjet_ChargedMultiplicity                        : 5.653e-02
                         :   10 : bmuon_reliso                                    : 5.651e-02
                         :   11 : bjet_NeutralEmEnergyFraction                    : 5.576e-02
                         :   12 : bmuon_palongjet<100.?bmuon_palongjet:100.       : 5.414e-02
                         :   13 : bjet_NeutralMultiplicity                        : 5.261e-02
                         :   14 : bmuon_palongjetratio<1.?bmuon_palongjetratio:1. : 4.868e-02
                         :   15 : bjet_ChargedEmEnergyFraction                    : 3.795e-02
                         : ---------------------------------------------------------------------------------
Factory                  : === Destroy and recreate all methods via weight files for testing ===
                         : 
                         : Reading weight file: [0;36mFIN_BDT_2017/weights/FIN_BDT_2017_BDT.weights.xml[0m
Factory                  : [1mTest all methods[0m
Factory                  : Test method: BDT for Classification performance
                         : 
BDT                      : [FIN_BDT_2017] : Evaluation of BDT on testing sample (97946 events)
                         : Elapsed time for evaluation of 97946 events: 25.6 sec       
Factory                  : [1mEvaluate all methods[0m
Factory                  : Evaluate classifier: BDT
                         : 
TFHandler_BDT            :                                        Variable                                               Mean                                               RMS                                       [        Min                                               Max ]
                         : --------------------------------------------------------------------------------------------------------------------------------------------------------------------------------------------------------------------------------------------------------------
                         :               bmuon_nsip3d<10.?bmuon_nsip3d:10.:                                           2.9145                                           2.9560   [                                          -3.0302                                           5.7307 ]
                         :                                    bmuon_reliso:                                        -0.073785                                           1.0367   [                                          -3.1432                                           5.7307 ]
                         :         bmuon_ptwrtbjet<10.?bmuon_ptwrtbjet:10.:                                         0.094165                                           1.0116   [                                          -3.5165                                           5.7307 ]
                         :         bmuon_P_jetrest<10.?bmuon_P_jetrest:10.:                                          0.12510                                           1.0107   [                                          -4.0264                                           5.7307 ]
                         :       bmuon_palongjet<100.?bmuon_palongjet:100.:                                          0.24965                                           1.3759   [                                          -3.5568                                           5.4200 ]
                         : bmuon_palongjetratio<1.?bmuon_palongjetratio:1.:                                         0.073589                                           1.0192   [                                          -3.2854                                           5.7307 ]
                         :                        bjet_charge*bmuon_charge:                                          0.11567                                          0.99615   [                                          -3.3093                                           5.7307 ]
                         :                bjet_ChargedHadronEnergyFraction:                                        -0.023429                                           1.0062   [                                          -3.3318                                           5.7307 ]
                         :                bjet_NeutralHadronEnergyFraction:                                         -0.80308                                           1.6127   [                                          -3.1950                                           5.7307 ]
                         :                    bjet_NeutralEmEnergyFraction:                                        -0.034105                                           1.0282   [                                          -3.2649                                           5.7307 ]
                         :                    bjet_ChargedEmEnergyFraction:                                          -2.2938                                           1.0014   [                                          -2.6764                                           5.7307 ]
                         :                         bjet_MuonEnergyFraction:                                         -0.26034                                           1.3906   [                                          -3.2909                                           5.7307 ]
                         :                        bjet_ChargedMultiplicity:                                        0.0073969                                           1.0116   [                                          -5.5993                                           5.7307 ]
                         :                        bjet_NeutralMultiplicity:                                       -0.0038325                                           1.0272   [                                          -5.0111                                           5.7307 ]
                         :                               fabs(bjet_charge):                                         0.080758                                           1.0117   [                                          -3.2253                                           5.7307 ]
                         : --------------------------------------------------------------------------------------------------------------------------------------------------------------------------------------------------------------------------------------------------------------
BDT                      : [FIN_BDT_2017] : Loop over test events and fill histograms with classifier response...
                         : 
TFHandler_BDT            :                                        Variable                                               Mean                                               RMS                                       [        Min                                               Max ]
                         : --------------------------------------------------------------------------------------------------------------------------------------------------------------------------------------------------------------------------------------------------------------
                         :               bmuon_nsip3d<10.?bmuon_nsip3d:10.:                                           2.9145                                           2.9560   [                                          -3.0302                                           5.7307 ]
                         :                                    bmuon_reliso:                                        -0.073785                                           1.0367   [                                          -3.1432                                           5.7307 ]
                         :         bmuon_ptwrtbjet<10.?bmuon_ptwrtbjet:10.:                                         0.094165                                           1.0116   [                                          -3.5165                                           5.7307 ]
                         :         bmuon_P_jetrest<10.?bmuon_P_jetrest:10.:                                          0.12510                                           1.0107   [                                          -4.0264                                           5.7307 ]
                         :       bmuon_palongjet<100.?bmuon_palongjet:100.:                                          0.24965                                           1.3759   [                                          -3.5568                                           5.4200 ]
                         : bmuon_palongjetratio<1.?bmuon_palongjetratio:1.:                                         0.073589                                           1.0192   [                                          -3.2854                                           5.7307 ]
                         :                        bjet_charge*bmuon_charge:                                          0.11567                                          0.99615   [                                          -3.3093                                           5.7307 ]
                         :                bjet_ChargedHadronEnergyFraction:                                        -0.023429                                           1.0062   [                                          -3.3318                                           5.7307 ]
                         :                bjet_NeutralHadronEnergyFraction:                                         -0.80308                                           1.6127   [                                          -3.1950                                           5.7307 ]
                         :                    bjet_NeutralEmEnergyFraction:                                        -0.034105                                           1.0282   [                                          -3.2649                                           5.7307 ]
                         :                    bjet_ChargedEmEnergyFraction:                                          -2.2938                                           1.0014   [                                          -2.6764                                           5.7307 ]
                         :                         bjet_MuonEnergyFraction:                                         -0.26034                                           1.3906   [                                          -3.2909                                           5.7307 ]
                         :                        bjet_ChargedMultiplicity:                                        0.0073969                                           1.0116   [                                          -5.5993                                           5.7307 ]
                         :                        bjet_NeutralMultiplicity:                                       -0.0038325                                           1.0272   [                                          -5.0111                                           5.7307 ]
                         :                               fabs(bjet_charge):                                         0.080758                                           1.0117   [                                          -3.2253                                           5.7307 ]
                         : --------------------------------------------------------------------------------------------------------------------------------------------------------------------------------------------------------------------------------------------------------------
                         : 
                         : Evaluation results ranked by best signal efficiency and purity (area)
                         : -------------------------------------------------------------------------------------------------------------------
                         : DataSet       MVA                       
                         : Name:         Method:          ROC-integ
                         : FIN_BDT_2017  BDT            : 0.758
                         : -------------------------------------------------------------------------------------------------------------------
                         : 
                         : Testing efficiency compared to training efficiency (overtraining check)
                         : -------------------------------------------------------------------------------------------------------------------
                         : DataSet              MVA              Signal efficiency: from test sample (from training sample) 
                         : Name:                Method:          @B=0.01             @B=0.10            @B=0.30   
                         : -------------------------------------------------------------------------------------------------------------------
                         : FIN_BDT_2017         BDT            : 0.088 (0.095)       0.382 (0.414)      0.682 (0.700)
                         : -------------------------------------------------------------------------------------------------------------------
                         : 
Dataset:FIN_BDT_2017     : Created tree 'TestTree' with 97946 events
                         : 
Dataset:FIN_BDT_2017     : Created tree 'TrainTree' with 68449 events
                         : 
Factory                  : [1mThank you for using TMVA![0m
                         : [1mFor citation information, please visit: http://tmva.sf.net/citeTMVA.html[0m
['bmuon_nsip3d<10. ? bmuon_nsip3d : 10.', 'bmuon_reliso', 'bmuon_ptwrtbjet < 10. ? bmuon_ptwrtbjet : 10.', 'bmuon_P_jetrest < 10. ? bmuon_P_jetrest : 10.', 'bmuon_palongjet < 100. ? bmuon_palongjet : 100.', 'bmuon_palongjetratio < 1. ? bmuon_palongjetratio : 1.', 'bjet_charge*bmuon_charge'] ['belectron_nsip3d < 30. ? belectron_nsip3d : 30.', 'belectron_reliso', 'belectron_ptwrtbjet < 10. ? belectron_ptwrtbjet : 10.', 'belectron_P_jetrest < 10. ? belectron_P_jetrest : 10.', 'belectron_palongjet < 100. ? belectron_palongjet : 100.', 'belectron_palongjetratio < 1. ? belectron_palongjetratio : 1.', 'bjet_charge*belectron_charge'] ['bjet_ChargedHadronEnergyFraction', 'bjet_NeutralHadronEnergyFraction', 'bjet_NeutralEmEnergyFraction', 'bjet_ChargedEmEnergyFraction', 'bjet_MuonEnergyFraction', 'bjet_ChargedMultiplicity', 'bjet_NeutralMultiplicity', 'fabs(bjet_charge)']
(bmuon_charge*bjet_partonFlavour < 0)&&Has_bMuon (bmuon_charge*bjet_partonFlavour > 0)&&Has_bMuon (belectron_charge*bjet_partonFlavour < 0)&&(Has_bElectron) (belectron_charge*bjet_partonFlavour > 0)&&(Has_bElectron) (bjet_charge*bjet_partonFlavour < 0)&&(!Has_bElectron)&&(!Has_bMuon) (bjet_charge*bjet_partonFlavour > 0)&&(!Has_bElectron)&&(!Has_bMuon)
sigcut= (bmuon_charge*bjet_partonFlavour < 0)&&Has_bMuon
bkgcut= (bmuon_charge*bjet_partonFlavour > 0)&&Has_bMuon
<sig cut>= (bmuon_charge*bjet_partonFlavour < 0)&&Has_bMuon
<bkg cut>= (bmuon_charge*bjet_partonFlavour > 0)&&Has_bMuon
---sig_test---
<self.testtree_sig> OutTree/sig
/pnfs/knu.ac.kr/data/cms/store/user/jhchoi/JetChargeTagScore/TMVA_TOOL/inputs/EEMu_MuMuE_Method/v2409.2/2017/EEMu_MuMuE_Method_DYJetsToEE_MiNNLO.root
/pnfs/knu.ac.kr/data/cms/store/user/jhchoi/JetChargeTagScore/TMVA_TOOL/inputs/EEMu_MuMuE_Method/v2409.2/2017/EEMu_MuMuE_Method_DYJetsToMuMu_MiNNLO.root
--bkg_test---
<self.testtree_bkg> OutTree/bkg
/pnfs/knu.ac.kr/data/cms/store/user/jhchoi/JetChargeTagScore/TMVA_TOOL/inputs/EEMu_MuMuE_Method/v2409.2/2017/EEMu_MuMuE_Method_DYJetsToEE_MiNNLO.root
/pnfs/knu.ac.kr/data/cms/store/user/jhchoi/JetChargeTagScore/TMVA_TOOL/inputs/EEMu_MuMuE_Method/v2409.2/2017/EEMu_MuMuE_Method_DYJetsToMuMu_MiNNLO.root
---sig_train---
<self.traintree_sig> OutTree/sig
/pnfs/knu.ac.kr/data/cms/store/user/jhchoi/JetChargeTagScore/TMVA_TOOL/inputs/EEMu_MuMuE_Method/v2409.2/2017/EEMu_MuMuE_Method_DYJets.root
---bkg_train---
<self.traintree_bkg> OutTree/bkg
/pnfs/knu.ac.kr/data/cms/store/user/jhchoi/JetChargeTagScore/TMVA_TOOL/inputs/EEMu_MuMuE_Method/v2409.2/2017/EEMu_MuMuE_Method_DYJets.root
>>>>self.dataloader.PrepareTrainingAndTestTree
Set sig cut -> (bmuon_charge*bjet_partonFlavour < 0)&&Has_bMuon
Set bkg cut -> (bmuon_charge*bjet_partonFlavour > 0)&&Has_bMuon
auc= 0.7580270862756017
END of RUNNING...run_single
FIN_BDT_2017
FIN_BDT_2017.root
_condor_stderr
_condor_stdout
run.sh
tmp
var
myerr=0
[ntry=1]
