<sig cut>= (belectron_charge*bjet_partonFlavour < 0)&&(Has_bElectron)
<bkg cut>= (belectron_charge*bjet_partonFlavour > 0)&&(Has_bElectron)
_________________________________________________________________
Layer (type)                 Output Shape              Param #   
=================================================================
dense_1 (Dense)              (None, 128)               3200      
_________________________________________________________________
batch_normalization_1 (Batch (None, 128)               512       
_________________________________________________________________
activation_1 (Activation)    (None, 128)               0         
_________________________________________________________________
dropout_1 (Dropout)          (None, 128)               0         
_________________________________________________________________
dense_2 (Dense)              (None, 128)               16512     
_________________________________________________________________
batch_normalization_2 (Batch (None, 128)               512       
_________________________________________________________________
activation_2 (Activation)    (None, 128)               0         
_________________________________________________________________
dropout_2 (Dropout)          (None, 128)               0         
_________________________________________________________________
dense_3 (Dense)              (None, 128)               16512     
_________________________________________________________________
batch_normalization_3 (Batch (None, 128)               512       
_________________________________________________________________
activation_3 (Activation)    (None, 128)               0         
_________________________________________________________________
dropout_3 (Dropout)          (None, 128)               0         
_________________________________________________________________
dense_4 (Dense)              (None, 2)                 258       
_________________________________________________________________
activation_4 (Activation)    (None, 2)                 0         
=================================================================
Total params: 38,018
Trainable params: 37,250
Non-trainable params: 768
_________________________________________________________________
---sig_test---
<self.testtree_sig> OutTree/sig
/data6/Users/jhchoi/TMVA/TMVA_TOOL/inputs/EEMu_MuMuE_Method/v2405.2/2016postVFP/EEMu_MuMuE_Method_DYJetsToEE_MiNNLO.root
/data6/Users/jhchoi/TMVA/TMVA_TOOL/inputs/EEMu_MuMuE_Method/v2405.2/2016postVFP/EEMu_MuMuE_Method_DYJetsToMuMu_MiNNLO.root
--bkg_test---
<self.testtree_bkg> OutTree/bkg
/data6/Users/jhchoi/TMVA/TMVA_TOOL/inputs/EEMu_MuMuE_Method/v2405.2/2016postVFP/EEMu_MuMuE_Method_DYJetsToEE_MiNNLO.root
/data6/Users/jhchoi/TMVA/TMVA_TOOL/inputs/EEMu_MuMuE_Method/v2405.2/2016postVFP/EEMu_MuMuE_Method_DYJetsToMuMu_MiNNLO.root
---sig_train---
<self.traintree_sig> OutTree/sig
/data6/Users/jhchoi/TMVA/TMVA_TOOL/inputs/EEMu_MuMuE_Method/v2405.2/2016postVFP/EEMu_MuMuE_Method_DYJets.root
---bkg_train---
<self.traintree_bkg> OutTree/bkg
/data6/Users/jhchoi/TMVA/TMVA_TOOL/inputs/EEMu_MuMuE_Method/v2405.2/2016postVFP/EEMu_MuMuE_Method_DYJets.root
DataSetInfo              : [electron2016postVFP__3__50__100__0.1] : Added class "Signal"
                         : Add Tree OutTree/sig of type Signal with 387726 events
                         : Add Tree OutTree/sig of type Signal with 440734 events
DataSetInfo              : [electron2016postVFP__3__50__100__0.1] : Added class "Background"
                         : Add Tree OutTree/bkg of type Background with 273702 events
                         : Add Tree OutTree/bkg of type Background with 310379 events
>>>>self.dataloader.PrepareTrainingAndTestTree
Set sig cut -> (belectron_charge*bjet_partonFlavour < 0)&&(Has_bElectron)
Set bkg cut -> (belectron_charge*bjet_partonFlavour > 0)&&(Has_bElectron)
Factory                  : Booking method: [1mDNN[0m
                         : 
DNN                      : [electron2016postVFP__3__50__100__0.1] : Create Transformation "N" with events from all classes.
                         : 
                         : Transformation, Variable selection : 
                         : Input : variable 'belectron_P_jetrest' <---> Output : variable 'belectron_P_jetrest'
                         : Input : variable 'belectron_ptwrtbjet' <---> Output : variable 'belectron_ptwrtbjet'
                         : Input : variable 'belectron_dR_l_j' <---> Output : variable 'belectron_dR_l_j'
                         : Input : variable 'belectron_nsip3d' <---> Output : variable 'belectron_nsip3d'
                         : Input : variable 'belectron_reltrkiso' <---> Output : variable 'belectron_reltrkiso'
                         : Input : variable 'belectron_reliso' <---> Output : variable 'belectron_reliso'
                         : Input : variable 'belectron_palongjet' <---> Output : variable 'belectron_palongjet'
                         : Input : variable 'belectron_palongjetratio' <---> Output : variable 'belectron_palongjetratio'
                         : Input : variable 'belectron_pt' <---> Output : variable 'belectron_pt'
                         : Input : variable 'belectron_aeta' <---> Output : variable 'belectron_aeta'
                         : Input : variable 'belectron_full5x5sigmaietaieta' <---> Output : variable 'belectron_full5x5sigmaietaieta'
                         : Input : variable 'fabs(belectron_detaseed)' <---> Output : variable 'fabs(belectron_detaseed)'
                         : Input : variable 'belectron_HoverE' <---> Output : variable 'belectron_HoverE'
                         : Input : variable 'belectron_InvEminusInvP' <---> Output : variable 'belectron_InvEminusInvP'
                         : Input : variable 'bjet_pt' <---> Output : variable 'bjet_pt'
                         : Input : variable 'bjet_aeta' <---> Output : variable 'bjet_aeta'
                         : Input : variable 'bjet_ChargedHadronEnergyFraction' <---> Output : variable 'bjet_ChargedHadronEnergyFraction'
                         : Input : variable 'bjet_NeutralHadronEnergyFraction' <---> Output : variable 'bjet_NeutralHadronEnergyFraction'
                         : Input : variable 'bjet_NeutralEmEnergyFraction' <---> Output : variable 'bjet_NeutralEmEnergyFraction'
                         : Input : variable 'bjet_ChargedEmEnergyFraction' <---> Output : variable 'bjet_ChargedEmEnergyFraction'
                         : Input : variable 'bjet_MuonEnergyFraction' <---> Output : variable 'bjet_MuonEnergyFraction'
                         : Input : variable 'fabs(bjet_charge)' <---> Output : variable 'fabs(bjet_charge)'
                         : Input : variable 'bjet_ChargedMultiplicity' <---> Output : variable 'bjet_ChargedMultiplicity'
                         : Input : variable 'bjet_NeutralMultiplicity' <---> Output : variable 'bjet_NeutralMultiplicity'
DNN                      : [electron2016postVFP__3__50__100__0.1] : Create Transformation "U" with events from all classes.
                         : 
                         : Transformation, Variable selection : 
                         : Input : variable 'belectron_P_jetrest' <---> Output : variable 'belectron_P_jetrest'
                         : Input : variable 'belectron_ptwrtbjet' <---> Output : variable 'belectron_ptwrtbjet'
                         : Input : variable 'belectron_dR_l_j' <---> Output : variable 'belectron_dR_l_j'
                         : Input : variable 'belectron_nsip3d' <---> Output : variable 'belectron_nsip3d'
                         : Input : variable 'belectron_reltrkiso' <---> Output : variable 'belectron_reltrkiso'
                         : Input : variable 'belectron_reliso' <---> Output : variable 'belectron_reliso'
                         : Input : variable 'belectron_palongjet' <---> Output : variable 'belectron_palongjet'
                         : Input : variable 'belectron_palongjetratio' <---> Output : variable 'belectron_palongjetratio'
                         : Input : variable 'belectron_pt' <---> Output : variable 'belectron_pt'
                         : Input : variable 'belectron_aeta' <---> Output : variable 'belectron_aeta'
                         : Input : variable 'belectron_full5x5sigmaietaieta' <---> Output : variable 'belectron_full5x5sigmaietaieta'
                         : Input : variable 'fabs(belectron_detaseed)' <---> Output : variable 'fabs(belectron_detaseed)'
                         : Input : variable 'belectron_HoverE' <---> Output : variable 'belectron_HoverE'
                         : Input : variable 'belectron_InvEminusInvP' <---> Output : variable 'belectron_InvEminusInvP'
                         : Input : variable 'bjet_pt' <---> Output : variable 'bjet_pt'
                         : Input : variable 'bjet_aeta' <---> Output : variable 'bjet_aeta'
                         : Input : variable 'bjet_ChargedHadronEnergyFraction' <---> Output : variable 'bjet_ChargedHadronEnergyFraction'
                         : Input : variable 'bjet_NeutralHadronEnergyFraction' <---> Output : variable 'bjet_NeutralHadronEnergyFraction'
                         : Input : variable 'bjet_NeutralEmEnergyFraction' <---> Output : variable 'bjet_NeutralEmEnergyFraction'
                         : Input : variable 'bjet_ChargedEmEnergyFraction' <---> Output : variable 'bjet_ChargedEmEnergyFraction'
                         : Input : variable 'bjet_MuonEnergyFraction' <---> Output : variable 'bjet_MuonEnergyFraction'
                         : Input : variable 'fabs(bjet_charge)' <---> Output : variable 'fabs(bjet_charge)'
                         : Input : variable 'bjet_ChargedMultiplicity' <---> Output : variable 'bjet_ChargedMultiplicity'
                         : Input : variable 'bjet_NeutralMultiplicity' <---> Output : variable 'bjet_NeutralMultiplicity'
DNN                      : [electron2016postVFP__3__50__100__0.1] : Create Transformation "G" with events from all classes.
                         : 
                         : Transformation, Variable selection : 
                         : Input : variable 'belectron_P_jetrest' <---> Output : variable 'belectron_P_jetrest'
                         : Input : variable 'belectron_ptwrtbjet' <---> Output : variable 'belectron_ptwrtbjet'
                         : Input : variable 'belectron_dR_l_j' <---> Output : variable 'belectron_dR_l_j'
                         : Input : variable 'belectron_nsip3d' <---> Output : variable 'belectron_nsip3d'
                         : Input : variable 'belectron_reltrkiso' <---> Output : variable 'belectron_reltrkiso'
                         : Input : variable 'belectron_reliso' <---> Output : variable 'belectron_reliso'
                         : Input : variable 'belectron_palongjet' <---> Output : variable 'belectron_palongjet'
                         : Input : variable 'belectron_palongjetratio' <---> Output : variable 'belectron_palongjetratio'
                         : Input : variable 'belectron_pt' <---> Output : variable 'belectron_pt'
                         : Input : variable 'belectron_aeta' <---> Output : variable 'belectron_aeta'
                         : Input : variable 'belectron_full5x5sigmaietaieta' <---> Output : variable 'belectron_full5x5sigmaietaieta'
                         : Input : variable 'fabs(belectron_detaseed)' <---> Output : variable 'fabs(belectron_detaseed)'
                         : Input : variable 'belectron_HoverE' <---> Output : variable 'belectron_HoverE'
                         : Input : variable 'belectron_InvEminusInvP' <---> Output : variable 'belectron_InvEminusInvP'
                         : Input : variable 'bjet_pt' <---> Output : variable 'bjet_pt'
                         : Input : variable 'bjet_aeta' <---> Output : variable 'bjet_aeta'
                         : Input : variable 'bjet_ChargedHadronEnergyFraction' <---> Output : variable 'bjet_ChargedHadronEnergyFraction'
                         : Input : variable 'bjet_NeutralHadronEnergyFraction' <---> Output : variable 'bjet_NeutralHadronEnergyFraction'
                         : Input : variable 'bjet_NeutralEmEnergyFraction' <---> Output : variable 'bjet_NeutralEmEnergyFraction'
                         : Input : variable 'bjet_ChargedEmEnergyFraction' <---> Output : variable 'bjet_ChargedEmEnergyFraction'
                         : Input : variable 'bjet_MuonEnergyFraction' <---> Output : variable 'bjet_MuonEnergyFraction'
                         : Input : variable 'fabs(bjet_charge)' <---> Output : variable 'fabs(bjet_charge)'
                         : Input : variable 'bjet_ChargedMultiplicity' <---> Output : variable 'bjet_ChargedMultiplicity'
                         : Input : variable 'bjet_NeutralMultiplicity' <---> Output : variable 'bjet_NeutralMultiplicity'
                         : Load model from file: model.h5
Factory                  : [1mTrain all methods[0m
DataSetFactory           : [electron2016postVFP__3__50__100__0.1] : Number of events in input trees
                         : Dataset[electron2016postVFP__3__50__100__0.1] :     Signal     requirement: "(belectron_charge*bjet_partonFlavour < 0)&&(Has_bElectron)"
                         : Dataset[electron2016postVFP__3__50__100__0.1] :     Signal          -- number of events passed: 45142  / sum of weights: 45142
                         : Dataset[electron2016postVFP__3__50__100__0.1] :     Signal          -- efficiency             : 0.0544891
                         : Dataset[electron2016postVFP__3__50__100__0.1] :     Background requirement: "(belectron_charge*bjet_partonFlavour > 0)&&(Has_bElectron)"
                         : Dataset[electron2016postVFP__3__50__100__0.1] :     Background      -- number of events passed: 26553  / sum of weights: 26553
                         : Dataset[electron2016postVFP__3__50__100__0.1] :     Background      -- efficiency             : 0.0454612
                         : Dataset[electron2016postVFP__3__50__100__0.1] :  you have opted for interpreting the requested number of training/testing events
                         :  to be the number of events AFTER your preselection cuts
                         : 
                         : Dataset[electron2016postVFP__3__50__100__0.1] :  you have opted for interpreting the requested number of training/testing events
                         :  to be the number of events AFTER your preselection cuts
                         : 
                         : Dataset[electron2016postVFP__3__50__100__0.1] : Weight renormalisation mode: "EqualNumEvents": renormalises all event classes ...
                         : Dataset[electron2016postVFP__3__50__100__0.1] :  such that the effective (weighted) number of events in each class is the same 
                         : Dataset[electron2016postVFP__3__50__100__0.1] :  (and equals the number of events (entries) given for class=0 )
                         : Dataset[electron2016postVFP__3__50__100__0.1] : ... i.e. such that Sum[i=1..N_j]{w_i} = N_classA, j=classA, classB, ...
                         : Dataset[electron2016postVFP__3__50__100__0.1] : ... (note that N_j is the sum of TRAINING events
                         : Dataset[electron2016postVFP__3__50__100__0.1] :  ..... Testing events are not renormalised nor included in the renormalisation factor!)
                         : Number of training and testing events
                         : ---------------------------------------------------------------------------
                         : Signal     -- training events            : 20072
                         : Signal     -- testing events             : 25070
                         : Signal     -- training and testing events: 45142
                         : Dataset[electron2016postVFP__3__50__100__0.1] : Signal     -- due to the preselection a scaling factor has been applied to the numbers of requested events: 0.0544891
                         : Background -- training events            : 11801
                         : Background -- testing events             : 14752
                         : Background -- training and testing events: 26553
                         : Dataset[electron2016postVFP__3__50__100__0.1] : Background -- due to the preselection a scaling factor has been applied to the numbers of requested events: 0.0454612
                         : 
DataSetInfo              : Correlation matrix (Signal):
                         : --------------------------------------------------------------------------------------------------------------------------------------------------------------------------------------------------------------------------------------------------------------------------------------------------------------------------------------------------------------------------------------------------------------------------------------------------------------------------------------------------------------------------------------------------------------------
                         :                                   belectron_P_jetrest belectron_ptwrtbjet belectron_dR_l_j belectron_nsip3d belectron_reltrkiso belectron_reliso belectron_palongjet belectron_palongjetratio belectron_pt belectron_aeta belectron_full5x5sigmaietaieta fabs(belectron_detaseed) belectron_HoverE belectron_InvEminusInvP bjet_pt bjet_aeta bjet_ChargedHadronEnergyFraction bjet_NeutralHadronEnergyFraction bjet_NeutralEmEnergyFraction bjet_ChargedEmEnergyFraction bjet_MuonEnergyFraction fabs(bjet_charge) bjet_ChargedMultiplicity bjet_NeutralMultiplicity
                         :              belectron_P_jetrest:              +1.000              +0.729           +0.007           +0.014              -0.337           -0.417              +0.641                   +0.543       +0.826         -0.000                         -0.090                   -0.066           -0.126                  -0.131  +0.592    -0.001                           -0.229                           -0.036                       -0.032                       +0.249                  +0.020            +0.176                   +0.103                   +0.051
                         :              belectron_ptwrtbjet:              +0.729              +1.000           +0.502           +0.048              -0.178           -0.210              +0.255                   +0.139       +0.344         +0.007                         -0.075                   -0.057           -0.087                  -0.057  +0.336    -0.009                           -0.111                           +0.005                       -0.025                       +0.078                  +0.107            +0.062                   +0.064                   +0.018
                         :                 belectron_dR_l_j:              +0.007              +0.502           +1.000           +0.107              +0.131           +0.185              -0.294                   -0.453       -0.354         +0.007                         +0.003                   -0.013           -0.039                  +0.074  -0.170    -0.003                           +0.123                           +0.054                       -0.005                       -0.206                  +0.172            -0.112                   +0.059                   +0.011
                         :                 belectron_nsip3d:              +0.014              +0.048           +0.107           +1.000              -0.057           -0.002              -0.020                   -0.041       -0.026         -0.010                         -0.004                   +0.022           +0.000                  +0.042  -0.007    -0.011                           -0.006                           +0.030                       +0.020                       -0.023                  +0.004            -0.018                   -0.002                   +0.027
                         :              belectron_reltrkiso:              -0.337              -0.178           +0.131           -0.057              +1.000           +0.656              -0.248                   -0.549       -0.275         +0.011                         +0.073                   +0.088           +0.304                  +0.150  +0.120    -0.075                           +0.377                           -0.036                       -0.108                       -0.337                  +0.179            -0.219                   +0.267                   +0.069
                         :                 belectron_reliso:              -0.417              -0.210           +0.185           -0.002              +0.656           +1.000              -0.342                   -0.699       -0.346         +0.004                         -0.002                   +0.061           +0.378                  +0.233  +0.159    -0.153                           +0.274                           +0.133                       +0.167                       -0.415                  -0.059            -0.259                   +0.259                   +0.272
                         :              belectron_palongjet:              +0.641              +0.255           -0.294           -0.020              -0.248           -0.342              +1.000                   +0.509       +0.762         -0.003                         +0.291                   +0.053           -0.041                  -0.169  +0.499    +0.429                           -0.199                           +0.004                       -0.052                       +0.242                  -0.042            +0.128                   -0.030                   -0.118
                         :         belectron_palongjetratio:              +0.543              +0.139           -0.453           -0.041              -0.549           -0.699              +0.509                   +1.000       +0.604         -0.009                         -0.127                   -0.130           -0.250                  -0.210  +0.010    +0.019                           -0.431                           -0.135                       -0.178                       +0.649                  -0.132            +0.364                   -0.318                   -0.279
                         :                     belectron_pt:              +0.826              +0.344           -0.354           -0.026              -0.275           -0.346              +0.762                   +0.604       +1.000         -0.003                         -0.068                   -0.051           -0.060                  -0.133  +0.687    -0.014                           -0.211                           -0.059                       +0.014                       +0.239                  -0.055            +0.184                   +0.017                   +0.019
                         :                   belectron_aeta:              -0.000              +0.007           +0.007           -0.010              +0.011           +0.004              -0.003                   -0.009       -0.003         +1.000                         -0.001                   +0.028           +0.002                  +0.006  +0.005    +0.009                           -0.002                           +0.020                       -0.012                       -0.000                  +0.004            +0.002                   +0.002                   +0.003
                         :   belectron_full5x5sigmaietaieta:              -0.090              -0.075           +0.003           -0.004              +0.073           -0.002              +0.291                   -0.127       -0.068         -0.001                         +1.000                   +0.298           +0.079                  -0.030  -0.011    +0.689                           +0.106                           +0.082                       -0.035                       -0.121                  +0.019            -0.087                   +0.042                   -0.216
                         :         fabs(belectron_detaseed):              -0.066              -0.057           -0.013           +0.022              +0.088           +0.061              +0.053                   -0.130       -0.051         +0.028                         +0.298                   +1.000           +0.056                  +0.267  +0.030    +0.210                           +0.104                           +0.033                       +0.127                       -0.206                  +0.007            -0.107                   +0.098                   +0.077
                         :                 belectron_HoverE:              -0.126              -0.087           -0.039           +0.000              +0.304           +0.378              -0.041                   -0.250       -0.060         +0.002                         +0.079                   +0.056           +1.000                  +0.085  +0.225    +0.035                           +0.045                           +0.286                       -0.097                       -0.099                  -0.007            -0.045                   +0.071                   +0.048
                         :          belectron_InvEminusInvP:              -0.131              -0.057           +0.074           +0.042              +0.150           +0.233              -0.169                   -0.210       -0.133         +0.006                         -0.030                   +0.267           +0.085                  +1.000  -0.018    -0.176                           +0.111                           -0.023                       +0.255                       -0.282                  +0.017            -0.159                   +0.131                   +0.168
                         :                          bjet_pt:              +0.592              +0.336           -0.170           -0.007              +0.120           +0.159              +0.499                   +0.010       +0.687         +0.005                         -0.011                   +0.030           +0.225                  -0.018  +1.000    -0.045                           +0.001                           +0.046                       +0.118                       -0.129                  +0.058            -0.013                   +0.333                   +0.297
                         :                        bjet_aeta:              -0.001              -0.009           -0.003           -0.011              -0.075           -0.153              +0.429                   +0.019       -0.014         +0.009                         +0.689                   +0.210           +0.035                  -0.176  -0.045    +1.000                           -0.036                           +0.118                       -0.131                       +0.066                  +0.023            -0.012                   -0.086                   -0.154
                         : bjet_ChargedHadronEnergyFraction:              -0.229              -0.111           +0.123           -0.006              +0.377           +0.274              -0.199                   -0.431       -0.211         -0.002                         +0.106                   +0.104           +0.045                  +0.111  +0.001    -0.036                           +1.000                           -0.334                       -0.077                       -0.667                  -0.202            -0.286                   +0.413                   +0.020
                         : bjet_NeutralHadronEnergyFraction:              -0.036              +0.005           +0.054           +0.030              -0.036           +0.133              +0.004                   -0.135       -0.059         +0.020                         +0.082                   +0.033           +0.286                  -0.023  +0.046    +0.118                           -0.334                           +1.000                       -0.194                       +0.038                  -0.076            -0.000                   -0.148                   +0.090
                         :     bjet_NeutralEmEnergyFraction:              -0.032              -0.025           -0.005           +0.020              -0.108           +0.167              -0.052                   -0.178       +0.014         -0.012                         -0.035                   +0.127           -0.097                  +0.255  +0.118    -0.131                           -0.077                           -0.194                       +1.000                       -0.495                  -0.136            -0.078                   -0.013                   +0.472
                         :     bjet_ChargedEmEnergyFraction:              +0.249              +0.078           -0.206           -0.023              -0.337           -0.415              +0.242                   +0.649       +0.239         -0.000                         -0.121                   -0.206           -0.099                  -0.282  -0.129    +0.066                           -0.667                           +0.038                       -0.495                       +1.000                  -0.078            +0.290                   -0.307                   -0.360
                         :          bjet_MuonEnergyFraction:              +0.020              +0.107           +0.172           +0.004              +0.179           -0.059              -0.042                   -0.132       -0.055         +0.004                         +0.019                   +0.007           -0.007                  +0.017  +0.058    +0.023                           -0.202                           -0.076                       -0.136                       -0.078                  +1.000            +0.093                   -0.027                   -0.087
                         :                fabs(bjet_charge):              +0.176              +0.062           -0.112           -0.018              -0.219           -0.259              +0.128                   +0.364       +0.184         +0.002                         -0.087                   -0.107           -0.045                  -0.159  -0.013    -0.012                           -0.286                           -0.000                       -0.078                       +0.290                  +0.093            +1.000                   -0.270                   -0.126
                         :         bjet_ChargedMultiplicity:              +0.103              +0.064           +0.059           -0.002              +0.267           +0.259              -0.030                   -0.318       +0.017         +0.002                         +0.042                   +0.098           +0.071                  +0.131  +0.333    -0.086                           +0.413                           -0.148                       -0.013                       -0.307                  -0.027            -0.270                   +1.000                   +0.264
                         :         bjet_NeutralMultiplicity:              +0.051              +0.018           +0.011           +0.027              +0.069           +0.272              -0.118                   -0.279       +0.019         +0.003                         -0.216                   +0.077           +0.048                  +0.168  +0.297    -0.154                           +0.020                           +0.090                       +0.472                       -0.360                  -0.087            -0.126                   +0.264                   +1.000
                         : --------------------------------------------------------------------------------------------------------------------------------------------------------------------------------------------------------------------------------------------------------------------------------------------------------------------------------------------------------------------------------------------------------------------------------------------------------------------------------------------------------------------------------------------------------------------
DataSetInfo              : Correlation matrix (Background):
                         : --------------------------------------------------------------------------------------------------------------------------------------------------------------------------------------------------------------------------------------------------------------------------------------------------------------------------------------------------------------------------------------------------------------------------------------------------------------------------------------------------------------------------------------------------------------------
                         :                                   belectron_P_jetrest belectron_ptwrtbjet belectron_dR_l_j belectron_nsip3d belectron_reltrkiso belectron_reliso belectron_palongjet belectron_palongjetratio belectron_pt belectron_aeta belectron_full5x5sigmaietaieta fabs(belectron_detaseed) belectron_HoverE belectron_InvEminusInvP bjet_pt bjet_aeta bjet_ChargedHadronEnergyFraction bjet_NeutralHadronEnergyFraction bjet_NeutralEmEnergyFraction bjet_ChargedEmEnergyFraction bjet_MuonEnergyFraction fabs(bjet_charge) bjet_ChargedMultiplicity bjet_NeutralMultiplicity
                         :              belectron_P_jetrest:              +1.000              +0.772           +0.093           +0.081              -0.343           -0.413              +0.658                   +0.573       +0.800         +0.002                         -0.020                   +0.012           -0.116                  -0.050  +0.552    +0.051                           -0.191                           -0.018                       +0.036                       +0.195                  +0.004            +0.084                   +0.130                   +0.101
                         :              belectron_ptwrtbjet:              +0.772              +1.000           +0.532           +0.115              -0.202           -0.226              +0.321                   +0.211       +0.369         +0.003                         -0.020                   +0.022           -0.084                  +0.017  +0.355    +0.041                           -0.115                           +0.001                       +0.018                       +0.066                  +0.081            +0.046                   +0.102                   +0.067
                         :                 belectron_dR_l_j:              +0.093              +0.532           +1.000           +0.136              +0.086           +0.133              -0.241                   -0.380       -0.304         -0.000                         +0.008                   +0.015           -0.050                  +0.089  -0.105    +0.014                           +0.066                           +0.010                       -0.021                       -0.149                  +0.144            -0.003                   +0.084                   +0.018
                         :                 belectron_nsip3d:              +0.081              +0.115           +0.136           +1.000              -0.080           -0.015              -0.025                   -0.016       -0.018         -0.009                         -0.022                   +0.007           -0.007                  +0.058  -0.006    -0.029                           -0.008                           +0.005                       +0.018                       -0.012                  +0.004            -0.007                   +0.010                   +0.026
                         :              belectron_reltrkiso:              -0.343              -0.202           +0.086           -0.080              +1.000           +0.590              -0.254                   -0.532       -0.277         +0.001                         +0.012                   +0.003           +0.290                  +0.055  +0.133    -0.093                           +0.286                           -0.066                       -0.205                       -0.250                  +0.234            -0.016                   +0.209                   -0.014
                         :                 belectron_reliso:              -0.413              -0.226           +0.133           -0.015              +0.590           +1.000              -0.349                   -0.673       -0.345         -0.002                         -0.071                   -0.013           +0.369                  +0.167  +0.174    -0.174                           +0.208                           +0.111                       +0.080                       -0.301                  -0.115            -0.086                   +0.237                   +0.218
                         :              belectron_palongjet:              +0.658              +0.321           -0.241           -0.025              -0.254           -0.349              +1.000                   +0.555       +0.767         +0.011                         +0.332                   +0.091           -0.031                  -0.157  +0.446    +0.451                           -0.167                           +0.026                       -0.011                       +0.210                  -0.044            +0.078                   -0.017                   -0.104
                         :         belectron_palongjetratio:              +0.573              +0.211           -0.380           -0.016              -0.532           -0.673              +0.555                   +1.000       +0.637         +0.007                         -0.033                   -0.033           -0.239                  -0.125  -0.009    +0.065                           -0.316                           -0.076                       -0.046                       +0.517                  -0.123            +0.151                   -0.284                   -0.210
                         :                     belectron_pt:              +0.800              +0.369           -0.304           -0.018              -0.277           -0.345              +0.767                   +0.637       +1.000         +0.005                         -0.025                   -0.015           -0.049                  -0.093  +0.623    +0.019                           -0.187                           -0.027                       +0.051                       +0.214                  -0.048            +0.088                   +0.019                   +0.042
                         :                   belectron_aeta:              +0.002              +0.003           -0.000           -0.009              +0.001           -0.002              +0.011                   +0.007       +0.005         +1.000                         +0.021                   +0.009           +0.002                  -0.010  -0.002    +0.019                           +0.002                           +0.003                       -0.013                       +0.011                  -0.006            -0.004                   -0.007                   -0.017
                         :   belectron_full5x5sigmaietaieta:              -0.020              -0.020           +0.008           -0.022              +0.012           -0.071              +0.332                   -0.033       -0.025         +0.021                         +1.000                   +0.289           +0.068                  -0.097  -0.020    +0.703                           +0.068                           +0.081                       -0.081                       -0.040                  -0.026            -0.024                   +0.029                   -0.265
                         :         fabs(belectron_detaseed):              +0.012              +0.022           +0.015           +0.007              +0.003           -0.013              +0.091                   -0.033       -0.015         +0.009                         +0.289                   +1.000           +0.012                  +0.212  +0.006    +0.239                           +0.044                           +0.028                       +0.084                       -0.116                  -0.039            -0.033                   +0.068                   +0.043
                         :                 belectron_HoverE:              -0.116              -0.084           -0.050           -0.007              +0.290           +0.369              -0.031                   -0.239       -0.049         +0.002                         +0.068                   +0.012           +1.000                  +0.035  +0.252    +0.044                           -0.004                           +0.300                       -0.150                       -0.033                  -0.015            +0.029                   +0.038                   +0.015
                         :          belectron_InvEminusInvP:              -0.050              +0.017           +0.089           +0.058              +0.055           +0.167              -0.157                   -0.125       -0.093         -0.010                         -0.097                   +0.212           +0.035                  +1.000  -0.022    -0.212                           +0.046                           -0.027                       +0.225                       -0.207                  -0.037            -0.043                   +0.105                   +0.134
                         :                          bjet_pt:              +0.552              +0.355           -0.105           -0.006              +0.133           +0.174              +0.446                   -0.009       +0.623         -0.002                         -0.020                   +0.006           +0.252                  -0.022  +1.000    -0.040                           -0.036                           +0.049                       +0.085                       -0.106                  +0.075            +0.034                   +0.342                   +0.294
                         :                        bjet_aeta:              +0.051              +0.041           +0.014           -0.029              -0.093           -0.174              +0.451                   +0.065       +0.019         +0.019                         +0.703                   +0.239           +0.044                  -0.212  -0.040    +1.000                           -0.033                           +0.120                       -0.135                       +0.087                  -0.007            +0.019                   -0.079                   -0.152
                         : bjet_ChargedHadronEnergyFraction:              -0.191              -0.115           +0.066           -0.008              +0.286           +0.208              -0.167                   -0.316       -0.187         +0.002                         +0.068                   +0.044           -0.004                  +0.046  -0.036    -0.033                           +1.000                           -0.402                       -0.141                       -0.599                  -0.307            -0.193                   +0.390                   -0.033
                         : bjet_NeutralHadronEnergyFraction:              -0.018              +0.001           +0.010           +0.005              -0.066           +0.111              +0.026                   -0.076       -0.027         +0.003                         +0.081                   +0.028           +0.300                  -0.027  +0.049    +0.120                           -0.402                           +1.000                       -0.253                       +0.138                  -0.082            +0.000                   -0.179                   +0.039
                         :     bjet_NeutralEmEnergyFraction:              +0.036              +0.018           -0.021           +0.018              -0.205           +0.080              -0.011                   -0.046       +0.051         -0.013                         -0.081                   +0.084           -0.150                  +0.225  +0.085    -0.135                           -0.141                           -0.253                       +1.000                       -0.439                  -0.187            -0.068                   -0.023                   +0.456
                         :     bjet_ChargedEmEnergyFraction:              +0.195              +0.066           -0.149           -0.012              -0.250           -0.301              +0.210                   +0.517       +0.214         +0.011                         -0.040                   -0.116           -0.033                  -0.207  -0.106    +0.087                           -0.599                           +0.138                       -0.439                       +1.000                  -0.038            +0.150                   -0.272                   -0.303
                         :          bjet_MuonEnergyFraction:              +0.004              +0.081           +0.144           +0.004              +0.234           -0.115              -0.044                   -0.123       -0.048         -0.006                         -0.026                   -0.039           -0.015                  -0.037  +0.075    -0.007                           -0.307                           -0.082                       -0.187                       -0.038                  +1.000            +0.215                   -0.081                   -0.123
                         :                fabs(bjet_charge):              +0.084              +0.046           -0.003           -0.007              -0.016           -0.086              +0.078                   +0.151       +0.088         -0.004                         -0.024                   -0.033           +0.029                  -0.043  +0.034    +0.019                           -0.193                           +0.000                       -0.068                       +0.150                  +0.215            +1.000                   -0.191                   -0.080
                         :         bjet_ChargedMultiplicity:              +0.130              +0.102           +0.084           +0.010              +0.209           +0.237              -0.017                   -0.284       +0.019         -0.007                         +0.029                   +0.068           +0.038                  +0.105  +0.342    -0.079                           +0.390                           -0.179                       -0.023                       -0.272                  -0.081            -0.191                   +1.000                   +0.245
                         :         bjet_NeutralMultiplicity:              +0.101              +0.067           +0.018           +0.026              -0.014           +0.218              -0.104                   -0.210       +0.042         -0.017                         -0.265                   +0.043           +0.015                  +0.134  +0.294    -0.152                           -0.033                           +0.039                       +0.456                       -0.303                  -0.123            -0.080                   +0.245                   +1.000
                         : --------------------------------------------------------------------------------------------------------------------------------------------------------------------------------------------------------------------------------------------------------------------------------------------------------------------------------------------------------------------------------------------------------------------------------------------------------------------------------------------------------------------------------------------------------------------
DataSetFactory           : [electron2016postVFP__3__50__100__0.1] :  
                         : 
Factory                  : [electron2016postVFP__3__50__100__0.1] : Create Transformation "I" with events from all classes.
                         : 
                         : Transformation, Variable selection : 
                         : Input : variable 'belectron_P_jetrest' <---> Output : variable 'belectron_P_jetrest'
                         : Input : variable 'belectron_ptwrtbjet' <---> Output : variable 'belectron_ptwrtbjet'
                         : Input : variable 'belectron_dR_l_j' <---> Output : variable 'belectron_dR_l_j'
                         : Input : variable 'belectron_nsip3d' <---> Output : variable 'belectron_nsip3d'
                         : Input : variable 'belectron_reltrkiso' <---> Output : variable 'belectron_reltrkiso'
                         : Input : variable 'belectron_reliso' <---> Output : variable 'belectron_reliso'
                         : Input : variable 'belectron_palongjet' <---> Output : variable 'belectron_palongjet'
                         : Input : variable 'belectron_palongjetratio' <---> Output : variable 'belectron_palongjetratio'
                         : Input : variable 'belectron_pt' <---> Output : variable 'belectron_pt'
                         : Input : variable 'belectron_aeta' <---> Output : variable 'belectron_aeta'
                         : Input : variable 'belectron_full5x5sigmaietaieta' <---> Output : variable 'belectron_full5x5sigmaietaieta'
                         : Input : variable 'fabs(belectron_detaseed)' <---> Output : variable 'fabs(belectron_detaseed)'
                         : Input : variable 'belectron_HoverE' <---> Output : variable 'belectron_HoverE'
                         : Input : variable 'belectron_InvEminusInvP' <---> Output : variable 'belectron_InvEminusInvP'
                         : Input : variable 'bjet_pt' <---> Output : variable 'bjet_pt'
                         : Input : variable 'bjet_aeta' <---> Output : variable 'bjet_aeta'
                         : Input : variable 'bjet_ChargedHadronEnergyFraction' <---> Output : variable 'bjet_ChargedHadronEnergyFraction'
                         : Input : variable 'bjet_NeutralHadronEnergyFraction' <---> Output : variable 'bjet_NeutralHadronEnergyFraction'
                         : Input : variable 'bjet_NeutralEmEnergyFraction' <---> Output : variable 'bjet_NeutralEmEnergyFraction'
                         : Input : variable 'bjet_ChargedEmEnergyFraction' <---> Output : variable 'bjet_ChargedEmEnergyFraction'
                         : Input : variable 'bjet_MuonEnergyFraction' <---> Output : variable 'bjet_MuonEnergyFraction'
                         : Input : variable 'fabs(bjet_charge)' <---> Output : variable 'fabs(bjet_charge)'
                         : Input : variable 'bjet_ChargedMultiplicity' <---> Output : variable 'bjet_ChargedMultiplicity'
                         : Input : variable 'bjet_NeutralMultiplicity' <---> Output : variable 'bjet_NeutralMultiplicity'
TFHandler_Factory        :                         Variable                                Mean                                RMS                        [        Min                                Max ]
                         : -----------------------------------------------------------------------------------------------------------------------------------------------------------------------------------
                         :              belectron_P_jetrest:                            1.5158                           0.95535   [                           -1.0000                            31.664 ]
                         :              belectron_ptwrtbjet:                            1.0088                           0.72087   [                            0.0000                            20.869 ]
                         :                 belectron_dR_l_j:                          0.080073                          0.058320   [                            0.0000                           0.39926 ]
                         :                 belectron_nsip3d:                            12.337                            77.621   [                         0.0030291                            3542.5 ]
                         :              belectron_reltrkiso:                            1.3913                            1.4230   [                            0.0000                            31.686 ]
                         :                 belectron_reliso:                            2.2673                            1.8863   [                            0.0000                            9.9814 ]
                         :              belectron_palongjet:                            30.497                            37.658   [                            4.7666                            1024.2 ]
                         :         belectron_palongjetratio:                           0.27470                           0.15033   [                          0.015975                            1.1945 ]
                         :                     belectron_pt:                            16.725                            17.090   [                            5.0002                            597.20 ]
                         :                   belectron_aeta:                          0.016398                            1.1339   [                           -2.5125                            2.5173 ]
                         :   belectron_full5x5sigmaietaieta:                          0.018221                          0.011270   [                            0.0000                          0.089896 ]
                         :         fabs(belectron_detaseed):                         0.0070536                          0.010459   [                        2.0523e-09                           0.21073 ]
                         :                 belectron_HoverE:                           0.30643                           0.68078   [                            0.0000                            27.942 ]
                         :          belectron_InvEminusInvP:                          0.034010                          0.046624   [                        1.7061e-07                            1.2977 ]
                         :                          bjet_pt:                            60.662                            32.089   [                            30.001                            700.35 ]
                         :                        bjet_aeta:                           0.94542                           0.63692   [                        1.2607e-06                            2.6513 ]
                         : bjet_ChargedHadronEnergyFraction:                           0.48183                           0.20107   [                            0.0000                            1.0000 ]
                         : bjet_NeutralHadronEnergyFraction:                          0.080921                          0.098698   [                            0.0000                           0.78773 ]
                         :     bjet_NeutralEmEnergyFraction:                           0.22198                           0.15050   [                            0.0000                           0.93129 ]
                         :     bjet_ChargedEmEnergyFraction:                           0.18689                           0.19720   [                            0.0000                            1.0000 ]
                         :          bjet_MuonEnergyFraction:                          0.028377                          0.095000   [                            0.0000                           0.80580 ]
                         :                fabs(bjet_charge):                           0.28836                           0.20676   [                        4.4259e-05                            1.0000 ]
                         :         bjet_ChargedMultiplicity:                            10.401                            3.7836   [                            1.0000                            32.000 ]
                         :         bjet_NeutralMultiplicity:                            9.6810                            4.8283   [                            0.0000                            44.000 ]
                         : -----------------------------------------------------------------------------------------------------------------------------------------------------------------------------------
                         : [32m
                         : <PlotVariables> Will not produce scatter plots ==> 
                         : |  The number of 24 input variables and 0 target values would require 276 two-dimensional
                         : |  histograms, which would occupy the computer's memory. Note that this
                         : |  suppression does not have any consequences for your analysis, other
                         : |  than not disposing of these scatter plots. You can modify the maximum
                         : |  number of input variables allowed to generate scatter plots in your
                         : |  script via the command line:
                         : |  "(TMVA::gConfig().GetVariablePlotting()).fMaxNumOfAllowedVariablesForScatterPlots = <some int>;"[0m
                         : 
                         : Some more output
                         : Ranking input variables (method unspecific)...
IdTransformation         : Ranking result (top variable is best ranked)
                         : ---------------------------------------------------------
                         : Rank : Variable                         : Separation
                         : ---------------------------------------------------------
                         :    1 : fabs(bjet_charge)                : 4.554e-02
                         :    2 : bjet_ChargedEmEnergyFraction     : 3.329e-02
                         :    3 : belectron_P_jetrest              : 3.294e-02
                         :    4 : belectron_palongjetratio         : 3.188e-02
                         :    5 : belectron_reliso                 : 2.662e-02
                         :    6 : belectron_InvEminusInvP          : 2.592e-02
                         :    7 : belectron_reltrkiso              : 2.300e-02
                         :    8 : belectron_ptwrtbjet              : 2.161e-02
                         :    9 : belectron_full5x5sigmaietaieta   : 1.993e-02
                         :   10 : fabs(belectron_detaseed)         : 1.693e-02
                         :   11 : belectron_pt                     : 1.678e-02
                         :   12 : belectron_palongjet              : 1.201e-02
                         :   13 : bjet_ChargedHadronEnergyFraction : 1.029e-02
                         :   14 : belectron_HoverE                 : 7.043e-03
                         :   15 : bjet_NeutralEmEnergyFraction     : 5.672e-03
                         :   16 : bjet_ChargedMultiplicity         : 5.485e-03
                         :   17 : bjet_NeutralMultiplicity         : 5.265e-03
                         :   18 : bjet_MuonEnergyFraction          : 3.808e-03
                         :   19 : belectron_dR_l_j                 : 3.053e-03
                         :   20 : bjet_pt                          : 2.916e-03
                         :   21 : bjet_NeutralHadronEnergyFraction : 1.998e-03
                         :   22 : belectron_nsip3d                 : 1.676e-03
                         :   23 : bjet_aeta                        : 1.477e-03
                         :   24 : belectron_aeta                   : 1.361e-03
                         : ---------------------------------------------------------
Factory                  : Train method: DNN for Classification
                         : 
                         : 
                         : [1m================================================================[0m
                         : [1mH e l p   f o r   M V A   m e t h o d   [ DNN ] :[0m
                         : 
                         : Keras is a high-level API for the Theano and Tensorflow packages.
                         : This method wraps the training and predictions steps of the Keras
                         : Python package for TMVA, so that dataloading, preprocessing and
                         : evaluation can be done within the TMVA system. To use this Keras
                         : interface, you have to generate a model with Keras first. Then,
                         : this model can be loaded and trained in TMVA.
                         : 
                         : 
                         : <Suppress this message by specifying "!H" in the booking option>
                         : [1m================================================================[0m
                         : 
                         : Preparing the Gaussian transformation...
                         : Preparing the Gaussian transformation...
TFHandler_DNN            :                         Variable                                Mean                                RMS                        [        Min                                Max ]
                         : -----------------------------------------------------------------------------------------------------------------------------------------------------------------------------------
                         :              belectron_P_jetrest:                         0.0026343                           0.99573   [                           -3.2903                            5.7307 ]
                         :              belectron_ptwrtbjet:                         0.0030722                           0.99698   [                           -3.2845                            5.7307 ]
                         :                 belectron_dR_l_j:                         0.0015163                           0.99549   [                           -3.2964                            5.7307 ]
                         :                 belectron_nsip3d:                         0.0032992                           0.99886   [                           -3.3255                            5.7307 ]
                         :              belectron_reltrkiso:                          -0.24209                            1.2893   [                           -3.2672                            5.7307 ]
                         :                 belectron_reliso:                        -0.0086766                            1.0115   [                           -3.1620                            5.7307 ]
                         :              belectron_palongjet:                         0.0030345                           0.99720   [                           -3.3298                            5.7307 ]
                         :         belectron_palongjetratio:                         0.0039024                           0.99969   [                           -3.2838                            5.7307 ]
                         :                     belectron_pt:                         0.0034978                           0.99857   [                           -3.2698                            5.7307 ]
                         :                   belectron_aeta:                         0.0016279                           0.99543   [                           -3.2775                            5.7307 ]
                         :   belectron_full5x5sigmaietaieta:                         0.0014369                           0.99600   [                           -3.3315                            5.7307 ]
                         :         fabs(belectron_detaseed):                         0.0023048                           0.99697   [                           -3.2608                            5.7307 ]
                         :                 belectron_HoverE:                          -0.92134                            1.6603   [                           -3.1449                            5.7307 ]
                         :          belectron_InvEminusInvP:                         0.0031143                           0.99774   [                           -3.2705                            5.7307 ]
                         :                          bjet_pt:                         0.0018113                           0.99571   [                           -3.2514                            5.7307 ]
                         :                        bjet_aeta:                         0.0040557                            1.0006   [                           -3.2694                            5.7307 ]
                         : bjet_ChargedHadronEnergyFraction:                         0.0038302                            1.0036   [                           -3.3280                            5.7307 ]
                         : bjet_NeutralHadronEnergyFraction:                          -0.78984                            1.6463   [                           -3.2528                            5.7307 ]
                         :     bjet_NeutralEmEnergyFraction:                         -0.013281                            1.0256   [                           -3.3053                            5.7307 ]
                         :     bjet_ChargedEmEnergyFraction:                           -1.1576                            1.7207   [                           -3.1650                            5.7307 ]
                         :          bjet_MuonEnergyFraction:                           -2.3425                           0.99535   [                           -2.7039                            5.7307 ]
                         :                fabs(bjet_charge):                         0.0042555                            1.0019   [                           -3.3177                            5.7307 ]
                         :         bjet_ChargedMultiplicity:                         0.0033564                            1.0151   [                           -4.1052                            5.7307 ]
                         :         bjet_NeutralMultiplicity:                        -0.0021987                            1.0129   [                           -4.0720                            5.7307 ]
                         : -----------------------------------------------------------------------------------------------------------------------------------------------------------------------------------
                         : Option TriesEarlyStopping: Training will stop after 30 number of epochs with no improvement of validation loss
Train on 31873 samples, validate on 39822 samples
Epoch 1/300
 - 11s - loss: 0.8677 - acc: 0.6018 - val_loss: 0.6936 - val_acc: 0.6054
Epoch 2/300
 - 8s - loss: 0.8561 - acc: 0.6062 - val_loss: 0.6899 - val_acc: 0.6011
Epoch 3/300
 - 8s - loss: 0.8509 - acc: 0.6081 - val_loss: 0.6846 - val_acc: 0.5983
Epoch 4/300
 - 8s - loss: 0.8466 - acc: 0.6069 - val_loss: 0.6803 - val_acc: 0.5944
Epoch 5/300
 - 7s - loss: 0.8415 - acc: 0.6072 - val_loss: 0.6779 - val_acc: 0.5979
Epoch 6/300
 - 8s - loss: 0.8359 - acc: 0.6051 - val_loss: 0.6686 - val_acc: 0.6078
Epoch 7/300
 - 8s - loss: 0.8322 - acc: 0.6095 - val_loss: 0.6808 - val_acc: 0.5946
Epoch 8/300
 - 7s - loss: 0.8296 - acc: 0.6072 - val_loss: 0.6592 - val_acc: 0.6134
Epoch 9/300
 - 8s - loss: 0.8274 - acc: 0.6096 - val_loss: 0.6793 - val_acc: 0.5872
Epoch 10/300
 - 9s - loss: 0.8242 - acc: 0.6060 - val_loss: 0.6722 - val_acc: 0.5848
Epoch 11/300
 - 8s - loss: 0.8242 - acc: 0.6053 - val_loss: 0.6641 - val_acc: 0.6001
Epoch 12/300
 - 8s - loss: 0.8211 - acc: 0.6073 - val_loss: 0.6791 - val_acc: 0.5945
Epoch 13/300
 - 8s - loss: 0.8222 - acc: 0.6071 - val_loss: 0.6700 - val_acc: 0.6108
Epoch 14/300
 - 8s - loss: 0.8192 - acc: 0.6075 - val_loss: 0.6714 - val_acc: 0.5917
Epoch 15/300
 - 8s - loss: 0.8182 - acc: 0.6072 - val_loss: 0.6573 - val_acc: 0.6005
Epoch 16/300
 - 8s - loss: 0.8176 - acc: 0.6075 - val_loss: 0.6520 - val_acc: 0.6046
Epoch 17/300
 - 8s - loss: 0.8164 - acc: 0.6095 - val_loss: 0.6538 - val_acc: 0.6017
Epoch 18/300
 - 9s - loss: 0.8142 - acc: 0.6080 - val_loss: 0.6485 - val_acc: 0.6042
Epoch 19/300
 - 8s - loss: 0.8154 - acc: 0.6076 - val_loss: 0.6554 - val_acc: 0.6008
Epoch 20/300
 - 8s - loss: 0.8150 - acc: 0.6064 - val_loss: 0.6697 - val_acc: 0.5940
Epoch 21/300
 - 7s - loss: 0.8117 - acc: 0.6100 - val_loss: 0.6503 - val_acc: 0.6057
Epoch 22/300
 - 8s - loss: 0.8122 - acc: 0.6084 - val_loss: 0.6586 - val_acc: 0.5931
Epoch 23/300
 - 8s - loss: 0.8104 - acc: 0.6084 - val_loss: 0.6566 - val_acc: 0.5978
Epoch 24/300
 - 7s - loss: 0.8097 - acc: 0.6074 - val_loss: 0.6413 - val_acc: 0.6132
Epoch 25/300
 - 9s - loss: 0.8092 - acc: 0.6128 - val_loss: 0.6624 - val_acc: 0.5842
Epoch 26/300
 - 7s - loss: 0.8088 - acc: 0.6108 - val_loss: 0.6570 - val_acc: 0.5963
Epoch 27/300
 - 8s - loss: 0.8098 - acc: 0.6083 - val_loss: 0.6541 - val_acc: 0.6063
Epoch 28/300
 - 9s - loss: 0.8087 - acc: 0.6083 - val_loss: 0.6530 - val_acc: 0.6033
Epoch 29/300
 - 8s - loss: 0.8070 - acc: 0.6122 - val_loss: 0.6476 - val_acc: 0.6060
Epoch 30/300
 - 9s - loss: 0.8068 - acc: 0.6109 - val_loss: 0.6517 - val_acc: 0.5996
Epoch 31/300
 - 8s - loss: 0.8063 - acc: 0.6101 - val_loss: 0.6624 - val_acc: 0.5916
Epoch 32/300
 - 9s - loss: 0.8056 - acc: 0.6121 - val_loss: 0.6509 - val_acc: 0.5999
Epoch 33/300
 - 8s - loss: 0.8059 - acc: 0.6090 - val_loss: 0.6501 - val_acc: 0.5983
Epoch 34/300
 - 8s - loss: 0.8050 - acc: 0.6114 - val_loss: 0.6506 - val_acc: 0.5967
Epoch 35/300
 - 8s - loss: 0.8052 - acc: 0.6129 - val_loss: 0.6557 - val_acc: 0.6003
Epoch 36/300
 - 7s - loss: 0.8053 - acc: 0.6103 - val_loss: 0.6451 - val_acc: 0.6041
Epoch 37/300
 - 7s - loss: 0.8049 - acc: 0.6111 - val_loss: 0.6487 - val_acc: 0.6029
Epoch 38/300
 - 8s - loss: 0.8049 - acc: 0.6104 - val_loss: 0.6443 - val_acc: 0.6076
Epoch 39/300
 - 9s - loss: 0.8030 - acc: 0.6119 - val_loss: 0.6525 - val_acc: 0.6020
Epoch 40/300
 - 7s - loss: 0.8044 - acc: 0.6139 - val_loss: 0.6700 - val_acc: 0.5822
Epoch 41/300
 - 8s - loss: 0.8044 - acc: 0.6130 - val_loss: 0.6454 - val_acc: 0.6068
Epoch 42/300
 - 8s - loss: 0.8023 - acc: 0.6136 - val_loss: 0.6492 - val_acc: 0.5966
Epoch 43/300
 - 8s - loss: 0.8056 - acc: 0.6102 - val_loss: 0.6507 - val_acc: 0.5998
Epoch 44/300
 - 8s - loss: 0.8014 - acc: 0.6174 - val_loss: 0.6575 - val_acc: 0.5959
Epoch 45/300
 - 8s - loss: 0.8026 - acc: 0.6124 - val_loss: 0.6408 - val_acc: 0.6111
Epoch 46/300
 - 8s - loss: 0.8028 - acc: 0.6146 - val_loss: 0.6566 - val_acc: 0.5998
Epoch 47/300
 - 9s - loss: 0.8040 - acc: 0.6105 - val_loss: 0.6559 - val_acc: 0.5924
Epoch 48/300
 - 9s - loss: 0.8030 - acc: 0.6114 - val_loss: 0.6579 - val_acc: 0.5964
Epoch 49/300
 - 8s - loss: 0.8027 - acc: 0.6127 - val_loss: 0.6536 - val_acc: 0.6020
Epoch 50/300
 - 9s - loss: 0.8009 - acc: 0.6149 - val_loss: 0.6526 - val_acc: 0.5993
Epoch 51/300
 - 8s - loss: 0.8035 - acc: 0.6105 - val_loss: 0.6501 - val_acc: 0.6018
Epoch 52/300
 - 7s - loss: 0.8019 - acc: 0.6117 - val_loss: 0.6360 - val_acc: 0.6197
Epoch 53/300
 - 8s - loss: 0.8018 - acc: 0.6144 - val_loss: 0.6486 - val_acc: 0.6031
Epoch 54/300
 - 8s - loss: 0.8017 - acc: 0.6156 - val_loss: 0.6359 - val_acc: 0.6157
Epoch 55/300
 - 8s - loss: 0.8007 - acc: 0.6171 - val_loss: 0.6404 - val_acc: 0.6127
Epoch 56/300
 - 7s - loss: 0.8001 - acc: 0.6141 - val_loss: 0.6572 - val_acc: 0.5978
Epoch 57/300
 - 8s - loss: 0.8014 - acc: 0.6149 - val_loss: 0.6592 - val_acc: 0.5932
Epoch 58/300
 - 7s - loss: 0.8006 - acc: 0.6139 - val_loss: 0.6586 - val_acc: 0.5986
Epoch 59/300
 - 8s - loss: 0.8003 - acc: 0.6144 - val_loss: 0.6533 - val_acc: 0.5960
Epoch 60/300
 - 7s - loss: 0.7997 - acc: 0.6153 - val_loss: 0.6507 - val_acc: 0.5981
Epoch 61/300
 - 8s - loss: 0.8006 - acc: 0.6147 - val_loss: 0.6478 - val_acc: 0.6050
Epoch 62/300
 - 8s - loss: 0.7997 - acc: 0.6164 - val_loss: 0.6765 - val_acc: 0.5821
Epoch 63/300
 - 7s - loss: 0.7993 - acc: 0.6151 - val_loss: 0.6525 - val_acc: 0.5986
Epoch 64/300
 - 7s - loss: 0.7992 - acc: 0.6181 - val_loss: 0.6485 - val_acc: 0.6058
Epoch 65/300
 - 8s - loss: 0.8002 - acc: 0.6157 - val_loss: 0.6639 - val_acc: 0.5954
Epoch 66/300
 - 8s - loss: 0.7991 - acc: 0.6162 - val_loss: 0.6419 - val_acc: 0.6087
Epoch 67/300
 - 7s - loss: 0.7999 - acc: 0.6149 - val_loss: 0.6586 - val_acc: 0.5927
Epoch 68/300
 - 8s - loss: 0.8011 - acc: 0.6158 - val_loss: 0.6548 - val_acc: 0.5991
Epoch 69/300
 - 7s - loss: 0.7978 - acc: 0.6176 - val_loss: 0.6425 - val_acc: 0.6084
Epoch 70/300
 - 8s - loss: 0.7989 - acc: 0.6181 - val_loss: 0.6543 - val_acc: 0.6040
Epoch 71/300
 - 7s - loss: 0.7990 - acc: 0.6192 - val_loss: 0.6574 - val_acc: 0.5927
Epoch 72/300
 - 8s - loss: 0.7984 - acc: 0.6153 - val_loss: 0.6558 - val_acc: 0.6012
Epoch 73/300
 - 8s - loss: 0.7986 - acc: 0.6148 - val_loss: 0.6631 - val_acc: 0.5918
Epoch 74/300
 - 7s - loss: 0.7985 - acc: 0.6178 - val_loss: 0.6477 - val_acc: 0.6028
Epoch 75/300
 - 8s - loss: 0.7984 - acc: 0.6167 - val_loss: 0.6772 - val_acc: 0.5798
Epoch 76/300
 - 7s - loss: 0.7985 - acc: 0.6147 - val_loss: 0.6466 - val_acc: 0.6058
Epoch 77/300
 - 7s - loss: 0.7990 - acc: 0.6173 - val_loss: 0.6460 - val_acc: 0.6067
Epoch 78/300
 - 8s - loss: 0.7979 - acc: 0.6195 - val_loss: 0.6528 - val_acc: 0.5975
Epoch 79/300
 - 7s - loss: 0.7960 - acc: 0.6158 - val_loss: 0.6379 - val_acc: 0.6159
Epoch 80/300
 - 7s - loss: 0.7986 - acc: 0.6189 - val_loss: 0.6423 - val_acc: 0.6091
Epoch 81/300
 - 8s - loss: 0.7996 - acc: 0.6190 - val_loss: 0.6556 - val_acc: 0.5983
Epoch 82/300
 - 7s - loss: 0.7995 - acc: 0.6148 - val_loss: 0.6469 - val_acc: 0.6047
Epoch 83/300
 - 7s - loss: 0.7976 - acc: 0.6172 - val_loss: 0.6617 - val_acc: 0.5902
Epoch 84/300
 - 7s - loss: 0.7976 - acc: 0.6185 - val_loss: 0.6559 - val_acc: 0.6007
Epoch 00084: early stopping
                         : Trained model written to file: electron2016postVFP__3__50__100__0.1/weights/TrainedModel_DNN.h5
                         : Elapsed time for training with 31873 events: 670 sec         
                         : Creating xml weight file: [0;36melectron2016postVFP__3__50__100__0.1/weights/electron2016postVFP__3__50__100__0.1_DNN.weights.xml[0m
                         : Creating standalone class: [0;36melectron2016postVFP__3__50__100__0.1/weights/electron2016postVFP__3__50__100__0.1_DNN.class.C[0m
Factory                  : Training finished
                         : 
                         : Ranking input variables (method specific)...
                         : No variable ranking supplied by classifier: DNN
Factory                  : === Destroy and recreate all methods via weight files for testing ===
                         : 
Factory                  : [1mTest all methods[0m
Factory                  : Test method: DNN for Classification performance
                         : 
                         : Load model from file: electron2016postVFP__3__50__100__0.1/weights/TrainedModel_DNN.h5
Factory                  : [1mEvaluate all methods[0m
Factory                  : Evaluate classifier: DNN
                         : 
TFHandler_DNN            :                         Variable                                Mean                                RMS                        [        Min                                Max ]
                         : -----------------------------------------------------------------------------------------------------------------------------------------------------------------------------------
                         :              belectron_P_jetrest:                          0.085803                            1.0139   [                           -3.0168                            5.7307 ]
                         :              belectron_ptwrtbjet:                          0.061075                            1.0243   [                           -3.2002                            5.7307 ]
                         :                 belectron_dR_l_j:                         -0.020285                            1.0073   [                           -3.1654                            5.7307 ]
                         :                 belectron_nsip3d:                         0.0069148                           0.99809   [                           -3.3048                            5.7307 ]
                         :              belectron_reltrkiso:                          -0.28162                            1.2967   [                           -3.2672                            4.4292 ]
                         :                 belectron_reliso:                         -0.033709                            1.0252   [                           -3.1620                            5.7307 ]
                         :              belectron_palongjet:                          0.062975                            1.0053   [                           -3.2082                            5.7307 ]
                         :         belectron_palongjetratio:                          0.043409                            1.0173   [                           -3.3133                            5.7307 ]
                         :                     belectron_pt:                          0.090711                            1.0156   [                           -3.2716                            5.7307 ]
                         :                   belectron_aeta:                       -0.00024830                           0.98499   [                           -3.9772                            3.5322 ]
                         :   belectron_full5x5sigmaietaieta:                         -0.028636                            1.0059   [                           -3.3315                            5.7307 ]
                         :         fabs(belectron_detaseed):                         -0.025565                            1.0011   [                           -3.2076                            5.7307 ]
                         :                 belectron_HoverE:                          -0.87212                            1.6514   [                           -3.1449                            5.7307 ]
                         :          belectron_InvEminusInvP:                         -0.037742                            1.0044   [                           -3.2375                            5.7307 ]
                         :                          bjet_pt:                          0.079877                            1.0208   [                           -3.2766                            5.7307 ]
                         :                        bjet_aeta:                         -0.013307                            1.0017   [                           -3.2269                            5.7307 ]
                         : bjet_ChargedHadronEnergyFraction:                         -0.044372                            1.0115   [                           -3.3280                            5.7307 ]
                         : bjet_NeutralHadronEnergyFraction:                          -0.78525                            1.6455   [                           -3.2528                            5.7307 ]
                         :     bjet_NeutralEmEnergyFraction:                        -0.0053882                            1.0388   [                           -3.3053                            5.7307 ]
                         :     bjet_ChargedEmEnergyFraction:                           -1.1028                            1.7387   [                           -3.1650                            5.7307 ]
                         :          bjet_MuonEnergyFraction:                           -2.3387                            1.0058   [                           -2.7039                            5.7307 ]
                         :                fabs(bjet_charge):                          0.054504                            1.0189   [                           -3.4088                            5.7307 ]
                         :         bjet_ChargedMultiplicity:                        -0.0025896                            1.0333   [                           -4.1052                            5.7307 ]
                         :         bjet_NeutralMultiplicity:                         0.0074620                            1.0178   [                           -4.0720                            5.7307 ]
                         : -----------------------------------------------------------------------------------------------------------------------------------------------------------------------------------
DNN                      : [electron2016postVFP__3__50__100__0.1] : Loop over test events and fill histograms with classifier response...
                         : 
TFHandler_DNN            :                         Variable                                Mean                                RMS                        [        Min                                Max ]
                         : -----------------------------------------------------------------------------------------------------------------------------------------------------------------------------------
                         :              belectron_P_jetrest:                          0.085803                            1.0139   [                           -3.0168                            5.7307 ]
                         :              belectron_ptwrtbjet:                          0.061075                            1.0243   [                           -3.2002                            5.7307 ]
                         :                 belectron_dR_l_j:                         -0.020285                            1.0073   [                           -3.1654                            5.7307 ]
                         :                 belectron_nsip3d:                         0.0069148                           0.99809   [                           -3.3048                            5.7307 ]
                         :              belectron_reltrkiso:                          -0.28162                            1.2967   [                           -3.2672                            4.4292 ]
                         :                 belectron_reliso:                         -0.033709                            1.0252   [                           -3.1620                            5.7307 ]
                         :              belectron_palongjet:                          0.062975                            1.0053   [                           -3.2082                            5.7307 ]
                         :         belectron_palongjetratio:                          0.043409                            1.0173   [                           -3.3133                            5.7307 ]
                         :                     belectron_pt:                          0.090711                            1.0156   [                           -3.2716                            5.7307 ]
                         :                   belectron_aeta:                       -0.00024830                           0.98499   [                           -3.9772                            3.5322 ]
                         :   belectron_full5x5sigmaietaieta:                         -0.028636                            1.0059   [                           -3.3315                            5.7307 ]
                         :         fabs(belectron_detaseed):                         -0.025565                            1.0011   [                           -3.2076                            5.7307 ]
                         :                 belectron_HoverE:                          -0.87212                            1.6514   [                           -3.1449                            5.7307 ]
                         :          belectron_InvEminusInvP:                         -0.037742                            1.0044   [                           -3.2375                            5.7307 ]
                         :                          bjet_pt:                          0.079877                            1.0208   [                           -3.2766                            5.7307 ]
                         :                        bjet_aeta:                         -0.013307                            1.0017   [                           -3.2269                            5.7307 ]
                         : bjet_ChargedHadronEnergyFraction:                         -0.044372                            1.0115   [                           -3.3280                            5.7307 ]
                         : bjet_NeutralHadronEnergyFraction:                          -0.78525                            1.6455   [                           -3.2528                            5.7307 ]
                         :     bjet_NeutralEmEnergyFraction:                        -0.0053882                            1.0388   [                           -3.3053                            5.7307 ]
                         :     bjet_ChargedEmEnergyFraction:                           -1.1028                            1.7387   [                           -3.1650                            5.7307 ]
                         :          bjet_MuonEnergyFraction:                           -2.3387                            1.0058   [                           -2.7039                            5.7307 ]
                         :                fabs(bjet_charge):                          0.054504                            1.0189   [                           -3.4088                            5.7307 ]
                         :         bjet_ChargedMultiplicity:                        -0.0025896                            1.0333   [                           -4.1052                            5.7307 ]
                         :         bjet_NeutralMultiplicity:                         0.0074620                            1.0178   [                           -4.0720                            5.7307 ]
                         : -----------------------------------------------------------------------------------------------------------------------------------------------------------------------------------
                         : [32m
                         : <PlotVariables> Will not produce scatter plots ==> 
                         : |  The number of 24 input variables and 0 target values would require 276 two-dimensional
                         : |  histograms, which would occupy the computer's memory. Note that this
                         : |  suppression does not have any consequences for your analysis, other
                         : |  than not disposing of these scatter plots. You can modify the maximum
                         : |  number of input variables allowed to generate scatter plots in your
                         : |  script via the command line:
                         : |  "(TMVA::gConfig().GetVariablePlotting()).fMaxNumOfAllowedVariablesForScatterPlots = <some int>;"[0m
                         : 
                         : Some more output
                         : 
                         : Evaluation results ranked by best signal efficiency and purity (area)
                         : -------------------------------------------------------------------------------------------------------------------
                         : DataSet       MVA                       
                         : Name:         Method:          ROC-integ
                         : electron2016postVFP__3__50__100__0.1 DNN            : 0.670
                         : -------------------------------------------------------------------------------------------------------------------
                         : 
                         : Testing efficiency compared to training efficiency (overtraining check)
                         : -------------------------------------------------------------------------------------------------------------------
                         : DataSet              MVA              Signal efficiency: from test sample (from training sample) 
                         : Name:                Method:          @B=0.01             @B=0.10            @B=0.30   
                         : -------------------------------------------------------------------------------------------------------------------
                         : electron2016postVFP__3__50__100__0.1 DNN            : 0.075 (0.099)       0.310 (0.349)      0.557 (0.584)
                         : -------------------------------------------------------------------------------------------------------------------
                         : 
Dataset:electron2016po...: Created tree 'TestTree' with 39822 events
                         : 
Dataset:electron2016po...: Created tree 'TrainTree' with 31873 events
                         : 
Factory                  : [1mThank you for using TMVA![0m
                         : [1mFor citation information, please visit: http://tmva.sf.net/citeTMVA.html[0m
ref.cut= DNN 0.429171560647
myerr=0
[ntry=1]
