<sig cut>= (belectron_charge*bjet_partonFlavour < 0)&&(Has_bElectron)
<bkg cut>= (belectron_charge*bjet_partonFlavour > 0)&&(Has_bElectron)
_________________________________________________________________
Layer (type)                 Output Shape              Param #   
=================================================================
dense_1 (Dense)              (None, 48)                1248      
_________________________________________________________________
batch_normalization_1 (Batch (None, 48)                192       
_________________________________________________________________
activation_1 (Activation)    (None, 48)                0         
_________________________________________________________________
dropout_1 (Dropout)          (None, 48)                0         
_________________________________________________________________
dense_2 (Dense)              (None, 48)                2352      
_________________________________________________________________
batch_normalization_2 (Batch (None, 48)                192       
_________________________________________________________________
activation_2 (Activation)    (None, 48)                0         
_________________________________________________________________
dropout_2 (Dropout)          (None, 48)                0         
_________________________________________________________________
dense_3 (Dense)              (None, 48)                2352      
_________________________________________________________________
batch_normalization_3 (Batch (None, 48)                192       
_________________________________________________________________
activation_3 (Activation)    (None, 48)                0         
_________________________________________________________________
dropout_3 (Dropout)          (None, 48)                0         
_________________________________________________________________
dense_4 (Dense)              (None, 2)                 98        
_________________________________________________________________
activation_4 (Activation)    (None, 2)                 0         
=================================================================
Total params: 6,626
Trainable params: 6,338
Non-trainable params: 288
_________________________________________________________________
---sig_test---
<self.testtree_sig> OutTree/sig
/data6/Users/jhchoi/TMVA/TMVA_TOOL/inputs/EEMu_MuMuE_Method/v2405.4.3/2016postVFP/EEMu_MuMuE_Method_DYJetsToEE_MiNNLO.root
/data6/Users/jhchoi/TMVA/TMVA_TOOL/inputs/EEMu_MuMuE_Method/v2405.4.3/2016postVFP/EEMu_MuMuE_Method_DYJetsToMuMu_MiNNLO.root
--bkg_test---
<self.testtree_bkg> OutTree/bkg
/data6/Users/jhchoi/TMVA/TMVA_TOOL/inputs/EEMu_MuMuE_Method/v2405.4.3/2016postVFP/EEMu_MuMuE_Method_DYJetsToEE_MiNNLO.root
/data6/Users/jhchoi/TMVA/TMVA_TOOL/inputs/EEMu_MuMuE_Method/v2405.4.3/2016postVFP/EEMu_MuMuE_Method_DYJetsToMuMu_MiNNLO.root
---sig_train---
<self.traintree_sig> OutTree/sig
/data6/Users/jhchoi/TMVA/TMVA_TOOL/inputs/EEMu_MuMuE_Method/v2405.4.3/2016postVFP/EEMu_MuMuE_Method_DYJets.root
---bkg_train---
<self.traintree_bkg> OutTree/bkg
/data6/Users/jhchoi/TMVA/TMVA_TOOL/inputs/EEMu_MuMuE_Method/v2405.4.3/2016postVFP/EEMu_MuMuE_Method_DYJets.root
DataSetInfo              : [electron2016postVFP__3__48__600__0.1] : Added class "Signal"
                         : Add Tree OutTree/sig of type Signal with 387726 events
                         : Add Tree OutTree/sig of type Signal with 440734 events
DataSetInfo              : [electron2016postVFP__3__48__600__0.1] : Added class "Background"
                         : Add Tree OutTree/bkg of type Background with 273702 events
                         : Add Tree OutTree/bkg of type Background with 310379 events
>>>>self.dataloader.PrepareTrainingAndTestTree
Set sig cut -> (belectron_charge*bjet_partonFlavour < 0)&&(Has_bElectron)
Set bkg cut -> (belectron_charge*bjet_partonFlavour > 0)&&(Has_bElectron)
Factory                  : Booking method: [1mDNN[0m
                         : 
DNN                      : [electron2016postVFP__3__48__600__0.1] : Create Transformation "G" with events from all classes.
                         : 
                         : Transformation, Variable selection : 
                         : Input : variable 'belectron_P_jetrest' <---> Output : variable 'belectron_P_jetrest'
                         : Input : variable 'belectron_ptwrtbjet' <---> Output : variable 'belectron_ptwrtbjet'
                         : Input : variable 'belectron_dR_l_j' <---> Output : variable 'belectron_dR_l_j'
                         : Input : variable 'belectron_nsip3d' <---> Output : variable 'belectron_nsip3d'
                         : Input : variable 'belectron_reltrkiso' <---> Output : variable 'belectron_reltrkiso'
                         : Input : variable 'belectron_reliso' <---> Output : variable 'belectron_reliso'
                         : Input : variable 'belectron_palongjet' <---> Output : variable 'belectron_palongjet'
                         : Input : variable 'belectron_palongjetratio' <---> Output : variable 'belectron_palongjetratio'
                         : Input : variable 'belectron_pt' <---> Output : variable 'belectron_pt'
                         : Input : variable 'belectron_aeta' <---> Output : variable 'belectron_aeta'
                         : Input : variable 'belectron_full5x5sigmaietaieta' <---> Output : variable 'belectron_full5x5sigmaietaieta'
                         : Input : variable 'fabs(belectron_detaseed)' <---> Output : variable 'fabs(belectron_detaseed)'
                         : Input : variable 'belectron_HoverE' <---> Output : variable 'belectron_HoverE'
                         : Input : variable 'belectron_InvEminusInvP' <---> Output : variable 'belectron_InvEminusInvP'
                         : Input : variable 'bjet_charge*belectron_charge' <---> Output : variable 'bjet_charge*belectron_charge'
                         : Input : variable 'bjet_pt' <---> Output : variable 'bjet_pt'
                         : Input : variable 'bjet_aeta' <---> Output : variable 'bjet_aeta'
                         : Input : variable 'bjet_ChargedHadronEnergyFraction' <---> Output : variable 'bjet_ChargedHadronEnergyFraction'
                         : Input : variable 'bjet_NeutralHadronEnergyFraction' <---> Output : variable 'bjet_NeutralHadronEnergyFraction'
                         : Input : variable 'bjet_NeutralEmEnergyFraction' <---> Output : variable 'bjet_NeutralEmEnergyFraction'
                         : Input : variable 'bjet_ChargedEmEnergyFraction' <---> Output : variable 'bjet_ChargedEmEnergyFraction'
                         : Input : variable 'bjet_MuonEnergyFraction' <---> Output : variable 'bjet_MuonEnergyFraction'
                         : Input : variable 'fabs(bjet_charge)' <---> Output : variable 'fabs(bjet_charge)'
                         : Input : variable 'bjet_ChargedMultiplicity' <---> Output : variable 'bjet_ChargedMultiplicity'
                         : Input : variable 'bjet_NeutralMultiplicity' <---> Output : variable 'bjet_NeutralMultiplicity'
                         : Load model from file: model.h5
Factory                  : [1mTrain all methods[0m
DataSetFactory           : [electron2016postVFP__3__48__600__0.1] : Number of events in input trees
                         : Dataset[electron2016postVFP__3__48__600__0.1] :     Signal     requirement: "(belectron_charge*bjet_partonFlavour < 0)&&(Has_bElectron)"
                         : Dataset[electron2016postVFP__3__48__600__0.1] :     Signal          -- number of events passed: 45142  / sum of weights: 45142
                         : Dataset[electron2016postVFP__3__48__600__0.1] :     Signal          -- efficiency             : 0.0544891
                         : Dataset[electron2016postVFP__3__48__600__0.1] :     Background requirement: "(belectron_charge*bjet_partonFlavour > 0)&&(Has_bElectron)"
                         : Dataset[electron2016postVFP__3__48__600__0.1] :     Background      -- number of events passed: 26553  / sum of weights: 26553
                         : Dataset[electron2016postVFP__3__48__600__0.1] :     Background      -- efficiency             : 0.0454612
                         : Dataset[electron2016postVFP__3__48__600__0.1] :  you have opted for interpreting the requested number of training/testing events
                         :  to be the number of events AFTER your preselection cuts
                         : 
                         : Dataset[electron2016postVFP__3__48__600__0.1] :  you have opted for interpreting the requested number of training/testing events
                         :  to be the number of events AFTER your preselection cuts
                         : 
                         : Dataset[electron2016postVFP__3__48__600__0.1] : Weight renormalisation mode: "EqualNumEvents": renormalises all event classes ...
                         : Dataset[electron2016postVFP__3__48__600__0.1] :  such that the effective (weighted) number of events in each class is the same 
                         : Dataset[electron2016postVFP__3__48__600__0.1] :  (and equals the number of events (entries) given for class=0 )
                         : Dataset[electron2016postVFP__3__48__600__0.1] : ... i.e. such that Sum[i=1..N_j]{w_i} = N_classA, j=classA, classB, ...
                         : Dataset[electron2016postVFP__3__48__600__0.1] : ... (note that N_j is the sum of TRAINING events
                         : Dataset[electron2016postVFP__3__48__600__0.1] :  ..... Testing events are not renormalised nor included in the renormalisation factor!)
                         : Number of training and testing events
                         : ---------------------------------------------------------------------------
                         : Signal     -- training events            : 20072
                         : Signal     -- testing events             : 25070
                         : Signal     -- training and testing events: 45142
                         : Dataset[electron2016postVFP__3__48__600__0.1] : Signal     -- due to the preselection a scaling factor has been applied to the numbers of requested events: 0.0544891
                         : Background -- training events            : 11801
                         : Background -- testing events             : 14752
                         : Background -- training and testing events: 26553
                         : Dataset[electron2016postVFP__3__48__600__0.1] : Background -- due to the preselection a scaling factor has been applied to the numbers of requested events: 0.0454612
                         : 
DataSetInfo              : Correlation matrix (Signal):
                         : -------------------------------------------------------------------------------------------------------------------------------------------------------------------------------------------------------------------------------------------------------------------------------------------------------------------------------------------------------------------------------------------------------------------------------------------------------------------------------------------------------------------------------------------------------------------------------------------------
                         :                                   belectron_P_jetrest belectron_ptwrtbjet belectron_dR_l_j belectron_nsip3d belectron_reltrkiso belectron_reliso belectron_palongjet belectron_palongjetratio belectron_pt belectron_aeta belectron_full5x5sigmaietaieta fabs(belectron_detaseed) belectron_HoverE belectron_InvEminusInvP bjet_charge*belectron_charge bjet_pt bjet_aeta bjet_ChargedHadronEnergyFraction bjet_NeutralHadronEnergyFraction bjet_NeutralEmEnergyFraction bjet_ChargedEmEnergyFraction bjet_MuonEnergyFraction fabs(bjet_charge) bjet_ChargedMultiplicity bjet_NeutralMultiplicity
                         :              belectron_P_jetrest:              +1.000              +0.729           +0.007           +0.014              -0.337           -0.417              +0.641                   +0.543       +0.826         -0.000                         -0.090                   -0.066           -0.126                  -0.131                       +0.165  +0.592    -0.001                           -0.229                           -0.036                       -0.032                       +0.249                  +0.020            +0.176                   +0.103                   +0.051
                         :              belectron_ptwrtbjet:              +0.729              +1.000           +0.502           +0.048              -0.178           -0.210              +0.255                   +0.139       +0.344         +0.007                         -0.075                   -0.057           -0.087                  -0.057                       +0.027  +0.336    -0.009                           -0.111                           +0.005                       -0.025                       +0.078                  +0.107            +0.062                   +0.064                   +0.018
                         :                 belectron_dR_l_j:              +0.007              +0.502           +1.000           +0.107              +0.131           +0.185              -0.294                   -0.453       -0.354         +0.007                         +0.003                   -0.013           -0.039                  +0.074                       -0.172  -0.170    -0.003                           +0.123                           +0.054                       -0.005                       -0.206                  +0.172            -0.112                   +0.059                   +0.011
                         :                 belectron_nsip3d:              +0.014              +0.048           +0.107           +1.000              -0.057           -0.002              -0.020                   -0.041       -0.026         -0.010                         -0.004                   +0.022           +0.000                  +0.042                       -0.027  -0.007    -0.011                           -0.006                           +0.030                       +0.020                       -0.023                  +0.004            -0.018                   -0.002                   +0.027
                         :              belectron_reltrkiso:              -0.337              -0.178           +0.131           -0.057              +1.000           +0.656              -0.248                   -0.549       -0.275         +0.011                         +0.073                   +0.088           +0.304                  +0.150                       -0.283  +0.120    -0.075                           +0.377                           -0.036                       -0.108                       -0.337                  +0.179            -0.219                   +0.267                   +0.069
                         :                 belectron_reliso:              -0.417              -0.210           +0.185           -0.002              +0.656           +1.000              -0.342                   -0.699       -0.346         +0.004                         -0.002                   +0.061           +0.378                  +0.233                       -0.303  +0.159    -0.153                           +0.274                           +0.133                       +0.167                       -0.415                  -0.059            -0.259                   +0.259                   +0.272
                         :              belectron_palongjet:              +0.641              +0.255           -0.294           -0.020              -0.248           -0.342              +1.000                   +0.509       +0.762         -0.003                         +0.291                   +0.053           -0.041                  -0.169                       +0.128  +0.499    +0.429                           -0.199                           +0.004                       -0.052                       +0.242                  -0.042            +0.128                   -0.030                   -0.118
                         :         belectron_palongjetratio:              +0.543              +0.139           -0.453           -0.041              -0.549           -0.699              +0.509                   +1.000       +0.604         -0.009                         -0.127                   -0.130           -0.250                  -0.210                       +0.400  +0.010    +0.019                           -0.431                           -0.135                       -0.178                       +0.649                  -0.132            +0.364                   -0.318                   -0.279
                         :                     belectron_pt:              +0.826              +0.344           -0.354           -0.026              -0.275           -0.346              +0.762                   +0.604       +1.000         -0.003                         -0.068                   -0.051           -0.060                  -0.133                       +0.187  +0.687    -0.014                           -0.211                           -0.059                       +0.014                       +0.239                  -0.055            +0.184                   +0.017                   +0.019
                         :                   belectron_aeta:              -0.000              +0.007           +0.007           -0.010              +0.011           +0.004              -0.003                   -0.009       -0.003         +1.000                         -0.001                   +0.028           +0.002                  +0.006                       -0.013  +0.005    +0.009                           -0.002                           +0.020                       -0.012                       -0.000                  +0.004            +0.002                   +0.002                   +0.003
                         :   belectron_full5x5sigmaietaieta:              -0.090              -0.075           +0.003           -0.004              +0.073           -0.002              +0.291                   -0.127       -0.068         -0.001                         +1.000                   +0.298           +0.079                  -0.030                       -0.093  -0.011    +0.689                           +0.106                           +0.082                       -0.035                       -0.121                  +0.019            -0.087                   +0.042                   -0.216
                         :         fabs(belectron_detaseed):              -0.066              -0.057           -0.013           +0.022              +0.088           +0.061              +0.053                   -0.130       -0.051         +0.028                         +0.298                   +1.000           +0.056                  +0.267                       -0.122  +0.030    +0.210                           +0.104                           +0.033                       +0.127                       -0.206                  +0.007            -0.107                   +0.098                   +0.077
                         :                 belectron_HoverE:              -0.126              -0.087           -0.039           +0.000              +0.304           +0.378              -0.041                   -0.250       -0.060         +0.002                         +0.079                   +0.056           +1.000                  +0.085                       -0.074  +0.225    +0.035                           +0.045                           +0.286                       -0.097                       -0.099                  -0.007            -0.045                   +0.071                   +0.048
                         :          belectron_InvEminusInvP:              -0.131              -0.057           +0.074           +0.042              +0.150           +0.233              -0.169                   -0.210       -0.133         +0.006                         -0.030                   +0.267           +0.085                  +1.000                       -0.189  -0.018    -0.176                           +0.111                           -0.023                       +0.255                       -0.282                  +0.017            -0.159                   +0.131                   +0.168
                         :     bjet_charge*belectron_charge:              +0.165              +0.027           -0.172           -0.027              -0.283           -0.303              +0.128                   +0.400       +0.187         -0.013                         -0.093                   -0.122           -0.074                  -0.189                       +1.000  -0.059    -0.029                           -0.226                           -0.008                       -0.055                       +0.291                  -0.083            +0.742                   -0.216                   -0.120
                         :                          bjet_pt:              +0.592              +0.336           -0.170           -0.007              +0.120           +0.159              +0.499                   +0.010       +0.687         +0.005                         -0.011                   +0.030           +0.225                  -0.018                       -0.059  +1.000    -0.045                           +0.001                           +0.046                       +0.118                       -0.129                  +0.058            -0.013                   +0.333                   +0.297
                         :                        bjet_aeta:              -0.001              -0.009           -0.003           -0.011              -0.075           -0.153              +0.429                   +0.019       -0.014         +0.009                         +0.689                   +0.210           +0.035                  -0.176                       -0.029  -0.045    +1.000                           -0.036                           +0.118                       -0.131                       +0.066                  +0.023            -0.012                   -0.086                   -0.154
                         : bjet_ChargedHadronEnergyFraction:              -0.229              -0.111           +0.123           -0.006              +0.377           +0.274              -0.199                   -0.431       -0.211         -0.002                         +0.106                   +0.104           +0.045                  +0.111                       -0.226  +0.001    -0.036                           +1.000                           -0.334                       -0.077                       -0.667                  -0.202            -0.286                   +0.413                   +0.020
                         : bjet_NeutralHadronEnergyFraction:              -0.036              +0.005           +0.054           +0.030              -0.036           +0.133              +0.004                   -0.135       -0.059         +0.020                         +0.082                   +0.033           +0.286                  -0.023                       -0.008  +0.046    +0.118                           -0.334                           +1.000                       -0.194                       +0.038                  -0.076            -0.000                   -0.148                   +0.090
                         :     bjet_NeutralEmEnergyFraction:              -0.032              -0.025           -0.005           +0.020              -0.108           +0.167              -0.052                   -0.178       +0.014         -0.012                         -0.035                   +0.127           -0.097                  +0.255                       -0.055  +0.118    -0.131                           -0.077                           -0.194                       +1.000                       -0.495                  -0.136            -0.078                   -0.013                   +0.472
                         :     bjet_ChargedEmEnergyFraction:              +0.249              +0.078           -0.206           -0.023              -0.337           -0.415              +0.242                   +0.649       +0.239         -0.000                         -0.121                   -0.206           -0.099                  -0.282                       +0.291  -0.129    +0.066                           -0.667                           +0.038                       -0.495                       +1.000                  -0.078            +0.290                   -0.307                   -0.360
                         :          bjet_MuonEnergyFraction:              +0.020              +0.107           +0.172           +0.004              +0.179           -0.059              -0.042                   -0.132       -0.055         +0.004                         +0.019                   +0.007           -0.007                  +0.017                       -0.083  +0.058    +0.023                           -0.202                           -0.076                       -0.136                       -0.078                  +1.000            +0.093                   -0.027                   -0.087
                         :                fabs(bjet_charge):              +0.176              +0.062           -0.112           -0.018              -0.219           -0.259              +0.128                   +0.364       +0.184         +0.002                         -0.087                   -0.107           -0.045                  -0.159                       +0.742  -0.013    -0.012                           -0.286                           -0.000                       -0.078                       +0.290                  +0.093            +1.000                   -0.270                   -0.126
                         :         bjet_ChargedMultiplicity:              +0.103              +0.064           +0.059           -0.002              +0.267           +0.259              -0.030                   -0.318       +0.017         +0.002                         +0.042                   +0.098           +0.071                  +0.131                       -0.216  +0.333    -0.086                           +0.413                           -0.148                       -0.013                       -0.307                  -0.027            -0.270                   +1.000                   +0.264
                         :         bjet_NeutralMultiplicity:              +0.051              +0.018           +0.011           +0.027              +0.069           +0.272              -0.118                   -0.279       +0.019         +0.003                         -0.216                   +0.077           +0.048                  +0.168                       -0.120  +0.297    -0.154                           +0.020                           +0.090                       +0.472                       -0.360                  -0.087            -0.126                   +0.264                   +1.000
                         : -------------------------------------------------------------------------------------------------------------------------------------------------------------------------------------------------------------------------------------------------------------------------------------------------------------------------------------------------------------------------------------------------------------------------------------------------------------------------------------------------------------------------------------------------------------------------------------------------
DataSetInfo              : Correlation matrix (Background):
                         : -------------------------------------------------------------------------------------------------------------------------------------------------------------------------------------------------------------------------------------------------------------------------------------------------------------------------------------------------------------------------------------------------------------------------------------------------------------------------------------------------------------------------------------------------------------------------------------------------
                         :                                   belectron_P_jetrest belectron_ptwrtbjet belectron_dR_l_j belectron_nsip3d belectron_reltrkiso belectron_reliso belectron_palongjet belectron_palongjetratio belectron_pt belectron_aeta belectron_full5x5sigmaietaieta fabs(belectron_detaseed) belectron_HoverE belectron_InvEminusInvP bjet_charge*belectron_charge bjet_pt bjet_aeta bjet_ChargedHadronEnergyFraction bjet_NeutralHadronEnergyFraction bjet_NeutralEmEnergyFraction bjet_ChargedEmEnergyFraction bjet_MuonEnergyFraction fabs(bjet_charge) bjet_ChargedMultiplicity bjet_NeutralMultiplicity
                         :              belectron_P_jetrest:              +1.000              +0.772           +0.093           +0.081              -0.343           -0.413              +0.658                   +0.573       +0.800         +0.002                         -0.020                   +0.012           -0.116                  -0.050                       +0.170  +0.552    +0.051                           -0.191                           -0.018                       +0.036                       +0.195                  +0.004            +0.084                   +0.130                   +0.101
                         :              belectron_ptwrtbjet:              +0.772              +1.000           +0.532           +0.115              -0.202           -0.226              +0.321                   +0.211       +0.369         +0.003                         -0.020                   +0.022           -0.084                  +0.017                       +0.052  +0.355    +0.041                           -0.115                           +0.001                       +0.018                       +0.066                  +0.081            +0.046                   +0.102                   +0.067
                         :                 belectron_dR_l_j:              +0.093              +0.532           +1.000           +0.136              +0.086           +0.133              -0.241                   -0.380       -0.304         -0.000                         +0.008                   +0.015           -0.050                  +0.089                       -0.105  -0.105    +0.014                           +0.066                           +0.010                       -0.021                       -0.149                  +0.144            -0.003                   +0.084                   +0.018
                         :                 belectron_nsip3d:              +0.081              +0.115           +0.136           +1.000              -0.080           -0.015              -0.025                   -0.016       -0.018         -0.009                         -0.022                   +0.007           -0.007                  +0.058                       +0.001  -0.006    -0.029                           -0.008                           +0.005                       +0.018                       -0.012                  +0.004            -0.007                   +0.010                   +0.026
                         :              belectron_reltrkiso:              -0.343              -0.202           +0.086           -0.080              +1.000           +0.590              -0.254                   -0.532       -0.277         +0.001                         +0.012                   +0.003           +0.290                  +0.055                       -0.314  +0.133    -0.093                           +0.286                           -0.066                       -0.205                       -0.250                  +0.234            -0.016                   +0.209                   -0.014
                         :                 belectron_reliso:              -0.413              -0.226           +0.133           -0.015              +0.590           +1.000              -0.349                   -0.673       -0.345         -0.002                         -0.071                   -0.013           +0.369                  +0.167                       -0.261  +0.174    -0.174                           +0.208                           +0.111                       +0.080                       -0.301                  -0.115            -0.086                   +0.237                   +0.218
                         :              belectron_palongjet:              +0.658              +0.321           -0.241           -0.025              -0.254           -0.349              +1.000                   +0.555       +0.767         +0.011                         +0.332                   +0.091           -0.031                  -0.157                       +0.125  +0.446    +0.451                           -0.167                           +0.026                       -0.011                       +0.210                  -0.044            +0.078                   -0.017                   -0.104
                         :         belectron_palongjetratio:              +0.573              +0.211           -0.380           -0.016              -0.532           -0.673              +0.555                   +1.000       +0.637         +0.007                         -0.033                   -0.033           -0.239                  -0.125                       +0.345  -0.009    +0.065                           -0.316                           -0.076                       -0.046                       +0.517                  -0.123            +0.151                   -0.284                   -0.210
                         :                     belectron_pt:              +0.800              +0.369           -0.304           -0.018              -0.277           -0.345              +0.767                   +0.637       +1.000         +0.005                         -0.025                   -0.015           -0.049                  -0.093                       +0.161  +0.623    +0.019                           -0.187                           -0.027                       +0.051                       +0.214                  -0.048            +0.088                   +0.019                   +0.042
                         :                   belectron_aeta:              +0.002              +0.003           -0.000           -0.009              +0.001           -0.002              +0.011                   +0.007       +0.005         +1.000                         +0.021                   +0.009           +0.002                  -0.010                       -0.010  -0.002    +0.019                           +0.002                           +0.003                       -0.013                       +0.011                  -0.006            -0.004                   -0.007                   -0.017
                         :   belectron_full5x5sigmaietaieta:              -0.020              -0.020           +0.008           -0.022              +0.012           -0.071              +0.332                   -0.033       -0.025         +0.021                         +1.000                   +0.289           +0.068                  -0.097                       -0.026  -0.020    +0.703                           +0.068                           +0.081                       -0.081                       -0.040                  -0.026            -0.024                   +0.029                   -0.265
                         :         fabs(belectron_detaseed):              +0.012              +0.022           +0.015           +0.007              +0.003           -0.013              +0.091                   -0.033       -0.015         +0.009                         +0.289                   +1.000           +0.012                  +0.212                       -0.065  +0.006    +0.239                           +0.044                           +0.028                       +0.084                       -0.116                  -0.039            -0.033                   +0.068                   +0.043
                         :                 belectron_HoverE:              -0.116              -0.084           -0.050           -0.007              +0.290           +0.369              -0.031                   -0.239       -0.049         +0.002                         +0.068                   +0.012           +1.000                  +0.035                       -0.078  +0.252    +0.044                           -0.004                           +0.300                       -0.150                       -0.033                  -0.015            +0.029                   +0.038                   +0.015
                         :          belectron_InvEminusInvP:              -0.050              +0.017           +0.089           +0.058              +0.055           +0.167              -0.157                   -0.125       -0.093         -0.010                         -0.097                   +0.212           +0.035                  +1.000                       -0.151  -0.022    -0.212                           +0.046                           -0.027                       +0.225                       -0.207                  -0.037            -0.043                   +0.105                   +0.134
                         :     bjet_charge*belectron_charge:              +0.170              +0.052           -0.105           +0.001              -0.314           -0.261              +0.125                   +0.345       +0.161         -0.010                         -0.026                   -0.065           -0.078                  -0.151                       +1.000  -0.065    +0.004                           -0.129                           +0.021                       +0.048                       +0.198                  -0.176            +0.219                   -0.068                   -0.005
                         :                          bjet_pt:              +0.552              +0.355           -0.105           -0.006              +0.133           +0.174              +0.446                   -0.009       +0.623         -0.002                         -0.020                   +0.006           +0.252                  -0.022                       -0.065  +1.000    -0.040                           -0.036                           +0.049                       +0.085                       -0.106                  +0.075            +0.034                   +0.342                   +0.294
                         :                        bjet_aeta:              +0.051              +0.041           +0.014           -0.029              -0.093           -0.174              +0.451                   +0.065       +0.019         +0.019                         +0.703                   +0.239           +0.044                  -0.212                       +0.004  -0.040    +1.000                           -0.033                           +0.120                       -0.135                       +0.087                  -0.007            +0.019                   -0.079                   -0.152
                         : bjet_ChargedHadronEnergyFraction:              -0.191              -0.115           +0.066           -0.008              +0.286           +0.208              -0.167                   -0.316       -0.187         +0.002                         +0.068                   +0.044           -0.004                  +0.046                       -0.129  -0.036    -0.033                           +1.000                           -0.402                       -0.141                       -0.599                  -0.307            -0.193                   +0.390                   -0.033
                         : bjet_NeutralHadronEnergyFraction:              -0.018              +0.001           +0.010           +0.005              -0.066           +0.111              +0.026                   -0.076       -0.027         +0.003                         +0.081                   +0.028           +0.300                  -0.027                       +0.021  +0.049    +0.120                           -0.402                           +1.000                       -0.253                       +0.138                  -0.082            +0.000                   -0.179                   +0.039
                         :     bjet_NeutralEmEnergyFraction:              +0.036              +0.018           -0.021           +0.018              -0.205           +0.080              -0.011                   -0.046       +0.051         -0.013                         -0.081                   +0.084           -0.150                  +0.225                       +0.048  +0.085    -0.135                           -0.141                           -0.253                       +1.000                       -0.439                  -0.187            -0.068                   -0.023                   +0.456
                         :     bjet_ChargedEmEnergyFraction:              +0.195              +0.066           -0.149           -0.012              -0.250           -0.301              +0.210                   +0.517       +0.214         +0.011                         -0.040                   -0.116           -0.033                  -0.207                       +0.198  -0.106    +0.087                           -0.599                           +0.138                       -0.439                       +1.000                  -0.038            +0.150                   -0.272                   -0.303
                         :          bjet_MuonEnergyFraction:              +0.004              +0.081           +0.144           +0.004              +0.234           -0.115              -0.044                   -0.123       -0.048         -0.006                         -0.026                   -0.039           -0.015                  -0.037                       -0.176  +0.075    -0.007                           -0.307                           -0.082                       -0.187                       -0.038                  +1.000            +0.215                   -0.081                   -0.123
                         :                fabs(bjet_charge):              +0.084              +0.046           -0.003           -0.007              -0.016           -0.086              +0.078                   +0.151       +0.088         -0.004                         -0.024                   -0.033           +0.029                  -0.043                       +0.219  +0.034    +0.019                           -0.193                           +0.000                       -0.068                       +0.150                  +0.215            +1.000                   -0.191                   -0.080
                         :         bjet_ChargedMultiplicity:              +0.130              +0.102           +0.084           +0.010              +0.209           +0.237              -0.017                   -0.284       +0.019         -0.007                         +0.029                   +0.068           +0.038                  +0.105                       -0.068  +0.342    -0.079                           +0.390                           -0.179                       -0.023                       -0.272                  -0.081            -0.191                   +1.000                   +0.245
                         :         bjet_NeutralMultiplicity:              +0.101              +0.067           +0.018           +0.026              -0.014           +0.218              -0.104                   -0.210       +0.042         -0.017                         -0.265                   +0.043           +0.015                  +0.134                       -0.005  +0.294    -0.152                           -0.033                           +0.039                       +0.456                       -0.303                  -0.123            -0.080                   +0.245                   +1.000
                         : -------------------------------------------------------------------------------------------------------------------------------------------------------------------------------------------------------------------------------------------------------------------------------------------------------------------------------------------------------------------------------------------------------------------------------------------------------------------------------------------------------------------------------------------------------------------------------------------------
DataSetFactory           : [electron2016postVFP__3__48__600__0.1] :  
                         : 
Factory                  : [electron2016postVFP__3__48__600__0.1] : Create Transformation "I" with events from all classes.
                         : 
                         : Transformation, Variable selection : 
                         : Input : variable 'belectron_P_jetrest' <---> Output : variable 'belectron_P_jetrest'
                         : Input : variable 'belectron_ptwrtbjet' <---> Output : variable 'belectron_ptwrtbjet'
                         : Input : variable 'belectron_dR_l_j' <---> Output : variable 'belectron_dR_l_j'
                         : Input : variable 'belectron_nsip3d' <---> Output : variable 'belectron_nsip3d'
                         : Input : variable 'belectron_reltrkiso' <---> Output : variable 'belectron_reltrkiso'
                         : Input : variable 'belectron_reliso' <---> Output : variable 'belectron_reliso'
                         : Input : variable 'belectron_palongjet' <---> Output : variable 'belectron_palongjet'
                         : Input : variable 'belectron_palongjetratio' <---> Output : variable 'belectron_palongjetratio'
                         : Input : variable 'belectron_pt' <---> Output : variable 'belectron_pt'
                         : Input : variable 'belectron_aeta' <---> Output : variable 'belectron_aeta'
                         : Input : variable 'belectron_full5x5sigmaietaieta' <---> Output : variable 'belectron_full5x5sigmaietaieta'
                         : Input : variable 'fabs(belectron_detaseed)' <---> Output : variable 'fabs(belectron_detaseed)'
                         : Input : variable 'belectron_HoverE' <---> Output : variable 'belectron_HoverE'
                         : Input : variable 'belectron_InvEminusInvP' <---> Output : variable 'belectron_InvEminusInvP'
                         : Input : variable 'bjet_charge*belectron_charge' <---> Output : variable 'bjet_charge*belectron_charge'
                         : Input : variable 'bjet_pt' <---> Output : variable 'bjet_pt'
                         : Input : variable 'bjet_aeta' <---> Output : variable 'bjet_aeta'
                         : Input : variable 'bjet_ChargedHadronEnergyFraction' <---> Output : variable 'bjet_ChargedHadronEnergyFraction'
                         : Input : variable 'bjet_NeutralHadronEnergyFraction' <---> Output : variable 'bjet_NeutralHadronEnergyFraction'
                         : Input : variable 'bjet_NeutralEmEnergyFraction' <---> Output : variable 'bjet_NeutralEmEnergyFraction'
                         : Input : variable 'bjet_ChargedEmEnergyFraction' <---> Output : variable 'bjet_ChargedEmEnergyFraction'
                         : Input : variable 'bjet_MuonEnergyFraction' <---> Output : variable 'bjet_MuonEnergyFraction'
                         : Input : variable 'fabs(bjet_charge)' <---> Output : variable 'fabs(bjet_charge)'
                         : Input : variable 'bjet_ChargedMultiplicity' <---> Output : variable 'bjet_ChargedMultiplicity'
                         : Input : variable 'bjet_NeutralMultiplicity' <---> Output : variable 'bjet_NeutralMultiplicity'
TFHandler_Factory        :                         Variable                                Mean                                RMS                        [        Min                                Max ]
                         : -----------------------------------------------------------------------------------------------------------------------------------------------------------------------------------
                         :              belectron_P_jetrest:                            1.5158                           0.95535   [                           -1.0000                            31.664 ]
                         :              belectron_ptwrtbjet:                            1.0088                           0.72087   [                            0.0000                            20.869 ]
                         :                 belectron_dR_l_j:                          0.080073                          0.058320   [                            0.0000                           0.39926 ]
                         :                 belectron_nsip3d:                            12.337                            77.621   [                         0.0030291                            3542.5 ]
                         :              belectron_reltrkiso:                            1.3913                            1.4230   [                            0.0000                            31.686 ]
                         :                 belectron_reliso:                            2.2673                            1.8863   [                            0.0000                            9.9814 ]
                         :              belectron_palongjet:                            30.497                            37.658   [                            4.7666                            1024.2 ]
                         :         belectron_palongjetratio:                           0.27470                           0.15033   [                          0.015975                            1.1945 ]
                         :                     belectron_pt:                            16.725                            17.090   [                            5.0002                            597.20 ]
                         :                   belectron_aeta:                          0.016398                            1.1339   [                           -2.5125                            2.5173 ]
                         :   belectron_full5x5sigmaietaieta:                          0.018221                          0.011270   [                            0.0000                          0.089896 ]
                         :         fabs(belectron_detaseed):                         0.0070536                          0.010459   [                        2.0523e-09                           0.21073 ]
                         :                 belectron_HoverE:                           0.30643                           0.68078   [                            0.0000                            27.942 ]
                         :          belectron_InvEminusInvP:                          0.034010                          0.046624   [                        1.7061e-07                            1.2977 ]
                         :     bjet_charge*belectron_charge:                           0.15572                           0.31883   [                          -0.99689                            1.0000 ]
                         :                          bjet_pt:                            60.662                            32.089   [                            30.001                            700.35 ]
                         :                        bjet_aeta:                           0.94542                           0.63692   [                        1.2607e-06                            2.6513 ]
                         : bjet_ChargedHadronEnergyFraction:                           0.48183                           0.20107   [                            0.0000                            1.0000 ]
                         : bjet_NeutralHadronEnergyFraction:                          0.080921                          0.098698   [                            0.0000                           0.78773 ]
                         :     bjet_NeutralEmEnergyFraction:                           0.22198                           0.15050   [                            0.0000                           0.93129 ]
                         :     bjet_ChargedEmEnergyFraction:                           0.18689                           0.19720   [                            0.0000                            1.0000 ]
                         :          bjet_MuonEnergyFraction:                          0.028377                          0.095000   [                            0.0000                           0.80580 ]
                         :                fabs(bjet_charge):                           0.28836                           0.20676   [                        4.4259e-05                            1.0000 ]
                         :         bjet_ChargedMultiplicity:                            10.401                            3.7836   [                            1.0000                            32.000 ]
                         :         bjet_NeutralMultiplicity:                            9.6810                            4.8283   [                            0.0000                            44.000 ]
                         : -----------------------------------------------------------------------------------------------------------------------------------------------------------------------------------
                         : [32m
                         : <PlotVariables> Will not produce scatter plots ==> 
                         : |  The number of 25 input variables and 0 target values would require 300 two-dimensional
                         : |  histograms, which would occupy the computer's memory. Note that this
                         : |  suppression does not have any consequences for your analysis, other
                         : |  than not disposing of these scatter plots. You can modify the maximum
                         : |  number of input variables allowed to generate scatter plots in your
                         : |  script via the command line:
                         : |  "(TMVA::gConfig().GetVariablePlotting()).fMaxNumOfAllowedVariablesForScatterPlots = <some int>;"[0m
                         : 
                         : Some more output
                         : Ranking input variables (method unspecific)...
IdTransformation         : Ranking result (top variable is best ranked)
                         : ---------------------------------------------------------
                         : Rank : Variable                         : Separation
                         : ---------------------------------------------------------
                         :    1 : bjet_charge*belectron_charge     : 1.176e-01
                         :    2 : fabs(bjet_charge)                : 4.554e-02
                         :    3 : bjet_ChargedEmEnergyFraction     : 3.329e-02
                         :    4 : belectron_P_jetrest              : 3.294e-02
                         :    5 : belectron_palongjetratio         : 3.188e-02
                         :    6 : belectron_reliso                 : 2.662e-02
                         :    7 : belectron_InvEminusInvP          : 2.592e-02
                         :    8 : belectron_reltrkiso              : 2.300e-02
                         :    9 : belectron_ptwrtbjet              : 2.161e-02
                         :   10 : belectron_full5x5sigmaietaieta   : 1.993e-02
                         :   11 : fabs(belectron_detaseed)         : 1.693e-02
                         :   12 : belectron_pt                     : 1.678e-02
                         :   13 : belectron_palongjet              : 1.201e-02
                         :   14 : bjet_ChargedHadronEnergyFraction : 1.029e-02
                         :   15 : belectron_HoverE                 : 7.043e-03
                         :   16 : bjet_NeutralEmEnergyFraction     : 5.672e-03
                         :   17 : bjet_ChargedMultiplicity         : 5.485e-03
                         :   18 : bjet_NeutralMultiplicity         : 5.265e-03
                         :   19 : bjet_MuonEnergyFraction          : 3.808e-03
                         :   20 : belectron_dR_l_j                 : 3.053e-03
                         :   21 : bjet_pt                          : 2.916e-03
                         :   22 : bjet_NeutralHadronEnergyFraction : 1.998e-03
                         :   23 : belectron_nsip3d                 : 1.676e-03
                         :   24 : bjet_aeta                        : 1.477e-03
                         :   25 : belectron_aeta                   : 1.361e-03
                         : ---------------------------------------------------------
Factory                  : Train method: DNN for Classification
                         : 
                         : 
                         : [1m================================================================[0m
                         : [1mH e l p   f o r   M V A   m e t h o d   [ DNN ] :[0m
                         : 
                         : Keras is a high-level API for the Theano and Tensorflow packages.
                         : This method wraps the training and predictions steps of the Keras
                         : Python package for TMVA, so that dataloading, preprocessing and
                         : evaluation can be done within the TMVA system. To use this Keras
                         : interface, you have to generate a model with Keras first. Then,
                         : this model can be loaded and trained in TMVA.
                         : 
                         : 
                         : <Suppress this message by specifying "!H" in the booking option>
                         : [1m================================================================[0m
                         : 
                         : Preparing the Gaussian transformation...
TFHandler_DNN            :                         Variable                                Mean                                RMS                        [        Min                                Max ]
                         : -----------------------------------------------------------------------------------------------------------------------------------------------------------------------------------
                         :              belectron_P_jetrest:                         0.0025348                           0.99530   [                           -3.3168                            5.7307 ]
                         :              belectron_ptwrtbjet:                         0.0029607                           0.99630   [                           -3.3173                            5.7307 ]
                         :                 belectron_dR_l_j:                         0.0014994                           0.99544   [                           -3.3056                            5.7307 ]
                         :                 belectron_nsip3d:                        -0.0026178                            1.0245   [                           -5.7307                            5.7307 ]
                         :              belectron_reltrkiso:                          -0.24444                            1.2937   [                           -3.2960                            5.7307 ]
                         :                 belectron_reliso:                        -0.0084584                            1.0101   [                           -3.0856                            5.7307 ]
                         :              belectron_palongjet:                         0.0030601                           0.99652   [                           -3.3584                            5.7307 ]
                         :         belectron_palongjetratio:                         0.0035077                           0.99835   [                           -3.3111                            5.7307 ]
                         :                     belectron_pt:                         0.0033711                           0.99784   [                           -3.4048                            5.7307 ]
                         :                   belectron_aeta:                         0.0014744                           0.99520   [                           -3.3076                            5.7307 ]
                         :   belectron_full5x5sigmaietaieta:                         0.0013204                           0.99564   [                           -3.3573                            5.7307 ]
                         :         fabs(belectron_detaseed):                         0.0025845                           0.99542   [                           -2.9239                            5.7307 ]
                         :                 belectron_HoverE:                          -0.88491                            1.6114   [                           -3.0215                            5.7307 ]
                         :          belectron_InvEminusInvP:                         0.0032924                           0.99511   [                           -2.8331                            5.7307 ]
                         :     bjet_charge*belectron_charge:                         0.0045176                            1.0016   [                           -3.3105                            5.7307 ]
                         :                          bjet_pt:                         0.0017252                           0.99540   [                           -3.1094                            5.7307 ]
                         :                        bjet_aeta:                         0.0036781                           0.99903   [                           -3.2746                            5.7307 ]
                         : bjet_ChargedHadronEnergyFraction:                         0.0032693                            1.0015   [                           -3.3612                            5.7307 ]
                         : bjet_NeutralHadronEnergyFraction:                          -0.79423                            1.6518   [                           -3.2699                            5.7307 ]
                         :     bjet_NeutralEmEnergyFraction:                         -0.013554                            1.0250   [                           -3.3195                            5.7307 ]
                         :     bjet_ChargedEmEnergyFraction:                           -1.1653                            1.7290   [                           -3.1856                            5.7307 ]
                         :          bjet_MuonEnergyFraction:                           -2.3428                           0.99450   [                           -2.7041                            5.7307 ]
                         :                fabs(bjet_charge):                         0.0043103                            1.0019   [                           -3.2786                            5.7307 ]
                         :         bjet_ChargedMultiplicity:                         0.0063516                           0.99606   [                           -5.4070                            5.7307 ]
                         :         bjet_NeutralMultiplicity:                        7.2596e-05                            1.0023   [                           -5.1568                            5.7307 ]
                         : -----------------------------------------------------------------------------------------------------------------------------------------------------------------------------------
                         : Option TriesEarlyStopping: Training will stop after 30 number of epochs with no improvement of validation loss
Train on 31873 samples, validate on 39822 samples
Epoch 1/300
 - 5s - loss: 0.8141 - acc: 0.6303 - val_loss: 0.6355 - val_acc: 0.6477
Epoch 2/300
 - 2s - loss: 0.7994 - acc: 0.6420 - val_loss: 0.6368 - val_acc: 0.6447
Epoch 3/300
 - 2s - loss: 0.7963 - acc: 0.6447 - val_loss: 0.6368 - val_acc: 0.6450
Epoch 4/300
 - 2s - loss: 0.7935 - acc: 0.6490 - val_loss: 0.6358 - val_acc: 0.6485
Epoch 5/300
 - 2s - loss: 0.7922 - acc: 0.6505 - val_loss: 0.6315 - val_acc: 0.6500
Epoch 6/300
 - 2s - loss: 0.7907 - acc: 0.6495 - val_loss: 0.6294 - val_acc: 0.6504
Epoch 7/300
 - 2s - loss: 0.7902 - acc: 0.6477 - val_loss: 0.6306 - val_acc: 0.6482
Epoch 8/300
 - 2s - loss: 0.7891 - acc: 0.6491 - val_loss: 0.6318 - val_acc: 0.6468
Epoch 9/300
 - 2s - loss: 0.7879 - acc: 0.6488 - val_loss: 0.6332 - val_acc: 0.6465
Epoch 10/300
 - 2s - loss: 0.7872 - acc: 0.6505 - val_loss: 0.6321 - val_acc: 0.6444
Epoch 11/300
 - 2s - loss: 0.7855 - acc: 0.6526 - val_loss: 0.6443 - val_acc: 0.6371
Epoch 12/300
 - 2s - loss: 0.7851 - acc: 0.6515 - val_loss: 0.6417 - val_acc: 0.6377
Epoch 13/300
 - 2s - loss: 0.7849 - acc: 0.6502 - val_loss: 0.6444 - val_acc: 0.6380
Epoch 14/300
 - 2s - loss: 0.7837 - acc: 0.6517 - val_loss: 0.6247 - val_acc: 0.6621
Epoch 15/300
 - 2s - loss: 0.7828 - acc: 0.6542 - val_loss: 0.6265 - val_acc: 0.6484
Epoch 16/300
 - 2s - loss: 0.7825 - acc: 0.6539 - val_loss: 0.6348 - val_acc: 0.6406
Epoch 17/300
 - 2s - loss: 0.7832 - acc: 0.6494 - val_loss: 0.6292 - val_acc: 0.6445
Epoch 18/300
 - 2s - loss: 0.7807 - acc: 0.6537 - val_loss: 0.6283 - val_acc: 0.6423
Epoch 19/300
 - 2s - loss: 0.7813 - acc: 0.6522 - val_loss: 0.6287 - val_acc: 0.6484
Epoch 20/300
 - 2s - loss: 0.7815 - acc: 0.6515 - val_loss: 0.6244 - val_acc: 0.6531
Epoch 21/300
 - 2s - loss: 0.7808 - acc: 0.6532 - val_loss: 0.6355 - val_acc: 0.6369
Epoch 22/300
 - 2s - loss: 0.7799 - acc: 0.6544 - val_loss: 0.6285 - val_acc: 0.6454
Epoch 23/300
 - 2s - loss: 0.7806 - acc: 0.6522 - val_loss: 0.6496 - val_acc: 0.6316
Epoch 24/300
 - 2s - loss: 0.7797 - acc: 0.6508 - val_loss: 0.6321 - val_acc: 0.6409
Epoch 25/300
 - 2s - loss: 0.7800 - acc: 0.6545 - val_loss: 0.6324 - val_acc: 0.6411
Epoch 26/300
 - 2s - loss: 0.7791 - acc: 0.6540 - val_loss: 0.6346 - val_acc: 0.6419
Epoch 27/300
 - 2s - loss: 0.7788 - acc: 0.6527 - val_loss: 0.6385 - val_acc: 0.6394
Epoch 28/300
 - 2s - loss: 0.7787 - acc: 0.6487 - val_loss: 0.6274 - val_acc: 0.6471
Epoch 29/300
 - 2s - loss: 0.7782 - acc: 0.6533 - val_loss: 0.6271 - val_acc: 0.6503
Epoch 30/300
 - 2s - loss: 0.7770 - acc: 0.6557 - val_loss: 0.6255 - val_acc: 0.6561
Epoch 31/300
 - 2s - loss: 0.7779 - acc: 0.6533 - val_loss: 0.6199 - val_acc: 0.6599
Epoch 32/300
 - 2s - loss: 0.7775 - acc: 0.6573 - val_loss: 0.6304 - val_acc: 0.6500
Epoch 33/300
 - 2s - loss: 0.7771 - acc: 0.6554 - val_loss: 0.6216 - val_acc: 0.6529
Epoch 34/300
 - 2s - loss: 0.7764 - acc: 0.6531 - val_loss: 0.6298 - val_acc: 0.6547
Epoch 35/300
 - 2s - loss: 0.7752 - acc: 0.6545 - val_loss: 0.6280 - val_acc: 0.6456
Epoch 36/300
 - 2s - loss: 0.7749 - acc: 0.6532 - val_loss: 0.6250 - val_acc: 0.6467
Epoch 37/300
 - 2s - loss: 0.7751 - acc: 0.6548 - val_loss: 0.6319 - val_acc: 0.6379
Epoch 38/300
 - 2s - loss: 0.7760 - acc: 0.6541 - val_loss: 0.6285 - val_acc: 0.6491
Epoch 39/300
 - 2s - loss: 0.7747 - acc: 0.6565 - val_loss: 0.6263 - val_acc: 0.6487
Epoch 40/300
 - 2s - loss: 0.7751 - acc: 0.6563 - val_loss: 0.6325 - val_acc: 0.6374
Epoch 41/300
 - 2s - loss: 0.7748 - acc: 0.6548 - val_loss: 0.6331 - val_acc: 0.6416
Epoch 42/300
 - 2s - loss: 0.7739 - acc: 0.6535 - val_loss: 0.6262 - val_acc: 0.6490
Epoch 43/300
 - 2s - loss: 0.7739 - acc: 0.6570 - val_loss: 0.6301 - val_acc: 0.6429
Epoch 44/300
 - 2s - loss: 0.7737 - acc: 0.6538 - val_loss: 0.6283 - val_acc: 0.6450
Epoch 45/300
 - 2s - loss: 0.7741 - acc: 0.6583 - val_loss: 0.6282 - val_acc: 0.6436
Epoch 46/300
 - 2s - loss: 0.7734 - acc: 0.6568 - val_loss: 0.6273 - val_acc: 0.6427
Epoch 47/300
 - 2s - loss: 0.7723 - acc: 0.6578 - val_loss: 0.6251 - val_acc: 0.6456
Epoch 48/300
 - 2s - loss: 0.7724 - acc: 0.6555 - val_loss: 0.6164 - val_acc: 0.6591
Epoch 49/300
 - 2s - loss: 0.7730 - acc: 0.6565 - val_loss: 0.6199 - val_acc: 0.6544
Epoch 50/300
 - 2s - loss: 0.7739 - acc: 0.6563 - val_loss: 0.6310 - val_acc: 0.6414
Epoch 51/300
 - 2s - loss: 0.7724 - acc: 0.6567 - val_loss: 0.6242 - val_acc: 0.6472
Epoch 52/300
 - 2s - loss: 0.7724 - acc: 0.6557 - val_loss: 0.6338 - val_acc: 0.6424
Epoch 53/300
 - 2s - loss: 0.7727 - acc: 0.6600 - val_loss: 0.6327 - val_acc: 0.6397
Epoch 54/300
 - 2s - loss: 0.7726 - acc: 0.6532 - val_loss: 0.6207 - val_acc: 0.6524
Epoch 55/300
 - 2s - loss: 0.7719 - acc: 0.6598 - val_loss: 0.6257 - val_acc: 0.6468
Epoch 56/300
 - 2s - loss: 0.7718 - acc: 0.6567 - val_loss: 0.6245 - val_acc: 0.6477
Epoch 57/300
 - 2s - loss: 0.7712 - acc: 0.6567 - val_loss: 0.6259 - val_acc: 0.6459
Epoch 58/300
 - 2s - loss: 0.7701 - acc: 0.6580 - val_loss: 0.6267 - val_acc: 0.6430
Epoch 59/300
 - 2s - loss: 0.7705 - acc: 0.6569 - val_loss: 0.6330 - val_acc: 0.6370
Epoch 60/300
 - 2s - loss: 0.7704 - acc: 0.6550 - val_loss: 0.6291 - val_acc: 0.6444
Epoch 61/300
 - 2s - loss: 0.7719 - acc: 0.6575 - val_loss: 0.6317 - val_acc: 0.6426
Epoch 62/300
 - 2s - loss: 0.7701 - acc: 0.6590 - val_loss: 0.6255 - val_acc: 0.6448
Epoch 63/300
 - 2s - loss: 0.7696 - acc: 0.6568 - val_loss: 0.6261 - val_acc: 0.6496
Epoch 64/300
 - 2s - loss: 0.7711 - acc: 0.6584 - val_loss: 0.6203 - val_acc: 0.6508
Epoch 65/300
 - 2s - loss: 0.7712 - acc: 0.6572 - val_loss: 0.6194 - val_acc: 0.6526
Epoch 66/300
 - 2s - loss: 0.7686 - acc: 0.6585 - val_loss: 0.6291 - val_acc: 0.6453
Epoch 67/300
 - 2s - loss: 0.7701 - acc: 0.6578 - val_loss: 0.6245 - val_acc: 0.6450
Epoch 68/300
 - 3s - loss: 0.7709 - acc: 0.6564 - val_loss: 0.6442 - val_acc: 0.6340
Epoch 69/300
 - 2s - loss: 0.7702 - acc: 0.6574 - val_loss: 0.6235 - val_acc: 0.6489
Epoch 70/300
 - 2s - loss: 0.7688 - acc: 0.6569 - val_loss: 0.6276 - val_acc: 0.6464
Epoch 71/300
 - 3s - loss: 0.7692 - acc: 0.6585 - val_loss: 0.6255 - val_acc: 0.6461
Epoch 72/300
 - 2s - loss: 0.7697 - acc: 0.6552 - val_loss: 0.6166 - val_acc: 0.6566
Epoch 73/300
 - 2s - loss: 0.7682 - acc: 0.6604 - val_loss: 0.6331 - val_acc: 0.6378
Epoch 74/300
 - 2s - loss: 0.7676 - acc: 0.6594 - val_loss: 0.6209 - val_acc: 0.6518
Epoch 75/300
 - 2s - loss: 0.7696 - acc: 0.6578 - val_loss: 0.6292 - val_acc: 0.6445
Epoch 76/300
 - 2s - loss: 0.7686 - acc: 0.6600 - val_loss: 0.6279 - val_acc: 0.6421
Epoch 77/300
 - 2s - loss: 0.7680 - acc: 0.6588 - val_loss: 0.6211 - val_acc: 0.6491
Epoch 78/300
 - 2s - loss: 0.7677 - acc: 0.6582 - val_loss: 0.6217 - val_acc: 0.6493
Epoch 00078: early stopping
                         : Trained model written to file: electron2016postVFP__3__48__600__0.1/weights/TrainedModel_DNN.h5
                         : Elapsed time for training with 31873 events: 167 sec         
                         : Creating xml weight file: [0;36melectron2016postVFP__3__48__600__0.1/weights/electron2016postVFP__3__48__600__0.1_DNN.weights.xml[0m
                         : Creating standalone class: [0;36melectron2016postVFP__3__48__600__0.1/weights/electron2016postVFP__3__48__600__0.1_DNN.class.C[0m
Factory                  : Training finished
                         : 
                         : Ranking input variables (method specific)...
                         : No variable ranking supplied by classifier: DNN
Factory                  : === Destroy and recreate all methods via weight files for testing ===
                         : 
Factory                  : [1mTest all methods[0m
Factory                  : Test method: DNN for Classification performance
                         : 
                         : Load model from file: electron2016postVFP__3__48__600__0.1/weights/TrainedModel_DNN.h5
Factory                  : [1mEvaluate all methods[0m
Factory                  : Evaluate classifier: DNN
                         : 
TFHandler_DNN            :                         Variable                                Mean                                RMS                        [        Min                                Max ]
                         : -----------------------------------------------------------------------------------------------------------------------------------------------------------------------------------
                         :              belectron_P_jetrest:                          0.085514                            1.0127   [                           -2.9939                            5.7307 ]
                         :              belectron_ptwrtbjet:                          0.060482                            1.0216   [                           -3.2335                            5.7307 ]
                         :                 belectron_dR_l_j:                         -0.020362                            1.0069   [                           -3.1889                            5.7307 ]
                         :                 belectron_nsip3d:                       -0.00010524                            1.0290   [                           -5.7307                            5.7307 ]
                         :              belectron_reltrkiso:                          -0.28401                            1.3012   [                           -3.2960                            3.4822 ]
                         :                 belectron_reliso:                         -0.033450                            1.0239   [                           -3.0856                            5.7307 ]
                         :              belectron_palongjet:                          0.062919                            1.0044   [                           -3.1960                            5.7307 ]
                         :         belectron_palongjetratio:                          0.042842                            1.0152   [                           -3.3438                            5.7307 ]
                         :                     belectron_pt:                          0.090531                            1.0147   [                           -3.4068                            3.8844 ]
                         :                   belectron_aeta:                       -0.00035698                           0.98498   [                           -4.0963                            3.4992 ]
                         :   belectron_full5x5sigmaietaieta:                         -0.028827                            1.0052   [                           -3.3573                            3.8158 ]
                         :         fabs(belectron_detaseed):                         -0.025198                           0.99964   [                           -2.9165                            5.7307 ]
                         :                 belectron_HoverE:                          -0.83735                            1.6034   [                           -3.0215                            3.6983 ]
                         :          belectron_InvEminusInvP:                         -0.037488                            1.0010   [                           -2.8298                            5.7307 ]
                         :     bjet_charge*belectron_charge:                          0.095429                            1.0029   [                           -3.2712                            5.7307 ]
                         :                          bjet_pt:                          0.079703                            1.0202   [                           -3.1154                            5.7307 ]
                         :                        bjet_aeta:                         -0.013710                            1.0000   [                           -3.2389                            5.7307 ]
                         : bjet_ChargedHadronEnergyFraction:                         -0.044789                            1.0101   [                           -3.3612                            5.7307 ]
                         : bjet_NeutralHadronEnergyFraction:                          -0.78962                            1.6508   [                           -3.2699                            5.7307 ]
                         :     bjet_NeutralEmEnergyFraction:                        -0.0059285                            1.0371   [                           -3.3195                            5.7307 ]
                         :     bjet_ChargedEmEnergyFraction:                           -1.1106                            1.7460   [                           -3.1856                            5.7307 ]
                         :          bjet_MuonEnergyFraction:                           -2.3395                            1.0015   [                           -2.7041                            5.7307 ]
                         :                fabs(bjet_charge):                          0.054553                            1.0188   [                           -3.3279                            5.7307 ]
                         :         bjet_ChargedMultiplicity:                        0.00078311                            1.0153   [                           -5.4070                            5.7307 ]
                         :         bjet_NeutralMultiplicity:                         0.0092047                            1.0094   [                           -5.1568                            5.7307 ]
                         : -----------------------------------------------------------------------------------------------------------------------------------------------------------------------------------
DNN                      : [electron2016postVFP__3__48__600__0.1] : Loop over test events and fill histograms with classifier response...
                         : 
TFHandler_DNN            :                         Variable                                Mean                                RMS                        [        Min                                Max ]
                         : -----------------------------------------------------------------------------------------------------------------------------------------------------------------------------------
                         :              belectron_P_jetrest:                          0.085514                            1.0127   [                           -2.9939                            5.7307 ]
                         :              belectron_ptwrtbjet:                          0.060482                            1.0216   [                           -3.2335                            5.7307 ]
                         :                 belectron_dR_l_j:                         -0.020362                            1.0069   [                           -3.1889                            5.7307 ]
                         :                 belectron_nsip3d:                       -0.00010524                            1.0290   [                           -5.7307                            5.7307 ]
                         :              belectron_reltrkiso:                          -0.28401                            1.3012   [                           -3.2960                            3.4822 ]
                         :                 belectron_reliso:                         -0.033450                            1.0239   [                           -3.0856                            5.7307 ]
                         :              belectron_palongjet:                          0.062919                            1.0044   [                           -3.1960                            5.7307 ]
                         :         belectron_palongjetratio:                          0.042842                            1.0152   [                           -3.3438                            5.7307 ]
                         :                     belectron_pt:                          0.090531                            1.0147   [                           -3.4068                            3.8844 ]
                         :                   belectron_aeta:                       -0.00035698                           0.98498   [                           -4.0963                            3.4992 ]
                         :   belectron_full5x5sigmaietaieta:                         -0.028827                            1.0052   [                           -3.3573                            3.8158 ]
                         :         fabs(belectron_detaseed):                         -0.025198                           0.99964   [                           -2.9165                            5.7307 ]
                         :                 belectron_HoverE:                          -0.83735                            1.6034   [                           -3.0215                            3.6983 ]
                         :          belectron_InvEminusInvP:                         -0.037488                            1.0010   [                           -2.8298                            5.7307 ]
                         :     bjet_charge*belectron_charge:                          0.095429                            1.0029   [                           -3.2712                            5.7307 ]
                         :                          bjet_pt:                          0.079703                            1.0202   [                           -3.1154                            5.7307 ]
                         :                        bjet_aeta:                         -0.013710                            1.0000   [                           -3.2389                            5.7307 ]
                         : bjet_ChargedHadronEnergyFraction:                         -0.044789                            1.0101   [                           -3.3612                            5.7307 ]
                         : bjet_NeutralHadronEnergyFraction:                          -0.78962                            1.6508   [                           -3.2699                            5.7307 ]
                         :     bjet_NeutralEmEnergyFraction:                        -0.0059285                            1.0371   [                           -3.3195                            5.7307 ]
                         :     bjet_ChargedEmEnergyFraction:                           -1.1106                            1.7460   [                           -3.1856                            5.7307 ]
                         :          bjet_MuonEnergyFraction:                           -2.3395                            1.0015   [                           -2.7041                            5.7307 ]
                         :                fabs(bjet_charge):                          0.054553                            1.0188   [                           -3.3279                            5.7307 ]
                         :         bjet_ChargedMultiplicity:                        0.00078311                            1.0153   [                           -5.4070                            5.7307 ]
                         :         bjet_NeutralMultiplicity:                         0.0092047                            1.0094   [                           -5.1568                            5.7307 ]
                         : -----------------------------------------------------------------------------------------------------------------------------------------------------------------------------------
                         : [32m
                         : <PlotVariables> Will not produce scatter plots ==> 
                         : |  The number of 25 input variables and 0 target values would require 300 two-dimensional
                         : |  histograms, which would occupy the computer's memory. Note that this
                         : |  suppression does not have any consequences for your analysis, other
                         : |  than not disposing of these scatter plots. You can modify the maximum
                         : |  number of input variables allowed to generate scatter plots in your
                         : |  script via the command line:
                         : |  "(TMVA::gConfig().GetVariablePlotting()).fMaxNumOfAllowedVariablesForScatterPlots = <some int>;"[0m
                         : 
                         : Some more output
                         : 
                         : Evaluation results ranked by best signal efficiency and purity (area)
                         : -------------------------------------------------------------------------------------------------------------------
                         : DataSet       MVA                       
                         : Name:         Method:          ROC-integ
                         : electron2016postVFP__3__48__600__0.1 DNN            : 0.720
                         : -------------------------------------------------------------------------------------------------------------------
                         : 
                         : Testing efficiency compared to training efficiency (overtraining check)
                         : -------------------------------------------------------------------------------------------------------------------
                         : DataSet              MVA              Signal efficiency: from test sample (from training sample) 
                         : Name:                Method:          @B=0.01             @B=0.10            @B=0.30   
                         : -------------------------------------------------------------------------------------------------------------------
                         : electron2016postVFP__3__48__600__0.1 DNN            : 0.089 (0.102)       0.348 (0.374)      0.614 (0.631)
                         : -------------------------------------------------------------------------------------------------------------------
                         : 
Dataset:electron2016po...: Created tree 'TestTree' with 39822 events
                         : 
Dataset:electron2016po...: Created tree 'TrainTree' with 31873 events
                         : 
Factory                  : [1mThank you for using TMVA![0m
                         : [1mFor citation information, please visit: http://tmva.sf.net/citeTMVA.html[0m
ref.cut= DNN 0.483071010104
auc= 0.719507326341
myerr=0
[ntry=1]
