Submitting job(s)............................................................................................................................................................................................................................................................................................................
300 job(s) submitted to cluster 2178541.
Submitting job(s)............................................................................................................................................................................................................................................................................................................
300 job(s) submitted to cluster 2178548.
Submitting job(s)...........................................................................................................................................................................................................................
219 job(s) submitted to cluster 2178556.
Submitting job(s)............................................................................................................................................................................................................................................................................................................
300 job(s) submitted to cluster 2178557.
Submitting job(s)............................................................................................................................................................................................................................................................................................................
300 job(s) submitted to cluster 2178558.
Submitting job(s)............................................................................................................................................................................................................................................................................................................
300 job(s) submitted to cluster 2178559.
condor_submit WORKDIR_HADD/run.jds > WORKDIR_HADD/run.jid
condor_submit WORKDIR_HADD/run.jds > WORKDIR_HADD/run.jid
condor_submit WORKDIR_HADD/run.jds > WORKDIR_HADD/run.jid
condor_submit WORKDIR_HADD/run.jds > WORKDIR_HADD/run.jid
condor_submit WORKDIR_HADD/run.jds > WORKDIR_HADD/run.jid
condor_submit WORKDIR_HADD/run.jds > WORKDIR_HADD/run.jid
##################################################
Submission Finished
- JobID = 288361
- Analyzer = LepJetChargeReliability_RECO
- Skim = SkimTree_Dilepton
- InputSamples = ['DYJetsToEE_MiNNLO', 'DYJetsToMuMu_MiNNLO', 'DYJetsToTauTau_MiNNLO', 'TTLJ_powheg', 'TTLL_powheg', 'WJets_MG']
- NJobs = 300
- Era = 2017
- UserFlags = ['TreeMode']
- RunDir = /data6/Users/jhchoi/SKFlatRunlog//2023_12_14_164906__288361__LepJetChargeReliability_RECO__Era2017__SkimTree_Dilepton__TreeMode__TAMSA1/WJets_MG/
- output will be send to : /data6/Users/jhchoi/SKFlatOutput//Run2UltraLegacy_v3/LepJetChargeReliability_RECO/2017/TreeMode__
##################################################
submit hadd
<AFTER hadd fin. please rm remainings..>
rm /data6/Users/jhchoi/SKFlatRunlog//2023_12_14_164906__288361__LepJetChargeReliability_RECO__Era2017__SkimTree_Dilepton__TreeMode__TAMSA1/DYJetsToEE_MiNNLO//output/*.root
submit hadd
<AFTER hadd fin. please rm remainings..>
rm /data6/Users/jhchoi/SKFlatRunlog//2023_12_14_164906__288361__LepJetChargeReliability_RECO__Era2017__SkimTree_Dilepton__TreeMode__TAMSA1/DYJetsToMuMu_MiNNLO//output/*.root
submit hadd
<AFTER hadd fin. please rm remainings..>
rm /data6/Users/jhchoi/SKFlatRunlog//2023_12_14_164906__288361__LepJetChargeReliability_RECO__Era2017__SkimTree_Dilepton__TreeMode__TAMSA1/DYJetsToTauTau_MiNNLO//output/*.root
submit hadd
<AFTER hadd fin. please rm remainings..>
rm /data6/Users/jhchoi/SKFlatRunlog//2023_12_14_164906__288361__LepJetChargeReliability_RECO__Era2017__SkimTree_Dilepton__TreeMode__TAMSA1/TTLJ_powheg//output/*.root
submit hadd
<AFTER hadd fin. please rm remainings..>
rm /data6/Users/jhchoi/SKFlatRunlog//2023_12_14_164906__288361__LepJetChargeReliability_RECO__Era2017__SkimTree_Dilepton__TreeMode__TAMSA1/TTLL_powheg//output/*.root
submit hadd
<AFTER hadd fin. please rm remainings..>
rm /data6/Users/jhchoi/SKFlatRunlog//2023_12_14_164906__288361__LepJetChargeReliability_RECO__Era2017__SkimTree_Dilepton__TreeMode__TAMSA1/WJets_MG//output/*.root
