<sig cut>= 1.
<bkg cut>= 1.
_________________________________________________________________
Layer (type)                 Output Shape              Param #   
=================================================================
dense_1 (Dense)              (None, 128)               3328      
_________________________________________________________________
batch_normalization_1 (Batch (None, 128)               512       
_________________________________________________________________
activation_1 (Activation)    (None, 128)               0         
_________________________________________________________________
dropout_1 (Dropout)          (None, 128)               0         
_________________________________________________________________
dense_2 (Dense)              (None, 128)               16512     
_________________________________________________________________
batch_normalization_2 (Batch (None, 128)               512       
_________________________________________________________________
activation_2 (Activation)    (None, 128)               0         
_________________________________________________________________
dropout_2 (Dropout)          (None, 128)               0         
_________________________________________________________________
dense_3 (Dense)              (None, 128)               16512     
_________________________________________________________________
batch_normalization_3 (Batch (None, 128)               512       
_________________________________________________________________
activation_3 (Activation)    (None, 128)               0         
_________________________________________________________________
dropout_3 (Dropout)          (None, 128)               0         
_________________________________________________________________
dense_4 (Dense)              (None, 128)               16512     
_________________________________________________________________
batch_normalization_4 (Batch (None, 128)               512       
_________________________________________________________________
activation_4 (Activation)    (None, 128)               0         
_________________________________________________________________
dropout_4 (Dropout)          (None, 128)               0         
_________________________________________________________________
dense_5 (Dense)              (None, 128)               16512     
_________________________________________________________________
batch_normalization_5 (Batch (None, 128)               512       
_________________________________________________________________
activation_5 (Activation)    (None, 128)               0         
_________________________________________________________________
dropout_5 (Dropout)          (None, 128)               0         
_________________________________________________________________
dense_6 (Dense)              (None, 2)                 258       
_________________________________________________________________
activation_6 (Activation)    (None, 2)                 0         
=================================================================
Total params: 72,194
Trainable params: 70,914
Non-trainable params: 1,280
_________________________________________________________________
---sig_test---
<self.testtree_sig> OutTree/sig
/data6/Users/jhchoi/TMVA/TMVA_TOOL/inputs/TTSemiLepJetAssignment_ProduceTrainingTree/2016preVFP/reduction_1M__/TTSemiLepJetAssignment_ProduceTrainingTree_TTLJ_powheg.root
--bkg_test---
<self.testtree_bkg> OutTree/bkg
/data6/Users/jhchoi/TMVA/TMVA_TOOL/inputs/TTSemiLepJetAssignment_ProduceTrainingTree/2016preVFP/reduction_1M__/TTSemiLepJetAssignment_ProduceTrainingTree_TTLJ_powheg.root
---sig_train---
<self.traintree_sig> OutTree/sig
/data6/Users/jhchoi/TMVA/TMVA_TOOL/inputs/TTSemiLepJetAssignment_ProduceTrainingTree/2016preVFP/reduction_1M__/TTSemiLepJetAssignment_ProduceTrainingTree_TTLJ_powheg.root
---bkg_train---
<self.traintree_bkg> OutTree/bkg
/data6/Users/jhchoi/TMVA/TMVA_TOOL/inputs/TTSemiLepJetAssignment_ProduceTrainingTree/2016preVFP/reduction_1M__/TTSemiLepJetAssignment_ProduceTrainingTree_TTLJ_powheg.root
DataSetInfo              : [2016preVFP__5__128__500__0.2] : Added class "Signal"
                         : Add Tree OutTree/sig of type Signal with 1115198 events
                         : Add Tree OutTree/sig of type Signal with 1115198 events
DataSetInfo              : [2016preVFP__5__128__500__0.2] : Added class "Background"
                         : Add Tree OutTree/bkg of type Background with 1043748 events
                         : Add Tree OutTree/bkg of type Background with 1043748 events
>>>>self.dataloader.PrepareTrainingAndTestTree
Set sig cut -> 1.
Set bkg cut -> 1.
Factory                  : Booking method: [1mDNN[0m
                         : 
DNN                      : [2016preVFP__5__128__500__0.2] : Create Transformation "G" with events from all classes.
                         : 
                         : Transformation, Variable selection : 
                         : Input : variable 'met_pt' <---> Output : variable 'met_pt'
                         : Input : variable 'met_phi' <---> Output : variable 'met_phi'
                         : Input : variable 'lep_pt' <---> Output : variable 'lep_pt'
                         : Input : variable 'lep_eta' <---> Output : variable 'lep_eta'
                         : Input : variable 'lep_phi' <---> Output : variable 'lep_phi'
                         : Input : variable 'blep_pt' <---> Output : variable 'blep_pt'
                         : Input : variable 'blep_eta' <---> Output : variable 'blep_eta'
                         : Input : variable 'blep_phi' <---> Output : variable 'blep_phi'
                         : Input : variable 'blep_E' <---> Output : variable 'blep_E'
                         : Input : variable 'bhad_pt' <---> Output : variable 'bhad_pt'
                         : Input : variable 'bhad_eta' <---> Output : variable 'bhad_eta'
                         : Input : variable 'bhad_phi' <---> Output : variable 'bhad_phi'
                         : Input : variable 'bhad_E' <---> Output : variable 'bhad_E'
                         : Input : variable 'q1jet_pt' <---> Output : variable 'q1jet_pt'
                         : Input : variable 'q1jet_eta' <---> Output : variable 'q1jet_eta'
                         : Input : variable 'q1jet_phi' <---> Output : variable 'q1jet_phi'
                         : Input : variable 'q1jet_E' <---> Output : variable 'q1jet_E'
                         : Input : variable 'q2jet_pt' <---> Output : variable 'q2jet_pt'
                         : Input : variable 'q2jet_eta' <---> Output : variable 'q2jet_eta'
                         : Input : variable 'q2jet_phi' <---> Output : variable 'q2jet_phi'
                         : Input : variable 'q2jet_E' <---> Output : variable 'q2jet_E'
                         : Input : variable 'WhadCand_mass' <---> Output : variable 'WhadCand_mass'
                         : Input : variable 'ThadCand_mass' <---> Output : variable 'ThadCand_mass'
                         : Input : variable 'WlepCand_mt' <---> Output : variable 'WlepCand_mt'
                         : Input : variable 'TlepCand_mt' <---> Output : variable 'TlepCand_mt'
                         : Load model from file: model.h5
Factory                  : [1mTrain all methods[0m
DataSetFactory           : [2016preVFP__5__128__500__0.2] : Number of events in input trees
                         : Dataset[2016preVFP__5__128__500__0.2] :     Signal     requirement: "1."
                         : Dataset[2016preVFP__5__128__500__0.2] :     Signal          -- number of events passed: 2230396  / sum of weights: 109715
                         : Dataset[2016preVFP__5__128__500__0.2] :     Signal          -- efficiency             : 1     
                         : Dataset[2016preVFP__5__128__500__0.2] :     Background requirement: "1."
                         : Dataset[2016preVFP__5__128__500__0.2] :     Background      -- number of events passed: 2087496  / sum of weights: 102896
                         : Dataset[2016preVFP__5__128__500__0.2] :     Background      -- efficiency             : 1     
                         : 
                         : 
                         : Dataset[2016preVFP__5__128__500__0.2] : Weight renormalisation mode: "EqualNumEvents": renormalises all event classes ...
                         : Dataset[2016preVFP__5__128__500__0.2] :  such that the effective (weighted) number of events in each class is the same 
                         : Dataset[2016preVFP__5__128__500__0.2] :  (and equals the number of events (entries) given for class=0 )
                         : Dataset[2016preVFP__5__128__500__0.2] : ... i.e. such that Sum[i=1..N_j]{w_i} = N_classA, j=classA, classB, ...
                         : Dataset[2016preVFP__5__128__500__0.2] : ... (note that N_j is the sum of TRAINING events
                         : Dataset[2016preVFP__5__128__500__0.2] :  ..... Testing events are not renormalised nor included in the renormalisation factor!)
                         : Number of training and testing events
                         : ---------------------------------------------------------------------------
                         : Signal     -- training events            : 1115198
                         : Signal     -- testing events             : 1115198
                         : Signal     -- training and testing events: 2230396
                         : Background -- training events            : 1043748
                         : Background -- testing events             : 1043748
                         : Background -- training and testing events: 2087496
                         : 
DataSetInfo              : Correlation matrix (Signal):
                         : --------------------------------------------------------------------------------------------------------------------------------------------------------------------------------------------------------------------------------------------------------
                         :                 met_pt met_phi  lep_pt lep_eta lep_phi blep_pt blep_eta blep_phi  blep_E bhad_pt bhad_eta bhad_phi  bhad_E q1jet_pt q1jet_eta q1jet_phi q1jet_E q2jet_pt q2jet_eta q2jet_phi q2jet_E WhadCand_mass ThadCand_mass WlepCand_mt TlepCand_mt
                         :        met_pt:  +1.000  -0.002  -0.001  +0.001  +0.000  +0.001   +0.001   -0.001  +0.000  +0.005   +0.000   -0.000  +0.003   +0.007    -0.001    +0.002  +0.004   +0.007    -0.001    +0.002  +0.004        +0.001        +0.002      +0.482      +0.570
                         :       met_phi:  -0.002  +1.000  -0.001  -0.003  +0.089  -0.002   -0.000   +0.065  -0.001  -0.000   +0.002   -0.062  -0.002   -0.001    +0.001    -0.170  -0.002   -0.001    +0.001    -0.170  -0.002        +0.000        +0.001      +0.003      +0.003
                         :        lep_pt:  -0.001  -0.001  +1.000  -0.000  -0.001  +0.018   +0.000   -0.001  +0.001  +0.216   +0.001   +0.000  +0.149   +0.201    -0.001    +0.002  +0.132   +0.201    -0.001    +0.002  +0.132        +0.035        +0.043      +0.080      +0.058
                         :       lep_eta:  +0.001  -0.003  -0.000  +1.000  +0.000  -0.000   +0.658   +0.005  -0.004  -0.001   +0.181   +0.002  -0.002   -0.000    +0.174    +0.001  -0.001   -0.000    +0.174    +0.001  -0.001        -0.002        -0.002      +0.001      +0.001
                         :       lep_phi:  +0.000  +0.089  -0.001  +0.000  +1.000  -0.005   -0.001   +0.076  -0.001  -0.001   +0.001   -0.210  -0.003   -0.000    -0.001    -0.194  -0.002   -0.000    -0.001    -0.194  -0.002        +0.000        -0.000      -0.005      -0.004
                         :       blep_pt:  +0.001  -0.002  +0.018  -0.000  -0.005  +1.000   +0.000   -0.006  +0.686  +0.241   -0.000   +0.003  +0.169   +0.217    -0.000    +0.003  +0.140   +0.217    -0.000    +0.003  +0.140        +0.040        +0.050      +0.031      +0.165
                         :      blep_eta:  +0.001  -0.000  +0.000  +0.658  -0.001  +0.000   +1.000   +0.006  -0.006  +0.001   +0.175   +0.002  -0.002   +0.000    +0.171    +0.001  -0.001   +0.000    +0.171    +0.001  -0.001        -0.001        -0.001      -0.000      +0.001
                         :      blep_phi:  -0.001  +0.065  -0.001  +0.005  +0.076  -0.006   +0.006   +1.000  -0.001  -0.002   +0.003   -0.182  -0.004   +0.001    +0.002    -0.214  -0.000   +0.001    +0.002    -0.214  -0.000        +0.001        +0.001      -0.001      -0.006
                         :        blep_E:  +0.000  -0.001  +0.001  -0.004  -0.001  +0.686   -0.006   -0.001  +1.000  +0.158   -0.003   -0.000  +0.112   +0.143    -0.002    +0.000  +0.095   +0.143    -0.002    +0.000  +0.095        +0.023        +0.028      +0.030      +0.118
                         :       bhad_pt:  +0.005  -0.000  +0.216  -0.001  -0.001  +0.241   +0.001   -0.002  +0.158  +1.000   -0.000   -0.002  +0.704   +0.021    -0.000    +0.001  +0.016   +0.021    -0.000    +0.001  +0.016        +0.069        +0.210      -0.035      -0.031
                         :      bhad_eta:  +0.000  +0.002  +0.001  +0.181  +0.001  -0.000   +0.175   +0.003  -0.003  -0.000   +1.000   +0.002  -0.003   -0.001    +0.595    -0.001  -0.002   -0.001    +0.595    -0.001  -0.002        -0.002        -0.001      +0.000      +0.001
                         :      bhad_phi:  -0.000  -0.062  +0.000  +0.002  -0.210  +0.003   +0.002   -0.182  -0.000  -0.002   +0.002   +1.000  +0.004   -0.001    +0.002    +0.017  +0.001   -0.001    +0.002    +0.017  +0.001        +0.001        +0.000      +0.002      +0.002
                         :        bhad_E:  +0.003  -0.002  +0.149  -0.002  -0.003  +0.169   -0.002   -0.004  +0.112  +0.704   -0.003   +0.004  +1.000   +0.009    -0.002    +0.002  +0.128   +0.009    -0.002    +0.002  +0.128        +0.061        +0.184      -0.026      -0.021
                         :      q1jet_pt:  +0.007  -0.001  +0.201  -0.000  -0.000  +0.217   +0.000   +0.001  +0.143  +0.021   -0.001   -0.001  +0.009   +1.000    +0.000    +0.001  +0.720   +0.082    -0.002    +0.000  +0.056        +0.331        +0.324      -0.030      -0.027
                         :     q1jet_eta:  -0.001  +0.001  -0.001  +0.174  -0.001  -0.000   +0.171   +0.002  -0.002  -0.000   +0.595   +0.002  -0.002   +0.000    +1.000    -0.001  -0.001   -0.002    +0.654    -0.001  -0.002        -0.000        -0.000      +0.001      +0.001
                         :     q1jet_phi:  +0.002  -0.170  +0.002  +0.001  -0.194  +0.003   +0.001   -0.214  +0.000  +0.001   -0.001   +0.017  +0.002   +0.001    -0.001    +1.000  +0.001   +0.000    -0.001    +0.126  +0.000        +0.001        +0.001      +0.001      +0.003
                         :       q1jet_E:  +0.004  -0.002  +0.132  -0.001  -0.002  +0.140   -0.001   -0.000  +0.095  +0.016   -0.002   +0.001  +0.128   +0.720    -0.001    +0.001  +1.000   +0.056    -0.002    +0.000  +0.171        +0.379        +0.375      -0.020      -0.016
                         :      q2jet_pt:  +0.007  -0.001  +0.201  -0.000  -0.000  +0.217   +0.000   +0.001  +0.143  +0.021   -0.001   -0.001  +0.009   +0.082    -0.002    +0.000  +0.056   +1.000    +0.000    +0.001  +0.720        +0.331        +0.324      -0.030      -0.027
                         :     q2jet_eta:  -0.001  +0.001  -0.001  +0.174  -0.001  -0.000   +0.171   +0.002  -0.002  -0.000   +0.595   +0.002  -0.002   -0.002    +0.654    -0.001  -0.002   +0.000    +1.000    -0.001  -0.001        -0.000        -0.000      +0.001      +0.001
                         :     q2jet_phi:  +0.002  -0.170  +0.002  +0.001  -0.194  +0.003   +0.001   -0.214  +0.000  +0.001   -0.001   +0.017  +0.002   +0.000    -0.001    +0.126  +0.000   +0.001    -0.001    +1.000  +0.001        +0.001        +0.001      +0.001      +0.003
                         :       q2jet_E:  +0.004  -0.002  +0.132  -0.001  -0.002  +0.140   -0.001   -0.000  +0.095  +0.016   -0.002   +0.001  +0.128   +0.056    -0.002    +0.000  +0.171   +0.720    -0.001    +0.001  +1.000        +0.379        +0.375      -0.020      -0.016
                         : WhadCand_mass:  +0.001  +0.000  +0.035  -0.002  +0.000  +0.040   -0.001   +0.001  +0.023  +0.069   -0.002   +0.001  +0.061   +0.331    -0.000    +0.001  +0.379   +0.331    -0.000    +0.001  +0.379        +1.000        +0.892      -0.003      +0.003
                         : ThadCand_mass:  +0.002  +0.001  +0.043  -0.002  -0.000  +0.050   -0.001   +0.001  +0.028  +0.210   -0.001   +0.000  +0.184   +0.324    -0.000    +0.001  +0.375   +0.324    -0.000    +0.001  +0.375        +0.892        +1.000      -0.011      -0.003
                         :   WlepCand_mt:  +0.482  +0.003  +0.080  +0.001  -0.005  +0.031   -0.000   -0.001  +0.030  -0.035   +0.000   +0.002  -0.026   -0.030    +0.001    +0.001  -0.020   -0.030    +0.001    +0.001  -0.020        -0.003        -0.011      +1.000      +0.769
                         :   TlepCand_mt:  +0.570  +0.003  +0.058  +0.001  -0.004  +0.165   +0.001   -0.006  +0.118  -0.031   +0.001   +0.002  -0.021   -0.027    +0.001    +0.003  -0.016   -0.027    +0.001    +0.003  -0.016        +0.003        -0.003      +0.769      +1.000
                         : --------------------------------------------------------------------------------------------------------------------------------------------------------------------------------------------------------------------------------------------------------
DataSetInfo              : Correlation matrix (Background):
                         : --------------------------------------------------------------------------------------------------------------------------------------------------------------------------------------------------------------------------------------------------------
                         :                 met_pt met_phi  lep_pt lep_eta lep_phi blep_pt blep_eta blep_phi  blep_E bhad_pt bhad_eta bhad_phi  bhad_E q1jet_pt q1jet_eta q1jet_phi q1jet_E q2jet_pt q2jet_eta q2jet_phi q2jet_E WhadCand_mass ThadCand_mass WlepCand_mt TlepCand_mt
                         :        met_pt:  +1.000  -0.002  +0.012  -0.001  -0.001  +0.019   -0.002   -0.002  +0.013  +0.016   -0.002   -0.003  +0.011   +0.026    -0.001    +0.000  +0.017   +0.026    -0.001    +0.000  +0.017        +0.016        +0.020      +0.338      +0.308
                         :       met_phi:  -0.002  +1.000  +0.002  -0.011  +0.124  -0.005   -0.007   +0.012  -0.006  -0.004   -0.008   +0.025  -0.005   -0.002    -0.003    -0.110  -0.004   -0.002    -0.003    -0.110  -0.004        -0.004        -0.005      -0.001      -0.006
                         :        lep_pt:  +0.012  +0.002  +1.000  -0.008  -0.003  +0.127   -0.003   -0.001  +0.085  +0.111   -0.002   -0.001  +0.074   +0.133    +0.000    +0.003  +0.091   +0.133    +0.000    +0.003  +0.091        +0.081        +0.107      +0.114      +0.308
                         :       lep_eta:  -0.001  -0.011  -0.008  +1.000  +0.003  +0.001   +0.381   +0.004  -0.001  +0.001   +0.432   +0.005  -0.002   +0.002    +0.103    -0.002  +0.002   +0.002    +0.103    -0.002  +0.002        -0.001        +0.001      -0.004      -0.001
                         :       lep_phi:  -0.001  +0.124  -0.003  +0.003  +1.000  -0.009   -0.001   -0.053  -0.010  -0.009   -0.001   -0.022  -0.010   -0.006    +0.002    -0.134  -0.007   -0.006    +0.002    -0.134  -0.007        -0.007        -0.010      +0.009      -0.005
                         :       blep_pt:  +0.019  -0.005  +0.127  +0.001  -0.009  +1.000   -0.008   -0.002  +0.736  +0.180   +0.000   +0.001  +0.123   +0.118    -0.001    -0.000  +0.088   +0.118    -0.001    -0.000  +0.088        +0.092        +0.125      +0.007      +0.557
                         :      blep_eta:  -0.002  -0.007  -0.003  +0.381  -0.001  -0.008   +1.000   +0.001  -0.014  -0.001   +0.180   +0.004  -0.001   +0.002    +0.203    +0.001  +0.002   +0.002    +0.203    +0.001  +0.002        +0.000        -0.001      -0.000      -0.007
                         :      blep_phi:  -0.002  +0.012  -0.001  +0.004  -0.053  -0.002   +0.001   +1.000  +0.000  +0.001   +0.004   -0.149  -0.003   -0.001    +0.002    -0.065  -0.002   -0.001    +0.002    -0.065  -0.002        -0.002        -0.003      -0.003      -0.003
                         :        blep_E:  +0.013  -0.006  +0.085  -0.001  -0.010  +0.736   -0.014   +0.000  +1.000  +0.124   +0.000   -0.003  +0.088   +0.082    -0.003    +0.000  +0.083   +0.082    -0.003    +0.000  +0.083        +0.077        +0.097      +0.009      +0.415
                         :       bhad_pt:  +0.016  -0.004  +0.111  +0.001  -0.009  +0.180   -0.001   +0.001  +0.124  +1.000   -0.007   -0.002  +0.734   +0.129    -0.002    -0.000  +0.092   +0.129    -0.002    -0.000  +0.092        +0.086        +0.436      +0.012      +0.064
                         :      bhad_eta:  -0.002  -0.008  -0.002  +0.432  -0.001  +0.000   +0.180   +0.004  +0.000  -0.007   +1.000   +0.002  -0.014   +0.002    +0.165    +0.001  +0.002   +0.002    +0.165    +0.001  +0.002        +0.001        -0.000      -0.000      +0.000
                         :      bhad_phi:  -0.003  +0.025  -0.001  +0.005  -0.022  +0.001   +0.004   -0.149  -0.003  -0.002   +0.002   +1.000  -0.000   -0.001    +0.002    -0.089  -0.002   -0.001    +0.002    -0.089  -0.002        -0.003        -0.001      -0.003      -0.001
                         :        bhad_E:  +0.011  -0.005  +0.074  -0.002  -0.010  +0.123   -0.001   -0.003  +0.088  +0.734   -0.014   -0.000  +1.000   +0.089    -0.003    -0.001  +0.080   +0.089    -0.003    -0.001  +0.080        +0.071        +0.430      +0.014      +0.037
                         :      q1jet_pt:  +0.026  -0.002  +0.133  +0.002  -0.006  +0.118   +0.002   -0.001  +0.082  +0.129   +0.002   -0.001  +0.089   +1.000    -0.002    +0.002  +0.751   +0.096    +0.000    -0.001  +0.065        +0.481        +0.500      -0.006      +0.040
                         :     q1jet_eta:  -0.001  -0.003  +0.000  +0.103  +0.002  -0.001   +0.203   +0.002  -0.003  -0.002   +0.165   +0.002  -0.003   -0.002    +1.000    +0.002  -0.007   +0.000    +0.133    -0.001  -0.001        -0.002        -0.004      +0.003      -0.002
                         :     q1jet_phi:  +0.000  -0.110  +0.003  -0.002  -0.134  -0.000   +0.001   -0.065  +0.000  -0.000   +0.001   -0.089  -0.001   +0.002    +0.002    +1.000  +0.003   -0.001    -0.001    -0.025  -0.001        +0.004        +0.002      -0.003      +0.001
                         :       q1jet_E:  +0.017  -0.004  +0.091  +0.002  -0.007  +0.088   +0.002   -0.002  +0.083  +0.092   +0.002   -0.002  +0.080   +0.751    -0.007    +0.003  +1.000   +0.065    -0.001    -0.001  +0.052        +0.517        +0.528      -0.004      +0.023
                         :      q2jet_pt:  +0.026  -0.002  +0.133  +0.002  -0.006  +0.118   +0.002   -0.001  +0.082  +0.129   +0.002   -0.001  +0.089   +0.096    +0.000    -0.001  +0.065   +1.000    -0.002    +0.002  +0.751        +0.481        +0.500      -0.006      +0.040
                         :     q2jet_eta:  -0.001  -0.003  +0.000  +0.103  +0.002  -0.001   +0.203   +0.002  -0.003  -0.002   +0.165   +0.002  -0.003   +0.000    +0.133    -0.001  -0.001   -0.002    +1.000    +0.002  -0.007        -0.002        -0.004      +0.003      -0.002
                         :     q2jet_phi:  +0.000  -0.110  +0.003  -0.002  -0.134  -0.000   +0.001   -0.065  +0.000  -0.000   +0.001   -0.089  -0.001   -0.001    -0.001    -0.025  -0.001   +0.002    +0.002    +1.000  +0.003        +0.004        +0.002      -0.003      +0.001
                         :       q2jet_E:  +0.017  -0.004  +0.091  +0.002  -0.007  +0.088   +0.002   -0.002  +0.083  +0.092   +0.002   -0.002  +0.080   +0.065    -0.001    -0.001  +0.052   +0.751    -0.007    +0.003  +1.000        +0.517        +0.528      -0.004      +0.023
                         : WhadCand_mass:  +0.016  -0.004  +0.081  -0.001  -0.007  +0.092   +0.000   -0.002  +0.077  +0.086   +0.001   -0.003  +0.071   +0.481    -0.002    +0.004  +0.517   +0.481    -0.002    +0.004  +0.517        +1.000        +0.785      +0.001      +0.017
                         : ThadCand_mass:  +0.020  -0.005  +0.107  +0.001  -0.010  +0.125   -0.001   -0.003  +0.097  +0.436   -0.000   -0.001  +0.430   +0.500    -0.004    +0.002  +0.528   +0.500    -0.004    +0.002  +0.528        +0.785        +1.000      +0.007      +0.064
                         :   WlepCand_mt:  +0.338  -0.001  +0.114  -0.004  +0.009  +0.007   -0.000   -0.003  +0.009  +0.012   -0.000   -0.003  +0.014   -0.006    +0.003    -0.003  -0.004   -0.006    +0.003    -0.003  -0.004        +0.001        +0.007      +1.000      +0.347
                         :   TlepCand_mt:  +0.308  -0.006  +0.308  -0.001  -0.005  +0.557   -0.007   -0.003  +0.415  +0.064   +0.000   -0.001  +0.037   +0.040    -0.002    +0.001  +0.023   +0.040    -0.002    +0.001  +0.023        +0.017        +0.064      +0.347      +1.000
                         : --------------------------------------------------------------------------------------------------------------------------------------------------------------------------------------------------------------------------------------------------------
DataSetFactory           : [2016preVFP__5__128__500__0.2] :  
                         : 
Factory                  : [2016preVFP__5__128__500__0.2] : Create Transformation "I" with events from all classes.
                         : 
                         : Transformation, Variable selection : 
                         : Input : variable 'met_pt' <---> Output : variable 'met_pt'
                         : Input : variable 'met_phi' <---> Output : variable 'met_phi'
                         : Input : variable 'lep_pt' <---> Output : variable 'lep_pt'
                         : Input : variable 'lep_eta' <---> Output : variable 'lep_eta'
                         : Input : variable 'lep_phi' <---> Output : variable 'lep_phi'
                         : Input : variable 'blep_pt' <---> Output : variable 'blep_pt'
                         : Input : variable 'blep_eta' <---> Output : variable 'blep_eta'
                         : Input : variable 'blep_phi' <---> Output : variable 'blep_phi'
                         : Input : variable 'blep_E' <---> Output : variable 'blep_E'
                         : Input : variable 'bhad_pt' <---> Output : variable 'bhad_pt'
                         : Input : variable 'bhad_eta' <---> Output : variable 'bhad_eta'
                         : Input : variable 'bhad_phi' <---> Output : variable 'bhad_phi'
                         : Input : variable 'bhad_E' <---> Output : variable 'bhad_E'
                         : Input : variable 'q1jet_pt' <---> Output : variable 'q1jet_pt'
                         : Input : variable 'q1jet_eta' <---> Output : variable 'q1jet_eta'
                         : Input : variable 'q1jet_phi' <---> Output : variable 'q1jet_phi'
                         : Input : variable 'q1jet_E' <---> Output : variable 'q1jet_E'
                         : Input : variable 'q2jet_pt' <---> Output : variable 'q2jet_pt'
                         : Input : variable 'q2jet_eta' <---> Output : variable 'q2jet_eta'
                         : Input : variable 'q2jet_phi' <---> Output : variable 'q2jet_phi'
                         : Input : variable 'q2jet_E' <---> Output : variable 'q2jet_E'
                         : Input : variable 'WhadCand_mass' <---> Output : variable 'WhadCand_mass'
                         : Input : variable 'ThadCand_mass' <---> Output : variable 'ThadCand_mass'
                         : Input : variable 'WlepCand_mt' <---> Output : variable 'WlepCand_mt'
                         : Input : variable 'TlepCand_mt' <---> Output : variable 'TlepCand_mt'
TFHandler_Factory        :      Variable             Mean             RMS     [        Min             Max ]
                         : ------------------------------------------------------------------------------------
                         :        met_pt:         77.697         1332.1   [        0.15807     1.4843e+06 ]
                         :       met_phi:    -0.00056862         1.8260   [        -3.1416         3.1416 ]
                         :        lep_pt:         70.114         41.857   [         27.000         854.86 ]
                         :       lep_eta:     0.00071005         1.0208   [        -2.4999         2.4981 ]
                         :       lep_phi:     -0.0034300         1.8149   [        -3.1416         3.1416 ]
                         :       blep_pt:         88.216         54.851   [         30.000         1545.9 ]
                         :      blep_eta:     0.00095637         1.0115   [        -2.3999         2.3998 ]
                         :      blep_phi:     -0.0098734         1.8090   [        -3.1416         3.1416 ]
                         :        blep_E:         141.04         111.84   [         30.363         3152.3 ]
                         :       bhad_pt:         85.766         54.521   [         30.000         1417.6 ]
                         :      bhad_eta:    -0.00012168         1.0068   [        -2.3999         2.3998 ]
                         :      bhad_phi:     -0.0061210         1.8085   [        -3.1416         3.1416 ]
                         :        bhad_E:         136.68         109.67   [         30.298         3152.3 ]
                         :      q1jet_pt:         75.395         58.159   [         30.000         1721.8 ]
                         :     q1jet_eta:     -0.0017175         1.1191   [        -2.4000         2.4000 ]
                         :     q1jet_phi:     0.00012138         1.8145   [        -3.1416         3.1416 ]
                         :       q1jet_E:         134.32         136.00   [         30.137         4151.1 ]
                         :      q2jet_pt:         75.395         58.159   [         30.000         1721.8 ]
                         :     q2jet_eta:     -0.0017175         1.1191   [        -2.4000         2.4000 ]
                         :     q2jet_phi:     0.00012138         1.8145   [        -3.1416         3.1416 ]
                         :       q2jet_E:         134.32         136.00   [         30.137         4151.1 ]
                         : WhadCand_mass:         127.37         112.34   [         14.411         3543.4 ]
                         : ThadCand_mass:         248.43         162.53   [         38.337         3951.8 ]
                         :   WlepCand_mt:         66.503         45.025   [     0.00015639         15271. ]
                         :   TlepCand_mt:         155.63         81.566   [         8.8625         26789. ]
                         : ------------------------------------------------------------------------------------
                         : [32m
                         : <PlotVariables> Will not produce scatter plots ==> 
                         : |  The number of 25 input variables and 0 target values would require 300 two-dimensional
                         : |  histograms, which would occupy the computer's memory. Note that this
                         : |  suppression does not have any consequences for your analysis, other
                         : |  than not disposing of these scatter plots. You can modify the maximum
                         : |  number of input variables allowed to generate scatter plots in your
                         : |  script via the command line:
                         : |  "(TMVA::gConfig().GetVariablePlotting()).fMaxNumOfAllowedVariablesForScatterPlots = <some int>;"[0m
                         : 
                         : Some more output
                         : Ranking input variables (method unspecific)...
IdTransformation         : Ranking result (top variable is best ranked)
                         : --------------------------------------
                         : Rank : Variable      : Separation
                         : --------------------------------------
                         :    1 : ThadCand_mass : 3.978e-01
                         :    2 : WhadCand_mass : 3.128e-01
                         :    3 : TlepCand_mt   : 6.100e-02
                         :    4 : q2jet_E       : 1.796e-02
                         :    5 : q1jet_E       : 1.796e-02
                         :    6 : q1jet_eta     : 1.368e-02
                         :    7 : q2jet_eta     : 1.368e-02
                         :    8 : bhad_pt       : 1.070e-02
                         :    9 : q2jet_pt      : 9.467e-03
                         :   10 : q1jet_pt      : 9.467e-03
                         :   11 : bhad_E        : 8.010e-03
                         :   12 : blep_pt       : 3.254e-03
                         :   13 : lep_pt        : 2.238e-03
                         :   14 : blep_E        : 1.431e-03
                         :   15 : WlepCand_mt   : 1.168e-03
                         :   16 : met_pt        : 9.314e-04
                         :   17 : bhad_eta      : 2.922e-04
                         :   18 : lep_eta       : 1.753e-04
                         :   19 : blep_eta      : 1.690e-04
                         :   20 : lep_phi       : 1.660e-04
                         :   21 : met_phi       : 1.399e-04
                         :   22 : blep_phi      : 1.268e-04
                         :   23 : bhad_phi      : 1.100e-04
                         :   24 : q2jet_phi     : 4.237e-05
                         :   25 : q1jet_phi     : 4.236e-05
                         : --------------------------------------
Factory                  : Train method: DNN for Classification
                         : 
                         : 
                         : [1m================================================================[0m
                         : [1mH e l p   f o r   M V A   m e t h o d   [ DNN ] :[0m
                         : 
                         : Keras is a high-level API for the Theano and Tensorflow packages.
                         : This method wraps the training and predictions steps of the Keras
                         : Python package for TMVA, so that dataloading, preprocessing and
                         : evaluation can be done within the TMVA system. To use this Keras
                         : interface, you have to generate a model with Keras first. Then,
                         : this model can be loaded and trained in TMVA.
                         : 
                         : 
                         : <Suppress this message by specifying "!H" in the booking option>
                         : [1m================================================================[0m
                         : 
                         : Preparing the Gaussian transformation...
TFHandler_DNN            :      Variable             Mean             RMS     [        Min             Max ]
                         : ------------------------------------------------------------------------------------
                         :        met_pt:        0.31710        0.42058   [       -0.17134         5.7307 ]
                         :       met_phi:      0.0025620        0.99674   [        -3.2954         5.7307 ]
                         :        lep_pt:      0.0023624        0.99513   [        -3.1810         5.7307 ]
                         :       lep_eta:      0.0024536        0.99628   [        -3.2935         5.7307 ]
                         :       lep_phi:      0.0025826        0.99625   [        -3.2847         5.7307 ]
                         :       blep_pt:      0.0022251        0.99516   [        -3.1908         5.7307 ]
                         :      blep_eta:      0.0024478        0.99629   [        -3.2900         5.7307 ]
                         :      blep_phi:      0.0025485        0.99663   [        -3.2838         5.7307 ]
                         :        blep_E:      0.0024107        0.99535   [        -3.2814         5.7307 ]
                         :       bhad_pt:      0.0021854        0.99524   [        -3.1731         5.7307 ]
                         :      bhad_eta:      0.0024897        0.99641   [        -3.2909         5.7307 ]
                         :      bhad_phi:      0.0025650        0.99661   [        -3.2852         5.7307 ]
                         :        bhad_E:      0.0022619        0.99555   [        -3.3012         5.7307 ]
                         :      q1jet_pt:      0.0022593        0.99517   [        -3.1667         5.7307 ]
                         :     q1jet_eta:      0.0024862        0.99630   [        -3.2884         5.7307 ]
                         :     q1jet_phi:      0.0024693        0.99637   [        -3.2894         5.7307 ]
                         :       q1jet_E:      0.0023724        0.99505   [        -3.2626         5.7307 ]
                         :      q2jet_pt:      0.0022465        0.99516   [        -3.1667         5.7307 ]
                         :     q2jet_eta:      0.0024794        0.99636   [        -3.2884         5.7307 ]
                         :     q2jet_phi:      0.0024909        0.99643   [        -3.2894         5.7307 ]
                         :       q2jet_E:      0.0023296        0.99501   [        -3.2626         5.7307 ]
                         : WhadCand_mass:      0.0023630        0.99517   [        -3.2913         5.7307 ]
                         : ThadCand_mass:      0.0023391        0.99524   [        -3.2918         5.7307 ]
                         :   WlepCand_mt:      0.0021910        0.99535   [        -3.2072         5.7307 ]
                         :   TlepCand_mt:      0.0023148        0.99484   [        -3.2963         5.7307 ]
                         : ------------------------------------------------------------------------------------
                         : Option TriesEarlyStopping: Training will stop after 30 number of epochs with no improvement of validation loss
Train on 2158946 samples, validate on 2158946 samples
Epoch 1/300
 - 500s - loss: 0.4224 - acc: 0.8500 - val_loss: 0.0395 - val_acc: 0.8648
Epoch 2/300
 - 505s - loss: 0.3811 - acc: 0.8618 - val_loss: 0.0359 - val_acc: 0.8668
Epoch 3/300
 - 508s - loss: 0.3755 - acc: 0.8634 - val_loss: 0.0343 - val_acc: 0.8703
Epoch 4/300
 - 506s - loss: 0.3728 - acc: 0.8639 - val_loss: 0.0336 - val_acc: 0.8683
Epoch 5/300
 - 510s - loss: 0.3707 - acc: 0.8646 - val_loss: 0.0332 - val_acc: 0.8693
Epoch 6/300
 - 512s - loss: 0.3698 - acc: 0.8650 - val_loss: 0.0331 - val_acc: 0.8681
Epoch 7/300
 - 512s - loss: 0.3686 - acc: 0.8655 - val_loss: 0.0324 - val_acc: 0.8716
Epoch 8/300
 - 518s - loss: 0.3677 - acc: 0.8657 - val_loss: 0.0321 - val_acc: 0.8719
Epoch 9/300
 - 504s - loss: 0.3669 - acc: 0.8659 - val_loss: 0.0318 - val_acc: 0.8718
Epoch 10/300
 - 512s - loss: 0.3663 - acc: 0.8662 - val_loss: 0.0318 - val_acc: 0.8714
Epoch 11/300
 - 516s - loss: 0.3661 - acc: 0.8661 - val_loss: 0.0317 - val_acc: 0.8715
Epoch 12/300
 - 514s - loss: 0.3658 - acc: 0.8662 - val_loss: 0.0313 - val_acc: 0.8721
Epoch 13/300
 - 515s - loss: 0.3652 - acc: 0.8665 - val_loss: 0.0314 - val_acc: 0.8723
Epoch 14/300
 - 510s - loss: 0.3649 - acc: 0.8665 - val_loss: 0.0312 - val_acc: 0.8727
Epoch 15/300
 - 515s - loss: 0.3648 - acc: 0.8665 - val_loss: 0.0311 - val_acc: 0.8732
Epoch 16/300
 - 517s - loss: 0.3644 - acc: 0.8668 - val_loss: 0.0311 - val_acc: 0.8729
Epoch 17/300
 - 519s - loss: 0.3641 - acc: 0.8668 - val_loss: 0.0310 - val_acc: 0.8714
Epoch 18/300
 - 512s - loss: 0.3642 - acc: 0.8668 - val_loss: 0.0309 - val_acc: 0.8716
Epoch 19/300
 - 514s - loss: 0.3640 - acc: 0.8668 - val_loss: 0.0312 - val_acc: 0.8714
Epoch 20/300
 - 509s - loss: 0.3635 - acc: 0.8670 - val_loss: 0.0309 - val_acc: 0.8726
Epoch 21/300
 - 516s - loss: 0.3632 - acc: 0.8672 - val_loss: 0.0307 - val_acc: 0.8735
Epoch 22/300
 - 516s - loss: 0.3634 - acc: 0.8670 - val_loss: 0.0308 - val_acc: 0.8728
Epoch 23/300
 - 520s - loss: 0.3631 - acc: 0.8674 - val_loss: 0.0310 - val_acc: 0.8703
Epoch 24/300
 - 512s - loss: 0.3631 - acc: 0.8670 - val_loss: 0.0308 - val_acc: 0.8721
Epoch 25/300
 - 513s - loss: 0.3629 - acc: 0.8669 - val_loss: 0.0307 - val_acc: 0.8729
Epoch 26/300
 - 513s - loss: 0.3628 - acc: 0.8672 - val_loss: 0.0306 - val_acc: 0.8728
Epoch 27/300
 - 510s - loss: 0.3625 - acc: 0.8673 - val_loss: 0.0306 - val_acc: 0.8722
Epoch 28/300
 - 515s - loss: 0.3626 - acc: 0.8675 - val_loss: 0.0305 - val_acc: 0.8733
Epoch 29/300
 - 513s - loss: 0.3623 - acc: 0.8674 - val_loss: 0.0304 - val_acc: 0.8728
Epoch 30/300
 - 509s - loss: 0.3624 - acc: 0.8674 - val_loss: 0.0305 - val_acc: 0.8728
Epoch 31/300
 - 499s - loss: 0.3623 - acc: 0.8674 - val_loss: 0.0304 - val_acc: 0.8729
Epoch 32/300
 - 498s - loss: 0.3622 - acc: 0.8673 - val_loss: 0.0304 - val_acc: 0.8740
Epoch 33/300
 - 502s - loss: 0.3621 - acc: 0.8674 - val_loss: 0.0305 - val_acc: 0.8728
Epoch 34/300
 - 497s - loss: 0.3623 - acc: 0.8673 - val_loss: 0.0306 - val_acc: 0.8729
Epoch 35/300
 - 499s - loss: 0.3619 - acc: 0.8674 - val_loss: 0.0305 - val_acc: 0.8738
Epoch 36/300
 - 508s - loss: 0.3618 - acc: 0.8676 - val_loss: 0.0305 - val_acc: 0.8728
Epoch 37/300
 - 507s - loss: 0.3619 - acc: 0.8673 - val_loss: 0.0305 - val_acc: 0.8728
Epoch 38/300
 - 514s - loss: 0.3618 - acc: 0.8674 - val_loss: 0.0304 - val_acc: 0.8736
Epoch 39/300
 - 519s - loss: 0.3619 - acc: 0.8675 - val_loss: 0.0303 - val_acc: 0.8734
Epoch 40/300
 - 503s - loss: 0.3617 - acc: 0.8677 - val_loss: 0.0302 - val_acc: 0.8732
Epoch 41/300
 - 515s - loss: 0.3616 - acc: 0.8676 - val_loss: 0.0301 - val_acc: 0.8734
Epoch 42/300
 - 512s - loss: 0.3614 - acc: 0.8677 - val_loss: 0.0303 - val_acc: 0.8736
Epoch 43/300
 - 511s - loss: 0.3614 - acc: 0.8677 - val_loss: 0.0302 - val_acc: 0.8736
Epoch 44/300
 - 516s - loss: 0.3614 - acc: 0.8678 - val_loss: 0.0302 - val_acc: 0.8721
Epoch 45/300
 - 510s - loss: 0.3615 - acc: 0.8674 - val_loss: 0.0304 - val_acc: 0.8735
Epoch 46/300
 - 507s - loss: 0.3615 - acc: 0.8677 - val_loss: 0.0301 - val_acc: 0.8738
Epoch 47/300
 - 515s - loss: 0.3607 - acc: 0.8678 - val_loss: 0.0299 - val_acc: 0.8740
Epoch 48/300
 - 511s - loss: 0.3612 - acc: 0.8675 - val_loss: 0.0300 - val_acc: 0.8740
Epoch 49/300
 - 516s - loss: 0.3609 - acc: 0.8678 - val_loss: 0.0301 - val_acc: 0.8735
Epoch 50/300
 - 513s - loss: 0.3611 - acc: 0.8677 - val_loss: 0.0303 - val_acc: 0.8735
Epoch 51/300
 - 512s - loss: 0.3613 - acc: 0.8676 - val_loss: 0.0301 - val_acc: 0.8721
Epoch 52/300
 - 513s - loss: 0.3608 - acc: 0.8678 - val_loss: 0.0299 - val_acc: 0.8736
Epoch 53/300
 - 516s - loss: 0.3608 - acc: 0.8675 - val_loss: 0.0300 - val_acc: 0.8736
Epoch 54/300
 - 517s - loss: 0.3607 - acc: 0.8678 - val_loss: 0.0300 - val_acc: 0.8734
Epoch 55/300
 - 517s - loss: 0.3608 - acc: 0.8678 - val_loss: 0.0299 - val_acc: 0.8734
Epoch 56/300
 - 508s - loss: 0.3607 - acc: 0.8678 - val_loss: 0.0299 - val_acc: 0.8736
Epoch 57/300
 - 516s - loss: 0.3607 - acc: 0.8677 - val_loss: 0.0299 - val_acc: 0.8737
Epoch 58/300
 - 515s - loss: 0.3606 - acc: 0.8675 - val_loss: 0.0297 - val_acc: 0.8738
Epoch 59/300
 - 510s - loss: 0.3609 - acc: 0.8676 - val_loss: 0.0300 - val_acc: 0.8720
Epoch 60/300
 - 518s - loss: 0.3605 - acc: 0.8676 - val_loss: 0.0298 - val_acc: 0.8734
Epoch 61/300
 - 516s - loss: 0.3605 - acc: 0.8677 - val_loss: 0.0299 - val_acc: 0.8736
Epoch 62/300
 - 515s - loss: 0.3605 - acc: 0.8677 - val_loss: 0.0299 - val_acc: 0.8734
Epoch 63/300
 - 505s - loss: 0.3605 - acc: 0.8677 - val_loss: 0.0300 - val_acc: 0.8733
Epoch 64/300
 - 512s - loss: 0.3605 - acc: 0.8678 - val_loss: 0.0296 - val_acc: 0.8739
Epoch 65/300
 - 511s - loss: 0.3604 - acc: 0.8678 - val_loss: 0.0297 - val_acc: 0.8736
Epoch 66/300
 - 510s - loss: 0.3602 - acc: 0.8678 - val_loss: 0.0297 - val_acc: 0.8736
Epoch 67/300
 - 516s - loss: 0.3606 - acc: 0.8678 - val_loss: 0.0296 - val_acc: 0.8738
Epoch 68/300
 - 517s - loss: 0.3604 - acc: 0.8675 - val_loss: 0.0298 - val_acc: 0.8736
Epoch 69/300
 - 511s - loss: 0.3601 - acc: 0.8678 - val_loss: 0.0297 - val_acc: 0.8741
Epoch 70/300
 - 516s - loss: 0.3602 - acc: 0.8677 - val_loss: 0.0297 - val_acc: 0.8734
Epoch 71/300
 - 521s - loss: 0.3601 - acc: 0.8678 - val_loss: 0.0297 - val_acc: 0.8734
Epoch 72/300
 - 513s - loss: 0.3603 - acc: 0.8676 - val_loss: 0.0297 - val_acc: 0.8732
Epoch 73/300
 - 515s - loss: 0.3604 - acc: 0.8676 - val_loss: 0.0295 - val_acc: 0.8737
Epoch 74/300
 - 510s - loss: 0.3602 - acc: 0.8679 - val_loss: 0.0297 - val_acc: 0.8735
Epoch 75/300
 - 510s - loss: 0.3600 - acc: 0.8679 - val_loss: 0.0297 - val_acc: 0.8736
Epoch 76/300
 - 514s - loss: 0.3602 - acc: 0.8679 - val_loss: 0.0297 - val_acc: 0.8737
Epoch 77/300
 - 513s - loss: 0.3599 - acc: 0.8681 - val_loss: 0.0299 - val_acc: 0.8738
Epoch 78/300
 - 512s - loss: 0.3602 - acc: 0.8679 - val_loss: 0.0297 - val_acc: 0.8729
Epoch 79/300
 - 514s - loss: 0.3603 - acc: 0.8678 - val_loss: 0.0297 - val_acc: 0.8737
Epoch 80/300
 - 509s - loss: 0.3601 - acc: 0.8679 - val_loss: 0.0299 - val_acc: 0.8734
Epoch 81/300
 - 505s - loss: 0.3602 - acc: 0.8679 - val_loss: 0.0297 - val_acc: 0.8732
Epoch 82/300
 - 513s - loss: 0.3602 - acc: 0.8678 - val_loss: 0.0298 - val_acc: 0.8739
Epoch 83/300
 - 503s - loss: 0.3602 - acc: 0.8678 - val_loss: 0.0298 - val_acc: 0.8732
Epoch 84/300
 - 519s - loss: 0.3595 - acc: 0.8680 - val_loss: 0.0297 - val_acc: 0.8735
Epoch 85/300
 - 510s - loss: 0.3598 - acc: 0.8680 - val_loss: 0.0295 - val_acc: 0.8739
Epoch 86/300
 - 517s - loss: 0.3599 - acc: 0.8679 - val_loss: 0.0296 - val_acc: 0.8733
Epoch 87/300
 - 509s - loss: 0.3600 - acc: 0.8678 - val_loss: 0.0295 - val_acc: 0.8732
Epoch 88/300
 - 518s - loss: 0.3597 - acc: 0.8680 - val_loss: 0.0296 - val_acc: 0.8735
Epoch 89/300
 - 516s - loss: 0.3601 - acc: 0.8678 - val_loss: 0.0297 - val_acc: 0.8737
Epoch 90/300
 - 506s - loss: 0.3597 - acc: 0.8681 - val_loss: 0.0295 - val_acc: 0.8738
Epoch 91/300
 - 507s - loss: 0.3597 - acc: 0.8681 - val_loss: 0.0297 - val_acc: 0.8734
Epoch 92/300
 - 512s - loss: 0.3596 - acc: 0.8679 - val_loss: 0.0296 - val_acc: 0.8736
Epoch 93/300
 - 507s - loss: 0.3598 - acc: 0.8680 - val_loss: 0.0295 - val_acc: 0.8741
Epoch 94/300
 - 511s - loss: 0.3598 - acc: 0.8679 - val_loss: 0.0295 - val_acc: 0.8736
Epoch 95/300
 - 510s - loss: 0.3597 - acc: 0.8679 - val_loss: 0.0297 - val_acc: 0.8731
Epoch 96/300
 - 519s - loss: 0.3598 - acc: 0.8680 - val_loss: 0.0296 - val_acc: 0.8733
Epoch 97/300
 - 515s - loss: 0.3598 - acc: 0.8679 - val_loss: 0.0295 - val_acc: 0.8736
Epoch 98/300
 - 510s - loss: 0.3597 - acc: 0.8681 - val_loss: 0.0297 - val_acc: 0.8727
Epoch 99/300
 - 510s - loss: 0.3596 - acc: 0.8681 - val_loss: 0.0295 - val_acc: 0.8735
Epoch 100/300
 - 512s - loss: 0.3598 - acc: 0.8678 - val_loss: 0.0296 - val_acc: 0.8733
Epoch 101/300
 - 516s - loss: 0.3599 - acc: 0.8681 - val_loss: 0.0296 - val_acc: 0.8739
Epoch 102/300
 - 518s - loss: 0.3596 - acc: 0.8679 - val_loss: 0.0296 - val_acc: 0.8740
Epoch 103/300
 - 507s - loss: 0.3596 - acc: 0.8681 - val_loss: 0.0296 - val_acc: 0.8735
Epoch 104/300
 - 509s - loss: 0.3594 - acc: 0.8683 - val_loss: 0.0298 - val_acc: 0.8732
Epoch 105/300
 - 517s - loss: 0.3596 - acc: 0.8682 - val_loss: 0.0296 - val_acc: 0.8741
Epoch 106/300
 - 509s - loss: 0.3594 - acc: 0.8681 - val_loss: 0.0295 - val_acc: 0.8739
Epoch 107/300
 - 511s - loss: 0.3591 - acc: 0.8680 - val_loss: 0.0296 - val_acc: 0.8737
Epoch 108/300
 - 507s - loss: 0.3589 - acc: 0.8683 - val_loss: 0.0296 - val_acc: 0.8743
Epoch 109/300
 - 510s - loss: 0.3587 - acc: 0.8685 - val_loss: 0.0296 - val_acc: 0.8742
Epoch 110/300
 - 509s - loss: 0.3589 - acc: 0.8682 - val_loss: 0.0295 - val_acc: 0.8737
Epoch 111/300
 - 517s - loss: 0.3588 - acc: 0.8680 - val_loss: 0.0296 - val_acc: 0.8735
Epoch 112/300
 - 504s - loss: 0.3586 - acc: 0.8683 - val_loss: 0.0297 - val_acc: 0.8740
Epoch 113/300
 - 517s - loss: 0.3588 - acc: 0.8682 - val_loss: 0.0297 - val_acc: 0.8740
Epoch 114/300
 - 518s - loss: 0.3588 - acc: 0.8682 - val_loss: 0.0296 - val_acc: 0.8740
Epoch 115/300
 - 515s - loss: 0.3586 - acc: 0.8683 - val_loss: 0.0297 - val_acc: 0.8740
Epoch 116/300
 - 511s - loss: 0.3587 - acc: 0.8685 - val_loss: 0.0296 - val_acc: 0.8739
Epoch 117/300
 - 508s - loss: 0.3587 - acc: 0.8682 - val_loss: 0.0295 - val_acc: 0.8740
Epoch 118/300
 - 508s - loss: 0.3586 - acc: 0.8682 - val_loss: 0.0297 - val_acc: 0.8743
Epoch 119/300
 - 509s - loss: 0.3587 - acc: 0.8682 - val_loss: 0.0296 - val_acc: 0.8740
Epoch 120/300
 - 512s - loss: 0.3585 - acc: 0.8683 - val_loss: 0.0295 - val_acc: 0.8731
Epoch 121/300
 - 515s - loss: 0.3585 - acc: 0.8683 - val_loss: 0.0297 - val_acc: 0.8729
Epoch 122/300
 - 511s - loss: 0.3588 - acc: 0.8683 - val_loss: 0.0298 - val_acc: 0.8743
Epoch 123/300
 - 515s - loss: 0.3585 - acc: 0.8684 - val_loss: 0.0296 - val_acc: 0.8746
Epoch 00123: early stopping
                         : Trained model written to file: 2016preVFP__5__128__500__0.2/weights/TrainedModel_DNN.h5
                         : Elapsed time for training with 2158946 events: 6.3e+04 sec         
                         : Creating xml weight file: [0;36m2016preVFP__5__128__500__0.2/weights/2016preVFP__5__128__500__0.2_DNN.weights.xml[0m
                         : Creating standalone class: [0;36m2016preVFP__5__128__500__0.2/weights/2016preVFP__5__128__500__0.2_DNN.class.C[0m
Factory                  : Training finished
                         : 
                         : Ranking input variables (method specific)...
                         : No variable ranking supplied by classifier: DNN
Factory                  : === Destroy and recreate all methods via weight files for testing ===
                         : 
Factory                  : [1mTest all methods[0m
Factory                  : Test method: DNN for Classification performance
                         : 
                         : Load model from file: 2016preVFP__5__128__500__0.2/weights/TrainedModel_DNN.h5
Factory                  : [1mEvaluate all methods[0m
Factory                  : Evaluate classifier: DNN
                         : 
TFHandler_DNN            :      Variable             Mean             RMS     [        Min             Max ]
                         : ------------------------------------------------------------------------------------
                         :        met_pt:        0.31565        0.41862   [       -0.17134         5.7307 ]
                         :       met_phi:      0.0028203        0.99686   [        -3.2954         5.7307 ]
                         :        lep_pt:    -0.00045362        0.99363   [        -3.1810         5.7307 ]
                         :       lep_eta:      0.0023927        0.99579   [        -3.2935         5.7307 ]
                         :       lep_phi:      0.0023707        0.99646   [        -3.2847         5.7307 ]
                         :       blep_pt:    -0.00016164        0.99323   [        -3.1908         5.7307 ]
                         :      blep_eta:      0.0024896        0.99553   [        -3.2900         5.7307 ]
                         :      blep_phi:      0.0025631        0.99674   [        -3.2838         5.7307 ]
                         :        blep_E:    -0.00028446        0.99361   [        -3.2814         5.7307 ]
                         :       bhad_pt:     -0.0024049        0.99348   [        -3.1731         5.7307 ]
                         :      bhad_eta:      0.0024285        0.99559   [        -3.2909         5.7307 ]
                         :      bhad_phi:      0.0026661        0.99673   [        -3.2852         5.7307 ]
                         :        bhad_E:     -0.0023421        0.99405   [        -3.3012         5.7307 ]
                         :      q1jet_pt:    -0.00015737        0.99285   [        -3.1667         5.7307 ]
                         :     q1jet_eta:      0.0023953        0.99331   [        -3.2884         5.7307 ]
                         :     q1jet_phi:      0.0023952        0.99637   [        -3.2894         5.7307 ]
                         :       q1jet_E:     -0.0025852        0.99315   [        -3.2626         5.7307 ]
                         :      q2jet_pt:    -0.00017009        0.99285   [        -3.1667         5.7307 ]
                         :     q2jet_eta:      0.0023881        0.99338   [        -3.2884         5.7307 ]
                         :     q2jet_phi:      0.0024167        0.99643   [        -3.2894         5.7307 ]
                         :       q2jet_E:     -0.0026277        0.99311   [        -3.2626         5.7307 ]
                         : WhadCand_mass:     -0.0087351        0.98849   [        -3.2913         5.7307 ]
                         : ThadCand_mass:      -0.012944        0.98991   [        -3.2918         5.7307 ]
                         :   WlepCand_mt:      0.0021288        0.99458   [        -3.2072         5.7307 ]
                         :   TlepCand_mt:     -0.0037642        0.99040   [        -3.2963         5.7307 ]
                         : ------------------------------------------------------------------------------------
DNN                      : [2016preVFP__5__128__500__0.2] : Loop over test events and fill histograms with classifier response...
                         : 
TFHandler_DNN            :      Variable             Mean             RMS     [        Min             Max ]
                         : ------------------------------------------------------------------------------------
                         :        met_pt:        0.31565        0.41862   [       -0.17134         5.7307 ]
                         :       met_phi:      0.0028203        0.99686   [        -3.2954         5.7307 ]
                         :        lep_pt:    -0.00045362        0.99363   [        -3.1810         5.7307 ]
                         :       lep_eta:      0.0023927        0.99579   [        -3.2935         5.7307 ]
                         :       lep_phi:      0.0023707        0.99646   [        -3.2847         5.7307 ]
                         :       blep_pt:    -0.00016164        0.99323   [        -3.1908         5.7307 ]
                         :      blep_eta:      0.0024896        0.99553   [        -3.2900         5.7307 ]
                         :      blep_phi:      0.0025631        0.99674   [        -3.2838         5.7307 ]
                         :        blep_E:    -0.00028446        0.99361   [        -3.2814         5.7307 ]
                         :       bhad_pt:     -0.0024049        0.99348   [        -3.1731         5.7307 ]
                         :      bhad_eta:      0.0024285        0.99559   [        -3.2909         5.7307 ]
                         :      bhad_phi:      0.0026661        0.99673   [        -3.2852         5.7307 ]
                         :        bhad_E:     -0.0023421        0.99405   [        -3.3012         5.7307 ]
                         :      q1jet_pt:    -0.00015737        0.99285   [        -3.1667         5.7307 ]
                         :     q1jet_eta:      0.0023953        0.99331   [        -3.2884         5.7307 ]
                         :     q1jet_phi:      0.0023952        0.99637   [        -3.2894         5.7307 ]
                         :       q1jet_E:     -0.0025852        0.99315   [        -3.2626         5.7307 ]
                         :      q2jet_pt:    -0.00017009        0.99285   [        -3.1667         5.7307 ]
                         :     q2jet_eta:      0.0023881        0.99338   [        -3.2884         5.7307 ]
                         :     q2jet_phi:      0.0024167        0.99643   [        -3.2894         5.7307 ]
                         :       q2jet_E:     -0.0026277        0.99311   [        -3.2626         5.7307 ]
                         : WhadCand_mass:     -0.0087351        0.98849   [        -3.2913         5.7307 ]
                         : ThadCand_mass:      -0.012944        0.98991   [        -3.2918         5.7307 ]
                         :   WlepCand_mt:      0.0021288        0.99458   [        -3.2072         5.7307 ]
                         :   TlepCand_mt:     -0.0037642        0.99040   [        -3.2963         5.7307 ]
                         : ------------------------------------------------------------------------------------
                         : [32m
                         : <PlotVariables> Will not produce scatter plots ==> 
                         : |  The number of 25 input variables and 0 target values would require 300 two-dimensional
                         : |  histograms, which would occupy the computer's memory. Note that this
                         : |  suppression does not have any consequences for your analysis, other
                         : |  than not disposing of these scatter plots. You can modify the maximum
                         : |  number of input variables allowed to generate scatter plots in your
                         : |  script via the command line:
                         : |  "(TMVA::gConfig().GetVariablePlotting()).fMaxNumOfAllowedVariablesForScatterPlots = <some int>;"[0m
                         : 
                         : Some more output
                         : 
                         : Evaluation results ranked by best signal efficiency and purity (area)
                         : -------------------------------------------------------------------------------------------------------------------
                         : DataSet       MVA                       
                         : Name:         Method:          ROC-integ
                         : 2016preVFP__5__128__500__0.2 DNN            : 0.938
                         : -------------------------------------------------------------------------------------------------------------------
                         : 
                         : Testing efficiency compared to training efficiency (overtraining check)
                         : -------------------------------------------------------------------------------------------------------------------
                         : DataSet              MVA              Signal efficiency: from test sample (from training sample) 
                         : Name:                Method:          @B=0.01             @B=0.10            @B=0.30   
                         : -------------------------------------------------------------------------------------------------------------------
                         : 2016preVFP__5__128__500__0.2 DNN            : 0.344 (0.344)       0.840 (0.840)      0.950 (0.950)
                         : -------------------------------------------------------------------------------------------------------------------
                         : 
Dataset:2016preVFP__5_...: Created tree 'TestTree' with 2158946 events
                         : 
Dataset:2016preVFP__5_...: Created tree 'TrainTree' with 2158946 events
                         : 
Factory                  : [1mThank you for using TMVA![0m
                         : [1mFor citation information, please visit: http://tmva.sf.net/citeTMVA.html[0m
ref.cut= DNN 0.522110683906
auc= 0.937853438224
myerr=0
[ntry=1]
