DataSetInfo              : [BDT_2017] : Added class "Signal"
                         : Add Tree OutTree/sig of type Signal with 899247 events
                         : Add Tree OutTree/sig of type Signal with 1198764 events
DataSetInfo              : [BDT_2017] : Added class "Background"
                         : Add Tree OutTree/bkg of type Background with 544122 events
                         : Add Tree OutTree/bkg of type Background with 714953 events
Factory                  : Booking method: [1mBDT[0m
                         : 
                         : Parsing option string: 
                         : ... "!H:V:NTrees=1000:MinNodeSize=2.5%:MaxDepth=4:Shrinkage=0.01:BoostType=Grad:AdaBoostBeta=:UseBaggedBoost=True:BaggedSampleFraction=0.6:SeparationType=CrossEntropy:nCuts=20:IgnoreNegWeightsInTraining=True:VarTransform=G"
                         : The following options are set:
                         : - By User:
                         :     <none>
                         : - Default:
                         :     Boost_num: "0" [Number of times the classifier will be boosted]
                         : Parsing option string: 
                         : ... "!H:V:NTrees=1000:MinNodeSize=2.5%:MaxDepth=4:Shrinkage=0.01:BoostType=Grad:AdaBoostBeta=:UseBaggedBoost=True:BaggedSampleFraction=0.6:SeparationType=CrossEntropy:nCuts=20:IgnoreNegWeightsInTraining=True:VarTransform=G"
                         : The following options are set:
                         : - By User:
                         :     V: "True" [Verbose output (short form of "VerbosityLevel" below - overrides the latter one)]
                         :     VarTransform: "G" [List of variable transformations performed before training, e.g., "D_Background,P_Signal,G,N_AllClasses" for: "Decorrelation, PCA-transformation, Gaussianisation, Normalisation, each for the given class of events ('AllClasses' denotes all events of all classes, if no class indication is given, 'All' is assumed)"]
                         :     H: "False" [Print method-specific help message]
                         :     IgnoreNegWeightsInTraining: "True" [Events with negative weights are ignored in the training (but are included for testing and performance evaluation)]
                         :     NTrees: "1000" [Number of trees in the forest]
                         :     MaxDepth: "4" [Max depth of the decision tree allowed]
                         :     MinNodeSize: "2.5%" [Minimum percentage of training events required in a leaf node (default: Classification: 5%, Regression: 0.2%)]
                         :     nCuts: "20" [Number of grid points in variable range used in finding optimal cut in node splitting]
                         :     BoostType: "Grad" [Boosting type for the trees in the forest (note: AdaCost is still experimental)]
                         :     UseBaggedBoost: "True" [Use only a random subsample of all events for growing the trees in each boost iteration.]
                         :     Shrinkage: "1.000000e-02" [Learning rate for BoostType=Grad algorithm]
                         :     AdaBoostBeta: "5.000000e-01" [Learning rate  for AdaBoost algorithm]
                         :     BaggedSampleFraction: "6.000000e-01" [Relative size of bagged event sample to original size of the data sample (used whenever bagging is used (i.e. UseBaggedBoost, Bagging,)]
                         :     SeparationType: "CrossEntropy" [Separation criterion for node splitting]
                         : - Default:
                         :     VerbosityLevel: "Default" [Verbosity level]
                         :     CreateMVAPdfs: "False" [Create PDFs for classifier outputs (signal and background)]
                         :     AdaBoostR2Loss: "Quadratic" [Type of Loss function in AdaBoostR2]
                         :     UseRandomisedTrees: "False" [Determine at each node splitting the cut variable only as the best out of a random subset of variables (like in RandomForests)]
                         :     UseNvars: "4" [Size of the subset of variables used with RandomisedTree option]
                         :     UsePoissonNvars: "True" [Interpret "UseNvars" not as fixed number but as mean of a Poisson distribution in each split with RandomisedTree option]
                         :     UseYesNoLeaf: "True" [Use Sig or Bkg categories, or the purity=S/(S+B) as classification of the leaf node -> Real-AdaBoost]
                         :     NegWeightTreatment: "InverseBoostNegWeights" [How to treat events with negative weights in the BDT training (particular the boosting) : IgnoreInTraining;  Boost With inverse boostweight; Pair events with negative and positive weights in training sample and *annihilate* them (experimental!)]
                         :     Css: "1.000000e+00" [AdaCost: cost of true signal selected signal]
                         :     Cts_sb: "1.000000e+00" [AdaCost: cost of true signal selected bkg]
                         :     Ctb_ss: "1.000000e+00" [AdaCost: cost of true bkg    selected signal]
                         :     Cbb: "1.000000e+00" [AdaCost: cost of true bkg    selected bkg ]
                         :     NodePurityLimit: "5.000000e-01" [In boosting/pruning, nodes with purity > NodePurityLimit are signal; background otherwise.]
                         :     RegressionLossFunctionBDTG: "Huber" [Loss function for BDTG regression.]
                         :     HuberQuantile: "7.000000e-01" [In the Huber loss function this is the quantile that separates the core from the tails in the residuals distribution.]
                         :     DoBoostMonitor: "False" [Create control plot with ROC integral vs tree number]
                         :     UseFisherCuts: "False" [Use multivariate splits using the Fisher criterion]
                         :     MinLinCorrForFisher: "8.000000e-01" [The minimum linear correlation between two variables demanded for use in Fisher criterion in node splitting]
                         :     UseExclusiveVars: "False" [Variables already used in fisher criterion are not anymore analysed individually for node splitting]
                         :     DoPreselection: "False" [and and apply automatic pre-selection for 100% efficient signal (bkg) cuts prior to training]
                         :     SigToBkgFraction: "1.000000e+00" [Sig to Bkg ratio used in Training (similar to NodePurityLimit, which cannot be used in real adaboost]
                         :     PruneMethod: "NoPruning" [Note: for BDTs use small trees (e.g.MaxDepth=3) and NoPruning:  Pruning: Method used for pruning (removal) of statistically insignificant branches ]
                         :     PruneStrength: "0.000000e+00" [Pruning strength]
                         :     PruningValFraction: "5.000000e-01" [Fraction of events to use for optimizing automatic pruning.]
                         :     SkipNormalization: "False" [Skip normalization at initialization, to keep expectation value of BDT output according to the fraction of events]
                         :     nEventsMin: "0" [deprecated: Use MinNodeSize (in % of training events) instead]
                         :     UseBaggedGrad: "False" [deprecated: Use *UseBaggedBoost* instead:  Use only a random subsample of all events for growing the trees in each iteration.]
                         :     GradBaggingFraction: "6.000000e-01" [deprecated: Use *BaggedSampleFraction* instead: Defines the fraction of events to be used in each iteration, e.g. when UseBaggedGrad=kTRUE. ]
                         :     UseNTrainEvents: "0" [deprecated: Use *BaggedSampleFraction* instead: Number of randomly picked training events used in randomised (and bagged) trees]
                         :     NNodesMax: "0" [deprecated: Use MaxDepth instead to limit the tree size]
BDT                      : [BDT_2017] : Create Transformation "G" with events from all classes.
                         : 
                         : Transformation, Variable selection : 
                         : Input : variable 'belectron_dR_l_j<0.13?0.13:belectron_dR_l_j' <---> Output : variable 'belectron_dR_l_j<0.13?0.13:belectron_dR_l_j'
                         : Input : variable 'belectron_nsip3d>10.?10.:belectron_nsip3d' <---> Output : variable 'belectron_nsip3d>10.?10.:belectron_nsip3d'
                         : Input : variable 'belectron_P_jetrest>2.?2.:belectron_P_jetrest' <---> Output : variable 'belectron_P_jetrest>2.?2.:belectron_P_jetrest'
                         : Input : variable 'belectron_palongjet>15.?15.:belectron_palongjet' <---> Output : variable 'belectron_palongjet>15.?15.:belectron_palongjet'
                         : Input : variable 'belectron_palongjetratio>0.2?0.2:belectron_palongjetratio' <---> Output : variable 'belectron_palongjetratio>0.2?0.2:belectron_palongjetratio'
                         : Input : variable 'belectron_ptwrtbjet>3.?3.:belectron_ptwrtbjet' <---> Output : variable 'belectron_ptwrtbjet>3.?3.:belectron_ptwrtbjet'
                         : Input : variable 'log10(1.+belectron_reliso)>1.1?1.1:log10(1.+belectron_reliso)<0.3?0.3:log10(1.+belectron_reliso)' <---> Output : variable 'log10(1.+belectron_reliso)>1.1?1.1:log10(1.+belectron_reliso)<0.3?0.3:log10(1.+belectron_reliso)'
                         : Input : variable 'bjet_ChargedEmEnergyFraction>0.2?0.2:bjet_ChargedEmEnergyFraction' <---> Output : variable 'bjet_ChargedEmEnergyFraction>0.2?0.2:bjet_ChargedEmEnergyFraction'
                         : Input : variable 'bjet_ChargedHadronEnergyFraction<0.5?0.5:bjet_ChargedHadronEnergyFraction' <---> Output : variable 'bjet_ChargedHadronEnergyFraction<0.5?0.5:bjet_ChargedHadronEnergyFraction'
                         : Input : variable 'bjet_NeutralEmEnergyFraction<0.15?0.15:bjet_NeutralEmEnergyFraction>0.6?0.6:bjet_NeutralEmEnergyFraction' <---> Output : variable 'bjet_NeutralEmEnergyFraction<0.15?0.15:bjet_NeutralEmEnergyFraction>0.6?0.6:bjet_NeutralEmEnergyFraction'
                         : Input : variable 'bjet_NeutralMultiplicity' <---> Output : variable 'bjet_NeutralMultiplicity'
                         : Input : variable 'bjet_charge*belectron_charge<-0.4?-0.4:bjet_charge*belectron_charge>0.2?0.2:bjet_charge*belectron_charge' <---> Output : variable 'bjet_charge*belectron_charge<-0.4?-0.4:bjet_charge*belectron_charge>0.2?0.2:bjet_charge*belectron_charge'
                         : Input : variable 'fabs(bjet_charge)>0.35?0.35:fabs(bjet_charge)' <---> Output : variable 'fabs(bjet_charge)>0.35?0.35:fabs(bjet_charge)'
                         : the option NegWeightTreatment=InverseBoostNegWeights does not exist for BoostType=Grad
                         : --> change to new default NegWeightTreatment=Pray
                         : Rebuilding Dataset BDT_2017
                         : Building event vectors for type 1 Signal
                         : Dataset[BDT_2017] :  create input formulas for tree sig
                         : Dataset[BDT_2017] :  create input formulas for tree sig
                         : Dataset[BDT_2017] :  create input formulas for tree sig
                         : Building event vectors for type 0 Signal
                         : Dataset[BDT_2017] :  create input formulas for tree sig
                         : Dataset[BDT_2017] :  create input formulas for tree sig
                         : Building event vectors for type 1 Background
                         : Dataset[BDT_2017] :  create input formulas for tree bkg
                         : Dataset[BDT_2017] :  create input formulas for tree bkg
                         : Dataset[BDT_2017] :  create input formulas for tree bkg
                         : Building event vectors for type 0 Background
                         : Dataset[BDT_2017] :  create input formulas for tree bkg
                         : Dataset[BDT_2017] :  create input formulas for tree bkg
DataSetFactory           : [BDT_2017] : Number of events in input trees
                         : Dataset[BDT_2017] :     Signal     requirement: "(belectron_charge*bjet_partonFlavour < 0)&&(Has_bElectron)"
                         : Dataset[BDT_2017] :     Signal          -- number of events passed: 103033  / sum of weights: 68767.9
                         : Dataset[BDT_2017] :     Signal          -- efficiency             : 0.0540607
                         : Dataset[BDT_2017] :     Background requirement: "(belectron_charge*bjet_partonFlavour > 0)&&(Has_bElectron)"
                         : Dataset[BDT_2017] :     Background      -- number of events passed: 61342  / sum of weights: 40516.1
                         : Dataset[BDT_2017] :     Background      -- efficiency             : 0.0528931
                         : Dataset[BDT_2017] :  you have opted for interpreting the requested number of training/testing events
                         :  to be the number of events AFTER your preselection cuts
                         : 
                         : Dataset[BDT_2017] :  you have opted for interpreting the requested number of training/testing events
                         :  to be the number of events AFTER your preselection cuts
                         : 
                         : Dataset[BDT_2017] : Weight renormalisation mode: "EqualNumEvents": renormalises all event classes ...
                         : Dataset[BDT_2017] :  such that the effective (weighted) number of events in each class is the same 
                         : Dataset[BDT_2017] :  (and equals the number of events (entries) given for class=0 )
                         : Dataset[BDT_2017] : ... i.e. such that Sum[i=1..N_j]{w_i} = N_classA, j=classA, classB, ...
                         : Dataset[BDT_2017] : ... (note that N_j is the sum of TRAINING events
                         : Dataset[BDT_2017] :  ..... Testing events are not renormalised nor included in the renormalisation factor!)
                         : Number of training and testing events
                         : ---------------------------------------------------------------------------
                         : Signal     -- training events            : 54783
                         : Signal     -- testing events             : 48250
                         : Signal     -- training and testing events: 103033
                         : Dataset[BDT_2017] : Signal     -- due to the preselection a scaling factor has been applied to the numbers of requested events: 0.0491098
                         : Background -- training events            : 32247
                         : Background -- testing events             : 29095
                         : Background -- training and testing events: 61342
                         : Dataset[BDT_2017] : Background -- due to the preselection a scaling factor has been applied to the numbers of requested events: 0.0487199
                         : 
DataSetInfo              : Correlation matrix (Signal):
                         : ---------------------------------------------------------------------------------------------------------------------------------------------------------------------------------------------------------------------------------------------------------------------------------------------------------------------------------------------------------------------------------------------------------------------------------------------------------------------------------------------------------------------------------------------------------------------------------------------------------------------------------------------------------------------------------------------------------------------------------------------------------------------------------------------------------------------------------------------------------------------------------------------------------------------------------------------------------------------
                         :                                                                                                                     belectron_dR_l_j_0.13_0.13:belectron_dR_l_j belectron_nsip3d_10._10.:belectron_nsip3d belectron_P_jetrest_2._2.:belectron_P_jetrest belectron_palongjet_15._15.:belectron_palongjet belectron_palongjetratio_0.2_0.2:belectron_palongjetratio belectron_ptwrtbjet_3._3.:belectron_ptwrtbjet log10_1._P_belectron_reliso__1.1_1.1:log10_1._P_belectron_reliso__0.3_0.3:log10_1._P_belectron_reliso_ bjet_ChargedEmEnergyFraction_0.2_0.2:bjet_ChargedEmEnergyFraction bjet_ChargedHadronEnergyFraction_0.5_0.5:bjet_ChargedHadronEnergyFraction bjet_NeutralEmEnergyFraction_0.15_0.15:bjet_NeutralEmEnergyFraction_0.6_0.6:bjet_NeutralEmEnergyFraction bjet_NeutralMultiplicity bjet_charge_T_belectron_charge__M_0.4__M_0.4:bjet_charge_T_belectron_charge_0.2_0.2:bjet_charge_T_belectron_charge fabs_bjet_charge__0.35_0.35:fabs_bjet_charge_
                         :                                                                        belectron_dR_l_j_0.13_0.13:belectron_dR_l_j:                                      +1.000                                    +0.040                                        +0.144                                          -0.278                                                    -0.268                                        +0.363                                                                                                 +0.053                                                            -0.038                                                                    +0.035                                                                                                   -0.005                   +0.005                                                                                                             -0.116                                        -0.062
                         :                                                                          belectron_nsip3d_10._10.:belectron_nsip3d:                                      +0.040                                    +1.000                                        +0.041                                          -0.021                                                    +0.003                                        +0.115                                                                                                 -0.007                                                            +0.063                                                                    -0.031                                                                                                   -0.006                   -0.008                                                                                                             -0.029                                        -0.020
                         :                                                                      belectron_P_jetrest_2._2.:belectron_P_jetrest:                                      +0.144                                    +0.041                                        +1.000                                          +0.514                                                    +0.506                                        +0.656                                                                                                 -0.602                                                            +0.273                                                                    -0.253                                                                                                   -0.138                   -0.067                                                                                                             +0.215                                        +0.224
                         :                                                                    belectron_palongjet_15._15.:belectron_palongjet:                                      -0.278                                    -0.021                                        +0.514                                          +1.000                                                    +0.522                                        +0.202                                                                                                 -0.516                                                            +0.198                                                                    -0.139                                                                                                   -0.150                   -0.122                                                                                                             +0.189                                        +0.172
                         :                                                          belectron_palongjetratio_0.2_0.2:belectron_palongjetratio:                                      -0.268                                    +0.003                                        +0.506                                          +0.522                                                    +1.000                                        +0.178                                                                                                 -0.786                                                            +0.313                                                                    -0.195                                                                                                   -0.108                   -0.234                                                                                                             +0.266                                        +0.181
                         :                                                                      belectron_ptwrtbjet_3._3.:belectron_ptwrtbjet:                                      +0.363                                    +0.115                                        +0.656                                          +0.202                                                    +0.178                                        +1.000                                                                                                 -0.257                                                            +0.133                                                                    -0.120                                                                                                   -0.047                   -0.020                                                                                                             +0.049                                        +0.073
                         :             log10_1._P_belectron_reliso__1.1_1.1:log10_1._P_belectron_reliso__0.3_0.3:log10_1._P_belectron_reliso_:                                      +0.053                                    -0.007                                        -0.602                                          -0.516                                                    -0.786                                        -0.257                                                                                                 +1.000                                                            -0.255                                                                    +0.195                                                                                                   +0.192                   +0.291                                                                                                             -0.257                                        -0.250
                         :                                                  bjet_ChargedEmEnergyFraction_0.2_0.2:bjet_ChargedEmEnergyFraction:                                      -0.038                                    +0.063                                        +0.273                                          +0.198                                                    +0.313                                        +0.133                                                                                                 -0.255                                                            +1.000                                                                    -0.535                                                                                                   -0.454                   -0.259                                                                                                             +0.131                                        +0.135
                         :                                          bjet_ChargedHadronEnergyFraction_0.5_0.5:bjet_ChargedHadronEnergyFraction:                                      +0.035                                    -0.031                                        -0.253                                          -0.139                                                    -0.195                                        -0.120                                                                                                 +0.195                                                            -0.535                                                                    +1.000                                                                                                   -0.187                   -0.106                                                                                                             -0.110                                        -0.142
                         :           bjet_NeutralEmEnergyFraction_0.15_0.15:bjet_NeutralEmEnergyFraction_0.6_0.6:bjet_NeutralEmEnergyFraction:                                      -0.005                                    -0.006                                        -0.138                                          -0.150                                                    -0.108                                        -0.047                                                                                                 +0.192                                                            -0.454                                                                    -0.187                                                                                                   +1.000                   +0.400                                                                                                             -0.013                                        -0.075
                         :                                                                                           bjet_NeutralMultiplicity:                                      +0.005                                    -0.008                                        -0.067                                          -0.122                                                    -0.234                                        -0.020                                                                                                 +0.291                                                            -0.259                                                                    -0.106                                                                                                   +0.400                   +1.000                                                                                                             -0.040                                        -0.090
                         : bjet_charge_T_belectron_charge__M_0.4__M_0.4:bjet_charge_T_belectron_charge_0.2_0.2:bjet_charge_T_belectron_charge:                                      -0.116                                    -0.029                                        +0.215                                          +0.189                                                    +0.266                                        +0.049                                                                                                 -0.257                                                            +0.131                                                                    -0.110                                                                                                   -0.013                   -0.040                                                                                                             +1.000                                        +0.408
                         :                                                                      fabs_bjet_charge__0.35_0.35:fabs_bjet_charge_:                                      -0.062                                    -0.020                                        +0.224                                          +0.172                                                    +0.181                                        +0.073                                                                                                 -0.250                                                            +0.135                                                                    -0.142                                                                                                   -0.075                   -0.090                                                                                                             +0.408                                        +1.000
                         : ---------------------------------------------------------------------------------------------------------------------------------------------------------------------------------------------------------------------------------------------------------------------------------------------------------------------------------------------------------------------------------------------------------------------------------------------------------------------------------------------------------------------------------------------------------------------------------------------------------------------------------------------------------------------------------------------------------------------------------------------------------------------------------------------------------------------------------------------------------------------------------------------------------------------------------------------------------------------
DataSetInfo              : Correlation matrix (Background):
                         : ---------------------------------------------------------------------------------------------------------------------------------------------------------------------------------------------------------------------------------------------------------------------------------------------------------------------------------------------------------------------------------------------------------------------------------------------------------------------------------------------------------------------------------------------------------------------------------------------------------------------------------------------------------------------------------------------------------------------------------------------------------------------------------------------------------------------------------------------------------------------------------------------------------------------------------------------------------------------
                         :                                                                                                                     belectron_dR_l_j_0.13_0.13:belectron_dR_l_j belectron_nsip3d_10._10.:belectron_nsip3d belectron_P_jetrest_2._2.:belectron_P_jetrest belectron_palongjet_15._15.:belectron_palongjet belectron_palongjetratio_0.2_0.2:belectron_palongjetratio belectron_ptwrtbjet_3._3.:belectron_ptwrtbjet log10_1._P_belectron_reliso__1.1_1.1:log10_1._P_belectron_reliso__0.3_0.3:log10_1._P_belectron_reliso_ bjet_ChargedEmEnergyFraction_0.2_0.2:bjet_ChargedEmEnergyFraction bjet_ChargedHadronEnergyFraction_0.5_0.5:bjet_ChargedHadronEnergyFraction bjet_NeutralEmEnergyFraction_0.15_0.15:bjet_NeutralEmEnergyFraction_0.6_0.6:bjet_NeutralEmEnergyFraction bjet_NeutralMultiplicity bjet_charge_T_belectron_charge__M_0.4__M_0.4:bjet_charge_T_belectron_charge_0.2_0.2:bjet_charge_T_belectron_charge fabs_bjet_charge__0.35_0.35:fabs_bjet_charge_
                         :                                                                        belectron_dR_l_j_0.13_0.13:belectron_dR_l_j:                                      +1.000                                    +0.015                                        +0.247                                          -0.140                                                    -0.244                                        +0.448                                                                                                 -0.032                                                            -0.061                                                                    +0.011                                                                                                   -0.011                   +0.022                                                                                                             -0.063                                        +0.017
                         :                                                                          belectron_nsip3d_10._10.:belectron_nsip3d:                                      +0.015                                    +1.000                                        +0.038                                          -0.003                                                    +0.024                                        +0.083                                                                                                 -0.054                                                            +0.102                                                                    -0.050                                                                                                   -0.026                   -0.060                                                                                                             -0.047                                        +0.064
                         :                                                                      belectron_P_jetrest_2._2.:belectron_P_jetrest:                                      +0.247                                    +0.038                                        +1.000                                          +0.525                                                    +0.461                                        +0.705                                                                                                 -0.575                                                            +0.131                                                                    -0.186                                                                                                   -0.026                   +0.008                                                                                                             +0.179                                        +0.084
                         :                                                                    belectron_palongjet_15._15.:belectron_palongjet:                                      -0.140                                    -0.003                                        +0.525                                          +1.000                                                    +0.485                                        +0.234                                                                                                 -0.481                                                            +0.122                                                                    -0.077                                                                                                   -0.087                   -0.094                                                                                                             +0.136                                        +0.024
                         :                                                          belectron_palongjetratio_0.2_0.2:belectron_palongjetratio:                                      -0.244                                    +0.024                                        +0.461                                          +0.485                                                    +1.000                                        +0.145                                                                                                 -0.766                                                            +0.259                                                                    -0.138                                                                                                   -0.023                   -0.229                                                                                                             +0.255                                        -0.017
                         :                                                                      belectron_ptwrtbjet_3._3.:belectron_ptwrtbjet:                                      +0.448                                    +0.083                                        +0.705                                          +0.234                                                    +0.145                                        +1.000                                                                                                 -0.287                                                            +0.039                                                                    -0.100                                                                                                   +0.026                   +0.020                                                                                                             +0.040                                        +0.060
                         :             log10_1._P_belectron_reliso__1.1_1.1:log10_1._P_belectron_reliso__0.3_0.3:log10_1._P_belectron_reliso_:                                      -0.032                                    -0.054                                        -0.575                                          -0.481                                                    -0.766                                        -0.287                                                                                                 +1.000                                                            -0.153                                                                    +0.140                                                                                                   +0.088                   +0.260                                                                                                             -0.237                                        -0.070
                         :                                                  bjet_ChargedEmEnergyFraction_0.2_0.2:bjet_ChargedEmEnergyFraction:                                      -0.061                                    +0.102                                        +0.131                                          +0.122                                                    +0.259                                        +0.039                                                                                                 -0.153                                                            +1.000                                                                    -0.501                                                                                                   -0.376                   -0.231                                                                                                             +0.054                                        +0.045
                         :                                          bjet_ChargedHadronEnergyFraction_0.5_0.5:bjet_ChargedHadronEnergyFraction:                                      +0.011                                    -0.050                                        -0.186                                          -0.077                                                    -0.138                                        -0.100                                                                                                 +0.140                                                            -0.501                                                                    +1.000                                                                                                   -0.286                   -0.162                                                                                                             -0.069                                        -0.064
                         :           bjet_NeutralEmEnergyFraction_0.15_0.15:bjet_NeutralEmEnergyFraction_0.6_0.6:bjet_NeutralEmEnergyFraction:                                      -0.011                                    -0.026                                        -0.026                                          -0.087                                                    -0.023                                        +0.026                                                                                                 +0.088                                                            -0.376                                                                    -0.286                                                                                                   +1.000                   +0.384                                                                                                             +0.072                                        -0.043
                         :                                                                                           bjet_NeutralMultiplicity:                                      +0.022                                    -0.060                                        +0.008                                          -0.094                                                    -0.229                                        +0.020                                                                                                 +0.260                                                            -0.231                                                                    -0.162                                                                                                   +0.384                   +1.000                                                                                                             +0.014                                        -0.051
                         : bjet_charge_T_belectron_charge__M_0.4__M_0.4:bjet_charge_T_belectron_charge_0.2_0.2:bjet_charge_T_belectron_charge:                                      -0.063                                    -0.047                                        +0.179                                          +0.136                                                    +0.255                                        +0.040                                                                                                 -0.237                                                            +0.054                                                                    -0.069                                                                                                   +0.072                   +0.014                                                                                                             +1.000                                        -0.069
                         :                                                                      fabs_bjet_charge__0.35_0.35:fabs_bjet_charge_:                                      +0.017                                    +0.064                                        +0.084                                          +0.024                                                    -0.017                                        +0.060                                                                                                 -0.070                                                            +0.045                                                                    -0.064                                                                                                   -0.043                   -0.051                                                                                                             -0.069                                        +1.000
                         : ---------------------------------------------------------------------------------------------------------------------------------------------------------------------------------------------------------------------------------------------------------------------------------------------------------------------------------------------------------------------------------------------------------------------------------------------------------------------------------------------------------------------------------------------------------------------------------------------------------------------------------------------------------------------------------------------------------------------------------------------------------------------------------------------------------------------------------------------------------------------------------------------------------------------------------------------------------------------
DataSetFactory           : [BDT_2017] :  
                         : 
Factory                  : [1mTrain all methods[0m
Factory                  : [BDT_2017] : Create Transformation "I" with events from all classes.
                         : 
                         : Transformation, Variable selection : 
                         : Input : variable 'belectron_dR_l_j<0.13?0.13:belectron_dR_l_j' <---> Output : variable 'belectron_dR_l_j<0.13?0.13:belectron_dR_l_j'
                         : Input : variable 'belectron_nsip3d>10.?10.:belectron_nsip3d' <---> Output : variable 'belectron_nsip3d>10.?10.:belectron_nsip3d'
                         : Input : variable 'belectron_P_jetrest>2.?2.:belectron_P_jetrest' <---> Output : variable 'belectron_P_jetrest>2.?2.:belectron_P_jetrest'
                         : Input : variable 'belectron_palongjet>15.?15.:belectron_palongjet' <---> Output : variable 'belectron_palongjet>15.?15.:belectron_palongjet'
                         : Input : variable 'belectron_palongjetratio>0.2?0.2:belectron_palongjetratio' <---> Output : variable 'belectron_palongjetratio>0.2?0.2:belectron_palongjetratio'
                         : Input : variable 'belectron_ptwrtbjet>3.?3.:belectron_ptwrtbjet' <---> Output : variable 'belectron_ptwrtbjet>3.?3.:belectron_ptwrtbjet'
                         : Input : variable 'log10(1.+belectron_reliso)>1.1?1.1:log10(1.+belectron_reliso)<0.3?0.3:log10(1.+belectron_reliso)' <---> Output : variable 'log10(1.+belectron_reliso)>1.1?1.1:log10(1.+belectron_reliso)<0.3?0.3:log10(1.+belectron_reliso)'
                         : Input : variable 'bjet_ChargedEmEnergyFraction>0.2?0.2:bjet_ChargedEmEnergyFraction' <---> Output : variable 'bjet_ChargedEmEnergyFraction>0.2?0.2:bjet_ChargedEmEnergyFraction'
                         : Input : variable 'bjet_ChargedHadronEnergyFraction<0.5?0.5:bjet_ChargedHadronEnergyFraction' <---> Output : variable 'bjet_ChargedHadronEnergyFraction<0.5?0.5:bjet_ChargedHadronEnergyFraction'
                         : Input : variable 'bjet_NeutralEmEnergyFraction<0.15?0.15:bjet_NeutralEmEnergyFraction>0.6?0.6:bjet_NeutralEmEnergyFraction' <---> Output : variable 'bjet_NeutralEmEnergyFraction<0.15?0.15:bjet_NeutralEmEnergyFraction>0.6?0.6:bjet_NeutralEmEnergyFraction'
                         : Input : variable 'bjet_NeutralMultiplicity' <---> Output : variable 'bjet_NeutralMultiplicity'
                         : Input : variable 'bjet_charge*belectron_charge<-0.4?-0.4:bjet_charge*belectron_charge>0.2?0.2:bjet_charge*belectron_charge' <---> Output : variable 'bjet_charge*belectron_charge<-0.4?-0.4:bjet_charge*belectron_charge>0.2?0.2:bjet_charge*belectron_charge'
                         : Input : variable 'fabs(bjet_charge)>0.35?0.35:fabs(bjet_charge)' <---> Output : variable 'fabs(bjet_charge)>0.35?0.35:fabs(bjet_charge)'
TFHandler_Factory        :                                                                                                 Variable                                                                                                        Mean                                                                                                        RMS                                                                                                [        Min                                                                                                        Max ]
                         : -----------------------------------------------------------------------------------------------------------------------------------------------------------------------------------------------------------------------------------------------------------------------------------------------------------------------------------------------------------------------------------------------------------------------------------------------------------------------------------------------------------------------------------------------------------
                         :                                                              belectron_dR_l_j<0.13?0.13:belectron_dR_l_j:                                                                                                   0.13935                                                                                                  0.029324   [                                                                                                   0.13000                                                                                                   0.39982 ]
                         :                                                                belectron_nsip3d>10.?10.:belectron_nsip3d:                                                                                                    5.7642                                                                                                    3.6499   [                                                                                                  0.013220                                                                                                    10.000 ]
                         :                                                            belectron_P_jetrest>2.?2.:belectron_P_jetrest:                                                                                                    1.3641                                                                                                   0.49255   [                                                                                                   0.16615                                                                                                    2.0000 ]
                         :                                                          belectron_palongjet>15.?15.:belectron_palongjet:                                                                                                    13.200                                                                                                    2.8823   [                                                                                                    4.7259                                                                                                    15.000 ]
                         :                                                belectron_palongjetratio>0.2?0.2:belectron_palongjetratio:                                                                                                   0.17546                                                                                                  0.038970   [                                                                                                  0.010328                                                                                                   0.20000 ]
                         :                                                            belectron_ptwrtbjet>3.?3.:belectron_ptwrtbjet:                                                                                                    1.0079                                                                                                   0.63009   [                                                                                                 0.0031914                                                                                                    3.0000 ]
                         :         log10(1.+belectron_reliso)>1.1?1.1:log10(1.+belectron_reliso)<0.3?0.3:log10(1.+belectron_reliso):                                                                                                   0.49438                                                                                                   0.20693   [                                                                                                   0.30000                                                                                                    1.1000 ]
                         :                                        bjet_ChargedEmEnergyFraction>0.2?0.2:bjet_ChargedEmEnergyFraction:                                                                                                   0.11920                                                                                                  0.087362   [                                                                                                    0.0000                                                                                                   0.20000 ]
                         :                                bjet_ChargedHadronEnergyFraction<0.5?0.5:bjet_ChargedHadronEnergyFraction:                                                                                                   0.56953                                                                                                   0.10321   [                                                                                                   0.50000                                                                                                    1.0000 ]
                         : bjet_NeutralEmEnergyFraction<0.15?0.15:bjet_NeutralEmEnergyFraction>0.6?0.6:bjet_NeutralEmEnergyFraction:                                                                                                   0.24279                                                                                                   0.11728   [                                                                                                   0.15000                                                                                                   0.60000 ]
                         :                                                                                 bjet_NeutralMultiplicity:                                                                                                    10.555                                                                                                    5.3349   [                                                                                                    0.0000                                                                                                    47.000 ]
                         : bjet_charge*belectron_charge<-0.4?-0.4:bjet_charge*belectron_charge>0.2?0.2:bjet_charge*belectron_charge:                                                                                                  0.053871                                                                                                   0.18407   [                                                                                                  -0.40000                                                                                                   0.20000 ]
                         :                                                            fabs(bjet_charge)>0.35?0.35:fabs(bjet_charge):                                                                                                   0.21972                                                                                                   0.12022   [                                                                                                5.4467e-06                                                                                                   0.35000 ]
                         : -----------------------------------------------------------------------------------------------------------------------------------------------------------------------------------------------------------------------------------------------------------------------------------------------------------------------------------------------------------------------------------------------------------------------------------------------------------------------------------------------------------------------------------------------------------
                         : Ranking input variables (method unspecific)...
IdTransformation         : Ranking result (top variable is best ranked)
                         : ---------------------------------------------------------------------------------------------------------------------------------
                         : Rank : Variable                                                                                                 : Separation
                         : ---------------------------------------------------------------------------------------------------------------------------------
                         :    1 : bjet_charge*belectron_charge<-0.4?-0.4:bjet_charge*belectron_charge>0.2?0.2:bjet_charge*belectron_charge : 1.113e-01
                         :    2 : fabs(bjet_charge)>0.35?0.35:fabs(bjet_charge)                                                            : 3.810e-02
                         :    3 : belectron_P_jetrest>2.?2.:belectron_P_jetrest                                                            : 3.575e-02
                         :    4 : bjet_ChargedEmEnergyFraction>0.2?0.2:bjet_ChargedEmEnergyFraction                                        : 2.462e-02
                         :    5 : belectron_ptwrtbjet>3.?3.:belectron_ptwrtbjet                                                            : 2.455e-02
                         :    6 : log10(1.+belectron_reliso)>1.1?1.1:log10(1.+belectron_reliso)<0.3?0.3:log10(1.+belectron_reliso)         : 2.434e-02
                         :    7 : belectron_palongjetratio>0.2?0.2:belectron_palongjetratio                                                : 1.784e-02
                         :    8 : belectron_palongjet>15.?15.:belectron_palongjet                                                          : 9.086e-03
                         :    9 : bjet_ChargedHadronEnergyFraction<0.5?0.5:bjet_ChargedHadronEnergyFraction                                : 8.129e-03
                         :   10 : bjet_NeutralMultiplicity                                                                                 : 3.528e-03
                         :   11 : belectron_dR_l_j<0.13?0.13:belectron_dR_l_j                                                              : 2.877e-03
                         :   12 : bjet_NeutralEmEnergyFraction<0.15?0.15:bjet_NeutralEmEnergyFraction>0.6?0.6:bjet_NeutralEmEnergyFraction : 2.388e-03
                         :   13 : belectron_nsip3d>10.?10.:belectron_nsip3d                                                                : 1.468e-03
                         : ---------------------------------------------------------------------------------------------------------------------------------
Factory                  : Train method: BDT for Classification
                         : 
                         : Preparing the Gaussian transformation...
TFHandler_BDT            :                                                                                                 Variable                                                                                                        Mean                                                                                                        RMS                                                                                                [        Min                                                                                                        Max ]
                         : -----------------------------------------------------------------------------------------------------------------------------------------------------------------------------------------------------------------------------------------------------------------------------------------------------------------------------------------------------------------------------------------------------------------------------------------------------------------------------------------------------------------------------------------------------------
                         :                                                              belectron_dR_l_j<0.13?0.13:belectron_dR_l_j:                                                                                                   -2.0853                                                                                                    1.0504   [                                                                                                   -2.5273                                                                                                    5.7307 ]
                         :                                                                belectron_nsip3d>10.?10.:belectron_nsip3d:                                                                                                    1.8405                                                                                                    2.7957   [                                                                                                   -3.2107                                                                                                    5.7307 ]
                         :                                                            belectron_P_jetrest>2.?2.:belectron_P_jetrest:                                                                                                    1.2377                                                                                                    2.5142   [                                                                                                   -3.2357                                                                                                    5.7307 ]
                         :                                                          belectron_palongjet>15.?15.:belectron_palongjet:                                                                                                    3.6462                                                                                                    2.8185   [                                                                                                   -3.0210                                                                                                    5.7307 ]
                         :                                                belectron_palongjetratio>0.2?0.2:belectron_palongjetratio:                                                                                                    3.4356                                                                                                    2.8747   [                                                                                                   -3.0515                                                                                                    5.7307 ]
                         :                                                            belectron_ptwrtbjet>3.?3.:belectron_ptwrtbjet:                                                                                                   0.10087                                                                                                    1.2226   [                                                                                                   -3.2901                                                                                                    5.4200 ]
                         :         log10(1.+belectron_reliso)>1.1?1.1:log10(1.+belectron_reliso)<0.3?0.3:log10(1.+belectron_reliso):                                                                                                  -0.84571                                                                                                    1.7654   [                                                                                                   -3.0024                                                                                                    5.7307 ]
                         :                                        bjet_ChargedEmEnergyFraction>0.2?0.2:bjet_ChargedEmEnergyFraction:                                                                                                    1.4620                                                                                                    3.7674   [                                                                                                   -2.8869                                                                                                    5.7307 ]
                         :                                bjet_ChargedHadronEnergyFraction<0.5?0.5:bjet_ChargedHadronEnergyFraction:                                                                                                   -1.5451                                                                                                    1.5928   [                                                                                                   -2.8798                                                                                                    5.7307 ]
                         : bjet_NeutralEmEnergyFraction<0.15?0.15:bjet_NeutralEmEnergyFraction>0.6?0.6:bjet_NeutralEmEnergyFraction:                                                                                                   -1.0318                                                                                                    1.8492   [                                                                                                   -2.9487                                                                                                    5.7307 ]
                         :                                                                                 bjet_NeutralMultiplicity:                                                                                                -0.0010594                                                                                                    1.0080   [                                                                                                   -5.1165                                                                                                    5.7307 ]
                         : bjet_charge*belectron_charge<-0.4?-0.4:bjet_charge*belectron_charge>0.2?0.2:bjet_charge*belectron_charge:                                                                                                    2.2450                                                                                                    2.9304   [                                                                                                   -2.9676                                                                                                    5.4200 ]
                         :                                                            fabs(bjet_charge)>0.35?0.35:fabs(bjet_charge):                                                                                                    1.7911                                                                                                    2.7789   [                                                                                                   -3.1069                                                                                                    5.7307 ]
                         : -----------------------------------------------------------------------------------------------------------------------------------------------------------------------------------------------------------------------------------------------------------------------------------------------------------------------------------------------------------------------------------------------------------------------------------------------------------------------------------------------------------------------------------------------------------
                         : Events with weight == 0 are going to be simply ignored 
BDT                      : #events: (reweighted) sig: 29967 bkg: 29967
                         : #events: (unweighted) sig: 37789 bkg: 22145
                         : Training 1000 Decision Trees ... patience please
                         : Elapsed time for training with 87030 events: 117 sec         
BDT                      : [BDT_2017] : Evaluation of BDT on training sample (87030 events)
                         : Elapsed time for evaluation of 87030 events: 21.8 sec       
                         : Creating xml weight file: [0;36mBDT_2017/weights/BDT_2017_BDT.weights.xml[0m
                         : Creating standalone class: [0;36mBDT_2017/weights/BDT_2017_BDT.class.C[0m
                         : BDT_2017.root:/BDT_2017/Method_BDT/BDT
Factory                  : Training finished
                         : 
                         : Ranking input variables (method specific)...
BDT                      : Ranking result (top variable is best ranked)
                         : ------------------------------------------------------------------------------------------------------------------------------------------
                         : Rank : Variable                                                                                                 : Variable Importance
                         : ------------------------------------------------------------------------------------------------------------------------------------------
                         :    1 : bjet_charge*belectron_charge<-0.4?-0.4:bjet_charge*belectron_charge>0.2?0.2:bjet_charge*belectron_charge : 1.520e-01
                         :    2 : belectron_nsip3d>10.?10.:belectron_nsip3d                                                                : 8.315e-02
                         :    3 : belectron_ptwrtbjet>3.?3.:belectron_ptwrtbjet                                                            : 8.022e-02
                         :    4 : bjet_ChargedEmEnergyFraction>0.2?0.2:bjet_ChargedEmEnergyFraction                                        : 7.723e-02
                         :    5 : log10(1.+belectron_reliso)>1.1?1.1:log10(1.+belectron_reliso)<0.3?0.3:log10(1.+belectron_reliso)         : 7.287e-02
                         :    6 : bjet_NeutralMultiplicity                                                                                 : 7.129e-02
                         :    7 : bjet_NeutralEmEnergyFraction<0.15?0.15:bjet_NeutralEmEnergyFraction>0.6?0.6:bjet_NeutralEmEnergyFraction : 7.085e-02
                         :    8 : belectron_P_jetrest>2.?2.:belectron_P_jetrest                                                            : 6.888e-02
                         :    9 : belectron_dR_l_j<0.13?0.13:belectron_dR_l_j                                                              : 6.879e-02
                         :   10 : fabs(bjet_charge)>0.35?0.35:fabs(bjet_charge)                                                            : 6.629e-02
                         :   11 : bjet_ChargedHadronEnergyFraction<0.5?0.5:bjet_ChargedHadronEnergyFraction                                : 6.393e-02
                         :   12 : belectron_palongjet>15.?15.:belectron_palongjet                                                          : 6.284e-02
                         :   13 : belectron_palongjetratio>0.2?0.2:belectron_palongjetratio                                                : 6.162e-02
                         : ------------------------------------------------------------------------------------------------------------------------------------------
Factory                  : === Destroy and recreate all methods via weight files for testing ===
                         : 
                         : Reading weight file: [0;36mBDT_2017/weights/BDT_2017_BDT.weights.xml[0m
Factory                  : [1mTest all methods[0m
Factory                  : Test method: BDT for Classification performance
                         : 
BDT                      : [BDT_2017] : Evaluation of BDT on testing sample (77345 events)
                         : Elapsed time for evaluation of 77345 events: 17 sec       
Factory                  : [1mEvaluate all methods[0m
Factory                  : Evaluate classifier: BDT
                         : 
TFHandler_BDT            :                                                                                                 Variable                                                                                                        Mean                                                                                                        RMS                                                                                                [        Min                                                                                                        Max ]
                         : -----------------------------------------------------------------------------------------------------------------------------------------------------------------------------------------------------------------------------------------------------------------------------------------------------------------------------------------------------------------------------------------------------------------------------------------------------------------------------------------------------------------------------------------------------------
                         :                                                              belectron_dR_l_j<0.13?0.13:belectron_dR_l_j:                                                                                                   -2.0792                                                                                                    1.0651   [                                                                                                   -2.5273                                                                                                    5.7307 ]
                         :                                                                belectron_nsip3d>10.?10.:belectron_nsip3d:                                                                                                    1.8308                                                                                                    2.7911   [                                                                                                   -3.3067                                                                                                    5.7307 ]
                         :                                                            belectron_P_jetrest>2.?2.:belectron_P_jetrest:                                                                                                    1.4328                                                                                                    2.5902   [                                                                                                   -2.9967                                                                                                    5.7307 ]
                         :                                                          belectron_palongjet>15.?15.:belectron_palongjet:                                                                                                    3.7506                                                                                                    2.7811   [                                                                                                   -2.9689                                                                                                    5.7307 ]
                         :                                                belectron_palongjetratio>0.2?0.2:belectron_palongjetratio:                                                                                                    3.5014                                                                                                    2.8772   [                                                                                                   -3.1549                                                                                                    5.7307 ]
                         :                                                            belectron_ptwrtbjet>3.?3.:belectron_ptwrtbjet:                                                                                                   0.16912                                                                                                    1.2674   [                                                                                                   -3.3215                                                                                                    5.4200 ]
                         :         log10(1.+belectron_reliso)>1.1?1.1:log10(1.+belectron_reliso)<0.3?0.3:log10(1.+belectron_reliso):                                                                                                  -0.88015                                                                                                    1.7767   [                                                                                                   -3.0024                                                                                                    5.7307 ]
                         :                                        bjet_ChargedEmEnergyFraction>0.2?0.2:bjet_ChargedEmEnergyFraction:                                                                                                    1.5525                                                                                                    3.7855   [                                                                                                   -2.8869                                                                                                    5.7307 ]
                         :                                bjet_ChargedHadronEnergyFraction<0.5?0.5:bjet_ChargedHadronEnergyFraction:                                                                                                   -1.5749                                                                                                    1.5826   [                                                                                                   -2.8798                                                                                                    5.7307 ]
                         : bjet_NeutralEmEnergyFraction<0.15?0.15:bjet_NeutralEmEnergyFraction>0.6?0.6:bjet_NeutralEmEnergyFraction:                                                                                                   -1.0226                                                                                                    1.8759   [                                                                                                   -2.9487                                                                                                    5.7307 ]
                         :                                                                                 bjet_NeutralMultiplicity:                                                                                                  0.011905                                                                                                    1.0172   [                                                                                                   -5.1165                                                                                                    5.7307 ]
                         : bjet_charge*belectron_charge<-0.4?-0.4:bjet_charge*belectron_charge>0.2?0.2:bjet_charge*belectron_charge:                                                                                                    2.4820                                                                                                    2.9073   [                                                                                                   -2.9676                                                                                                    5.4200 ]
                         :                                                            fabs(bjet_charge)>0.35?0.35:fabs(bjet_charge):                                                                                                    1.9395                                                                                                    2.8124   [                                                                                                   -3.1033                                                                                                    5.7307 ]
                         : -----------------------------------------------------------------------------------------------------------------------------------------------------------------------------------------------------------------------------------------------------------------------------------------------------------------------------------------------------------------------------------------------------------------------------------------------------------------------------------------------------------------------------------------------------------
BDT                      : [BDT_2017] : Loop over test events and fill histograms with classifier response...
                         : 
TFHandler_BDT            :                                                                                                 Variable                                                                                                        Mean                                                                                                        RMS                                                                                                [        Min                                                                                                        Max ]
                         : -----------------------------------------------------------------------------------------------------------------------------------------------------------------------------------------------------------------------------------------------------------------------------------------------------------------------------------------------------------------------------------------------------------------------------------------------------------------------------------------------------------------------------------------------------------
                         :                                                              belectron_dR_l_j<0.13?0.13:belectron_dR_l_j:                                                                                                   -2.0792                                                                                                    1.0651   [                                                                                                   -2.5273                                                                                                    5.7307 ]
                         :                                                                belectron_nsip3d>10.?10.:belectron_nsip3d:                                                                                                    1.8308                                                                                                    2.7911   [                                                                                                   -3.3067                                                                                                    5.7307 ]
                         :                                                            belectron_P_jetrest>2.?2.:belectron_P_jetrest:                                                                                                    1.4328                                                                                                    2.5902   [                                                                                                   -2.9967                                                                                                    5.7307 ]
                         :                                                          belectron_palongjet>15.?15.:belectron_palongjet:                                                                                                    3.7506                                                                                                    2.7811   [                                                                                                   -2.9689                                                                                                    5.7307 ]
                         :                                                belectron_palongjetratio>0.2?0.2:belectron_palongjetratio:                                                                                                    3.5014                                                                                                    2.8772   [                                                                                                   -3.1549                                                                                                    5.7307 ]
                         :                                                            belectron_ptwrtbjet>3.?3.:belectron_ptwrtbjet:                                                                                                   0.16912                                                                                                    1.2674   [                                                                                                   -3.3215                                                                                                    5.4200 ]
                         :         log10(1.+belectron_reliso)>1.1?1.1:log10(1.+belectron_reliso)<0.3?0.3:log10(1.+belectron_reliso):                                                                                                  -0.88015                                                                                                    1.7767   [                                                                                                   -3.0024                                                                                                    5.7307 ]
                         :                                        bjet_ChargedEmEnergyFraction>0.2?0.2:bjet_ChargedEmEnergyFraction:                                                                                                    1.5525                                                                                                    3.7855   [                                                                                                   -2.8869                                                                                                    5.7307 ]
                         :                                bjet_ChargedHadronEnergyFraction<0.5?0.5:bjet_ChargedHadronEnergyFraction:                                                                                                   -1.5749                                                                                                    1.5826   [                                                                                                   -2.8798                                                                                                    5.7307 ]
                         : bjet_NeutralEmEnergyFraction<0.15?0.15:bjet_NeutralEmEnergyFraction>0.6?0.6:bjet_NeutralEmEnergyFraction:                                                                                                   -1.0226                                                                                                    1.8759   [                                                                                                   -2.9487                                                                                                    5.7307 ]
                         :                                                                                 bjet_NeutralMultiplicity:                                                                                                  0.011905                                                                                                    1.0172   [                                                                                                   -5.1165                                                                                                    5.7307 ]
                         : bjet_charge*belectron_charge<-0.4?-0.4:bjet_charge*belectron_charge>0.2?0.2:bjet_charge*belectron_charge:                                                                                                    2.4820                                                                                                    2.9073   [                                                                                                   -2.9676                                                                                                    5.4200 ]
                         :                                                            fabs(bjet_charge)>0.35?0.35:fabs(bjet_charge):                                                                                                    1.9395                                                                                                    2.8124   [                                                                                                   -3.1033                                                                                                    5.7307 ]
                         : -----------------------------------------------------------------------------------------------------------------------------------------------------------------------------------------------------------------------------------------------------------------------------------------------------------------------------------------------------------------------------------------------------------------------------------------------------------------------------------------------------------------------------------------------------------
                         : 
                         : Evaluation results ranked by best signal efficiency and purity (area)
                         : -------------------------------------------------------------------------------------------------------------------
                         : DataSet       MVA                       
                         : Name:         Method:          ROC-integ
                         : BDT_2017      BDT            : 0.718
                         : -------------------------------------------------------------------------------------------------------------------
                         : 
                         : Testing efficiency compared to training efficiency (overtraining check)
                         : -------------------------------------------------------------------------------------------------------------------
                         : DataSet              MVA              Signal efficiency: from test sample (from training sample) 
                         : Name:                Method:          @B=0.01             @B=0.10            @B=0.30   
                         : -------------------------------------------------------------------------------------------------------------------
                         : BDT_2017             BDT            : 0.061 (0.072)       0.317 (0.348)      0.621 (0.643)
                         : -------------------------------------------------------------------------------------------------------------------
                         : 
Dataset:BDT_2017         : Created tree 'TestTree' with 77345 events
                         : 
Dataset:BDT_2017         : Created tree 'TrainTree' with 87030 events
                         : 
Factory                  : [1mThank you for using TMVA![0m
                         : [1mFor citation information, please visit: http://tmva.sf.net/citeTMVA.html[0m
['bmuon_dR_l_j', 'bmuon_nsip3d > 10. ? 10. : bmuon_nsip3d', 'bmuon_P_jetrest < 1. ? 1. : bmuon_P_jetrest > 4. ? 4. : bmuon_P_jetrest', 'bmuon_palongjet > 10. ? 10. : bmuon_palongjet', 'bmuon_palongjetratio > 0.4 ? 0.4 : bmuon_palongjetratio', 'bmuon_ptwrtbjet > 3. ? 3. : bmuon_ptwrtbjet', 'log10(1.+bmuon_reliso) > 1.2 ? 1.2 : log10(1.+bmuon_reliso)', 'bjet_ChargedHadronEnergyFraction < 0.2 ? 0.2 : bjet_ChargedHadronEnergyFraction > 0.9 ? 0.9 : bjet_ChargedHadronEnergyFraction', 'bjet_MuonEnergyFraction < 0.2 ? 0.2 : bjet_MuonEnergyFraction > 0.4 ? 0.4 : bjet_MuonEnergyFraction', 'bjet_NeutralEmEnergyFraction > 0.5 ? 0.5 : bjet_NeutralEmEnergyFraction', 'bjet_NeutralHadronEnergyFraction < 0.1 ? 0.1 : bjet_NeutralHadronEnergyFraction > 0.3 ? 0.3 : bjet_NeutralHadronEnergyFraction', 'bjet_NeutralMultiplicity > 25 ? 25 : bjet_NeutralMultiplicity', 'bjet_charge*bmuon_charge < -0.3 ? -0.3 : bjet_charge*bmuon_charge > 0.5 ? 0.5 : bjet_charge*bmuon_charge', 'fabs(bjet_charge) > 0.5 ? 0.5 : fabs(bjet_charge)'] ['belectron_dR_l_j < 0.13 ? 0.13 : belectron_dR_l_j', 'belectron_nsip3d > 10. ? 10. : belectron_nsip3d', 'belectron_P_jetrest > 2. ? 2. : belectron_P_jetrest', 'belectron_palongjet > 15.? 15. : belectron_palongjet', 'belectron_palongjetratio > 0.2 ? 0.2 : belectron_palongjetratio', 'belectron_ptwrtbjet > 3. ? 3. : belectron_ptwrtbjet', 'log10(1.+belectron_reliso) > 1.1 ? 1.1 : log10(1.+belectron_reliso) < 0.3 ? 0.3 : log10(1.+belectron_reliso)', 'bjet_ChargedEmEnergyFraction > 0.2 ? 0.2 : bjet_ChargedEmEnergyFraction', 'bjet_ChargedHadronEnergyFraction < 0.5 ? 0.5 : bjet_ChargedHadronEnergyFraction', 'bjet_NeutralEmEnergyFraction < 0.15 ? 0.15 : bjet_NeutralEmEnergyFraction > 0.6 ? 0.6 : bjet_NeutralEmEnergyFraction', 'bjet_NeutralMultiplicity', 'bjet_charge*belectron_charge < -0.4 ? -0.4 : bjet_charge*belectron_charge > 0.2 ? 0.2 : bjet_charge*belectron_charge', 'fabs(bjet_charge) > 0.35 ? 0.35 : fabs(bjet_charge)'] ['bjet_ChargedHadronEnergyFraction < 0.2 ? 0.2 : bjet_ChargedHadronEnergyFraction', 'bjet_NeutralEmEnergyFraction > 0.7 ? 0.7 : bjet_NeutralEmEnergyFraction', 'bjet_NeutralHadronEnergyFraction > 0.4 ? 0.4 : bjet_NeutralHadronEnergyFraction', 'bjet_NeutralMultiplicity > 30 ? 30 : bjet_NeutralMultiplicity', 'fabs(bjet_charge) > 0.4 ? 0.4 : fabs(bjet_charge)']
(bmuon_charge*bjet_partonFlavour < 0)&&Has_bMuon (bmuon_charge*bjet_partonFlavour > 0)&&Has_bMuon (belectron_charge*bjet_partonFlavour < 0)&&(Has_bElectron) (belectron_charge*bjet_partonFlavour > 0)&&(Has_bElectron) (bjet_charge*bjet_partonFlavour < 0)&&(!Has_bElectron)&&(!Has_bMuon) (bjet_charge*bjet_partonFlavour > 0)&&(!Has_bElectron)&&(!Has_bMuon)
sigcut= (belectron_charge*bjet_partonFlavour < 0)&&(Has_bElectron)
bkgcut= (belectron_charge*bjet_partonFlavour > 0)&&(Has_bElectron)
<sig cut>= (belectron_charge*bjet_partonFlavour < 0)&&(Has_bElectron)
<bkg cut>= (belectron_charge*bjet_partonFlavour > 0)&&(Has_bElectron)
---sig_test---
<self.testtree_sig> OutTree/sig
/data9/Users/jhchoi/Generate_BDT_Model/TMVA_TOOL/inputs/EEMu_MuMuE_Method/v2608.2/2017/EEMu_MuMuE_Method_DYJetsToEE_MiNNLO.root
/data9/Users/jhchoi/Generate_BDT_Model/TMVA_TOOL/inputs/EEMu_MuMuE_Method/v2608.2/2017/EEMu_MuMuE_Method_DYJetsToMuMu_MiNNLO.root
--bkg_test---
<self.testtree_bkg> OutTree/bkg
/data9/Users/jhchoi/Generate_BDT_Model/TMVA_TOOL/inputs/EEMu_MuMuE_Method/v2608.2/2017/EEMu_MuMuE_Method_DYJetsToEE_MiNNLO.root
/data9/Users/jhchoi/Generate_BDT_Model/TMVA_TOOL/inputs/EEMu_MuMuE_Method/v2608.2/2017/EEMu_MuMuE_Method_DYJetsToMuMu_MiNNLO.root
---sig_train---
<self.traintree_sig> OutTree/sig
/data9/Users/jhchoi/Generate_BDT_Model/TMVA_TOOL/inputs/EEMu_MuMuE_Method/v2608.2/2017/EEMu_MuMuE_Method_DYJets.root
---bkg_train---
<self.traintree_bkg> OutTree/bkg
/data9/Users/jhchoi/Generate_BDT_Model/TMVA_TOOL/inputs/EEMu_MuMuE_Method/v2608.2/2017/EEMu_MuMuE_Method_DYJets.root
>>>>self.dataloader.PrepareTrainingAndTestTree
Set sig cut -> (belectron_charge*bjet_partonFlavour < 0)&&(Has_bElectron)
Set bkg cut -> (belectron_charge*bjet_partonFlavour > 0)&&(Has_bElectron)
----AUC and Efficiency----
auc= 0.7176811250149802
BDT_2017 BDT
B = 0.005 : 0.0300 (0.0490)
B = 0.010 : 0.0610 (0.0720)
B = 0.015 : 0.0850 (0.0890)
B = 0.020 : 0.1080 (0.1130)
B = 0.025 : 0.1250 (0.1370)
B = 0.030 : 0.1430 (0.1620)
B = 0.035 : 0.1580 (0.1750)
B = 0.040 : 0.1750 (0.1880)
B = 0.045 : 0.1880 (0.2010)
B = 0.050 : 0.2010 (0.2120)
B = 0.100 : 0.3170 (0.3480)
B = 0.200 : 0.4960 (0.5190)
B = 0.300 : 0.6210 (0.6430)
B = 0.400 : 0.7150 (0.7280)
B = 0.500 : 0.7900 (0.7990)
B = 0.600 : 0.8560 (0.8600)
END of RUNNING...run_single
myerr=0
[ntry=1]
