DataSetInfo              : [BDT_2016postVFP] : Added class "Signal"
                         : Add Tree OutTree/sig of type Signal with 386046 events
                         : Add Tree OutTree/sig of type Signal with 439602 events
DataSetInfo              : [BDT_2016postVFP] : Added class "Background"
                         : Add Tree OutTree/bkg of type Background with 234315 events
                         : Add Tree OutTree/bkg of type Background with 262245 events
Factory                  : Booking method: [1mBDT[0m
                         : 
                         : Parsing option string: 
                         : ... "!H:V:NTrees=500:MinNodeSize=0.1%:MaxDepth=4:Shrinkage=0.005:BoostType=Grad:AdaBoostBeta=:UseBaggedBoost=True:BaggedSampleFraction=0.2:SeparationType=CrossEntropy:nCuts=50:IgnoreNegWeightsInTraining=True:VarTransform=I"
                         : The following options are set:
                         : - By User:
                         :     <none>
                         : - Default:
                         :     Boost_num: "0" [Number of times the classifier will be boosted]
                         : Parsing option string: 
                         : ... "!H:V:NTrees=500:MinNodeSize=0.1%:MaxDepth=4:Shrinkage=0.005:BoostType=Grad:AdaBoostBeta=:UseBaggedBoost=True:BaggedSampleFraction=0.2:SeparationType=CrossEntropy:nCuts=50:IgnoreNegWeightsInTraining=True:VarTransform=I"
                         : The following options are set:
                         : - By User:
                         :     V: "True" [Verbose output (short form of "VerbosityLevel" below - overrides the latter one)]
                         :     VarTransform: "I" [List of variable transformations performed before training, e.g., "D_Background,P_Signal,G,N_AllClasses" for: "Decorrelation, PCA-transformation, Gaussianisation, Normalisation, each for the given class of events ('AllClasses' denotes all events of all classes, if no class indication is given, 'All' is assumed)"]
                         :     H: "False" [Print method-specific help message]
                         :     IgnoreNegWeightsInTraining: "True" [Events with negative weights are ignored in the training (but are included for testing and performance evaluation)]
                         :     NTrees: "500" [Number of trees in the forest]
                         :     MaxDepth: "4" [Max depth of the decision tree allowed]
                         :     MinNodeSize: "0.1%" [Minimum percentage of training events required in a leaf node (default: Classification: 5%, Regression: 0.2%)]
                         :     nCuts: "50" [Number of grid points in variable range used in finding optimal cut in node splitting]
                         :     BoostType: "Grad" [Boosting type for the trees in the forest (note: AdaCost is still experimental)]
                         :     UseBaggedBoost: "True" [Use only a random subsample of all events for growing the trees in each boost iteration.]
                         :     Shrinkage: "5.000000e-03" [Learning rate for BoostType=Grad algorithm]
                         :     AdaBoostBeta: "5.000000e-01" [Learning rate  for AdaBoost algorithm]
                         :     BaggedSampleFraction: "2.000000e-01" [Relative size of bagged event sample to original size of the data sample (used whenever bagging is used (i.e. UseBaggedBoost, Bagging,)]
                         :     SeparationType: "CrossEntropy" [Separation criterion for node splitting]
                         : - Default:
                         :     VerbosityLevel: "Default" [Verbosity level]
                         :     CreateMVAPdfs: "False" [Create PDFs for classifier outputs (signal and background)]
                         :     AdaBoostR2Loss: "Quadratic" [Type of Loss function in AdaBoostR2]
                         :     UseRandomisedTrees: "False" [Determine at each node splitting the cut variable only as the best out of a random subset of variables (like in RandomForests)]
                         :     UseNvars: "4" [Size of the subset of variables used with RandomisedTree option]
                         :     UsePoissonNvars: "True" [Interpret "UseNvars" not as fixed number but as mean of a Poisson distribution in each split with RandomisedTree option]
                         :     UseYesNoLeaf: "True" [Use Sig or Bkg categories, or the purity=S/(S+B) as classification of the leaf node -> Real-AdaBoost]
                         :     NegWeightTreatment: "InverseBoostNegWeights" [How to treat events with negative weights in the BDT training (particular the boosting) : IgnoreInTraining;  Boost With inverse boostweight; Pair events with negative and positive weights in training sample and *annihilate* them (experimental!)]
                         :     Css: "1.000000e+00" [AdaCost: cost of true signal selected signal]
                         :     Cts_sb: "1.000000e+00" [AdaCost: cost of true signal selected bkg]
                         :     Ctb_ss: "1.000000e+00" [AdaCost: cost of true bkg    selected signal]
                         :     Cbb: "1.000000e+00" [AdaCost: cost of true bkg    selected bkg ]
                         :     NodePurityLimit: "5.000000e-01" [In boosting/pruning, nodes with purity > NodePurityLimit are signal; background otherwise.]
                         :     RegressionLossFunctionBDTG: "Huber" [Loss function for BDTG regression.]
                         :     HuberQuantile: "7.000000e-01" [In the Huber loss function this is the quantile that separates the core from the tails in the residuals distribution.]
                         :     DoBoostMonitor: "False" [Create control plot with ROC integral vs tree number]
                         :     UseFisherCuts: "False" [Use multivariate splits using the Fisher criterion]
                         :     MinLinCorrForFisher: "8.000000e-01" [The minimum linear correlation between two variables demanded for use in Fisher criterion in node splitting]
                         :     UseExclusiveVars: "False" [Variables already used in fisher criterion are not anymore analysed individually for node splitting]
                         :     DoPreselection: "False" [and and apply automatic pre-selection for 100% efficient signal (bkg) cuts prior to training]
                         :     SigToBkgFraction: "1.000000e+00" [Sig to Bkg ratio used in Training (similar to NodePurityLimit, which cannot be used in real adaboost]
                         :     PruneMethod: "NoPruning" [Note: for BDTs use small trees (e.g.MaxDepth=3) and NoPruning:  Pruning: Method used for pruning (removal) of statistically insignificant branches ]
                         :     PruneStrength: "0.000000e+00" [Pruning strength]
                         :     PruningValFraction: "5.000000e-01" [Fraction of events to use for optimizing automatic pruning.]
                         :     SkipNormalization: "False" [Skip normalization at initialization, to keep expectation value of BDT output according to the fraction of events]
                         :     nEventsMin: "0" [deprecated: Use MinNodeSize (in % of training events) instead]
                         :     UseBaggedGrad: "False" [deprecated: Use *UseBaggedBoost* instead:  Use only a random subsample of all events for growing the trees in each iteration.]
                         :     GradBaggingFraction: "2.000000e-01" [deprecated: Use *BaggedSampleFraction* instead: Defines the fraction of events to be used in each iteration, e.g. when UseBaggedGrad=kTRUE. ]
                         :     UseNTrainEvents: "0" [deprecated: Use *BaggedSampleFraction* instead: Number of randomly picked training events used in randomised (and bagged) trees]
                         :     NNodesMax: "0" [deprecated: Use MaxDepth instead to limit the tree size]
BDT                      : [BDT_2016postVFP] : Create Transformation "I" with events from all classes.
                         : 
                         : Transformation, Variable selection : 
                         : Input : variable 'bmuon_dR_l_j' <---> Output : variable 'bmuon_dR_l_j'
                         : Input : variable 'bmuon_nsip3d>10.?10.:bmuon_nsip3d' <---> Output : variable 'bmuon_nsip3d>10.?10.:bmuon_nsip3d'
                         : Input : variable 'bmuon_P_jetrest>2.5?2.5:bmuon_P_jetrest' <---> Output : variable 'bmuon_P_jetrest>2.5?2.5:bmuon_P_jetrest'
                         : Input : variable 'bmuon_palongjet>10.?10.:bmuon_palongjet' <---> Output : variable 'bmuon_palongjet>10.?10.:bmuon_palongjet'
                         : Input : variable 'bmuon_palongjetratio>0.4?0.4:bmuon_palongjetratio' <---> Output : variable 'bmuon_palongjetratio>0.4?0.4:bmuon_palongjetratio'
                         : Input : variable 'bmuon_ptwrtbjet>3.?3.:bmuon_ptwrtbjet' <---> Output : variable 'bmuon_ptwrtbjet>3.?3.:bmuon_ptwrtbjet'
                         : Input : variable 'log10(1.+bmuon_reliso)>1.2?1.2:log10(1.+bmuon_reliso)' <---> Output : variable 'log10(1.+bmuon_reliso)>1.2?1.2:log10(1.+bmuon_reliso)'
                         : Input : variable 'bjet_ChargedHadronEnergyFraction<0.1?0.1:bjet_ChargedHadronEnergyFraction>0.9?0.9:bjet_ChargedHadronEnergyFraction' <---> Output : variable 'bjet_ChargedHadronEnergyFraction<0.1?0.1:bjet_ChargedHadronEnergyFraction>0.9?0.9:bjet_ChargedHadronEnergyFraction'
                         : Input : variable 'bjet_MuonEnergyFraction<0.2?0.2:bjet_MuonEnergyFraction>0.5?0.5:bjet_MuonEnergyFraction' <---> Output : variable 'bjet_MuonEnergyFraction<0.2?0.2:bjet_MuonEnergyFraction>0.5?0.5:bjet_MuonEnergyFraction'
                         : Input : variable 'bjet_NeutralEmEnergyFraction>0.5?0.5:bjet_NeutralEmEnergyFraction' <---> Output : variable 'bjet_NeutralEmEnergyFraction>0.5?0.5:bjet_NeutralEmEnergyFraction'
                         : Input : variable 'bjet_NeutralHadronEnergyFraction>0.3?0.3:bjet_NeutralHadronEnergyFraction' <---> Output : variable 'bjet_NeutralHadronEnergyFraction>0.3?0.3:bjet_NeutralHadronEnergyFraction'
                         : Input : variable 'bjet_NeutralMultiplicity>25?25:bjet_NeutralMultiplicity' <---> Output : variable 'bjet_NeutralMultiplicity>25?25:bjet_NeutralMultiplicity'
                         : Input : variable 'bjet_charge*bmuon_charge<-0.4?-0.4:bjet_charge*bmuon_charge' <---> Output : variable 'bjet_charge*bmuon_charge<-0.4?-0.4:bjet_charge*bmuon_charge'
                         : Input : variable 'fabs(bjet_charge)>0.6?0.6:fabs(bjet_charge)' <---> Output : variable 'fabs(bjet_charge)>0.6?0.6:fabs(bjet_charge)'
                         : the option NegWeightTreatment=InverseBoostNegWeights does not exist for BoostType=Grad
                         : --> change to new default NegWeightTreatment=Pray
                         : Rebuilding Dataset BDT_2016postVFP
                         : Building event vectors for type 1 Signal
                         : Dataset[BDT_2016postVFP] :  create input formulas for tree sig
                         : Dataset[BDT_2016postVFP] :  create input formulas for tree sig
                         : Dataset[BDT_2016postVFP] :  create input formulas for tree sig
                         : Building event vectors for type 0 Signal
                         : Dataset[BDT_2016postVFP] :  create input formulas for tree sig
                         : Dataset[BDT_2016postVFP] :  create input formulas for tree sig
                         : Building event vectors for type 1 Background
                         : Dataset[BDT_2016postVFP] :  create input formulas for tree bkg
                         : Dataset[BDT_2016postVFP] :  create input formulas for tree bkg
                         : Dataset[BDT_2016postVFP] :  create input formulas for tree bkg
                         : Building event vectors for type 0 Background
                         : Dataset[BDT_2016postVFP] :  create input formulas for tree bkg
                         : Dataset[BDT_2016postVFP] :  create input formulas for tree bkg
DataSetFactory           : [BDT_2016postVFP] : Number of events in input trees
                         : Dataset[BDT_2016postVFP] :     Signal     requirement: "(bmuon_charge*bjet_partonFlavour < 0)&&Has_bMuon"
                         : Dataset[BDT_2016postVFP] :     Signal          -- number of events passed: 44776  / sum of weights: 24732
                         : Dataset[BDT_2016postVFP] :     Signal          -- efficiency             : 0.0494686
                         : Dataset[BDT_2016postVFP] :     Background requirement: "(bmuon_charge*bjet_partonFlavour > 0)&&Has_bMuon"
                         : Dataset[BDT_2016postVFP] :     Background      -- number of events passed: 22829  / sum of weights: 12678.9
                         : Dataset[BDT_2016postVFP] :     Background      -- efficiency             : 0.0423636
                         : Dataset[BDT_2016postVFP] :  you have opted for interpreting the requested number of training/testing events
                         :  to be the number of events AFTER your preselection cuts
                         : 
                         : Dataset[BDT_2016postVFP] :  you have opted for interpreting the requested number of training/testing events
                         :  to be the number of events AFTER your preselection cuts
                         : 
                         : Dataset[BDT_2016postVFP] : Weight renormalisation mode: "EqualNumEvents": renormalises all event classes ...
                         : Dataset[BDT_2016postVFP] :  such that the effective (weighted) number of events in each class is the same 
                         : Dataset[BDT_2016postVFP] :  (and equals the number of events (entries) given for class=0 )
                         : Dataset[BDT_2016postVFP] : ... i.e. such that Sum[i=1..N_j]{w_i} = N_classA, j=classA, classB, ...
                         : Dataset[BDT_2016postVFP] : ... (note that N_j is the sum of TRAINING events
                         : Dataset[BDT_2016postVFP] :  ..... Testing events are not renormalised nor included in the renormalisation factor!)
                         : Number of training and testing events
                         : ---------------------------------------------------------------------------
                         : Signal     -- training events            : 18275
                         : Signal     -- testing events             : 26501
                         : Signal     -- training and testing events: 44776
                         : Dataset[BDT_2016postVFP] : Signal     -- due to the preselection a scaling factor has been applied to the numbers of requested events: 0.0542313
                         : Background -- training events            : 9202
                         : Background -- testing events             : 13627
                         : Background -- training and testing events: 22829
                         : Dataset[BDT_2016postVFP] : Background -- due to the preselection a scaling factor has been applied to the numbers of requested events: 0.0459743
                         : 
DataSetInfo              : Correlation matrix (Signal):
                         : -----------------------------------------------------------------------------------------------------------------------------------------------------------------------------------------------------------------------------------------------------------------------------------------------------------------------------------------------------------------------------------------------------------------------------------------------------------------------------------------------------------------------------------------------------------------------------------------------------------------------------------------------------------------------------------------------------------------------------------------------------------------------------------------------------------------------------------------------------------------------------------------------------------------------------------
                         :                                                                                                                     bmuon_dR_l_j bmuon_nsip3d_10._10.:bmuon_nsip3d bmuon_P_jetrest_2.5_2.5:bmuon_P_jetrest bmuon_palongjet_10._10.:bmuon_palongjet bmuon_palongjetratio_0.4_0.4:bmuon_palongjetratio bmuon_ptwrtbjet_3._3.:bmuon_ptwrtbjet log10_1._P_bmuon_reliso__1.2_1.2:log10_1._P_bmuon_reliso_ bjet_ChargedHadronEnergyFraction_0.1_0.1:bjet_ChargedHadronEnergyFraction_0.9_0.9:bjet_ChargedHadronEnergyFraction bjet_MuonEnergyFraction_0.2_0.2:bjet_MuonEnergyFraction_0.5_0.5:bjet_MuonEnergyFraction bjet_NeutralEmEnergyFraction_0.5_0.5:bjet_NeutralEmEnergyFraction bjet_NeutralHadronEnergyFraction_0.3_0.3:bjet_NeutralHadronEnergyFraction bjet_NeutralMultiplicity_25_25:bjet_NeutralMultiplicity bjet_charge_T_bmuon_charge__M_0.4__M_0.4:bjet_charge_T_bmuon_charge fabs_bjet_charge__0.6_0.6:fabs_bjet_charge_
                         :                                                                                                       bmuon_dR_l_j:       +1.000                            +0.188                                  +0.072                                  -0.259                                            -0.401                                +0.573                                                    +0.266                                                                                                             +0.190                                                                                  -0.428                                                            +0.090                                                                    +0.114                                                  +0.036                                                              -0.189                                      -0.186
                         :                                                                                  bmuon_nsip3d_10._10.:bmuon_nsip3d:       +0.188                            +1.000                                  -0.105                                  -0.108                                            -0.234                                +0.071                                                    +0.181                                                                                                             +0.113                                                                                  -0.230                                                            +0.105                                                                    +0.029                                                  +0.078                                                              -0.139                                      -0.141
                         :                                                                            bmuon_P_jetrest_2.5_2.5:bmuon_P_jetrest:       +0.072                            -0.105                                  +1.000                                  +0.311                                            +0.642                                +0.690                                                    -0.591                                                                                                             -0.384                                                                                  +0.583                                                            -0.219                                                                    -0.098                                                  -0.009                                                              +0.413                                      +0.391
                         :                                                                            bmuon_palongjet_10._10.:bmuon_palongjet:       -0.259                            -0.108                                  +0.311                                  +1.000                                            +0.383                                +0.137                                                    -0.405                                                                                                             -0.197                                                                                  +0.304                                                            -0.152                                                                    -0.025                                                  -0.095                                                              +0.190                                      +0.182
                         :                                                                  bmuon_palongjetratio_0.4_0.4:bmuon_palongjetratio:       -0.401                            -0.234                                  +0.642                                  +0.383                                            +1.000                                +0.192                                                    -0.861                                                                                                             -0.493                                                                                  +0.904                                                            -0.311                                                                    -0.199                                                  -0.269                                                              +0.511                                      +0.482
                         :                                                                              bmuon_ptwrtbjet_3._3.:bmuon_ptwrtbjet:       +0.573                            +0.071                                  +0.690                                  +0.137                                            +0.192                                +1.000                                                    -0.209                                                                                                             -0.118                                                                                  +0.102                                                            -0.081                                                                    +0.007                                                  +0.008                                                              +0.136                                      +0.117
                         :                                                          log10_1._P_bmuon_reliso__1.2_1.2:log10_1._P_bmuon_reliso_:       +0.266                            +0.181                                  -0.591                                  -0.405                                            -0.861                                -0.209                                                    +1.000                                                                                                             +0.467                                                                                  -0.764                                                            +0.352                                                                    +0.181                                                  +0.314                                                              -0.465                                      -0.438
                         : bjet_ChargedHadronEnergyFraction_0.1_0.1:bjet_ChargedHadronEnergyFraction_0.9_0.9:bjet_ChargedHadronEnergyFraction:       +0.190                            +0.113                                  -0.384                                  -0.197                                            -0.493                                -0.118                                                    +0.467                                                                                                             +1.000                                                                                  -0.540                                                            -0.257                                                                    -0.213                                                  -0.089                                                              -0.384                                      -0.385
                         :                            bjet_MuonEnergyFraction_0.2_0.2:bjet_MuonEnergyFraction_0.5_0.5:bjet_MuonEnergyFraction:       -0.428                            -0.230                                  +0.583                                  +0.304                                            +0.904                                +0.102                                                    -0.764                                                                                                             -0.540                                                                                  +1.000                                                            -0.322                                                                    -0.217                                                  -0.255                                                              +0.517                                      +0.502
                         :                                                  bjet_NeutralEmEnergyFraction_0.5_0.5:bjet_NeutralEmEnergyFraction:       +0.090                            +0.105                                  -0.219                                  -0.152                                            -0.311                                -0.081                                                    +0.352                                                                                                             -0.257                                                                                  -0.322                                                            +1.000                                                                    -0.103                                                  +0.444                                                              -0.109                                      -0.089
                         :                                          bjet_NeutralHadronEnergyFraction_0.3_0.3:bjet_NeutralHadronEnergyFraction:       +0.114                            +0.029                                  -0.098                                  -0.025                                            -0.199                                +0.007                                                    +0.181                                                                                                             -0.213                                                                                  -0.217                                                            -0.103                                                                    +1.000                                                  +0.184                                                              -0.090                                      -0.077
                         :                                                            bjet_NeutralMultiplicity_25_25:bjet_NeutralMultiplicity:       +0.036                            +0.078                                  -0.009                                  -0.095                                            -0.269                                +0.008                                                    +0.314                                                                                                             -0.089                                                                                  -0.255                                                            +0.444                                                                    +0.184                                                  +1.000                                                              -0.121                                      -0.100
                         :                                                bjet_charge_T_bmuon_charge__M_0.4__M_0.4:bjet_charge_T_bmuon_charge:       -0.189                            -0.139                                  +0.413                                  +0.190                                            +0.511                                +0.136                                                    -0.465                                                                                                             -0.384                                                                                  +0.517                                                            -0.109                                                                    -0.090                                                  -0.121                                                              +1.000                                      +0.820
                         :                                                                        fabs_bjet_charge__0.6_0.6:fabs_bjet_charge_:       -0.186                            -0.141                                  +0.391                                  +0.182                                            +0.482                                +0.117                                                    -0.438                                                                                                             -0.385                                                                                  +0.502                                                            -0.089                                                                    -0.077                                                  -0.100                                                              +0.820                                      +1.000
                         : -----------------------------------------------------------------------------------------------------------------------------------------------------------------------------------------------------------------------------------------------------------------------------------------------------------------------------------------------------------------------------------------------------------------------------------------------------------------------------------------------------------------------------------------------------------------------------------------------------------------------------------------------------------------------------------------------------------------------------------------------------------------------------------------------------------------------------------------------------------------------------------------------------------------------------------
DataSetInfo              : Correlation matrix (Background):
                         : -----------------------------------------------------------------------------------------------------------------------------------------------------------------------------------------------------------------------------------------------------------------------------------------------------------------------------------------------------------------------------------------------------------------------------------------------------------------------------------------------------------------------------------------------------------------------------------------------------------------------------------------------------------------------------------------------------------------------------------------------------------------------------------------------------------------------------------------------------------------------------------------------------------------------------------
                         :                                                                                                                     bmuon_dR_l_j bmuon_nsip3d_10._10.:bmuon_nsip3d bmuon_P_jetrest_2.5_2.5:bmuon_P_jetrest bmuon_palongjet_10._10.:bmuon_palongjet bmuon_palongjetratio_0.4_0.4:bmuon_palongjetratio bmuon_ptwrtbjet_3._3.:bmuon_ptwrtbjet log10_1._P_bmuon_reliso__1.2_1.2:log10_1._P_bmuon_reliso_ bjet_ChargedHadronEnergyFraction_0.1_0.1:bjet_ChargedHadronEnergyFraction_0.9_0.9:bjet_ChargedHadronEnergyFraction bjet_MuonEnergyFraction_0.2_0.2:bjet_MuonEnergyFraction_0.5_0.5:bjet_MuonEnergyFraction bjet_NeutralEmEnergyFraction_0.5_0.5:bjet_NeutralEmEnergyFraction bjet_NeutralHadronEnergyFraction_0.3_0.3:bjet_NeutralHadronEnergyFraction bjet_NeutralMultiplicity_25_25:bjet_NeutralMultiplicity bjet_charge_T_bmuon_charge__M_0.4__M_0.4:bjet_charge_T_bmuon_charge fabs_bjet_charge__0.6_0.6:fabs_bjet_charge_
                         :                                                                                                       bmuon_dR_l_j:       +1.000                            +0.122                                  +0.185                                  -0.254                                            -0.240                                +0.600                                                    +0.082                                                                                                             +0.016                                                                                  -0.229                                                            +0.007                                                                    +0.098                                                  -0.023                                                              -0.081                                      -0.096
                         :                                                                                  bmuon_nsip3d_10._10.:bmuon_nsip3d:       +0.122                            +1.000                                  +0.093                                  +0.005                                            -0.010                                +0.163                                                    -0.048                                                                                                             -0.035                                                                                  +0.008                                                            -0.013                                                                    -0.018                                                  +0.032                                                              +0.025                                      +0.027
                         :                                                                            bmuon_P_jetrest_2.5_2.5:bmuon_P_jetrest:       +0.185                            +0.093                                  +1.000                                  +0.268                                            +0.675                                +0.767                                                    -0.574                                                                                                             -0.295                                                                                  +0.613                                                            -0.167                                                                    -0.071                                                  +0.011                                                              +0.454                                      +0.255
                         :                                                                            bmuon_palongjet_10._10.:bmuon_palongjet:       -0.254                            +0.005                                  +0.268                                  +1.000                                            +0.328                                +0.108                                                    -0.323                                                                                                             -0.095                                                                                  +0.247                                                            -0.139                                                                    -0.001                                                  -0.059                                                              +0.162                                      +0.082
                         :                                                                  bmuon_palongjetratio_0.4_0.4:bmuon_palongjetratio:       -0.240                            -0.010                                  +0.675                                  +0.328                                            +1.000                                +0.336                                                    -0.829                                                                                                             -0.361                                                                                  +0.848                                                            -0.242                                                                    -0.148                                                  -0.247                                                              +0.520                                      +0.287
                         :                                                                              bmuon_ptwrtbjet_3._3.:bmuon_ptwrtbjet:       +0.600                            +0.163                                  +0.767                                  +0.108                                            +0.336                                +1.000                                                    -0.316                                                                                                             -0.173                                                                                  +0.289                                                            -0.094                                                                    -0.008                                                  +0.009                                                              +0.246                                      +0.105
                         :                                                          log10_1._P_bmuon_reliso__1.2_1.2:log10_1._P_bmuon_reliso_:       +0.082                            -0.048                                  -0.574                                  -0.323                                            -0.829                                -0.316                                                    +1.000                                                                                                             +0.372                                                                                  -0.651                                                            +0.329                                                                    +0.124                                                  +0.329                                                              -0.410                                      -0.225
                         : bjet_ChargedHadronEnergyFraction_0.1_0.1:bjet_ChargedHadronEnergyFraction_0.9_0.9:bjet_ChargedHadronEnergyFraction:       +0.016                            -0.035                                  -0.295                                  -0.095                                            -0.361                                -0.173                                                    +0.372                                                                                                             +1.000                                                                                  -0.427                                                            -0.337                                                                    -0.293                                                  -0.111                                                              -0.300                                      -0.289
                         :                            bjet_MuonEnergyFraction_0.2_0.2:bjet_MuonEnergyFraction_0.5_0.5:bjet_MuonEnergyFraction:       -0.229                            +0.008                                  +0.613                                  +0.247                                            +0.848                                +0.289                                                    -0.651                                                                                                             -0.427                                                                                  +1.000                                                            -0.230                                                                    -0.167                                                  -0.206                                                              +0.496                                      +0.352
                         :                                                  bjet_NeutralEmEnergyFraction_0.5_0.5:bjet_NeutralEmEnergyFraction:       +0.007                            -0.013                                  -0.167                                  -0.139                                            -0.242                                -0.094                                                    +0.329                                                                                                             -0.337                                                                                  -0.230                                                            +1.000                                                                    -0.054                                                  +0.458                                                              +0.002                                      -0.026
                         :                                          bjet_NeutralHadronEnergyFraction_0.3_0.3:bjet_NeutralHadronEnergyFraction:       +0.098                            -0.018                                  -0.071                                  -0.001                                            -0.148                                -0.008                                                    +0.124                                                                                                             -0.293                                                                                  -0.167                                                            -0.054                                                                    +1.000                                                  +0.170                                                              +0.021                                      +0.042
                         :                                                            bjet_NeutralMultiplicity_25_25:bjet_NeutralMultiplicity:       -0.023                            +0.032                                  +0.011                                  -0.059                                            -0.247                                +0.009                                                    +0.329                                                                                                             -0.111                                                                                  -0.206                                                            +0.458                                                                    +0.170                                                  +1.000                                                              -0.034                                      -0.031
                         :                                                bjet_charge_T_bmuon_charge__M_0.4__M_0.4:bjet_charge_T_bmuon_charge:       -0.081                            +0.025                                  +0.454                                  +0.162                                            +0.520                                +0.246                                                    -0.410                                                                                                             -0.300                                                                                  +0.496                                                            +0.002                                                                    +0.021                                                  -0.034                                                              +1.000                                      +0.421
                         :                                                                        fabs_bjet_charge__0.6_0.6:fabs_bjet_charge_:       -0.096                            +0.027                                  +0.255                                  +0.082                                            +0.287                                +0.105                                                    -0.225                                                                                                             -0.289                                                                                  +0.352                                                            -0.026                                                                    +0.042                                                  -0.031                                                              +0.421                                      +1.000
                         : -----------------------------------------------------------------------------------------------------------------------------------------------------------------------------------------------------------------------------------------------------------------------------------------------------------------------------------------------------------------------------------------------------------------------------------------------------------------------------------------------------------------------------------------------------------------------------------------------------------------------------------------------------------------------------------------------------------------------------------------------------------------------------------------------------------------------------------------------------------------------------------------------------------------------------------
DataSetFactory           : [BDT_2016postVFP] :  
                         : 
Factory                  : [1mTrain all methods[0m
Factory                  : [BDT_2016postVFP] : Create Transformation "I" with events from all classes.
                         : 
                         : Transformation, Variable selection : 
                         : Input : variable 'bmuon_dR_l_j' <---> Output : variable 'bmuon_dR_l_j'
                         : Input : variable 'bmuon_nsip3d>10.?10.:bmuon_nsip3d' <---> Output : variable 'bmuon_nsip3d>10.?10.:bmuon_nsip3d'
                         : Input : variable 'bmuon_P_jetrest>2.5?2.5:bmuon_P_jetrest' <---> Output : variable 'bmuon_P_jetrest>2.5?2.5:bmuon_P_jetrest'
                         : Input : variable 'bmuon_palongjet>10.?10.:bmuon_palongjet' <---> Output : variable 'bmuon_palongjet>10.?10.:bmuon_palongjet'
                         : Input : variable 'bmuon_palongjetratio>0.4?0.4:bmuon_palongjetratio' <---> Output : variable 'bmuon_palongjetratio>0.4?0.4:bmuon_palongjetratio'
                         : Input : variable 'bmuon_ptwrtbjet>3.?3.:bmuon_ptwrtbjet' <---> Output : variable 'bmuon_ptwrtbjet>3.?3.:bmuon_ptwrtbjet'
                         : Input : variable 'log10(1.+bmuon_reliso)>1.2?1.2:log10(1.+bmuon_reliso)' <---> Output : variable 'log10(1.+bmuon_reliso)>1.2?1.2:log10(1.+bmuon_reliso)'
                         : Input : variable 'bjet_ChargedHadronEnergyFraction<0.1?0.1:bjet_ChargedHadronEnergyFraction>0.9?0.9:bjet_ChargedHadronEnergyFraction' <---> Output : variable 'bjet_ChargedHadronEnergyFraction<0.1?0.1:bjet_ChargedHadronEnergyFraction>0.9?0.9:bjet_ChargedHadronEnergyFraction'
                         : Input : variable 'bjet_MuonEnergyFraction<0.2?0.2:bjet_MuonEnergyFraction>0.5?0.5:bjet_MuonEnergyFraction' <---> Output : variable 'bjet_MuonEnergyFraction<0.2?0.2:bjet_MuonEnergyFraction>0.5?0.5:bjet_MuonEnergyFraction'
                         : Input : variable 'bjet_NeutralEmEnergyFraction>0.5?0.5:bjet_NeutralEmEnergyFraction' <---> Output : variable 'bjet_NeutralEmEnergyFraction>0.5?0.5:bjet_NeutralEmEnergyFraction'
                         : Input : variable 'bjet_NeutralHadronEnergyFraction>0.3?0.3:bjet_NeutralHadronEnergyFraction' <---> Output : variable 'bjet_NeutralHadronEnergyFraction>0.3?0.3:bjet_NeutralHadronEnergyFraction'
                         : Input : variable 'bjet_NeutralMultiplicity>25?25:bjet_NeutralMultiplicity' <---> Output : variable 'bjet_NeutralMultiplicity>25?25:bjet_NeutralMultiplicity'
                         : Input : variable 'bjet_charge*bmuon_charge<-0.4?-0.4:bjet_charge*bmuon_charge' <---> Output : variable 'bjet_charge*bmuon_charge<-0.4?-0.4:bjet_charge*bmuon_charge'
                         : Input : variable 'fabs(bjet_charge)>0.6?0.6:fabs(bjet_charge)' <---> Output : variable 'fabs(bjet_charge)>0.6?0.6:fabs(bjet_charge)'
TFHandler_Factory        :                                                                                                           Variable                                                                                                                  Mean                                                                                                                  RMS                                                                                                          [        Min                                                                                                                  Max ]
                         : -------------------------------------------------------------------------------------------------------------------------------------------------------------------------------------------------------------------------------------------------------------------------------------------------------------------------------------------------------------------------------------------------------------------------------------------------------------------------------------------------------------------------------------------------------------------------------------------------------------
                         :                                                                                                       bmuon_dR_l_j:                                                                                                            0.084149                                                                                                            0.059699   [                                                                                                          0.00024251                                                                                                             0.39879 ]
                         :                                                                                  bmuon_nsip3d>10.?10.:bmuon_nsip3d:                                                                                                              6.3689                                                                                                              3.6190   [                                                                                                           0.0014549                                                                                                              10.000 ]
                         :                                                                            bmuon_P_jetrest>2.5?2.5:bmuon_P_jetrest:                                                                                                              1.2823                                                                                                             0.59698   [                                                                                                             0.12360                                                                                                              2.5000 ]
                         :                                                                            bmuon_palongjet>10.?10.:bmuon_palongjet:                                                                                                              9.5428                                                                                                              1.1059   [                                                                                                              4.8173                                                                                                              10.000 ]
                         :                                                                  bmuon_palongjetratio>0.4?0.4:bmuon_palongjetratio:                                                                                                             0.22321                                                                                                             0.11242   [                                                                                                            0.013022                                                                                                             0.40000 ]
                         :                                                                              bmuon_ptwrtbjet>3.?3.:bmuon_ptwrtbjet:                                                                                                             0.92863                                                                                                             0.57757   [                                                                                                           0.0059098                                                                                                              3.0000 ]
                         :                                                              log10(1.+bmuon_reliso)>1.2?1.2:log10(1.+bmuon_reliso):                                                                                                             0.54441                                                                                                             0.28115   [                                                                                                              0.0000                                                                                                              1.2000 ]
                         : bjet_ChargedHadronEnergyFraction<0.1?0.1:bjet_ChargedHadronEnergyFraction>0.9?0.9:bjet_ChargedHadronEnergyFraction:                                                                                                             0.45525                                                                                                             0.19127   [                                                                                                             0.10000                                                                                                             0.90000 ]
                         :                            bjet_MuonEnergyFraction<0.2?0.2:bjet_MuonEnergyFraction>0.5?0.5:bjet_MuonEnergyFraction:                                                                                                             0.27571                                                                                                             0.10548   [                                                                                                             0.20000                                                                                                             0.50000 ]
                         :                                                  bjet_NeutralEmEnergyFraction>0.5?0.5:bjet_NeutralEmEnergyFraction:                                                                                                             0.19382                                                                                                             0.12867   [                                                                                                              0.0000                                                                                                             0.50000 ]
                         :                                          bjet_NeutralHadronEnergyFraction>0.3?0.3:bjet_NeutralHadronEnergyFraction:                                                                                                            0.077295                                                                                                            0.085149   [                                                                                                              0.0000                                                                                                             0.30000 ]
                         :                                                            bjet_NeutralMultiplicity>25?25:bjet_NeutralMultiplicity:                                                                                                              9.0183                                                                                                              4.6118   [                                                                                                              0.0000                                                                                                              25.000 ]
                         :                                                        bjet_charge*bmuon_charge<-0.4?-0.4:bjet_charge*bmuon_charge:                                                                                                             0.20738                                                                                                             0.32231   [                                                                                                            -0.40000                                                                                                              1.0000 ]
                         :                                                                        fabs(bjet_charge)>0.6?0.6:fabs(bjet_charge):                                                                                                             0.30499                                                                                                             0.19205   [                                                                                                          3.5924e-05                                                                                                             0.60000 ]
                         : -------------------------------------------------------------------------------------------------------------------------------------------------------------------------------------------------------------------------------------------------------------------------------------------------------------------------------------------------------------------------------------------------------------------------------------------------------------------------------------------------------------------------------------------------------------------------------------------------------------
                         : Ranking input variables (method unspecific)...
IdTransformation         : Ranking result (top variable is best ranked)
                         : -------------------------------------------------------------------------------------------------------------------------------------------
                         : Rank : Variable                                                                                                           : Separation
                         : -------------------------------------------------------------------------------------------------------------------------------------------
                         :    1 : bjet_charge*bmuon_charge<-0.4?-0.4:bjet_charge*bmuon_charge                                                        : 1.375e-01
                         :    2 : bmuon_P_jetrest>2.5?2.5:bmuon_P_jetrest                                                                            : 1.075e-01
                         :    3 : bmuon_palongjetratio>0.4?0.4:bmuon_palongjetratio                                                                  : 8.183e-02
                         :    4 : bjet_MuonEnergyFraction<0.2?0.2:bjet_MuonEnergyFraction>0.5?0.5:bjet_MuonEnergyFraction                            : 7.987e-02
                         :    5 : bmuon_ptwrtbjet>3.?3.:bmuon_ptwrtbjet                                                                              : 7.625e-02
                         :    6 : fabs(bjet_charge)>0.6?0.6:fabs(bjet_charge)                                                                        : 6.758e-02
                         :    7 : log10(1.+bmuon_reliso)>1.2?1.2:log10(1.+bmuon_reliso)                                                              : 6.015e-02
                         :    8 : bjet_ChargedHadronEnergyFraction<0.1?0.1:bjet_ChargedHadronEnergyFraction>0.9?0.9:bjet_ChargedHadronEnergyFraction : 2.088e-02
                         :    9 : bmuon_palongjet>10.?10.:bmuon_palongjet                                                                            : 1.318e-02
                         :   10 : bmuon_nsip3d>10.?10.:bmuon_nsip3d                                                                                  : 1.138e-02
                         :   11 : bmuon_dR_l_j                                                                                                       : 1.131e-02
                         :   12 : bjet_NeutralEmEnergyFraction>0.5?0.5:bjet_NeutralEmEnergyFraction                                                  : 1.017e-02
                         :   13 : bjet_NeutralMultiplicity>25?25:bjet_NeutralMultiplicity                                                            : 8.707e-03
                         :   14 : bjet_NeutralHadronEnergyFraction>0.3?0.3:bjet_NeutralHadronEnergyFraction                                          : 3.904e-03
                         : -------------------------------------------------------------------------------------------------------------------------------------------
Factory                  : Train method: BDT for Classification
                         : 
TFHandler_BDT            :                                                                                                           Variable                                                                                                                  Mean                                                                                                                  RMS                                                                                                          [        Min                                                                                                                  Max ]
                         : -------------------------------------------------------------------------------------------------------------------------------------------------------------------------------------------------------------------------------------------------------------------------------------------------------------------------------------------------------------------------------------------------------------------------------------------------------------------------------------------------------------------------------------------------------------------------------------------------------------
                         :                                                                                                       bmuon_dR_l_j:                                                                                                            0.084149                                                                                                            0.059699   [                                                                                                          0.00024251                                                                                                             0.39879 ]
                         :                                                                                  bmuon_nsip3d>10.?10.:bmuon_nsip3d:                                                                                                              6.3689                                                                                                              3.6190   [                                                                                                           0.0014549                                                                                                              10.000 ]
                         :                                                                            bmuon_P_jetrest>2.5?2.5:bmuon_P_jetrest:                                                                                                              1.2823                                                                                                             0.59698   [                                                                                                             0.12360                                                                                                              2.5000 ]
                         :                                                                            bmuon_palongjet>10.?10.:bmuon_palongjet:                                                                                                              9.5428                                                                                                              1.1059   [                                                                                                              4.8173                                                                                                              10.000 ]
                         :                                                                  bmuon_palongjetratio>0.4?0.4:bmuon_palongjetratio:                                                                                                             0.22321                                                                                                             0.11242   [                                                                                                            0.013022                                                                                                             0.40000 ]
                         :                                                                              bmuon_ptwrtbjet>3.?3.:bmuon_ptwrtbjet:                                                                                                             0.92863                                                                                                             0.57757   [                                                                                                           0.0059098                                                                                                              3.0000 ]
                         :                                                              log10(1.+bmuon_reliso)>1.2?1.2:log10(1.+bmuon_reliso):                                                                                                             0.54441                                                                                                             0.28115   [                                                                                                              0.0000                                                                                                              1.2000 ]
                         : bjet_ChargedHadronEnergyFraction<0.1?0.1:bjet_ChargedHadronEnergyFraction>0.9?0.9:bjet_ChargedHadronEnergyFraction:                                                                                                             0.45525                                                                                                             0.19127   [                                                                                                             0.10000                                                                                                             0.90000 ]
                         :                            bjet_MuonEnergyFraction<0.2?0.2:bjet_MuonEnergyFraction>0.5?0.5:bjet_MuonEnergyFraction:                                                                                                             0.27571                                                                                                             0.10548   [                                                                                                             0.20000                                                                                                             0.50000 ]
                         :                                                  bjet_NeutralEmEnergyFraction>0.5?0.5:bjet_NeutralEmEnergyFraction:                                                                                                             0.19382                                                                                                             0.12867   [                                                                                                              0.0000                                                                                                             0.50000 ]
                         :                                          bjet_NeutralHadronEnergyFraction>0.3?0.3:bjet_NeutralHadronEnergyFraction:                                                                                                            0.077295                                                                                                            0.085149   [                                                                                                              0.0000                                                                                                             0.30000 ]
                         :                                                            bjet_NeutralMultiplicity>25?25:bjet_NeutralMultiplicity:                                                                                                              9.0183                                                                                                              4.6118   [                                                                                                              0.0000                                                                                                              25.000 ]
                         :                                                        bjet_charge*bmuon_charge<-0.4?-0.4:bjet_charge*bmuon_charge:                                                                                                             0.20738                                                                                                             0.32231   [                                                                                                            -0.40000                                                                                                              1.0000 ]
                         :                                                                        fabs(bjet_charge)>0.6?0.6:fabs(bjet_charge):                                                                                                             0.30499                                                                                                             0.19205   [                                                                                                          3.5924e-05                                                                                                             0.60000 ]
                         : -------------------------------------------------------------------------------------------------------------------------------------------------------------------------------------------------------------------------------------------------------------------------------------------------------------------------------------------------------------------------------------------------------------------------------------------------------------------------------------------------------------------------------------------------------------------------------------------------------------
                         : Events with weight == 0 are going to be simply ignored 
BDT                      : #events: (reweighted) sig: 9475 bkg: 9475
                         : #events: (unweighted) sig: 12585 bkg: 6365
                         : Training 500 Decision Trees ... patience please
                         : Elapsed time for training with 27477 events: 8.8 sec         
BDT                      : [BDT_2016postVFP] : Evaluation of BDT on training sample (27477 events)
                         : Elapsed time for evaluation of 27477 events: 2.12 sec       
                         : Creating xml weight file: [0;36mBDT_2016postVFP/weights/BDT_2016postVFP_BDT.weights.xml[0m
                         : Creating standalone class: [0;36mBDT_2016postVFP/weights/BDT_2016postVFP_BDT.class.C[0m
                         : BDT_2016postVFP.root:/BDT_2016postVFP/Method_BDT/BDT
Factory                  : Training finished
                         : 
                         : Ranking input variables (method specific)...
BDT                      : Ranking result (top variable is best ranked)
                         : ----------------------------------------------------------------------------------------------------------------------------------------------------
                         : Rank : Variable                                                                                                           : Variable Importance
                         : ----------------------------------------------------------------------------------------------------------------------------------------------------
                         :    1 : bjet_charge*bmuon_charge<-0.4?-0.4:bjet_charge*bmuon_charge                                                        : 2.023e-01
                         :    2 : bmuon_P_jetrest>2.5?2.5:bmuon_P_jetrest                                                                            : 1.112e-01
                         :    3 : bmuon_ptwrtbjet>3.?3.:bmuon_ptwrtbjet                                                                              : 9.387e-02
                         :    4 : bmuon_nsip3d>10.?10.:bmuon_nsip3d                                                                                  : 6.744e-02
                         :    5 : bmuon_dR_l_j                                                                                                       : 6.173e-02
                         :    6 : bjet_MuonEnergyFraction<0.2?0.2:bjet_MuonEnergyFraction>0.5?0.5:bjet_MuonEnergyFraction                            : 6.056e-02
                         :    7 : bmuon_palongjetratio>0.4?0.4:bmuon_palongjetratio                                                                  : 5.969e-02
                         :    8 : log10(1.+bmuon_reliso)>1.2?1.2:log10(1.+bmuon_reliso)                                                              : 5.725e-02
                         :    9 : fabs(bjet_charge)>0.6?0.6:fabs(bjet_charge)                                                                        : 5.478e-02
                         :   10 : bjet_ChargedHadronEnergyFraction<0.1?0.1:bjet_ChargedHadronEnergyFraction>0.9?0.9:bjet_ChargedHadronEnergyFraction : 5.417e-02
                         :   11 : bjet_NeutralEmEnergyFraction>0.5?0.5:bjet_NeutralEmEnergyFraction                                                  : 4.992e-02
                         :   12 : bjet_NeutralHadronEnergyFraction>0.3?0.3:bjet_NeutralHadronEnergyFraction                                          : 4.862e-02
                         :   13 : bjet_NeutralMultiplicity>25?25:bjet_NeutralMultiplicity                                                            : 4.660e-02
                         :   14 : bmuon_palongjet>10.?10.:bmuon_palongjet                                                                            : 3.189e-02
                         : ----------------------------------------------------------------------------------------------------------------------------------------------------
Factory                  : === Destroy and recreate all methods via weight files for testing ===
                         : 
                         : Reading weight file: [0;36mBDT_2016postVFP/weights/BDT_2016postVFP_BDT.weights.xml[0m
Factory                  : [1mTest all methods[0m
Factory                  : Test method: BDT for Classification performance
                         : 
BDT                      : [BDT_2016postVFP] : Evaluation of BDT on testing sample (40128 events)
                         : Elapsed time for evaluation of 40128 events: 2.34 sec       
Factory                  : [1mEvaluate all methods[0m
Factory                  : Evaluate classifier: BDT
                         : 
BDT                      : [BDT_2016postVFP] : Loop over test events and fill histograms with classifier response...
                         : 
TFHandler_BDT            :                                                                                                           Variable                                                                                                                  Mean                                                                                                                  RMS                                                                                                          [        Min                                                                                                                  Max ]
                         : -------------------------------------------------------------------------------------------------------------------------------------------------------------------------------------------------------------------------------------------------------------------------------------------------------------------------------------------------------------------------------------------------------------------------------------------------------------------------------------------------------------------------------------------------------------------------------------------------------------
                         :                                                                                                       bmuon_dR_l_j:                                                                                                            0.084205                                                                                                            0.060799   [                                                                                                          0.00018560                                                                                                             0.39997 ]
                         :                                                                                  bmuon_nsip3d>10.?10.:bmuon_nsip3d:                                                                                                              6.3201                                                                                                              3.6453   [                                                                                                           0.0070116                                                                                                              10.000 ]
                         :                                                                            bmuon_P_jetrest>2.5?2.5:bmuon_P_jetrest:                                                                                                              1.3502                                                                                                             0.61371   [                                                                                                             0.15180                                                                                                              2.5000 ]
                         :                                                                            bmuon_palongjet>10.?10.:bmuon_palongjet:                                                                                                              9.5695                                                                                                              1.0785   [                                                                                                              4.7564                                                                                                              10.000 ]
                         :                                                                  bmuon_palongjetratio>0.4?0.4:bmuon_palongjetratio:                                                                                                             0.22902                                                                                                             0.11530   [                                                                                                           0.0083393                                                                                                             0.40000 ]
                         :                                                                              bmuon_ptwrtbjet>3.?3.:bmuon_ptwrtbjet:                                                                                                             0.98018                                                                                                             0.60226   [                                                                                                           0.0036451                                                                                                              3.0000 ]
                         :                                                              log10(1.+bmuon_reliso)>1.2?1.2:log10(1.+bmuon_reliso):                                                                                                             0.53669                                                                                                             0.28657   [                                                                                                              0.0000                                                                                                              1.2000 ]
                         : bjet_ChargedHadronEnergyFraction<0.1?0.1:bjet_ChargedHadronEnergyFraction>0.9?0.9:bjet_ChargedHadronEnergyFraction:                                                                                                             0.44803                                                                                                             0.19216   [                                                                                                             0.10000                                                                                                             0.90000 ]
                         :                            bjet_MuonEnergyFraction<0.2?0.2:bjet_MuonEnergyFraction>0.5?0.5:bjet_MuonEnergyFraction:                                                                                                             0.28191                                                                                                             0.10901   [                                                                                                             0.20000                                                                                                             0.50000 ]
                         :                                                  bjet_NeutralEmEnergyFraction>0.5?0.5:bjet_NeutralEmEnergyFraction:                                                                                                             0.19410                                                                                                             0.12910   [                                                                                                              0.0000                                                                                                             0.50000 ]
                         :                                          bjet_NeutralHadronEnergyFraction>0.3?0.3:bjet_NeutralHadronEnergyFraction:                                                                                                            0.075877                                                                                                            0.083555   [                                                                                                              0.0000                                                                                                             0.30000 ]
                         :                                                            bjet_NeutralMultiplicity>25?25:bjet_NeutralMultiplicity:                                                                                                              9.1486                                                                                                              4.6907   [                                                                                                              0.0000                                                                                                              25.000 ]
                         :                                                        bjet_charge*bmuon_charge<-0.4?-0.4:bjet_charge*bmuon_charge:                                                                                                             0.23667                                                                                                             0.32259   [                                                                                                            -0.40000                                                                                                              1.0000 ]
                         :                                                                        fabs(bjet_charge)>0.6?0.6:fabs(bjet_charge):                                                                                                             0.31946                                                                                                             0.19418   [                                                                                                          4.1133e-06                                                                                                             0.60000 ]
                         : -------------------------------------------------------------------------------------------------------------------------------------------------------------------------------------------------------------------------------------------------------------------------------------------------------------------------------------------------------------------------------------------------------------------------------------------------------------------------------------------------------------------------------------------------------------------------------------------------------------
                         : 
                         : Evaluation results ranked by best signal efficiency and purity (area)
                         : -------------------------------------------------------------------------------------------------------------------
                         : DataSet       MVA                       
                         : Name:         Method:          ROC-integ
                         : BDT_2016postVFP BDT            : 0.754
                         : -------------------------------------------------------------------------------------------------------------------
                         : 
                         : Testing efficiency compared to training efficiency (overtraining check)
                         : -------------------------------------------------------------------------------------------------------------------
                         : DataSet              MVA              Signal efficiency: from test sample (from training sample) 
                         : Name:                Method:          @B=0.01             @B=0.10            @B=0.30   
                         : -------------------------------------------------------------------------------------------------------------------
                         : BDT_2016postVFP      BDT            : 0.098 (0.120)       0.393 (0.422)      0.676 (0.710)
                         : -------------------------------------------------------------------------------------------------------------------
                         : 
Dataset:BDT_2016postVFP  : Created tree 'TestTree' with 40128 events
                         : 
Dataset:BDT_2016postVFP  : Created tree 'TrainTree' with 27477 events
                         : 
Factory                  : [1mThank you for using TMVA![0m
                         : [1mFor citation information, please visit: http://tmva.sf.net/citeTMVA.html[0m
['bmuon_dR_l_j', 'bmuon_nsip3d > 10. ? 10. : bmuon_nsip3d', 'bmuon_P_jetrest > 2.5 ? 2.5 : bmuon_P_jetrest', 'bmuon_palongjet > 10. ? 10. : bmuon_palongjet', 'bmuon_palongjetratio > 0.4 ? 0.4 : bmuon_palongjetratio', 'bmuon_ptwrtbjet > 3. ? 3. : bmuon_ptwrtbjet', 'log10(1.+bmuon_reliso) > 1.2 ? 1.2 : log10(1.+bmuon_reliso)', 'bjet_ChargedHadronEnergyFraction < 0.1 ? 0.1 : bjet_ChargedHadronEnergyFraction > 0.9 ? 0.9 : bjet_ChargedHadronEnergyFraction', 'bjet_MuonEnergyFraction < 0.2 ? 0.2 : bjet_MuonEnergyFraction > 0.5 ? 0.5 : bjet_MuonEnergyFraction', 'bjet_NeutralEmEnergyFraction > 0.5 ? 0.5 : bjet_NeutralEmEnergyFraction', 'bjet_NeutralHadronEnergyFraction > 0.3 ? 0.3 : bjet_NeutralHadronEnergyFraction', 'bjet_NeutralMultiplicity > 25 ? 25 : bjet_NeutralMultiplicity', 'bjet_charge*bmuon_charge < -0.4 ? -0.4 : bjet_charge*bmuon_charge', 'fabs(bjet_charge) > 0.6 ? 0.6 : fabs(bjet_charge)'] ['belectron_dR_l_j < 0.13 ? 0.13 : belectron_dR_l_j', 'belectron_nsip3d > 10. ? 10. : belectron_nsip3d', 'belectron_P_jetrest > 2. ? 2. : belectron_P_jetrest', 'belectron_palongjet > 15.? 15. : belectron_palongjet', 'belectron_palongjetratio > 0.2 ? 0.2 : belectron_palongjetratio', 'belectron_ptwrtbjet < 0.5 ? 0.5 : belectron_ptwrtbjet > 3. ? 3. : belectron_ptwrtbjet', 'log10(1.+belectron_reliso) > 1. ? 1. : log10(1.+belectron_reliso)', 'bjet_ChargedEmEnergyFraction > 0.2 ? 0.2 : bjet_ChargedEmEnergyFraction', 'bjet_ChargedHadronEnergyFraction < 0.3 ? 0.3 : bjet_ChargedHadronEnergyFraction > 0.8 ? 0.8 : bjet_ChargedHadronEnergyFraction', 'bjet_NeutralEmEnergyFraction < 0.15 ? 0.15 : bjet_NeutralEmEnergyFraction > 0.6 ? 0.6 : bjet_NeutralEmEnergyFraction', 'bjet_NeutralMultiplicity', 'bjet_charge*belectron_charge < -0.4 ? -0.4 : bjet_charge*belectron_charge > 0.2 ? 0.2 : bjet_charge*belectron_charge', 'fabs(bjet_charge) > 0.35 ? 0.35 : fabs(bjet_charge)'] ['bjet_ChargedHadronEnergyFraction < 0.2 ? 0.2 : bjet_ChargedHadronEnergyFraction', 'bjet_NeutralEmEnergyFraction > 0.7 ? 0.7 : bjet_NeutralEmEnergyFraction', 'bjet_NeutralHadronEnergyFraction > 0.4 ? 0.4 : bjet_NeutralHadronEnergyFraction', 'bjet_NeutralMultiplicity > 30 ? 30 : bjet_NeutralMultiplicity < 5 ? 5 : bjet_NeutralMultiplicity', 'fabs(bjet_charge)']
(bmuon_charge*bjet_partonFlavour < 0)&&Has_bMuon (bmuon_charge*bjet_partonFlavour > 0)&&Has_bMuon (belectron_charge*bjet_partonFlavour < 0)&&(Has_bElectron) (belectron_charge*bjet_partonFlavour > 0)&&(Has_bElectron) (bjet_charge*bjet_partonFlavour < 0)&&(!Has_bElectron)&&(!Has_bMuon) (bjet_charge*bjet_partonFlavour > 0)&&(!Has_bElectron)&&(!Has_bMuon)
sigcut= (bmuon_charge*bjet_partonFlavour < 0)&&Has_bMuon
bkgcut= (bmuon_charge*bjet_partonFlavour > 0)&&Has_bMuon
<sig cut>= (bmuon_charge*bjet_partonFlavour < 0)&&Has_bMuon
<bkg cut>= (bmuon_charge*bjet_partonFlavour > 0)&&Has_bMuon
---sig_test---
<self.testtree_sig> OutTree/sig
/data9/Users/jhchoi/Generate_BDT_Model/TMVA_TOOL/inputs/EEMu_MuMuE_Method/v2608.2/2016postVFP/EEMu_MuMuE_Method_DYJetsToEE_MiNNLO.root
/data9/Users/jhchoi/Generate_BDT_Model/TMVA_TOOL/inputs/EEMu_MuMuE_Method/v2608.2/2016postVFP/EEMu_MuMuE_Method_DYJetsToMuMu_MiNNLO.root
--bkg_test---
<self.testtree_bkg> OutTree/bkg
/data9/Users/jhchoi/Generate_BDT_Model/TMVA_TOOL/inputs/EEMu_MuMuE_Method/v2608.2/2016postVFP/EEMu_MuMuE_Method_DYJetsToEE_MiNNLO.root
/data9/Users/jhchoi/Generate_BDT_Model/TMVA_TOOL/inputs/EEMu_MuMuE_Method/v2608.2/2016postVFP/EEMu_MuMuE_Method_DYJetsToMuMu_MiNNLO.root
---sig_train---
<self.traintree_sig> OutTree/sig
/data9/Users/jhchoi/Generate_BDT_Model/TMVA_TOOL/inputs/EEMu_MuMuE_Method/v2608.2/2016postVFP/EEMu_MuMuE_Method_DYJets.root
---bkg_train---
<self.traintree_bkg> OutTree/bkg
/data9/Users/jhchoi/Generate_BDT_Model/TMVA_TOOL/inputs/EEMu_MuMuE_Method/v2608.2/2016postVFP/EEMu_MuMuE_Method_DYJets.root
>>>>self.dataloader.PrepareTrainingAndTestTree
Set sig cut -> (bmuon_charge*bjet_partonFlavour < 0)&&Has_bMuon
Set bkg cut -> (bmuon_charge*bjet_partonFlavour > 0)&&Has_bMuon
----AUC and Efficiency----
auc= 0.7538683352211905
BDT_2016postVFP BDT
B = 0.005 : 0.0580 (0.0910)
B = 0.010 : 0.0980 (0.1200)
B = 0.015 : 0.1280 (0.1420)
B = 0.020 : 0.1570 (0.1650)
B = 0.025 : 0.1810 (0.1880)
B = 0.030 : 0.2000 (0.2090)
B = 0.035 : 0.2140 (0.2300)
B = 0.040 : 0.2310 (0.2400)
B = 0.045 : 0.2490 (0.2600)
B = 0.050 : 0.2670 (0.2690)
B = 0.100 : 0.3930 (0.4220)
B = 0.200 : 0.5560 (0.5820)
B = 0.300 : 0.6760 (0.7100)
B = 0.400 : 0.7610 (0.7850)
B = 0.500 : 0.8300 (0.8400)
B = 0.600 : 0.8840 (0.8910)
END of RUNNING...run_single
myerr=0
[ntry=1]
