<sig cut>= (bjet_charge*bjet_partonFlavour < 0)&&(!Has_bElectron)&&(!Has_bMuon)
<bkg cut>= (bjet_charge*bjet_partonFlavour > 0)&&(!Has_bElectron)&&(!Has_bMuon)
Model: "sequential"
_________________________________________________________________
 Layer (type)                Output Shape              Param #   
=================================================================
 dense (Dense)               (None, 64)                576       
                                                                 
 batch_normalization (BatchN  (None, 64)               256       
 ormalization)                                                   
                                                                 
 activation (Activation)     (None, 64)                0         
                                                                 
 dropout (Dropout)           (None, 64)                0         
                                                                 
 dense_1 (Dense)             (None, 64)                4160      
                                                                 
 batch_normalization_1 (Batc  (None, 64)               256       
 hNormalization)                                                 
                                                                 
 activation_1 (Activation)   (None, 64)                0         
                                                                 
 dropout_1 (Dropout)         (None, 64)                0         
                                                                 
 dense_2 (Dense)             (None, 64)                4160      
                                                                 
 batch_normalization_2 (Batc  (None, 64)               256       
 hNormalization)                                                 
                                                                 
 activation_2 (Activation)   (None, 64)                0         
                                                                 
 dropout_2 (Dropout)         (None, 64)                0         
                                                                 
 dense_3 (Dense)             (None, 64)                4160      
                                                                 
 batch_normalization_3 (Batc  (None, 64)               256       
 hNormalization)                                                 
                                                                 
 activation_3 (Activation)   (None, 64)                0         
                                                                 
 dropout_3 (Dropout)         (None, 64)                0         
                                                                 
 dense_4 (Dense)             (None, 2)                 130       
                                                                 
 activation_4 (Activation)   (None, 2)                 0         
                                                                 
=================================================================
Total params: 14,210
Trainable params: 13,698
Non-trainable params: 512
_________________________________________________________________
DataSetInfo              : [jet2016preVFP__4__64__300__0.1] : Added class "Signal"
                         : Add Tree OutTree/sig of type Signal with 462614 events
                         : Add Tree OutTree/sig of type Signal with 530687 events
DataSetInfo              : [jet2016preVFP__4__64__300__0.1] : Added class "Background"
                         : Add Tree OutTree/bkg of type Background with 338874 events
                         : Add Tree OutTree/bkg of type Background with 385085 events
Factory                  : Booking method: [1mDNN[0m
                         : 
DNN                      : [jet2016preVFP__4__64__300__0.1] : Create Transformation "G" with events from all classes.
                         : 
                         : Transformation, Variable selection : 
                         : Input : variable 'bjet_ChargedHadronEnergyFraction' <---> Output : variable 'bjet_ChargedHadronEnergyFraction'
                         : Input : variable 'bjet_NeutralHadronEnergyFraction' <---> Output : variable 'bjet_NeutralHadronEnergyFraction'
                         : Input : variable 'bjet_NeutralEmEnergyFraction' <---> Output : variable 'bjet_NeutralEmEnergyFraction'
                         : Input : variable 'bjet_ChargedEmEnergyFraction' <---> Output : variable 'bjet_ChargedEmEnergyFraction'
                         : Input : variable 'bjet_MuonEnergyFraction' <---> Output : variable 'bjet_MuonEnergyFraction'
                         : Input : variable 'bjet_ChargedMultiplicity' <---> Output : variable 'bjet_ChargedMultiplicity'
                         : Input : variable 'bjet_NeutralMultiplicity' <---> Output : variable 'bjet_NeutralMultiplicity'
                         : Input : variable 'fabs(bjet_charge)' <---> Output : variable 'fabs(bjet_charge)'
                         : Setting up tf.keras
                         : Using TensorFlow version 2
                         : Use Keras version from TensorFlow : tf.keras
                         :  Loading Keras Model 
                         : Loaded model from file: model.h5
Factory                  : [1mTrain all methods[0m
                         : Rebuilding Dataset jet2016preVFP__4__64__300__0.1
                         : Building event vectors for type 1 Signal
                         : Dataset[jet2016preVFP__4__64__300__0.1] :  create input formulas for tree sig
                         : Dataset[jet2016preVFP__4__64__300__0.1] :  create input formulas for tree sig
                         : Dataset[jet2016preVFP__4__64__300__0.1] :  create input formulas for tree sig
                         : Building event vectors for type 0 Signal
                         : Dataset[jet2016preVFP__4__64__300__0.1] :  create input formulas for tree sig
                         : Dataset[jet2016preVFP__4__64__300__0.1] :  create input formulas for tree sig
                         : Building event vectors for type 1 Background
                         : Dataset[jet2016preVFP__4__64__300__0.1] :  create input formulas for tree bkg
                         : Dataset[jet2016preVFP__4__64__300__0.1] :  create input formulas for tree bkg
                         : Dataset[jet2016preVFP__4__64__300__0.1] :  create input formulas for tree bkg
                         : Building event vectors for type 0 Background
                         : Dataset[jet2016preVFP__4__64__300__0.1] :  create input formulas for tree bkg
                         : Dataset[jet2016preVFP__4__64__300__0.1] :  create input formulas for tree bkg
DataSetFactory           : [jet2016preVFP__4__64__300__0.1] : Number of events in input trees
                         : Dataset[jet2016preVFP__4__64__300__0.1] :     Signal     requirement: "(bjet_charge*bjet_partonFlavour < 0)&&(!Has_bElectron)&&(!Has_bMuon)"
                         : Dataset[jet2016preVFP__4__64__300__0.1] :     Signal          -- number of events passed: 859949  / sum of weights: 498763
                         : Dataset[jet2016preVFP__4__64__300__0.1] :     Signal          -- efficiency             : 0.87311
                         : Dataset[jet2016preVFP__4__64__300__0.1] :     Background requirement: "(bjet_charge*bjet_partonFlavour > 0)&&(!Has_bElectron)&&(!Has_bMuon)"
                         : Dataset[jet2016preVFP__4__64__300__0.1] :     Background      -- number of events passed: 528174  / sum of weights: 303072
                         : Dataset[jet2016preVFP__4__64__300__0.1] :     Background      -- efficiency             : 0.725157
                         : Dataset[jet2016preVFP__4__64__300__0.1] :  you have opted for interpreting the requested number of training/testing events
                         :  to be the number of events AFTER your preselection cuts
                         : 
                         : Dataset[jet2016preVFP__4__64__300__0.1] :  you have opted for interpreting the requested number of training/testing events
                         :  to be the number of events AFTER your preselection cuts
                         : 
                         : Dataset[jet2016preVFP__4__64__300__0.1] : Weight renormalisation mode: "EqualNumEvents": renormalises all event classes ...
                         : Dataset[jet2016preVFP__4__64__300__0.1] :  such that the effective (weighted) number of events in each class is the same 
                         : Dataset[jet2016preVFP__4__64__300__0.1] :  (and equals the number of events (entries) given for class=0 )
                         : Dataset[jet2016preVFP__4__64__300__0.1] : ... i.e. such that Sum[i=1..N_j]{w_i} = N_classA, j=classA, classB, ...
                         : Dataset[jet2016preVFP__4__64__300__0.1] : ... (note that N_j is the sum of TRAINING events
                         : Dataset[jet2016preVFP__4__64__300__0.1] :  ..... Testing events are not renormalised nor included in the renormalisation factor!)
                         : Number of training and testing events
                         : ---------------------------------------------------------------------------
                         : Signal     -- training events            : 474070
                         : Signal     -- testing events             : 385879
                         : Signal     -- training and testing events: 859949
                         : Dataset[jet2016preVFP__4__64__300__0.1] : Signal     -- due to the preselection a scaling factor has been applied to the numbers of requested events: 0.865749
                         : Background -- training events            : 288440
                         : Background -- testing events             : 239734
                         : Background -- training and testing events: 528174
                         : Dataset[jet2016preVFP__4__64__300__0.1] : Background -- due to the preselection a scaling factor has been applied to the numbers of requested events: 0.729563
                         : 
DataSetInfo              : Correlation matrix (Signal):
                         : ---------------------------------------------------------------------------------------------------------------------------------------------------------------------------------------------------------------------------------------------------------
                         :                                   bjet_ChargedHadronEnergyFraction bjet_NeutralHadronEnergyFraction bjet_NeutralEmEnergyFraction bjet_ChargedEmEnergyFraction bjet_MuonEnergyFraction bjet_ChargedMultiplicity bjet_NeutralMultiplicity fabs_bjet_charge_
                         : bjet_ChargedHadronEnergyFraction:                           +1.000                           -0.507                       -0.489                       -0.317                  -0.260                   +0.463                   -0.127            -0.252
                         : bjet_NeutralHadronEnergyFraction:                           -0.507                           +1.000                       -0.061                       -0.066                  -0.103                   -0.360                   +0.025            +0.168
                         :     bjet_NeutralEmEnergyFraction:                           -0.489                           -0.061                       +1.000                       -0.226                  -0.186                   -0.201                   +0.347            +0.019
                         :     bjet_ChargedEmEnergyFraction:                           -0.317                           -0.066                       -0.226                       +1.000                  -0.069                   -0.081                   -0.144            +0.089
                         :          bjet_MuonEnergyFraction:                           -0.260                           -0.103                       -0.186                       -0.069                  +1.000                   -0.071                   -0.134            +0.159
                         :         bjet_ChargedMultiplicity:                           +0.463                           -0.360                       -0.201                       -0.081                  -0.071                   +1.000                   +0.217            -0.338
                         :         bjet_NeutralMultiplicity:                           -0.127                           +0.025                       +0.347                       -0.144                  -0.134                   +0.217                   +1.000            -0.122
                         :                fabs_bjet_charge_:                           -0.252                           +0.168                       +0.019                       +0.089                  +0.159                   -0.338                   -0.122            +1.000
                         : ---------------------------------------------------------------------------------------------------------------------------------------------------------------------------------------------------------------------------------------------------------
DataSetInfo              : Correlation matrix (Background):
                         : ---------------------------------------------------------------------------------------------------------------------------------------------------------------------------------------------------------------------------------------------------------
                         :                                   bjet_ChargedHadronEnergyFraction bjet_NeutralHadronEnergyFraction bjet_NeutralEmEnergyFraction bjet_ChargedEmEnergyFraction bjet_MuonEnergyFraction bjet_ChargedMultiplicity bjet_NeutralMultiplicity fabs_bjet_charge_
                         : bjet_ChargedHadronEnergyFraction:                           +1.000                           -0.584                       -0.541                       -0.263                  -0.187                   +0.525                   -0.116            -0.344
                         : bjet_NeutralHadronEnergyFraction:                           -0.584                           +1.000                       -0.049                       -0.067                  -0.093                   -0.437                   -0.021            +0.308
                         :     bjet_NeutralEmEnergyFraction:                           -0.541                           -0.049                       +1.000                       -0.213                  -0.154                   -0.249                   +0.309            +0.099
                         :     bjet_ChargedEmEnergyFraction:                           -0.263                           -0.067                       -0.213                       +1.000                  -0.045                   -0.054                   -0.123            +0.051
                         :          bjet_MuonEnergyFraction:                           -0.187                           -0.093                       -0.154                       -0.045                  +1.000                   -0.038                   -0.098            +0.090
                         :         bjet_ChargedMultiplicity:                           +0.525                           -0.437                       -0.249                       -0.054                  -0.038                   +1.000                   +0.231            -0.370
                         :         bjet_NeutralMultiplicity:                           -0.116                           -0.021                       +0.309                       -0.123                  -0.098                   +0.231                   +1.000            -0.110
                         :                fabs_bjet_charge_:                           -0.344                           +0.308                       +0.099                       +0.051                  +0.090                   -0.370                   -0.110            +1.000
                         : ---------------------------------------------------------------------------------------------------------------------------------------------------------------------------------------------------------------------------------------------------------
DataSetFactory           : [jet2016preVFP__4__64__300__0.1] :  
                         : 
Factory                  : [jet2016preVFP__4__64__300__0.1] : Create Transformation "I" with events from all classes.
                         : 
                         : Transformation, Variable selection : 
                         : Input : variable 'bjet_ChargedHadronEnergyFraction' <---> Output : variable 'bjet_ChargedHadronEnergyFraction'
                         : Input : variable 'bjet_NeutralHadronEnergyFraction' <---> Output : variable 'bjet_NeutralHadronEnergyFraction'
                         : Input : variable 'bjet_NeutralEmEnergyFraction' <---> Output : variable 'bjet_NeutralEmEnergyFraction'
                         : Input : variable 'bjet_ChargedEmEnergyFraction' <---> Output : variable 'bjet_ChargedEmEnergyFraction'
                         : Input : variable 'bjet_MuonEnergyFraction' <---> Output : variable 'bjet_MuonEnergyFraction'
                         : Input : variable 'bjet_ChargedMultiplicity' <---> Output : variable 'bjet_ChargedMultiplicity'
                         : Input : variable 'bjet_NeutralMultiplicity' <---> Output : variable 'bjet_NeutralMultiplicity'
                         : Input : variable 'fabs(bjet_charge)' <---> Output : variable 'fabs(bjet_charge)'
TFHandler_Factory        :                         Variable                                Mean                                RMS                        [        Min                                Max ]
                         : -----------------------------------------------------------------------------------------------------------------------------------------------------------------------------------
                         : bjet_ChargedHadronEnergyFraction:                           0.53125                           0.22312   [                            0.0000                            1.0000 ]
                         : bjet_NeutralHadronEnergyFraction:                           0.12832                           0.14880   [                            0.0000                            1.0000 ]
                         :     bjet_NeutralEmEnergyFraction:                           0.27364                           0.16579   [                            0.0000                            1.0000 ]
                         :     bjet_ChargedEmEnergyFraction:                          0.037833                           0.11672   [                            0.0000                            1.0000 ]
                         :          bjet_MuonEnergyFraction:                          0.028969                          0.099866   [                            0.0000                           0.98854 ]
                         :         bjet_ChargedMultiplicity:                            9.4942                            3.9128   [                            0.0000                            49.000 ]
                         :         bjet_NeutralMultiplicity:                            10.422                            4.9466   [                            0.0000                            48.000 ]
                         :                fabs(bjet_charge):                           0.30087                           0.23366   [                        3.1119e-08                            1.0000 ]
                         : -----------------------------------------------------------------------------------------------------------------------------------------------------------------------------------
                         : Ranking input variables (method unspecific)...
IdTransformation         : Ranking result (top variable is best ranked)
                         : ---------------------------------------------------------
                         : Rank : Variable                         : Separation
                         : ---------------------------------------------------------
                         :    1 : fabs(bjet_charge)                : 2.783e-02
                         :    2 : bjet_MuonEnergyFraction          : 3.390e-03
                         :    3 : bjet_ChargedMultiplicity         : 2.845e-03
                         :    4 : bjet_NeutralHadronEnergyFraction : 2.769e-03
                         :    5 : bjet_ChargedHadronEnergyFraction : 1.926e-03
                         :    6 : bjet_NeutralEmEnergyFraction     : 1.675e-03
                         :    7 : bjet_ChargedEmEnergyFraction     : 1.303e-03
                         :    8 : bjet_NeutralMultiplicity         : 5.096e-04
                         : ---------------------------------------------------------
Factory                  : Train method: DNN for Classification
                         : 
                         : 
                         : [1m================================================================[0m
                         : [1mH e l p   f o r   M V A   m e t h o d   [ DNN ] :[0m
                         : 
                         : Keras is a high-level API for the Theano and Tensorflow packages.
                         : This method wraps the training and predictions steps of the Keras
                         : Python package for TMVA, so that dataloading, preprocessing and
                         : evaluation can be done within the TMVA system. To use this Keras
                         : interface, you have to generate a model with Keras first. Then,
                         : this model can be loaded and trained in TMVA.
                         : 
                         : 
                         : <Suppress this message by specifying "!H" in the booking option>
                         : [1m================================================================[0m
                         : 
                         : Preparing the Gaussian transformation...
TFHandler_DNN            :                         Variable                                Mean                                RMS                        [        Min                                Max ]
                         : -----------------------------------------------------------------------------------------------------------------------------------------------------------------------------------
                         : bjet_ChargedHadronEnergyFraction:                         -0.023044                            1.0380   [                           -3.2314                            5.7307 ]
                         : bjet_NeutralHadronEnergyFraction:                          -0.55742                            1.5195   [                           -3.2134                            5.7307 ]
                         :     bjet_NeutralEmEnergyFraction:                        -0.0061162                            1.0091   [                           -3.2651                            5.7307 ]
                         :     bjet_ChargedEmEnergyFraction:                           -2.2745                            1.0524   [                           -2.6909                            5.7307 ]
                         :          bjet_MuonEnergyFraction:                           -2.3049                           0.98240   [                           -2.6634                            5.7307 ]
                         :         bjet_ChargedMultiplicity:                        -0.0078855                            1.0079   [                           -3.1552                            5.7307 ]
                         :         bjet_NeutralMultiplicity:                         0.0031460                           0.99818   [                           -5.2077                            5.7307 ]
                         :                fabs(bjet_charge):                           0.12671                            1.2898   [                           -3.2142                            5.7307 ]
                         : -----------------------------------------------------------------------------------------------------------------------------------------------------------------------------------
TFHandler_DNN            :                         Variable                                Mean                                RMS                        [        Min                                Max ]
                         : -----------------------------------------------------------------------------------------------------------------------------------------------------------------------------------
                         : bjet_ChargedHadronEnergyFraction:                         -0.023044                            1.0380   [                           -3.2314                            5.7307 ]
                         : bjet_NeutralHadronEnergyFraction:                          -0.55742                            1.5195   [                           -3.2134                            5.7307 ]
                         :     bjet_NeutralEmEnergyFraction:                        -0.0061162                            1.0091   [                           -3.2651                            5.7307 ]
                         :     bjet_ChargedEmEnergyFraction:                           -2.2745                            1.0524   [                           -2.6909                            5.7307 ]
                         :          bjet_MuonEnergyFraction:                           -2.3049                           0.98240   [                           -2.6634                            5.7307 ]
                         :         bjet_ChargedMultiplicity:                        -0.0078855                            1.0079   [                           -3.1552                            5.7307 ]
                         :         bjet_NeutralMultiplicity:                         0.0031460                           0.99818   [                           -5.2077                            5.7307 ]
                         :                fabs(bjet_charge):                           0.12671                            1.2898   [                           -3.2142                            5.7307 ]
                         : -----------------------------------------------------------------------------------------------------------------------------------------------------------------------------------
                         : Split TMVA training data in 610008 training events and 152502 validation events
                         : Training Model Summary
---sig_test---
<self.testtree_sig> OutTree/sig
/data9/Users/jhchoi/TMVA/el9/TMVA_TOOL/inputs/EEMu_MuMuE_Method/v2503.2/2016preVFP/EEMu_MuMuE_Method_DYJetsToEE_MiNNLO.root
/data9/Users/jhchoi/TMVA/el9/TMVA_TOOL/inputs/EEMu_MuMuE_Method/v2503.2/2016preVFP/EEMu_MuMuE_Method_DYJetsToMuMu_MiNNLO.root
--bkg_test---
<self.testtree_bkg> OutTree/bkg
/data9/Users/jhchoi/TMVA/el9/TMVA_TOOL/inputs/EEMu_MuMuE_Method/v2503.2/2016preVFP/EEMu_MuMuE_Method_DYJetsToEE_MiNNLO.root
/data9/Users/jhchoi/TMVA/el9/TMVA_TOOL/inputs/EEMu_MuMuE_Method/v2503.2/2016preVFP/EEMu_MuMuE_Method_DYJetsToMuMu_MiNNLO.root
---sig_train---
<self.traintree_sig> OutTree/sig
/data9/Users/jhchoi/TMVA/el9/TMVA_TOOL/inputs/EEMu_MuMuE_Method/v2503.2/2016preVFP/EEMu_MuMuE_Method_DYJets.root
---bkg_train---
<self.traintree_bkg> OutTree/bkg
/data9/Users/jhchoi/TMVA/el9/TMVA_TOOL/inputs/EEMu_MuMuE_Method/v2503.2/2016preVFP/EEMu_MuMuE_Method_DYJets.root
>>>>self.dataloader.PrepareTrainingAndTestTree
Set sig cut -> (bjet_charge*bjet_partonFlavour < 0)&&(!Has_bElectron)&&(!Has_bMuon)
Set bkg cut -> (bjet_charge*bjet_partonFlavour > 0)&&(!Has_bElectron)&&(!Has_bMuon)
Model: "sequential"
_________________________________________________________________
 Layer (type)                Output Shape              Param #   
=================================================================
 dense (Dense)               (None, 64)                576       
                                                                 
 batch_normalization (BatchN  (None, 64)               256       
 ormalization)                                                   
                                                                 
 activation (Activation)     (None, 64)                0         
                                                                 
 dropout (Dropout)           (None, 64)                0         
                                                                 
 dense_1 (Dense)             (None, 64)                4160      
                                                                 
 batch_normalization_1 (Batc  (None, 64)               256       
 hNormalization)                                                 
                                                                 
 activation_1 (Activation)   (None, 64)                0         
                                                                 
 dropout_1 (Dropout)         (None, 64)                0         
                                                                 
 dense_2 (Dense)             (None, 64)                4160      
                                                                 
 batch_normalization_2 (Batc  (None, 64)               256       
 hNormalization)                                                 
                                                                 
 activation_2 (Activation)   (None, 64)                0         
                                                                 
 dropout_2 (Dropout)         (None, 64)                0         
                                                                 
 dense_3 (Dense)             (None, 64)                4160      
                                                                 
 batch_normalization_3 (Batc  (None, 64)               256       
 hNormalization)                                                 
                                                                 
 activation_3 (Activation)   (None, 64)                0         
                                                                 
 dropout_3 (Dropout)         (None, 64)                0         
                                                                 
 dense_4 (Dense)             (None, 2)                 130       
                                                                 
 activation_4 (Activation)   (None, 2)                 0         
                                                                 
=================================================================
Total params: 14,210
Trainable params: 13,698
Non-trainable params: 512
_________________________________________________________________
                         : Option TriesEarlyStopping: Training will stop after 30 number of epochs with no improvement of validation loss
Epoch 1/300
2034/2034 - 85s - loss: 1.5766 - accuracy: 0.5623 - weighted_accuracy: 0.5703 - val_loss: 1.5709 - val_accuracy: 0.5747 - val_weighted_accuracy: 0.5729 - 85s/epoch - 42ms/step
Epoch 2/300
2034/2034 - 18s - loss: 1.5641 - accuracy: 0.5614 - weighted_accuracy: 0.5739 - val_loss: 1.5627 - val_accuracy: 0.5680 - val_weighted_accuracy: 0.5749 - 18s/epoch - 9ms/step
Epoch 3/300
2034/2034 - 18s - loss: 1.5570 - accuracy: 0.5594 - weighted_accuracy: 0.5755 - val_loss: 1.5549 - val_accuracy: 0.5625 - val_weighted_accuracy: 0.5775 - 18s/epoch - 9ms/step
Epoch 4/300
2034/2034 - 19s - loss: 1.5537 - accuracy: 0.5581 - weighted_accuracy: 0.5754 - val_loss: 1.5537 - val_accuracy: 0.5467 - val_weighted_accuracy: 0.5756 - 19s/epoch - 10ms/step
Epoch 5/300
2034/2034 - 19s - loss: 1.5524 - accuracy: 0.5571 - weighted_accuracy: 0.5756 - val_loss: 1.5534 - val_accuracy: 0.5737 - val_weighted_accuracy: 0.5773 - 19s/epoch - 9ms/step
Epoch 6/300
2034/2034 - 20s - loss: 1.5517 - accuracy: 0.5573 - weighted_accuracy: 0.5758 - val_loss: 1.5535 - val_accuracy: 0.5692 - val_weighted_accuracy: 0.5768 - 20s/epoch - 10ms/step
Epoch 7/300
2034/2034 - 20s - loss: 1.5510 - accuracy: 0.5564 - weighted_accuracy: 0.5755 - val_loss: 1.5516 - val_accuracy: 0.5569 - val_weighted_accuracy: 0.5777 - 20s/epoch - 10ms/step
Epoch 8/300
2034/2034 - 20s - loss: 1.5507 - accuracy: 0.5582 - weighted_accuracy: 0.5765 - val_loss: 1.5509 - val_accuracy: 0.5499 - val_weighted_accuracy: 0.5778 - 20s/epoch - 10ms/step
Epoch 9/300
2034/2034 - 20s - loss: 1.5505 - accuracy: 0.5565 - weighted_accuracy: 0.5763 - val_loss: 1.5543 - val_accuracy: 0.5803 - val_weighted_accuracy: 0.5762 - 20s/epoch - 10ms/step
Epoch 10/300
2034/2034 - 19s - loss: 1.5504 - accuracy: 0.5572 - weighted_accuracy: 0.5761 - val_loss: 1.5518 - val_accuracy: 0.5401 - val_weighted_accuracy: 0.5754 - 19s/epoch - 9ms/step
Epoch 11/300
2034/2034 - 20s - loss: 1.5505 - accuracy: 0.5573 - weighted_accuracy: 0.5757 - val_loss: 1.5505 - val_accuracy: 0.5476 - val_weighted_accuracy: 0.5760 - 20s/epoch - 10ms/step
Epoch 12/300
2034/2034 - 20s - loss: 1.5502 - accuracy: 0.5570 - weighted_accuracy: 0.5764 - val_loss: 1.5501 - val_accuracy: 0.5504 - val_weighted_accuracy: 0.5773 - 20s/epoch - 10ms/step
Epoch 13/300
2034/2034 - 20s - loss: 1.5502 - accuracy: 0.5570 - weighted_accuracy: 0.5762 - val_loss: 1.5504 - val_accuracy: 0.5500 - val_weighted_accuracy: 0.5777 - 20s/epoch - 10ms/step
Epoch 14/300
2034/2034 - 19s - loss: 1.5501 - accuracy: 0.5563 - weighted_accuracy: 0.5763 - val_loss: 1.5501 - val_accuracy: 0.5546 - val_weighted_accuracy: 0.5773 - 19s/epoch - 10ms/step
Epoch 15/300
2034/2034 - 19s - loss: 1.5500 - accuracy: 0.5567 - weighted_accuracy: 0.5758 - val_loss: 1.5502 - val_accuracy: 0.5678 - val_weighted_accuracy: 0.5783 - 19s/epoch - 9ms/step
Epoch 16/300
2034/2034 - 19s - loss: 1.5497 - accuracy: 0.5587 - weighted_accuracy: 0.5764 - val_loss: 1.5513 - val_accuracy: 0.5545 - val_weighted_accuracy: 0.5780 - 19s/epoch - 9ms/step
Epoch 17/300
2034/2034 - 19s - loss: 1.5498 - accuracy: 0.5577 - weighted_accuracy: 0.5764 - val_loss: 1.5528 - val_accuracy: 0.5600 - val_weighted_accuracy: 0.5783 - 19s/epoch - 10ms/step
Epoch 18/300
2034/2034 - 19s - loss: 1.5499 - accuracy: 0.5575 - weighted_accuracy: 0.5762 - val_loss: 1.5501 - val_accuracy: 0.5619 - val_weighted_accuracy: 0.5774 - 19s/epoch - 9ms/step
Epoch 19/300
2034/2034 - 19s - loss: 1.5496 - accuracy: 0.5580 - weighted_accuracy: 0.5760 - val_loss: 1.5499 - val_accuracy: 0.5595 - val_weighted_accuracy: 0.5774 - 19s/epoch - 9ms/step
Epoch 20/300
2034/2034 - 19s - loss: 1.5495 - accuracy: 0.5568 - weighted_accuracy: 0.5762 - val_loss: 1.5497 - val_accuracy: 0.5670 - val_weighted_accuracy: 0.5776 - 19s/epoch - 9ms/step
Epoch 21/300
2034/2034 - 19s - loss: 1.5498 - accuracy: 0.5562 - weighted_accuracy: 0.5758 - val_loss: 1.5504 - val_accuracy: 0.5733 - val_weighted_accuracy: 0.5776 - 19s/epoch - 9ms/step
Epoch 22/300
2034/2034 - 18s - loss: 1.5496 - accuracy: 0.5577 - weighted_accuracy: 0.5763 - val_loss: 1.5496 - val_accuracy: 0.5520 - val_weighted_accuracy: 0.5781 - 18s/epoch - 9ms/step
Epoch 23/300
2034/2034 - 19s - loss: 1.5497 - accuracy: 0.5578 - weighted_accuracy: 0.5766 - val_loss: 1.5510 - val_accuracy: 0.5543 - val_weighted_accuracy: 0.5785 - 19s/epoch - 9ms/step
Epoch 24/300
2034/2034 - 19s - loss: 1.5493 - accuracy: 0.5592 - weighted_accuracy: 0.5764 - val_loss: 1.5495 - val_accuracy: 0.5542 - val_weighted_accuracy: 0.5779 - 19s/epoch - 9ms/step
Epoch 25/300
2034/2034 - 19s - loss: 1.5493 - accuracy: 0.5560 - weighted_accuracy: 0.5758 - val_loss: 1.5498 - val_accuracy: 0.5627 - val_weighted_accuracy: 0.5773 - 19s/epoch - 9ms/step
Epoch 26/300
2034/2034 - 20s - loss: 1.5493 - accuracy: 0.5566 - weighted_accuracy: 0.5772 - val_loss: 1.5495 - val_accuracy: 0.5572 - val_weighted_accuracy: 0.5778 - 20s/epoch - 10ms/step
Epoch 27/300
2034/2034 - 20s - loss: 1.5496 - accuracy: 0.5576 - weighted_accuracy: 0.5760 - val_loss: 1.5500 - val_accuracy: 0.5441 - val_weighted_accuracy: 0.5767 - 20s/epoch - 10ms/step
Epoch 28/300
2034/2034 - 20s - loss: 1.5493 - accuracy: 0.5568 - weighted_accuracy: 0.5768 - val_loss: 1.5501 - val_accuracy: 0.5418 - val_weighted_accuracy: 0.5775 - 20s/epoch - 10ms/step
Epoch 29/300
2034/2034 - 20s - loss: 1.5495 - accuracy: 0.5568 - weighted_accuracy: 0.5761 - val_loss: 1.5507 - val_accuracy: 0.5793 - val_weighted_accuracy: 0.5770 - 20s/epoch - 10ms/step
Epoch 30/300
2034/2034 - 20s - loss: 1.5493 - accuracy: 0.5575 - weighted_accuracy: 0.5758 - val_loss: 1.5500 - val_accuracy: 0.5710 - val_weighted_accuracy: 0.5779 - 20s/epoch - 10ms/step
Epoch 31/300
2034/2034 - 21s - loss: 1.5493 - accuracy: 0.5572 - weighted_accuracy: 0.5761 - val_loss: 1.5500 - val_accuracy: 0.5583 - val_weighted_accuracy: 0.5787 - 21s/epoch - 10ms/step
Epoch 32/300
2034/2034 - 20s - loss: 1.5492 - accuracy: 0.5577 - weighted_accuracy: 0.5766 - val_loss: 1.5493 - val_accuracy: 0.5523 - val_weighted_accuracy: 0.5784 - 20s/epoch - 10ms/step
Epoch 33/300
2034/2034 - 20s - loss: 1.5493 - accuracy: 0.5558 - weighted_accuracy: 0.5757 - val_loss: 1.5495 - val_accuracy: 0.5567 - val_weighted_accuracy: 0.5784 - 20s/epoch - 10ms/step
Epoch 34/300
2034/2034 - 20s - loss: 1.5493 - accuracy: 0.5573 - weighted_accuracy: 0.5763 - val_loss: 1.5491 - val_accuracy: 0.5611 - val_weighted_accuracy: 0.5779 - 20s/epoch - 10ms/step
Epoch 35/300
2034/2034 - 20s - loss: 1.5493 - accuracy: 0.5584 - weighted_accuracy: 0.5767 - val_loss: 1.5499 - val_accuracy: 0.5702 - val_weighted_accuracy: 0.5776 - 20s/epoch - 10ms/step
Epoch 36/300
2034/2034 - 20s - loss: 1.5491 - accuracy: 0.5572 - weighted_accuracy: 0.5764 - val_loss: 1.5507 - val_accuracy: 0.5709 - val_weighted_accuracy: 0.5772 - 20s/epoch - 10ms/step
Epoch 37/300
2034/2034 - 19s - loss: 1.5488 - accuracy: 0.5565 - weighted_accuracy: 0.5764 - val_loss: 1.5496 - val_accuracy: 0.5487 - val_weighted_accuracy: 0.5770 - 19s/epoch - 9ms/step
Epoch 38/300
2034/2034 - 19s - loss: 1.5493 - accuracy: 0.5582 - weighted_accuracy: 0.5766 - val_loss: 1.5494 - val_accuracy: 0.5624 - val_weighted_accuracy: 0.5786 - 19s/epoch - 9ms/step
Epoch 39/300
2034/2034 - 19s - loss: 1.5494 - accuracy: 0.5568 - weighted_accuracy: 0.5756 - val_loss: 1.5509 - val_accuracy: 0.5597 - val_weighted_accuracy: 0.5769 - 19s/epoch - 9ms/step
Epoch 40/300
2034/2034 - 19s - loss: 1.5492 - accuracy: 0.5565 - weighted_accuracy: 0.5759 - val_loss: 1.5499 - val_accuracy: 0.5516 - val_weighted_accuracy: 0.5781 - 19s/epoch - 9ms/step
Epoch 41/300
2034/2034 - 19s - loss: 1.5490 - accuracy: 0.5577 - weighted_accuracy: 0.5762 - val_loss: 1.5520 - val_accuracy: 0.5461 - val_weighted_accuracy: 0.5767 - 19s/epoch - 10ms/step
Epoch 42/300
2034/2034 - 19s - loss: 1.5491 - accuracy: 0.5559 - weighted_accuracy: 0.5765 - val_loss: 1.5490 - val_accuracy: 0.5514 - val_weighted_accuracy: 0.5786 - 19s/epoch - 10ms/step
Epoch 43/300
2034/2034 - 20s - loss: 1.5491 - accuracy: 0.5573 - weighted_accuracy: 0.5765 - val_loss: 1.5494 - val_accuracy: 0.5613 - val_weighted_accuracy: 0.5785 - 20s/epoch - 10ms/step
Epoch 44/300
2034/2034 - 18s - loss: 1.5491 - accuracy: 0.5575 - weighted_accuracy: 0.5768 - val_loss: 1.5501 - val_accuracy: 0.5652 - val_weighted_accuracy: 0.5782 - 18s/epoch - 9ms/step
Epoch 45/300
2034/2034 - 20s - loss: 1.5488 - accuracy: 0.5567 - weighted_accuracy: 0.5765 - val_loss: 1.5545 - val_accuracy: 0.5558 - val_weighted_accuracy: 0.5776 - 20s/epoch - 10ms/step
Epoch 46/300
2034/2034 - 19s - loss: 1.5492 - accuracy: 0.5574 - weighted_accuracy: 0.5767 - val_loss: 1.5493 - val_accuracy: 0.5476 - val_weighted_accuracy: 0.5779 - 19s/epoch - 9ms/step
Epoch 47/300
2034/2034 - 21s - loss: 1.5489 - accuracy: 0.5563 - weighted_accuracy: 0.5763 - val_loss: 1.5496 - val_accuracy: 0.5548 - val_weighted_accuracy: 0.5785 - 21s/epoch - 10ms/step
Epoch 48/300
2034/2034 - 19s - loss: 1.5490 - accuracy: 0.5566 - weighted_accuracy: 0.5770 - val_loss: 1.5494 - val_accuracy: 0.5524 - val_weighted_accuracy: 0.5782 - 19s/epoch - 9ms/step
Epoch 49/300
2034/2034 - 19s - loss: 1.5491 - accuracy: 0.5576 - weighted_accuracy: 0.5766 - val_loss: 1.5491 - val_accuracy: 0.5631 - val_weighted_accuracy: 0.5781 - 19s/epoch - 9ms/step
Epoch 50/300
2034/2034 - 19s - loss: 1.5491 - accuracy: 0.5562 - weighted_accuracy: 0.5765 - val_loss: 1.5499 - val_accuracy: 0.5714 - val_weighted_accuracy: 0.5772 - 19s/epoch - 9ms/step
Epoch 51/300
2034/2034 - 19s - loss: 1.5489 - accuracy: 0.5571 - weighted_accuracy: 0.5764 - val_loss: 1.5493 - val_accuracy: 0.5576 - val_weighted_accuracy: 0.5770 - 19s/epoch - 10ms/step
Epoch 52/300
2034/2034 - 20s - loss: 1.5492 - accuracy: 0.5575 - weighted_accuracy: 0.5767 - val_loss: 1.5499 - val_accuracy: 0.5738 - val_weighted_accuracy: 0.5778 - 20s/epoch - 10ms/step
Epoch 53/300
2034/2034 - 19s - loss: 1.5492 - accuracy: 0.5578 - weighted_accuracy: 0.5768 - val_loss: 1.5491 - val_accuracy: 0.5590 - val_weighted_accuracy: 0.5779 - 19s/epoch - 9ms/step
Epoch 54/300
2034/2034 - 19s - loss: 1.5490 - accuracy: 0.5569 - weighted_accuracy: 0.5767 - val_loss: 1.5512 - val_accuracy: 0.5687 - val_weighted_accuracy: 0.5781 - 19s/epoch - 9ms/step
Epoch 55/300
2034/2034 - 19s - loss: 1.5490 - accuracy: 0.5573 - weighted_accuracy: 0.5767 - val_loss: 1.5494 - val_accuracy: 0.5495 - val_weighted_accuracy: 0.5772 - 19s/epoch - 10ms/step
Epoch 56/300
2034/2034 - 19s - loss: 1.5491 - accuracy: 0.5570 - weighted_accuracy: 0.5773 - val_loss: 1.5493 - val_accuracy: 0.5527 - val_weighted_accuracy: 0.5778 - 19s/epoch - 9ms/step
Epoch 57/300
2034/2034 - 19s - loss: 1.5491 - accuracy: 0.5569 - weighted_accuracy: 0.5761 - val_loss: 1.5506 - val_accuracy: 0.5691 - val_weighted_accuracy: 0.5775 - 19s/epoch - 9ms/step
Epoch 58/300
2034/2034 - 19s - loss: 1.5489 - accuracy: 0.5564 - weighted_accuracy: 0.5763 - val_loss: 1.5506 - val_accuracy: 0.5565 - val_weighted_accuracy: 0.5776 - 19s/epoch - 9ms/step
Epoch 59/300
2034/2034 - 20s - loss: 1.5489 - accuracy: 0.5575 - weighted_accuracy: 0.5763 - val_loss: 1.5510 - val_accuracy: 0.5423 - val_weighted_accuracy: 0.5771 - 20s/epoch - 10ms/step
Epoch 60/300
2034/2034 - 20s - loss: 1.5488 - accuracy: 0.5564 - weighted_accuracy: 0.5766 - val_loss: 1.5489 - val_accuracy: 0.5467 - val_weighted_accuracy: 0.5779 - 20s/epoch - 10ms/step
Epoch 61/300
2034/2034 - 20s - loss: 1.5489 - accuracy: 0.5566 - weighted_accuracy: 0.5770 - val_loss: 1.5493 - val_accuracy: 0.5619 - val_weighted_accuracy: 0.5770 - 20s/epoch - 10ms/step
Epoch 62/300
2034/2034 - 20s - loss: 1.5488 - accuracy: 0.5556 - weighted_accuracy: 0.5763 - val_loss: 1.5489 - val_accuracy: 0.5577 - val_weighted_accuracy: 0.5778 - 20s/epoch - 10ms/step
Epoch 63/300
2034/2034 - 19s - loss: 1.5489 - accuracy: 0.5573 - weighted_accuracy: 0.5771 - val_loss: 1.5489 - val_accuracy: 0.5576 - val_weighted_accuracy: 0.5783 - 19s/epoch - 9ms/step
Epoch 64/300
2034/2034 - 19s - loss: 1.5488 - accuracy: 0.5566 - weighted_accuracy: 0.5764 - val_loss: 1.5506 - val_accuracy: 0.5460 - val_weighted_accuracy: 0.5777 - 19s/epoch - 9ms/step
Epoch 65/300
2034/2034 - 18s - loss: 1.5489 - accuracy: 0.5565 - weighted_accuracy: 0.5763 - val_loss: 1.5496 - val_accuracy: 0.5615 - val_weighted_accuracy: 0.5776 - 18s/epoch - 9ms/step
Epoch 66/300
2034/2034 - 20s - loss: 1.5490 - accuracy: 0.5576 - weighted_accuracy: 0.5767 - val_loss: 1.5498 - val_accuracy: 0.5691 - val_weighted_accuracy: 0.5776 - 20s/epoch - 10ms/step
Epoch 67/300
2034/2034 - 20s - loss: 1.5489 - accuracy: 0.5563 - weighted_accuracy: 0.5763 - val_loss: 1.5495 - val_accuracy: 0.5589 - val_weighted_accuracy: 0.5782 - 20s/epoch - 10ms/step
Epoch 68/300
2034/2034 - 20s - loss: 1.5487 - accuracy: 0.5566 - weighted_accuracy: 0.5766 - val_loss: 1.5489 - val_accuracy: 0.5631 - val_weighted_accuracy: 0.5776 - 20s/epoch - 10ms/step
Epoch 69/300
2034/2034 - 19s - loss: 1.5488 - accuracy: 0.5561 - weighted_accuracy: 0.5763 - val_loss: 1.5520 - val_accuracy: 0.5472 - val_weighted_accuracy: 0.5779 - 19s/epoch - 10ms/step
Epoch 70/300
2034/2034 - 18s - loss: 1.5489 - accuracy: 0.5564 - weighted_accuracy: 0.5761 - val_loss: 1.5493 - val_accuracy: 0.5645 - val_weighted_accuracy: 0.5777 - 18s/epoch - 9ms/step
Epoch 71/300
2034/2034 - 19s - loss: 1.5487 - accuracy: 0.5570 - weighted_accuracy: 0.5766 - val_loss: 1.5487 - val_accuracy: 0.5598 - val_weighted_accuracy: 0.5783 - 19s/epoch - 9ms/step
Epoch 72/300
2034/2034 - 20s - loss: 1.5486 - accuracy: 0.5585 - weighted_accuracy: 0.5761 - val_loss: 1.5496 - val_accuracy: 0.5739 - val_weighted_accuracy: 0.5771 - 20s/epoch - 10ms/step
Epoch 73/300
2034/2034 - 19s - loss: 1.5486 - accuracy: 0.5588 - weighted_accuracy: 0.5767 - val_loss: 1.5494 - val_accuracy: 0.5561 - val_weighted_accuracy: 0.5778 - 19s/epoch - 9ms/step
Epoch 74/300
2034/2034 - 19s - loss: 1.5488 - accuracy: 0.5584 - weighted_accuracy: 0.5765 - val_loss: 1.5518 - val_accuracy: 0.5752 - val_weighted_accuracy: 0.5769 - 19s/epoch - 9ms/step
Epoch 75/300
2034/2034 - 20s - loss: 1.5488 - accuracy: 0.5568 - weighted_accuracy: 0.5761 - val_loss: 1.5504 - val_accuracy: 0.5732 - val_weighted_accuracy: 0.5781 - 20s/epoch - 10ms/step
Epoch 76/300
2034/2034 - 19s - loss: 1.5489 - accuracy: 0.5582 - weighted_accuracy: 0.5769 - val_loss: 1.5510 - val_accuracy: 0.5661 - val_weighted_accuracy: 0.5785 - 19s/epoch - 10ms/step
Epoch 77/300
2034/2034 - 19s - loss: 1.5489 - accuracy: 0.5580 - weighted_accuracy: 0.5764 - val_loss: 1.5488 - val_accuracy: 0.5634 - val_weighted_accuracy: 0.5777 - 19s/epoch - 9ms/step
Epoch 78/300
2034/2034 - 18s - loss: 1.5490 - accuracy: 0.5575 - weighted_accuracy: 0.5774 - val_loss: 1.5504 - val_accuracy: 0.5682 - val_weighted_accuracy: 0.5773 - 18s/epoch - 9ms/step
Epoch 79/300
2034/2034 - 18s - loss: 1.5489 - accuracy: 0.5565 - weighted_accuracy: 0.5768 - val_loss: 1.5487 - val_accuracy: 0.5573 - val_weighted_accuracy: 0.5779 - 18s/epoch - 9ms/step
Epoch 80/300
2034/2034 - 20s - loss: 1.5488 - accuracy: 0.5580 - weighted_accuracy: 0.5762 - val_loss: 1.5507 - val_accuracy: 0.5572 - val_weighted_accuracy: 0.5780 - 20s/epoch - 10ms/step
Epoch 81/300
2034/2034 - 18s - loss: 1.5485 - accuracy: 0.5585 - weighted_accuracy: 0.5768 - val_loss: 1.5493 - val_accuracy: 0.5627 - val_weighted_accuracy: 0.5776 - 18s/epoch - 9ms/step
Epoch 82/300
2034/2034 - 19s - loss: 1.5488 - accuracy: 0.5583 - weighted_accuracy: 0.5764 - val_loss: 1.5489 - val_accuracy: 0.5567 - val_weighted_accuracy: 0.5781 - 19s/epoch - 9ms/step
Epoch 83/300
2034/2034 - 18s - loss: 1.5489 - accuracy: 0.5581 - weighted_accuracy: 0.5764 - val_loss: 1.5493 - val_accuracy: 0.5585 - val_weighted_accuracy: 0.5783 - 18s/epoch - 9ms/step
Epoch 84/300
2034/2034 - 18s - loss: 1.5487 - accuracy: 0.5580 - weighted_accuracy: 0.5764 - val_loss: 1.5537 - val_accuracy: 0.5879 - val_weighted_accuracy: 0.5749 - 18s/epoch - 9ms/step
Epoch 85/300
2034/2034 - 20s - loss: 1.5486 - accuracy: 0.5571 - weighted_accuracy: 0.5762 - val_loss: 1.5498 - val_accuracy: 0.5520 - val_weighted_accuracy: 0.5777 - 20s/epoch - 10ms/step
Epoch 86/300
2034/2034 - 19s - loss: 1.5488 - accuracy: 0.5568 - weighted_accuracy: 0.5763 - val_loss: 1.5494 - val_accuracy: 0.5519 - val_weighted_accuracy: 0.5785 - 19s/epoch - 9ms/step
Epoch 87/300
2034/2034 - 19s - loss: 1.5487 - accuracy: 0.5568 - weighted_accuracy: 0.5764 - val_loss: 1.5488 - val_accuracy: 0.5609 - val_weighted_accuracy: 0.5776 - 19s/epoch - 10ms/step
Epoch 88/300
2034/2034 - 19s - loss: 1.5487 - accuracy: 0.5576 - weighted_accuracy: 0.5768 - val_loss: 1.5491 - val_accuracy: 0.5521 - val_weighted_accuracy: 0.5786 - 19s/epoch - 9ms/step
Epoch 89/300
2034/2034 - 19s - loss: 1.5489 - accuracy: 0.5569 - weighted_accuracy: 0.5766 - val_loss: 1.5488 - val_accuracy: 0.5632 - val_weighted_accuracy: 0.5776 - 19s/epoch - 9ms/step
Epoch 90/300
2034/2034 - 18s - loss: 1.5487 - accuracy: 0.5567 - weighted_accuracy: 0.5763 - val_loss: 1.5491 - val_accuracy: 0.5632 - val_weighted_accuracy: 0.5781 - 18s/epoch - 9ms/step
Epoch 91/300
2034/2034 - 18s - loss: 1.5487 - accuracy: 0.5557 - weighted_accuracy: 0.5765 - val_loss: 1.5490 - val_accuracy: 0.5460 - val_weighted_accuracy: 0.5775 - 18s/epoch - 9ms/step
Epoch 92/300
2034/2034 - 18s - loss: 1.5485 - accuracy: 0.5573 - weighted_accuracy: 0.5763 - val_loss: 1.5507 - val_accuracy: 0.5663 - val_weighted_accuracy: 0.5764 - 18s/epoch - 9ms/step
Epoch 93/300
2034/2034 - 18s - loss: 1.5485 - accuracy: 0.5567 - weighted_accuracy: 0.5767 - val_loss: 1.5490 - val_accuracy: 0.5442 - val_weighted_accuracy: 0.5779 - 18s/epoch - 9ms/step
Epoch 94/300
2034/2034 - 18s - loss: 1.5487 - accuracy: 0.5571 - weighted_accuracy: 0.5768 - val_loss: 1.5487 - val_accuracy: 0.5540 - val_weighted_accuracy: 0.5780 - 18s/epoch - 9ms/step
Epoch 95/300
2034/2034 - 18s - loss: 1.5490 - accuracy: 0.5571 - weighted_accuracy: 0.5764 - val_loss: 1.5495 - val_accuracy: 0.5630 - val_weighted_accuracy: 0.5781 - 18s/epoch - 9ms/step
Epoch 96/300
2034/2034 - 18s - loss: 1.5489 - accuracy: 0.5569 - weighted_accuracy: 0.5763 - val_loss: 1.5522 - val_accuracy: 0.5374 - val_weighted_accuracy: 0.5772 - 18s/epoch - 9ms/step
Epoch 97/300
2034/2034 - 18s - loss: 1.5488 - accuracy: 0.5559 - weighted_accuracy: 0.5767 - val_loss: 1.5494 - val_accuracy: 0.5445 - val_weighted_accuracy: 0.5774 - 18s/epoch - 9ms/step
Epoch 98/300
2034/2034 - 18s - loss: 1.5485 - accuracy: 0.5579 - weighted_accuracy: 0.5768 - val_loss: 1.5493 - val_accuracy: 0.5664 - val_weighted_accuracy: 0.5784 - 18s/epoch - 9ms/step
Epoch 99/300
2034/2034 - 19s - loss: 1.5488 - accuracy: 0.5579 - weighted_accuracy: 0.5767 - val_loss: 1.5493 - val_accuracy: 0.5647 - val_weighted_accuracy: 0.5782 - 19s/epoch - 9ms/step
Epoch 100/300
2034/2034 - 18s - loss: 1.5486 - accuracy: 0.5569 - weighted_accuracy: 0.5770 - val_loss: 1.5493 - val_accuracy: 0.5677 - val_weighted_accuracy: 0.5774 - 18s/epoch - 9ms/step
Epoch 101/300
2034/2034 - 18s - loss: 1.5484 - accuracy: 0.5580 - weighted_accuracy: 0.5765 - val_loss: 1.5503 - val_accuracy: 0.5698 - val_weighted_accuracy: 0.5770 - 18s/epoch - 9ms/step
Epoch 102/300
2034/2034 - 18s - loss: 1.5489 - accuracy: 0.5567 - weighted_accuracy: 0.5762 - val_loss: 1.5490 - val_accuracy: 0.5633 - val_weighted_accuracy: 0.5781 - 18s/epoch - 9ms/step
Epoch 103/300
2034/2034 - 17s - loss: 1.5487 - accuracy: 0.5572 - weighted_accuracy: 0.5768 - val_loss: 1.5497 - val_accuracy: 0.5605 - val_weighted_accuracy: 0.5789 - 17s/epoch - 9ms/step
Epoch 104/300
2034/2034 - 18s - loss: 1.5489 - accuracy: 0.5566 - weighted_accuracy: 0.5764 - val_loss: 1.5503 - val_accuracy: 0.5486 - val_weighted_accuracy: 0.5779 - 18s/epoch - 9ms/step
Epoch 105/300
2034/2034 - 18s - loss: 1.5487 - accuracy: 0.5583 - weighted_accuracy: 0.5764 - val_loss: 1.5488 - val_accuracy: 0.5645 - val_weighted_accuracy: 0.5786 - 18s/epoch - 9ms/step
Epoch 106/300
2034/2034 - 18s - loss: 1.5486 - accuracy: 0.5582 - weighted_accuracy: 0.5768 - val_loss: 1.5487 - val_accuracy: 0.5623 - val_weighted_accuracy: 0.5783 - 18s/epoch - 9ms/step
Epoch 107/300
2034/2034 - 18s - loss: 1.5487 - accuracy: 0.5562 - weighted_accuracy: 0.5767 - val_loss: 1.5500 - val_accuracy: 0.5733 - val_weighted_accuracy: 0.5779 - 18s/epoch - 9ms/step
Epoch 108/300
2034/2034 - 18s - loss: 1.5488 - accuracy: 0.5576 - weighted_accuracy: 0.5765 - val_loss: 1.5503 - val_accuracy: 0.5710 - val_weighted_accuracy: 0.5780 - 18s/epoch - 9ms/step
Epoch 109/300
2034/2034 - 18s - loss: 1.5487 - accuracy: 0.5563 - weighted_accuracy: 0.5766 - val_loss: 1.5554 - val_accuracy: 0.5936 - val_weighted_accuracy: 0.5711 - 18s/epoch - 9ms/step
Epoch 109: early stopping
                         : Getting training history for item:0 name = 'loss'
                         : Getting training history for item:1 name = 'accuracy'
                         : Getting training history for item:2 name = 'weighted_accuracy'
                         : Getting training history for item:3 name = 'val_loss'
                         : Getting training history for item:4 name = 'val_accuracy'
                         : Getting training history for item:5 name = 'val_weighted_accuracy'
                         : Trained model written to file: jet2016preVFP__4__64__300__0.1/weights/TrainedModel_DNN.h5
                         : Elapsed time for training with 762510 events: 2.39e+03 sec         
                         : Setting up tf.keras
                         : Using TensorFlow version 2
                         : Use Keras version from TensorFlow : tf.keras
                         : Disabled TF eager execution when evaluating model 
                         :  Loading Keras Model 
                         : Loaded model from file: jet2016preVFP__4__64__300__0.1/weights/TrainedModel_DNN.h5
DNN                      : [jet2016preVFP__4__64__300__0.1] : Evaluation of DNN on training sample (762510 events)
                         : Elapsed time for evaluation of 762510 events: 16.5 sec       
                         : Creating xml weight file: [0;36mjet2016preVFP__4__64__300__0.1/weights/jet2016preVFP__4__64__300__0.1_DNN.weights.xml[0m
                         : Creating standalone class: [0;36mjet2016preVFP__4__64__300__0.1/weights/jet2016preVFP__4__64__300__0.1_DNN.class.C[0m
Factory                  : Training finished
                         : 
                         : Ranking input variables (method specific)...
                         : No variable ranking supplied by classifier: DNN
TH1.Print Name  = TrainingHistory_DNN_'accuracy', Entries= 0, Total sum= 60.7437
TH1.Print Name  = TrainingHistory_DNN_'loss', Entries= 0, Total sum= 168.915
TH1.Print Name  = TrainingHistory_DNN_'val_accuracy', Entries= 0, Total sum= 61.0305
TH1.Print Name  = TrainingHistory_DNN_'val_loss', Entries= 0, Total sum= 169.004
TH1.Print Name  = TrainingHistory_DNN_'val_weighted_accuracy', Entries= 0, Total sum= 62.9524
TH1.Print Name  = TrainingHistory_DNN_'weighted_accuracy', Entries= 0, Total sum= 62.8197
Factory                  : === Destroy and recreate all methods via weight files for testing ===
                         : 
                         : Reading weight file: [0;36mjet2016preVFP__4__64__300__0.1/weights/jet2016preVFP__4__64__300__0.1_DNN.weights.xml[0m
Factory                  : [1mTest all methods[0m
Factory                  : Test method: DNN for Classification performance
                         : 
                         : Setting up tf.keras
                         : Using TensorFlow version 2
                         : Use Keras version from TensorFlow : tf.keras
                         : Disabled TF eager execution when evaluating model 
                         :  Loading Keras Model 
                         : Loaded model from file: jet2016preVFP__4__64__300__0.1/weights/TrainedModel_DNN.h5
DNN                      : [jet2016preVFP__4__64__300__0.1] : Evaluation of DNN on testing sample (625613 events)
                         : Elapsed time for evaluation of 625613 events: 14.2 sec       
Factory                  : [1mEvaluate all methods[0m
Factory                  : Evaluate classifier: DNN
                         : 
TFHandler_DNN            :                         Variable                                Mean                                RMS                        [        Min                                Max ]
                         : -----------------------------------------------------------------------------------------------------------------------------------------------------------------------------------
                         : bjet_ChargedHadronEnergyFraction:                        -0.0025459                            1.0375   [                           -3.2314                            5.7307 ]
                         : bjet_NeutralHadronEnergyFraction:                          -0.56281                            1.5087   [                           -3.2134                            5.7307 ]
                         :     bjet_NeutralEmEnergyFraction:                       -0.00076780                            1.0104   [                           -3.2651                            5.7307 ]
                         :     bjet_ChargedEmEnergyFraction:                           -2.2981                            1.0397   [                           -2.6909                            5.7307 ]
                         :          bjet_MuonEnergyFraction:                           -2.3403                           0.94981   [                           -2.6634                            5.7307 ]
                         :         bjet_ChargedMultiplicity:                          0.017597                            1.0156   [                           -3.1552                            5.7307 ]
                         :         bjet_NeutralMultiplicity:                          0.027242                            1.0057   [                           -5.2077                            5.7307 ]
                         :                fabs(bjet_charge):                           0.15646                            1.2746   [                           -3.2135                            5.7307 ]
                         : -----------------------------------------------------------------------------------------------------------------------------------------------------------------------------------
DNN                      : [jet2016preVFP__4__64__300__0.1] : Loop over test events and fill histograms with classifier response...
                         : 
TFHandler_DNN            :                         Variable                                Mean                                RMS                        [        Min                                Max ]
                         : -----------------------------------------------------------------------------------------------------------------------------------------------------------------------------------
                         : bjet_ChargedHadronEnergyFraction:                        -0.0025459                            1.0375   [                           -3.2314                            5.7307 ]
                         : bjet_NeutralHadronEnergyFraction:                          -0.56281                            1.5087   [                           -3.2134                            5.7307 ]
                         :     bjet_NeutralEmEnergyFraction:                       -0.00076780                            1.0104   [                           -3.2651                            5.7307 ]
                         :     bjet_ChargedEmEnergyFraction:                           -2.2981                            1.0397   [                           -2.6909                            5.7307 ]
                         :          bjet_MuonEnergyFraction:                           -2.3403                           0.94981   [                           -2.6634                            5.7307 ]
                         :         bjet_ChargedMultiplicity:                          0.017597                            1.0156   [                           -3.1552                            5.7307 ]
                         :         bjet_NeutralMultiplicity:                          0.027242                            1.0057   [                           -5.2077                            5.7307 ]
                         :                fabs(bjet_charge):                           0.15646                            1.2746   [                           -3.2135                            5.7307 ]
                         : -----------------------------------------------------------------------------------------------------------------------------------------------------------------------------------
                         : 
                         : Evaluation results ranked by best signal efficiency and purity (area)
                         : -------------------------------------------------------------------------------------------------------------------
                         : DataSet       MVA                       
                         : Name:         Method:          ROC-integ
                         : jet2016preVFP__4__64__300__0.1 DNN            : 0.599
                         : -------------------------------------------------------------------------------------------------------------------
                         : 
                         : Testing efficiency compared to training efficiency (overtraining check)
                         : -------------------------------------------------------------------------------------------------------------------
                         : DataSet              MVA              Signal efficiency: from test sample (from training sample) 
                         : Name:                Method:          @B=0.01             @B=0.10            @B=0.30   
                         : -------------------------------------------------------------------------------------------------------------------
                         : jet2016preVFP__4__64__300__0.1 DNN            : 0.029 (0.029)       0.192 (0.193)      0.444 (0.446)
                         : -------------------------------------------------------------------------------------------------------------------
                         : 
Dataset:jet2016preVFP_...: Created tree 'TestTree' with 625613 events
                         : 
Dataset:jet2016preVFP_...: Created tree 'TrainTree' with 762510 events
                         : 
Factory                  : [1mThank you for using TMVA![0m
                         : [1mFor citation information, please visit: http://tmva.sf.net/citeTMVA.html[0m
ref.cut= DNN 0.5171019296700364
auc= 0.5985104587544129
myerr=0
[ntry=1]
