<sig cut>= (bmuon_charge*bjet_partonFlavour < 0)&&Has_bMuon
<bkg cut>= (bmuon_charge*bjet_partonFlavour > 0)&&Has_bMuon
_________________________________________________________________
Layer (type)                 Output Shape              Param #   
=================================================================
dense_1 (Dense)              (None, 128)               3328      
_________________________________________________________________
batch_normalization_1 (Batch (None, 128)               512       
_________________________________________________________________
activation_1 (Activation)    (None, 128)               0         
_________________________________________________________________
dropout_1 (Dropout)          (None, 128)               0         
_________________________________________________________________
dense_2 (Dense)              (None, 128)               16512     
_________________________________________________________________
batch_normalization_2 (Batch (None, 128)               512       
_________________________________________________________________
activation_2 (Activation)    (None, 128)               0         
_________________________________________________________________
dropout_2 (Dropout)          (None, 128)               0         
_________________________________________________________________
dense_3 (Dense)              (None, 128)               16512     
_________________________________________________________________
batch_normalization_3 (Batch (None, 128)               512       
_________________________________________________________________
activation_3 (Activation)    (None, 128)               0         
_________________________________________________________________
dropout_3 (Dropout)          (None, 128)               0         
_________________________________________________________________
dense_4 (Dense)              (None, 2)                 258       
_________________________________________________________________
activation_4 (Activation)    (None, 2)                 0         
=================================================================
Total params: 38,146
Trainable params: 37,378
Non-trainable params: 768
_________________________________________________________________
---sig_test---
<self.testtree_sig> OutTree/sig
/data6/Users/jhchoi/TMVA/TMVA_TOOL/inputs/EEMu_MuMuE_Method/v2405.2/2017/EEMu_MuMuE_Method_DYJetsToEE_MiNNLO.root
/data6/Users/jhchoi/TMVA/TMVA_TOOL/inputs/EEMu_MuMuE_Method/v2405.2/2017/EEMu_MuMuE_Method_DYJetsToMuMu_MiNNLO.root
--bkg_test---
<self.testtree_bkg> OutTree/bkg
/data6/Users/jhchoi/TMVA/TMVA_TOOL/inputs/EEMu_MuMuE_Method/v2405.2/2017/EEMu_MuMuE_Method_DYJetsToEE_MiNNLO.root
/data6/Users/jhchoi/TMVA/TMVA_TOOL/inputs/EEMu_MuMuE_Method/v2405.2/2017/EEMu_MuMuE_Method_DYJetsToMuMu_MiNNLO.root
---sig_train---
<self.traintree_sig> OutTree/sig
/data6/Users/jhchoi/TMVA/TMVA_TOOL/inputs/EEMu_MuMuE_Method/v2405.2/2017/EEMu_MuMuE_Method_DYJets.root
---bkg_train---
<self.traintree_bkg> OutTree/bkg
/data6/Users/jhchoi/TMVA/TMVA_TOOL/inputs/EEMu_MuMuE_Method/v2405.2/2017/EEMu_MuMuE_Method_DYJets.root
DataSetInfo              : [muon2017__3__50__100__0.1] : Added class "Signal"
                         : Add Tree OutTree/sig of type Signal with 903237 events
                         : Add Tree OutTree/sig of type Signal with 1201756 events
DataSetInfo              : [muon2017__3__50__100__0.1] : Added class "Background"
                         : Add Tree OutTree/bkg of type Background with 594513 events
                         : Add Tree OutTree/bkg of type Background with 789045 events
>>>>self.dataloader.PrepareTrainingAndTestTree
Set sig cut -> (bmuon_charge*bjet_partonFlavour < 0)&&Has_bMuon
Set bkg cut -> (bmuon_charge*bjet_partonFlavour > 0)&&Has_bMuon
Factory                  : Booking method: [1mDNN[0m
                         : 
DNN                      : [muon2017__3__50__100__0.1] : Create Transformation "N" with events from all classes.
                         : 
                         : Transformation, Variable selection : 
                         : Input : variable 'bmuon_P_jetrest' <---> Output : variable 'bmuon_P_jetrest'
                         : Input : variable 'bmuon_ptwrtbjet' <---> Output : variable 'bmuon_ptwrtbjet'
                         : Input : variable 'bmuon_dR_l_j' <---> Output : variable 'bmuon_dR_l_j'
                         : Input : variable 'bmuon_nsip3d' <---> Output : variable 'bmuon_nsip3d'
                         : Input : variable 'bmuon_reltrkiso' <---> Output : variable 'bmuon_reltrkiso'
                         : Input : variable 'bmuon_reliso' <---> Output : variable 'bmuon_reliso'
                         : Input : variable 'bmuon_palongjet' <---> Output : variable 'bmuon_palongjet'
                         : Input : variable 'bmuon_palongjetratio' <---> Output : variable 'bmuon_palongjetratio'
                         : Input : variable 'bmuon_pt' <---> Output : variable 'bmuon_pt'
                         : Input : variable 'bmuon_aeta' <---> Output : variable 'bmuon_aeta'
                         : Input : variable 'bmuon_normchi2' <---> Output : variable 'bmuon_normchi2'
                         : Input : variable 'bmuon_ntracklayers' <---> Output : variable 'bmuon_ntracklayers'
                         : Input : variable 'bmuon_ntrackhits' <---> Output : variable 'bmuon_ntrackhits'
                         : Input : variable 'bmuon_nvalidmuonhits' <---> Output : variable 'bmuon_nvalidmuonhits'
                         : Input : variable 'bmuon_nmatchedstations' <---> Output : variable 'bmuon_nmatchedstations'
                         : Input : variable 'bjet_pt' <---> Output : variable 'bjet_pt'
                         : Input : variable 'bjet_aeta' <---> Output : variable 'bjet_aeta'
                         : Input : variable 'bjet_ChargedHadronEnergyFraction' <---> Output : variable 'bjet_ChargedHadronEnergyFraction'
                         : Input : variable 'bjet_NeutralHadronEnergyFraction' <---> Output : variable 'bjet_NeutralHadronEnergyFraction'
                         : Input : variable 'bjet_NeutralEmEnergyFraction' <---> Output : variable 'bjet_NeutralEmEnergyFraction'
                         : Input : variable 'bjet_ChargedEmEnergyFraction' <---> Output : variable 'bjet_ChargedEmEnergyFraction'
                         : Input : variable 'bjet_MuonEnergyFraction' <---> Output : variable 'bjet_MuonEnergyFraction'
                         : Input : variable 'fabs(bjet_charge)' <---> Output : variable 'fabs(bjet_charge)'
                         : Input : variable 'bjet_ChargedMultiplicity' <---> Output : variable 'bjet_ChargedMultiplicity'
                         : Input : variable 'bjet_NeutralMultiplicity' <---> Output : variable 'bjet_NeutralMultiplicity'
DNN                      : [muon2017__3__50__100__0.1] : Create Transformation "U" with events from all classes.
                         : 
                         : Transformation, Variable selection : 
                         : Input : variable 'bmuon_P_jetrest' <---> Output : variable 'bmuon_P_jetrest'
                         : Input : variable 'bmuon_ptwrtbjet' <---> Output : variable 'bmuon_ptwrtbjet'
                         : Input : variable 'bmuon_dR_l_j' <---> Output : variable 'bmuon_dR_l_j'
                         : Input : variable 'bmuon_nsip3d' <---> Output : variable 'bmuon_nsip3d'
                         : Input : variable 'bmuon_reltrkiso' <---> Output : variable 'bmuon_reltrkiso'
                         : Input : variable 'bmuon_reliso' <---> Output : variable 'bmuon_reliso'
                         : Input : variable 'bmuon_palongjet' <---> Output : variable 'bmuon_palongjet'
                         : Input : variable 'bmuon_palongjetratio' <---> Output : variable 'bmuon_palongjetratio'
                         : Input : variable 'bmuon_pt' <---> Output : variable 'bmuon_pt'
                         : Input : variable 'bmuon_aeta' <---> Output : variable 'bmuon_aeta'
                         : Input : variable 'bmuon_normchi2' <---> Output : variable 'bmuon_normchi2'
                         : Input : variable 'bmuon_ntracklayers' <---> Output : variable 'bmuon_ntracklayers'
                         : Input : variable 'bmuon_ntrackhits' <---> Output : variable 'bmuon_ntrackhits'
                         : Input : variable 'bmuon_nvalidmuonhits' <---> Output : variable 'bmuon_nvalidmuonhits'
                         : Input : variable 'bmuon_nmatchedstations' <---> Output : variable 'bmuon_nmatchedstations'
                         : Input : variable 'bjet_pt' <---> Output : variable 'bjet_pt'
                         : Input : variable 'bjet_aeta' <---> Output : variable 'bjet_aeta'
                         : Input : variable 'bjet_ChargedHadronEnergyFraction' <---> Output : variable 'bjet_ChargedHadronEnergyFraction'
                         : Input : variable 'bjet_NeutralHadronEnergyFraction' <---> Output : variable 'bjet_NeutralHadronEnergyFraction'
                         : Input : variable 'bjet_NeutralEmEnergyFraction' <---> Output : variable 'bjet_NeutralEmEnergyFraction'
                         : Input : variable 'bjet_ChargedEmEnergyFraction' <---> Output : variable 'bjet_ChargedEmEnergyFraction'
                         : Input : variable 'bjet_MuonEnergyFraction' <---> Output : variable 'bjet_MuonEnergyFraction'
                         : Input : variable 'fabs(bjet_charge)' <---> Output : variable 'fabs(bjet_charge)'
                         : Input : variable 'bjet_ChargedMultiplicity' <---> Output : variable 'bjet_ChargedMultiplicity'
                         : Input : variable 'bjet_NeutralMultiplicity' <---> Output : variable 'bjet_NeutralMultiplicity'
DNN                      : [muon2017__3__50__100__0.1] : Create Transformation "G" with events from all classes.
                         : 
                         : Transformation, Variable selection : 
                         : Input : variable 'bmuon_P_jetrest' <---> Output : variable 'bmuon_P_jetrest'
                         : Input : variable 'bmuon_ptwrtbjet' <---> Output : variable 'bmuon_ptwrtbjet'
                         : Input : variable 'bmuon_dR_l_j' <---> Output : variable 'bmuon_dR_l_j'
                         : Input : variable 'bmuon_nsip3d' <---> Output : variable 'bmuon_nsip3d'
                         : Input : variable 'bmuon_reltrkiso' <---> Output : variable 'bmuon_reltrkiso'
                         : Input : variable 'bmuon_reliso' <---> Output : variable 'bmuon_reliso'
                         : Input : variable 'bmuon_palongjet' <---> Output : variable 'bmuon_palongjet'
                         : Input : variable 'bmuon_palongjetratio' <---> Output : variable 'bmuon_palongjetratio'
                         : Input : variable 'bmuon_pt' <---> Output : variable 'bmuon_pt'
                         : Input : variable 'bmuon_aeta' <---> Output : variable 'bmuon_aeta'
                         : Input : variable 'bmuon_normchi2' <---> Output : variable 'bmuon_normchi2'
                         : Input : variable 'bmuon_ntracklayers' <---> Output : variable 'bmuon_ntracklayers'
                         : Input : variable 'bmuon_ntrackhits' <---> Output : variable 'bmuon_ntrackhits'
                         : Input : variable 'bmuon_nvalidmuonhits' <---> Output : variable 'bmuon_nvalidmuonhits'
                         : Input : variable 'bmuon_nmatchedstations' <---> Output : variable 'bmuon_nmatchedstations'
                         : Input : variable 'bjet_pt' <---> Output : variable 'bjet_pt'
                         : Input : variable 'bjet_aeta' <---> Output : variable 'bjet_aeta'
                         : Input : variable 'bjet_ChargedHadronEnergyFraction' <---> Output : variable 'bjet_ChargedHadronEnergyFraction'
                         : Input : variable 'bjet_NeutralHadronEnergyFraction' <---> Output : variable 'bjet_NeutralHadronEnergyFraction'
                         : Input : variable 'bjet_NeutralEmEnergyFraction' <---> Output : variable 'bjet_NeutralEmEnergyFraction'
                         : Input : variable 'bjet_ChargedEmEnergyFraction' <---> Output : variable 'bjet_ChargedEmEnergyFraction'
                         : Input : variable 'bjet_MuonEnergyFraction' <---> Output : variable 'bjet_MuonEnergyFraction'
                         : Input : variable 'fabs(bjet_charge)' <---> Output : variable 'fabs(bjet_charge)'
                         : Input : variable 'bjet_ChargedMultiplicity' <---> Output : variable 'bjet_ChargedMultiplicity'
                         : Input : variable 'bjet_NeutralMultiplicity' <---> Output : variable 'bjet_NeutralMultiplicity'
                         : Load model from file: model.h5
Factory                  : [1mTrain all methods[0m
DataSetFactory           : [muon2017__3__50__100__0.1] : Number of events in input trees
                         : Dataset[muon2017__3__50__100__0.1] :     Signal     requirement: "(bmuon_charge*bjet_partonFlavour < 0)&&Has_bMuon"
                         : Dataset[muon2017__3__50__100__0.1] :     Signal          -- number of events passed: 111973  / sum of weights: 111973
                         : Dataset[muon2017__3__50__100__0.1] :     Signal          -- efficiency             : 0.053194
                         : Dataset[muon2017__3__50__100__0.1] :     Background requirement: "(bmuon_charge*bjet_partonFlavour > 0)&&Has_bMuon"
                         : Dataset[muon2017__3__50__100__0.1] :     Background      -- number of events passed: 54422  / sum of weights: 54422
                         : Dataset[muon2017__3__50__100__0.1] :     Background      -- efficiency             : 0.0393348
                         : Dataset[muon2017__3__50__100__0.1] :  you have opted for interpreting the requested number of training/testing events
                         :  to be the number of events AFTER your preselection cuts
                         : 
                         : Dataset[muon2017__3__50__100__0.1] :  you have opted for interpreting the requested number of training/testing events
                         :  to be the number of events AFTER your preselection cuts
                         : 
                         : Dataset[muon2017__3__50__100__0.1] : Weight renormalisation mode: "EqualNumEvents": renormalises all event classes ...
                         : Dataset[muon2017__3__50__100__0.1] :  such that the effective (weighted) number of events in each class is the same 
                         : Dataset[muon2017__3__50__100__0.1] :  (and equals the number of events (entries) given for class=0 )
                         : Dataset[muon2017__3__50__100__0.1] : ... i.e. such that Sum[i=1..N_j]{w_i} = N_classA, j=classA, classB, ...
                         : Dataset[muon2017__3__50__100__0.1] : ... (note that N_j is the sum of TRAINING events
                         : Dataset[muon2017__3__50__100__0.1] :  ..... Testing events are not renormalised nor included in the renormalisation factor!)
                         : Number of training and testing events
                         : ---------------------------------------------------------------------------
                         : Signal     -- training events            : 46020
                         : Signal     -- testing events             : 65953
                         : Signal     -- training and testing events: 111973
                         : Dataset[muon2017__3__50__100__0.1] : Signal     -- due to the preselection a scaling factor has been applied to the numbers of requested events: 0.053194
                         : Background -- training events            : 22429
                         : Background -- testing events             : 31993
                         : Background -- training and testing events: 54422
                         : Dataset[muon2017__3__50__100__0.1] : Background -- due to the preselection a scaling factor has been applied to the numbers of requested events: 0.0393348
                         : 
DataSetInfo              : Correlation matrix (Signal):
                         : --------------------------------------------------------------------------------------------------------------------------------------------------------------------------------------------------------------------------------------------------------------------------------------------------------------------------------------------------------------------------------------------------------------------------------------------------------------------------------------------------------------------------
                         :                                   bmuon_P_jetrest bmuon_ptwrtbjet bmuon_dR_l_j bmuon_nsip3d bmuon_reltrkiso bmuon_reliso bmuon_palongjet bmuon_palongjetratio bmuon_pt bmuon_aeta bmuon_normchi2 bmuon_ntracklayers bmuon_ntrackhits bmuon_nvalidmuonhits bmuon_nmatchedstations bjet_pt bjet_aeta bjet_ChargedHadronEnergyFraction bjet_NeutralHadronEnergyFraction bjet_NeutralEmEnergyFraction bjet_ChargedEmEnergyFraction bjet_MuonEnergyFraction fabs(bjet_charge) bjet_ChargedMultiplicity bjet_NeutralMultiplicity
                         :                  bmuon_P_jetrest:          +1.000          +0.736       +0.005       -0.007          -0.237       -0.376          +0.675               +0.636   +0.816     -0.033         -0.009             -0.025           -0.029               +0.081                 +0.094  +0.305    -0.033                           -0.246                           -0.065                       -0.141                       +0.015                  +0.387            +0.275                   +0.082                   +0.056
                         :                  bmuon_ptwrtbjet:          +0.736          +1.000       +0.473       +0.021          -0.146       -0.188          +0.301               +0.218   +0.362     -0.040         -0.012             -0.020           -0.028               +0.089                 +0.091  +0.155    -0.034                           -0.098                           +0.001                       -0.059                       +0.092                  +0.097            +0.089                   +0.045                   +0.029
                         :                     bmuon_dR_l_j:          +0.005          +0.473       +1.000       +0.059          +0.060       +0.227          -0.272               -0.391   -0.383     +0.011         -0.012             +0.001           +0.002               +0.018                 +0.006  -0.227    +0.026                           +0.183                           +0.123                       +0.081                       +0.138                  -0.389            -0.243                   +0.043                   -0.003
                         :                     bmuon_nsip3d:          -0.007          +0.021       +0.059       +1.000          -0.032       -0.028          -0.023               -0.021   -0.033     -0.002         +0.036             -0.044           -0.038               -0.015                 -0.011  -0.027    -0.001                           -0.014                           +0.020                       +0.043                       +0.002                  -0.029            -0.017                   -0.005                   +0.029
                         :                  bmuon_reltrkiso:          -0.237          -0.146       +0.060       -0.032          +1.000       +0.467          -0.156               -0.353   -0.192     -0.039         +0.038             -0.010           -0.023               -0.074                 -0.129  +0.151    -0.040                           +0.352                           -0.033                       -0.026                       +0.090                  -0.383            -0.197                   +0.164                   +0.069
                         :                     bmuon_reliso:          -0.376          -0.188       +0.227       -0.028          +0.467       +1.000          -0.288               -0.633   -0.341     -0.097         +0.080             -0.074           -0.086               -0.094                 -0.196  +0.263    -0.098                           +0.399                           +0.151                       +0.300                       -0.072                  -0.678            -0.357                   +0.201                   +0.242
                         :                  bmuon_palongjet:          +0.675          +0.301       -0.272       -0.023          -0.156       -0.288          +1.000               +0.552   +0.784     +0.389         +0.005             +0.091           +0.183               -0.160                 +0.076  +0.324    +0.386                           -0.145                           -0.052                       -0.170                       -0.028                  +0.318            +0.225                   +0.065                   -0.148
                         :             bmuon_palongjetratio:          +0.636          +0.218       -0.391       -0.021          -0.353       -0.633          +0.552               +1.000   +0.648     -0.050         -0.044             +0.005           -0.007               +0.127                 +0.137  -0.143    -0.057                           -0.429                           -0.174                       -0.243                       -0.113                  +0.779            +0.459                   -0.261                   -0.178
                         :                         bmuon_pt:          +0.816          +0.362       -0.383       -0.033          -0.192       -0.341          +0.784               +0.648   +1.000     -0.046         +0.008             -0.024           -0.030               +0.060                 +0.060  +0.491    -0.048                           -0.256                           -0.104                       -0.130                       -0.056                  +0.448            +0.322                   +0.008                   +0.043
                         :                       bmuon_aeta:          -0.033          -0.040       +0.011       -0.002          -0.039       -0.097          +0.389               -0.050   -0.046     +1.000         -0.002             +0.227           +0.433               -0.497                 +0.053  -0.023    +0.993                           +0.084                           +0.088                       -0.182                       +0.023                  -0.015            -0.018                   +0.100                   -0.275
                         :                   bmuon_normchi2:          -0.009          -0.012       -0.012       +0.036          +0.038       +0.080          +0.005               -0.044   +0.008     -0.002         +1.000             -0.130           -0.094               -0.126                 -0.137  +0.042    -0.003                           +0.049                           +0.016                       +0.051                       +0.025                  -0.110            -0.035                   +0.044                   +0.064
                         :               bmuon_ntracklayers:          -0.025          -0.020       +0.001       -0.044          -0.010       -0.074          +0.091               +0.005   -0.024     +0.227         -0.130             +1.000           +0.871               +0.015                 +0.144  -0.035    +0.225                           +0.025                           -0.007                       -0.137                       -0.011                  +0.082            -0.045                   +0.055                   -0.272
                         :                 bmuon_ntrackhits:          -0.029          -0.028       +0.002       -0.038          -0.023       -0.086          +0.183               -0.007   -0.030     +0.433         -0.094             +0.871           +1.000               -0.117                 +0.107  -0.033    +0.430                           +0.049                           +0.008                       -0.161                       +0.000                  +0.061            -0.050                   +0.088                   -0.334
                         :             bmuon_nvalidmuonhits:          +0.081          +0.089       +0.018       -0.015          -0.074       -0.094          -0.160               +0.127   +0.060     -0.497         -0.126             +0.015           -0.117               +1.000                 +0.622  -0.056    -0.493                           -0.233                           -0.069                       +0.038                       -0.043                  +0.278            +0.076                   -0.119                   +0.053
                         :           bmuon_nmatchedstations:          +0.094          +0.091       +0.006       -0.011          -0.129       -0.196          +0.076               +0.137   +0.060     +0.053         -0.137             +0.144           +0.107               +0.622                 +1.000  -0.063    +0.054                           -0.264                           -0.013                       -0.092                       -0.047                  +0.377            +0.116                   -0.089                   -0.085
                         :                          bjet_pt:          +0.305          +0.155       -0.227       -0.027          +0.151       +0.263          +0.324               -0.143   +0.491     -0.023         +0.042             -0.035           -0.033               -0.056                 -0.063  +1.000    -0.026                           +0.064                           +0.006                       +0.074                       +0.050                  -0.151            -0.001                   +0.318                   +0.270
                         :                        bjet_aeta:          -0.033          -0.034       +0.026       -0.001          -0.040       -0.098          +0.386               -0.057   -0.048     +0.993         -0.003             +0.225           +0.430               -0.493                 +0.054  -0.026    +1.000                           +0.088                           +0.092                       -0.181                       +0.022                  -0.022            -0.019                   +0.104                   -0.277
                         : bjet_ChargedHadronEnergyFraction:          -0.246          -0.098       +0.183       -0.014          +0.352       +0.399          -0.145               -0.429   -0.256     +0.084         +0.049             +0.025           +0.049               -0.233                 -0.264  +0.064    +0.088                           +1.000                           -0.256                       -0.278                       -0.257                  -0.581            -0.388                   +0.418                   -0.137
                         : bjet_NeutralHadronEnergyFraction:          -0.065          +0.001       +0.123       +0.020          -0.033       +0.151          -0.052               -0.174   -0.104     +0.088         +0.016             -0.007           +0.008               -0.069                 -0.013  +0.006    +0.092                           -0.256                           +1.000                       -0.091                       -0.007                  -0.184            -0.051                   -0.113                   +0.148
                         :     bjet_NeutralEmEnergyFraction:          -0.141          -0.059       +0.081       +0.043          -0.026       +0.300          -0.170               -0.243   -0.130     -0.182         +0.051             -0.137           -0.161               +0.038                 -0.092  +0.074    -0.181                           -0.278                           -0.091                       +1.000                       -0.163                  -0.297            -0.089                   -0.079                   +0.453
                         :     bjet_ChargedEmEnergyFraction:          +0.015          +0.092       +0.138       +0.002          +0.090       -0.072          -0.028               -0.113   -0.056     +0.023         +0.025             -0.011           +0.000               -0.043                 -0.047  +0.050    +0.022                           -0.257                           -0.007                       -0.163                       +1.000                  -0.144            -0.012                   -0.032                   -0.077
                         :          bjet_MuonEnergyFraction:          +0.387          +0.097       -0.389       -0.029          -0.383       -0.678          +0.318               +0.779   +0.448     -0.015         -0.110             +0.082           +0.061               +0.278                 +0.377  -0.151    -0.022                           -0.581                           -0.184                       -0.297                       -0.144                  +1.000            +0.506                   -0.306                   -0.220
                         :                fabs(bjet_charge):          +0.275          +0.089       -0.243       -0.017          -0.197       -0.357          +0.225               +0.459   +0.322     -0.018         -0.035             -0.045           -0.050               +0.076                 +0.116  -0.001    -0.019                           -0.388                           -0.051                       -0.089                       -0.012                  +0.506            +1.000                   -0.254                   -0.061
                         :         bjet_ChargedMultiplicity:          +0.082          +0.045       +0.043       -0.005          +0.164       +0.201          +0.065               -0.261   +0.008     +0.100         +0.044             +0.055           +0.088               -0.119                 -0.089  +0.318    +0.104                           +0.418                           -0.113                       -0.079                       -0.032                  -0.306            -0.254                   +1.000                   +0.097
                         :         bjet_NeutralMultiplicity:          +0.056          +0.029       -0.003       +0.029          +0.069       +0.242          -0.148               -0.178   +0.043     -0.275         +0.064             -0.272           -0.334               +0.053                 -0.085  +0.270    -0.277                           -0.137                           +0.148                       +0.453                       -0.077                  -0.220            -0.061                   +0.097                   +1.000
                         : --------------------------------------------------------------------------------------------------------------------------------------------------------------------------------------------------------------------------------------------------------------------------------------------------------------------------------------------------------------------------------------------------------------------------------------------------------------------------------------------------------------------------
DataSetInfo              : Correlation matrix (Background):
                         : --------------------------------------------------------------------------------------------------------------------------------------------------------------------------------------------------------------------------------------------------------------------------------------------------------------------------------------------------------------------------------------------------------------------------------------------------------------------------------------------------------------------------
                         :                                   bmuon_P_jetrest bmuon_ptwrtbjet bmuon_dR_l_j bmuon_nsip3d bmuon_reltrkiso bmuon_reliso bmuon_palongjet bmuon_palongjetratio bmuon_pt bmuon_aeta bmuon_normchi2 bmuon_ntracklayers bmuon_ntrackhits bmuon_nvalidmuonhits bmuon_nmatchedstations bjet_pt bjet_aeta bjet_ChargedHadronEnergyFraction bjet_NeutralHadronEnergyFraction bjet_NeutralEmEnergyFraction bjet_ChargedEmEnergyFraction bjet_MuonEnergyFraction fabs(bjet_charge) bjet_ChargedMultiplicity bjet_NeutralMultiplicity
                         :                  bmuon_P_jetrest:          +1.000          +0.875       +0.150       +0.048          -0.233       -0.307          +0.469               +0.636   +0.644     -0.018         +0.038             -0.053           -0.045               +0.025                 +0.038  +0.166    -0.020                           -0.154                           -0.039                       -0.096                       -0.004                  +0.323            +0.199                   +0.035                   +0.013
                         :                  bmuon_ptwrtbjet:          +0.875          +1.000       +0.483       +0.069          -0.183       -0.208          +0.269               +0.406   +0.369     -0.011         +0.036             -0.047           -0.039               +0.023                 +0.028  +0.064    -0.009                           -0.100                           -0.012                       -0.067                       +0.051                  +0.163            +0.117                   +0.005                   -0.016
                         :                     bmuon_dR_l_j:          +0.150          +0.483       +1.000       +0.086          -0.037       +0.057          -0.220               -0.213   -0.314     +0.037         -0.007             -0.003           +0.010               -0.020                 -0.023  -0.226    +0.050                           +0.045                           +0.055                       -0.000                       +0.124                  -0.197            -0.073                   +0.009                   -0.049
                         :                     bmuon_nsip3d:          +0.048          +0.069       +0.086       +1.000          -0.063       -0.055          -0.009               +0.013   -0.010     -0.006         +0.022             -0.052           -0.045               -0.015                 -0.011  -0.017    -0.006                           -0.029                           +0.007                       +0.033                       +0.003                  +0.001            +0.007                   -0.009                   +0.032
                         :                  bmuon_reltrkiso:          -0.233          -0.183       -0.037       -0.063          +1.000       +0.476          -0.213               -0.410   -0.240     -0.057         +0.012             +0.002           -0.016               -0.048                 -0.105  +0.191    -0.059                           +0.337                           -0.080                       -0.093                       +0.102                  -0.387            -0.064                   +0.180                   +0.052
                         :                     bmuon_reliso:          -0.307          -0.208       +0.057       -0.055          +0.476       +1.000          -0.335               -0.636   -0.353     -0.125         +0.052             -0.070           -0.090               -0.041                 -0.140  +0.311    -0.127                           +0.296                           +0.119                       +0.258                       -0.148                  -0.595            -0.186                   +0.187                   +0.241
                         :                  bmuon_palongjet:          +0.469          +0.269       -0.220       -0.009          -0.213       -0.335          +1.000               +0.471   +0.721     +0.466         +0.003             +0.089           +0.203               -0.192                 +0.054  +0.324    +0.462                           -0.106                           -0.058                       -0.169                       -0.047                  +0.375            +0.216                   +0.083                   -0.200
                         :             bmuon_palongjetratio:          +0.636          +0.406       -0.213       +0.013          -0.410       -0.636          +0.471               +1.000   +0.642     -0.047         -0.030             -0.001           -0.011               +0.114                 +0.128  -0.193    -0.054                           -0.332                           -0.126                       -0.194                       -0.102                  +0.789            +0.343                   -0.266                   -0.173
                         :                         bmuon_pt:          +0.644          +0.369       -0.314       -0.010          -0.240       -0.353          +0.721               +0.642   +1.000     -0.061         +0.013             -0.029           -0.035               +0.064                 +0.068  +0.489    -0.064                           -0.222                           -0.092                       -0.103                       -0.066                  +0.506            +0.284                   -0.006                   +0.030
                         :                       bmuon_aeta:          -0.018          -0.011       +0.037       -0.006          -0.057       -0.125          +0.466               -0.047   -0.061     +1.000         +0.001             +0.191           +0.399               -0.483                 -0.010  -0.032    +0.995                           +0.114                           +0.056                       -0.169                       +0.005                  -0.037            +0.001                   +0.120                   -0.286
                         :                   bmuon_normchi2:          +0.038          +0.036       -0.007       +0.022          +0.012       +0.052          +0.003               -0.030   +0.013     +0.001         +1.000             -0.125           -0.091               -0.132                 -0.150  +0.056    -0.000                           +0.055                           +0.014                       +0.025                       +0.013                  -0.116            +0.000                   +0.049                   +0.042
                         :               bmuon_ntracklayers:          -0.053          -0.047       -0.003       -0.052          +0.002       -0.070          +0.089               -0.001   -0.029     +0.191         -0.125             +1.000           +0.880               +0.054                 +0.157  -0.052    +0.190                           +0.030                           -0.010                       -0.124                       -0.018                  +0.097            -0.048                   +0.054                   -0.251
                         :                 bmuon_ntrackhits:          -0.045          -0.039       +0.010       -0.045          -0.016       -0.090          +0.203               -0.011   -0.035     +0.399         -0.091             +0.880           +1.000               -0.077                 +0.108  -0.047    +0.398                           +0.062                           -0.005                       -0.147                       -0.012                  +0.067            -0.043                   +0.091                   -0.327
                         :             bmuon_nvalidmuonhits:          +0.025          +0.023       -0.020       -0.015          -0.048       -0.041          -0.192               +0.114   +0.064     -0.483         -0.132             +0.054           -0.077               +1.000                 +0.686  -0.038    -0.479                           -0.262                           -0.030                       +0.047                       -0.020                  +0.340            +0.035                   -0.135                   +0.073
                         :           bmuon_nmatchedstations:          +0.038          +0.028       -0.023       -0.011          -0.105       -0.140          +0.054               +0.128   +0.068     -0.010         -0.150             +0.157           +0.108               +0.686                 +1.000  -0.046    -0.008                           -0.277                           +0.006                       -0.049                       -0.032                  +0.434            +0.069                   -0.100                   -0.036
                         :                          bjet_pt:          +0.166          +0.064       -0.226       -0.017          +0.191       +0.311          +0.324               -0.193   +0.489     -0.032         +0.056             -0.052           -0.047               -0.038                 -0.046  +1.000    -0.036                           +0.044                           -0.000                       +0.093                       +0.043                  -0.179            +0.035                   +0.310                   +0.246
                         :                        bjet_aeta:          -0.020          -0.009       +0.050       -0.006          -0.059       -0.127          +0.462               -0.054   -0.064     +0.995         -0.000             +0.190           +0.398               -0.479                 -0.008  -0.036    +1.000                           +0.115                           +0.058                       -0.168                       +0.006                  -0.041            -0.000                   +0.123                   -0.288
                         : bjet_ChargedHadronEnergyFraction:          -0.154          -0.100       +0.045       -0.029          +0.337       +0.296          -0.106               -0.332   -0.222     +0.114         +0.055             +0.030           +0.062               -0.262                 -0.277  +0.044    +0.115                           +1.000                           -0.330                       -0.357                       -0.352                  -0.487            -0.258                   +0.390                   -0.190
                         : bjet_NeutralHadronEnergyFraction:          -0.039          -0.012       +0.055       +0.007          -0.080       +0.119          -0.058               -0.126   -0.092     +0.056         +0.014             -0.010           -0.005               -0.030                 +0.006  -0.000    +0.058                           -0.330                           +1.000                       -0.117                       -0.033                  -0.113            -0.006                   -0.151                   +0.146
                         :     bjet_NeutralEmEnergyFraction:          -0.096          -0.067       -0.000       +0.033          -0.093       +0.258          -0.169               -0.194   -0.103     -0.169         +0.025             -0.124           -0.147               +0.047                 -0.049  +0.093    -0.168                           -0.357                           -0.117                       +1.000                       -0.216                  -0.202            -0.059                   -0.084                   +0.447
                         :     bjet_ChargedEmEnergyFraction:          -0.004          +0.051       +0.124       +0.003          +0.102       -0.148          -0.047               -0.102   -0.066     +0.005         +0.013             -0.018           -0.012               -0.020                 -0.032  +0.043    +0.006                           -0.352                           -0.033                       -0.216                       +1.000                  -0.110            +0.081                   -0.066                   -0.117
                         :          bjet_MuonEnergyFraction:          +0.323          +0.163       -0.197       +0.001          -0.387       -0.595          +0.375               +0.789   +0.506     -0.037         -0.116             +0.097           +0.067               +0.340                 +0.434  -0.179    -0.041                           -0.487                           -0.113                       -0.202                       -0.110                  +1.000            +0.337                   -0.282                   -0.170
                         :                fabs(bjet_charge):          +0.199          +0.117       -0.073       +0.007          -0.064       -0.186          +0.216               +0.343   +0.284     +0.001         +0.000             -0.048           -0.043               +0.035                 +0.069  +0.035    -0.000                           -0.258                           -0.006                       -0.059                       +0.081                  +0.337            +1.000                   -0.198                   -0.027
                         :         bjet_ChargedMultiplicity:          +0.035          +0.005       +0.009       -0.009          +0.180       +0.187          +0.083               -0.266   -0.006     +0.120         +0.049             +0.054           +0.091               -0.135                 -0.100  +0.310    +0.123                           +0.390                           -0.151                       -0.084                       -0.066                  -0.282            -0.198                   +1.000                   +0.065
                         :         bjet_NeutralMultiplicity:          +0.013          -0.016       -0.049       +0.032          +0.052       +0.241          -0.200               -0.173   +0.030     -0.286         +0.042             -0.251           -0.327               +0.073                 -0.036  +0.246    -0.288                           -0.190                           +0.146                       +0.447                       -0.117                  -0.170            -0.027                   +0.065                   +1.000
                         : --------------------------------------------------------------------------------------------------------------------------------------------------------------------------------------------------------------------------------------------------------------------------------------------------------------------------------------------------------------------------------------------------------------------------------------------------------------------------------------------------------------------------
DataSetFactory           : [muon2017__3__50__100__0.1] :  
                         : 
Factory                  : [muon2017__3__50__100__0.1] : Create Transformation "I" with events from all classes.
                         : 
                         : Transformation, Variable selection : 
                         : Input : variable 'bmuon_P_jetrest' <---> Output : variable 'bmuon_P_jetrest'
                         : Input : variable 'bmuon_ptwrtbjet' <---> Output : variable 'bmuon_ptwrtbjet'
                         : Input : variable 'bmuon_dR_l_j' <---> Output : variable 'bmuon_dR_l_j'
                         : Input : variable 'bmuon_nsip3d' <---> Output : variable 'bmuon_nsip3d'
                         : Input : variable 'bmuon_reltrkiso' <---> Output : variable 'bmuon_reltrkiso'
                         : Input : variable 'bmuon_reliso' <---> Output : variable 'bmuon_reliso'
                         : Input : variable 'bmuon_palongjet' <---> Output : variable 'bmuon_palongjet'
                         : Input : variable 'bmuon_palongjetratio' <---> Output : variable 'bmuon_palongjetratio'
                         : Input : variable 'bmuon_pt' <---> Output : variable 'bmuon_pt'
                         : Input : variable 'bmuon_aeta' <---> Output : variable 'bmuon_aeta'
                         : Input : variable 'bmuon_normchi2' <---> Output : variable 'bmuon_normchi2'
                         : Input : variable 'bmuon_ntracklayers' <---> Output : variable 'bmuon_ntracklayers'
                         : Input : variable 'bmuon_ntrackhits' <---> Output : variable 'bmuon_ntrackhits'
                         : Input : variable 'bmuon_nvalidmuonhits' <---> Output : variable 'bmuon_nvalidmuonhits'
                         : Input : variable 'bmuon_nmatchedstations' <---> Output : variable 'bmuon_nmatchedstations'
                         : Input : variable 'bjet_pt' <---> Output : variable 'bjet_pt'
                         : Input : variable 'bjet_aeta' <---> Output : variable 'bjet_aeta'
                         : Input : variable 'bjet_ChargedHadronEnergyFraction' <---> Output : variable 'bjet_ChargedHadronEnergyFraction'
                         : Input : variable 'bjet_NeutralHadronEnergyFraction' <---> Output : variable 'bjet_NeutralHadronEnergyFraction'
                         : Input : variable 'bjet_NeutralEmEnergyFraction' <---> Output : variable 'bjet_NeutralEmEnergyFraction'
                         : Input : variable 'bjet_ChargedEmEnergyFraction' <---> Output : variable 'bjet_ChargedEmEnergyFraction'
                         : Input : variable 'bjet_MuonEnergyFraction' <---> Output : variable 'bjet_MuonEnergyFraction'
                         : Input : variable 'fabs(bjet_charge)' <---> Output : variable 'fabs(bjet_charge)'
                         : Input : variable 'bjet_ChargedMultiplicity' <---> Output : variable 'bjet_ChargedMultiplicity'
                         : Input : variable 'bjet_NeutralMultiplicity' <---> Output : variable 'bjet_NeutralMultiplicity'
TFHandler_Factory        :                         Variable                                Mean                                RMS                        [        Min                                Max ]
                         : -----------------------------------------------------------------------------------------------------------------------------------------------------------------------------------
                         :                  bmuon_P_jetrest:                            1.4024                            1.0369   [                           0.20012                            85.693 ]
                         :                  bmuon_ptwrtbjet:                           0.97065                           0.77086   [                         0.0034248                            49.439 ]
                         :                     bmuon_dR_l_j:                          0.085383                          0.060179   [                        0.00013398                           0.39984 ]
                         :                     bmuon_nsip3d:                            32.812                            176.45   [                         0.0062385                            9714.9 ]
                         :                  bmuon_reltrkiso:                            1.8835                            2.4822   [                            0.0000                            336.77 ]
                         :                     bmuon_reliso:                            2.7601                            2.2439   [                            0.0000                            9.9994 ]
                         :                  bmuon_palongjet:                            28.425                            33.904   [                            4.8232                            3449.8 ]
                         :             bmuon_palongjetratio:                           0.24657                           0.16057   [                          0.021552                            11.022 ]
                         :                         bmuon_pt:                            14.541                            13.142   [                            5.0002                            1302.8 ]
                         :                       bmuon_aeta:                            1.0538                           0.66805   [                        2.2062e-05                            2.3998 ]
                         :                   bmuon_normchi2:                            1.2153                           0.73956   [                        0.00067481                            9.9727 ]
                         :               bmuon_ntracklayers:                            12.843                            1.9852   [                            2.0000                            18.000 ]
                         :                 bmuon_ntrackhits:                            18.165                            3.6607   [                            3.0000                            32.000 ]
                         :             bmuon_nvalidmuonhits:                            25.693                            13.364   [                            0.0000                            51.000 ]
                         :           bmuon_nmatchedstations:                            3.1206                            1.0126   [                            1.0000                            5.0000 ]
                         :                          bjet_pt:                            62.518                            35.813   [                            30.001                            819.17 ]
                         :                        bjet_aeta:                            1.0629                           0.67358   [                        3.8899e-05                            2.7082 ]
                         : bjet_ChargedHadronEnergyFraction:                           0.45213                           0.19000   [                            0.0000                            1.0000 ]
                         : bjet_NeutralHadronEnergyFraction:                          0.080890                          0.095639   [                            0.0000                           0.76395 ]
                         :     bjet_NeutralEmEnergyFraction:                           0.19385                           0.13110   [                            0.0000                           0.84859 ]
                         :     bjet_ChargedEmEnergyFraction:                          0.034120                           0.10568   [                            0.0000                           0.93359 ]
                         :          bjet_MuonEnergyFraction:                           0.23902                           0.16698   [                            0.0000                           0.94143 ]
                         :                fabs(bjet_charge):                           0.30709                           0.21376   [                        5.1672e-06                            1.0000 ]
                         :         bjet_ChargedMultiplicity:                            10.989                            3.9755   [                            1.0000                            38.000 ]
                         :         bjet_NeutralMultiplicity:                            9.9156                            5.1333   [                            0.0000                            41.000 ]
                         : -----------------------------------------------------------------------------------------------------------------------------------------------------------------------------------
                         : [32m
                         : <PlotVariables> Will not produce scatter plots ==> 
                         : |  The number of 25 input variables and 0 target values would require 300 two-dimensional
                         : |  histograms, which would occupy the computer's memory. Note that this
                         : |  suppression does not have any consequences for your analysis, other
                         : |  than not disposing of these scatter plots. You can modify the maximum
                         : |  number of input variables allowed to generate scatter plots in your
                         : |  script via the command line:
                         : |  "(TMVA::gConfig().GetVariablePlotting()).fMaxNumOfAllowedVariablesForScatterPlots = <some int>;"[0m
                         : 
                         : Some more output
                         : Ranking input variables (method unspecific)...
IdTransformation         : Ranking result (top variable is best ranked)
                         : ---------------------------------------------------------
                         : Rank : Variable                         : Separation
                         : ---------------------------------------------------------
                         :    1 : bmuon_P_jetrest                  : 1.094e-01
                         :    2 : bjet_MuonEnergyFraction          : 8.388e-02
                         :    3 : bmuon_palongjetratio             : 8.313e-02
                         :    4 : bmuon_ptwrtbjet                  : 7.746e-02
                         :    5 : fabs(bjet_charge)                : 7.031e-02
                         :    6 : bmuon_reliso                     : 5.732e-02
                         :    7 : bmuon_pt                         : 5.359e-02
                         :    8 : bmuon_reltrkiso                  : 5.333e-02
                         :    9 : bmuon_palongjet                  : 2.912e-02
                         :   10 : bjet_ChargedHadronEnergyFraction : 1.842e-02
                         :   11 : bmuon_dR_l_j                     : 7.899e-03
                         :   12 : bmuon_nvalidmuonhits             : 7.141e-03
                         :   13 : bjet_ChargedMultiplicity         : 6.673e-03
                         :   14 : bmuon_nmatchedstations           : 6.440e-03
                         :   15 : bjet_NeutralEmEnergyFraction     : 6.125e-03
                         :   16 : bjet_pt                          : 5.076e-03
                         :   17 : bjet_ChargedEmEnergyFraction     : 4.582e-03
                         :   18 : bjet_NeutralMultiplicity         : 4.184e-03
                         :   19 : bmuon_nsip3d                     : 2.832e-03
                         :   20 : bjet_NeutralHadronEnergyFraction : 2.627e-03
                         :   21 : bmuon_normchi2                   : 1.593e-03
                         :   22 : bmuon_ntracklayers               : 1.122e-03
                         :   23 : bmuon_ntrackhits                 : 9.670e-04
                         :   24 : bjet_aeta                        : 8.280e-04
                         :   25 : bmuon_aeta                       : 8.267e-04
                         : ---------------------------------------------------------
Factory                  : Train method: DNN for Classification
                         : 
                         : 
                         : [1m================================================================[0m
                         : [1mH e l p   f o r   M V A   m e t h o d   [ DNN ] :[0m
                         : 
                         : Keras is a high-level API for the Theano and Tensorflow packages.
                         : This method wraps the training and predictions steps of the Keras
                         : Python package for TMVA, so that dataloading, preprocessing and
                         : evaluation can be done within the TMVA system. To use this Keras
                         : interface, you have to generate a model with Keras first. Then,
                         : this model can be loaded and trained in TMVA.
                         : 
                         : 
                         : <Suppress this message by specifying "!H" in the booking option>
                         : [1m================================================================[0m
                         : 
                         : Preparing the Gaussian transformation...
                         : Preparing the Gaussian transformation...
TFHandler_DNN            :                         Variable                                Mean                                RMS                        [        Min                                Max ]
                         : -----------------------------------------------------------------------------------------------------------------------------------------------------------------------------------
                         :                  bmuon_P_jetrest:                         0.0029046                           0.99624   [                           -3.2742                            5.7307 ]
                         :                  bmuon_ptwrtbjet:                         0.0052294                           0.99834   [                           -3.2822                            5.7307 ]
                         :                     bmuon_dR_l_j:                         0.0026027                           0.99681   [                           -3.2761                            5.7307 ]
                         :                     bmuon_nsip3d:                         0.0017993                           0.99520   [                           -3.2881                            5.7307 ]
                         :                  bmuon_reltrkiso:                          -0.17219                            1.2180   [                           -3.2995                            5.7307 ]
                         :                     bmuon_reliso:                         -0.025083                            1.0371   [                           -3.1857                            5.7307 ]
                         :                  bmuon_palongjet:                         0.0037764                           0.99719   [                           -3.2878                            5.7307 ]
                         :             bmuon_palongjetratio:                         0.0033190                           0.99687   [                           -3.2775                            5.7307 ]
                         :                         bmuon_pt:                         0.0038233                           0.99804   [                           -3.3012                            5.7307 ]
                         :                       bmuon_aeta:                         0.0026954                           0.99843   [                           -3.2981                            5.7307 ]
                         :                   bmuon_normchi2:                         0.0037356                            1.0007   [                           -3.2691                            5.7307 ]
                         :               bmuon_ntracklayers:                         -0.017260                            1.0310   [                           -3.9829                            5.7307 ]
                         :                 bmuon_ntrackhits:                         0.0016214                           0.99868   [                           -2.9785                            5.7307 ]
                         :             bmuon_nvalidmuonhits:                          -0.49481                            1.5703   [                           -3.8293                            5.7307 ]
                         :           bmuon_nmatchedstations:                          -0.74377                            1.2689   [                           -3.9440                            5.4200 ]
                         :                          bjet_pt:                         0.0032839                           0.99830   [                           -3.2529                            5.7307 ]
                         :                        bjet_aeta:                         0.0019287                           0.99576   [                           -3.2582                            5.7307 ]
                         : bjet_ChargedHadronEnergyFraction:                         0.0039595                            1.0025   [                           -3.2747                            5.7307 ]
                         : bjet_NeutralHadronEnergyFraction:                          -0.76345                            1.6167   [                           -3.1844                            5.7307 ]
                         :     bjet_NeutralEmEnergyFraction:                         -0.020349                            1.0342   [                           -3.2743                            5.7307 ]
                         :     bjet_ChargedEmEnergyFraction:                           -2.3309                            1.0352   [                           -2.7292                            5.7307 ]
                         :          bjet_MuonEnergyFraction:                          -0.33819                            1.3730   [                           -3.2702                            5.7307 ]
                         :                fabs(bjet_charge):                         0.0041542                            1.0007   [                           -3.2812                            5.7307 ]
                         :         bjet_ChargedMultiplicity:                        0.00025672                            1.0079   [                           -4.1995                            5.7307 ]
                         :         bjet_NeutralMultiplicity:                        -0.0078210                            1.0268   [                           -4.0013                            5.7307 ]
                         : -----------------------------------------------------------------------------------------------------------------------------------------------------------------------------------
                         : Option TriesEarlyStopping: Training will stop after 30 number of epochs with no improvement of validation loss
Train on 68449 samples, validate on 97946 samples
Epoch 1/300
 - 20s - loss: 0.8698 - acc: 0.6595 - val_loss: 0.6654 - val_acc: 0.6481
Epoch 2/300
 - 18s - loss: 0.8561 - acc: 0.6624 - val_loss: 0.6464 - val_acc: 0.6624
Epoch 3/300
 - 18s - loss: 0.8454 - acc: 0.6632 - val_loss: 0.6426 - val_acc: 0.6550
Epoch 4/300
 - 19s - loss: 0.8385 - acc: 0.6628 - val_loss: 0.6357 - val_acc: 0.6461
Epoch 5/300
 - 19s - loss: 0.8328 - acc: 0.6654 - val_loss: 0.6312 - val_acc: 0.6480
Epoch 6/300
 - 18s - loss: 0.8298 - acc: 0.6651 - val_loss: 0.6182 - val_acc: 0.6616
Epoch 7/300
 - 17s - loss: 0.8270 - acc: 0.6663 - val_loss: 0.6167 - val_acc: 0.6622
Epoch 8/300
 - 19s - loss: 0.8254 - acc: 0.6660 - val_loss: 0.6265 - val_acc: 0.6568
Epoch 9/300
 - 21s - loss: 0.8227 - acc: 0.6655 - val_loss: 0.6273 - val_acc: 0.6633
Epoch 10/300
 - 18s - loss: 0.8209 - acc: 0.6666 - val_loss: 0.6255 - val_acc: 0.6582
Epoch 11/300
 - 19s - loss: 0.8206 - acc: 0.6666 - val_loss: 0.6188 - val_acc: 0.6692
Epoch 12/300
 - 19s - loss: 0.8205 - acc: 0.6676 - val_loss: 0.6186 - val_acc: 0.6603
Epoch 13/300
 - 19s - loss: 0.8182 - acc: 0.6675 - val_loss: 0.6265 - val_acc: 0.6608
Epoch 14/300
 - 18s - loss: 0.8170 - acc: 0.6685 - val_loss: 0.6170 - val_acc: 0.6591
Epoch 15/300
 - 18s - loss: 0.8170 - acc: 0.6668 - val_loss: 0.6072 - val_acc: 0.6704
Epoch 16/300
 - 19s - loss: 0.8158 - acc: 0.6700 - val_loss: 0.6177 - val_acc: 0.6565
Epoch 17/300
 - 19s - loss: 0.8152 - acc: 0.6691 - val_loss: 0.6073 - val_acc: 0.6631
Epoch 18/300
 - 18s - loss: 0.8140 - acc: 0.6699 - val_loss: 0.6128 - val_acc: 0.6613
Epoch 19/300
 - 19s - loss: 0.8154 - acc: 0.6683 - val_loss: 0.6388 - val_acc: 0.6456
Epoch 20/300
 - 20s - loss: 0.8140 - acc: 0.6679 - val_loss: 0.6173 - val_acc: 0.6571
Epoch 21/300
 - 19s - loss: 0.8138 - acc: 0.6689 - val_loss: 0.6058 - val_acc: 0.6760
Epoch 22/300
 - 20s - loss: 0.8141 - acc: 0.6697 - val_loss: 0.6075 - val_acc: 0.6728
Epoch 23/300
 - 19s - loss: 0.8137 - acc: 0.6708 - val_loss: 0.5988 - val_acc: 0.6797
Epoch 24/300
 - 19s - loss: 0.8131 - acc: 0.6700 - val_loss: 0.6146 - val_acc: 0.6596
Epoch 25/300
 - 18s - loss: 0.8132 - acc: 0.6694 - val_loss: 0.6139 - val_acc: 0.6714
Epoch 26/300
 - 20s - loss: 0.8133 - acc: 0.6698 - val_loss: 0.5939 - val_acc: 0.6824
Epoch 27/300
 - 19s - loss: 0.8120 - acc: 0.6702 - val_loss: 0.6102 - val_acc: 0.6727
Epoch 28/300
 - 20s - loss: 0.8126 - acc: 0.6708 - val_loss: 0.6183 - val_acc: 0.6621
Epoch 29/300
 - 19s - loss: 0.8135 - acc: 0.6691 - val_loss: 0.6170 - val_acc: 0.6572
Epoch 30/300
 - 19s - loss: 0.8115 - acc: 0.6704 - val_loss: 0.6180 - val_acc: 0.6612
Epoch 31/300
 - 19s - loss: 0.8119 - acc: 0.6710 - val_loss: 0.6070 - val_acc: 0.6664
Epoch 32/300
 - 20s - loss: 0.8124 - acc: 0.6712 - val_loss: 0.6179 - val_acc: 0.6638
Epoch 33/300
 - 18s - loss: 0.8124 - acc: 0.6713 - val_loss: 0.6107 - val_acc: 0.6672
Epoch 34/300
 - 19s - loss: 0.8109 - acc: 0.6706 - val_loss: 0.6161 - val_acc: 0.6574
Epoch 35/300
 - 19s - loss: 0.8107 - acc: 0.6704 - val_loss: 0.5982 - val_acc: 0.6728
Epoch 36/300
 - 18s - loss: 0.8109 - acc: 0.6708 - val_loss: 0.6096 - val_acc: 0.6636
Epoch 37/300
 - 19s - loss: 0.8108 - acc: 0.6707 - val_loss: 0.6356 - val_acc: 0.6514
Epoch 38/300
 - 19s - loss: 0.8110 - acc: 0.6712 - val_loss: 0.5938 - val_acc: 0.6809
Epoch 39/300
 - 19s - loss: 0.8116 - acc: 0.6709 - val_loss: 0.6059 - val_acc: 0.6716
Epoch 40/300
 - 21s - loss: 0.8105 - acc: 0.6726 - val_loss: 0.6189 - val_acc: 0.6605
Epoch 41/300
 - 19s - loss: 0.8111 - acc: 0.6736 - val_loss: 0.5965 - val_acc: 0.6799
Epoch 42/300
 - 19s - loss: 0.8106 - acc: 0.6723 - val_loss: 0.6100 - val_acc: 0.6727
Epoch 43/300
 - 20s - loss: 0.8116 - acc: 0.6708 - val_loss: 0.6243 - val_acc: 0.6510
Epoch 44/300
 - 21s - loss: 0.8114 - acc: 0.6723 - val_loss: 0.6191 - val_acc: 0.6545
Epoch 45/300
 - 21s - loss: 0.8096 - acc: 0.6732 - val_loss: 0.6058 - val_acc: 0.6726
Epoch 46/300
 - 19s - loss: 0.8101 - acc: 0.6729 - val_loss: 0.6208 - val_acc: 0.6606
Epoch 47/300
 - 19s - loss: 0.8113 - acc: 0.6715 - val_loss: 0.6170 - val_acc: 0.6581
Epoch 48/300
 - 19s - loss: 0.8092 - acc: 0.6737 - val_loss: 0.6020 - val_acc: 0.6722
Epoch 49/300
 - 20s - loss: 0.8109 - acc: 0.6725 - val_loss: 0.6067 - val_acc: 0.6654
Epoch 50/300
 - 20s - loss: 0.8097 - acc: 0.6729 - val_loss: 0.6237 - val_acc: 0.6553
Epoch 51/300
 - 19s - loss: 0.8112 - acc: 0.6699 - val_loss: 0.6203 - val_acc: 0.6594
Epoch 52/300
 - 19s - loss: 0.8092 - acc: 0.6714 - val_loss: 0.6143 - val_acc: 0.6607
Epoch 53/300
 - 19s - loss: 0.8102 - acc: 0.6712 - val_loss: 0.6115 - val_acc: 0.6717
Epoch 54/300
 - 17s - loss: 0.8089 - acc: 0.6721 - val_loss: 0.6183 - val_acc: 0.6612
Epoch 55/300
 - 19s - loss: 0.8094 - acc: 0.6727 - val_loss: 0.6178 - val_acc: 0.6588
Epoch 56/300
 - 20s - loss: 0.8095 - acc: 0.6721 - val_loss: 0.6272 - val_acc: 0.6567
Epoch 57/300
 - 18s - loss: 0.8097 - acc: 0.6726 - val_loss: 0.6128 - val_acc: 0.6659
Epoch 58/300
 - 19s - loss: 0.8091 - acc: 0.6716 - val_loss: 0.6066 - val_acc: 0.6740
Epoch 59/300
 - 19s - loss: 0.8090 - acc: 0.6719 - val_loss: 0.5999 - val_acc: 0.6806
Epoch 60/300
 - 19s - loss: 0.8092 - acc: 0.6730 - val_loss: 0.6230 - val_acc: 0.6518
Epoch 61/300
 - 19s - loss: 0.8097 - acc: 0.6723 - val_loss: 0.6090 - val_acc: 0.6678
Epoch 62/300
 - 21s - loss: 0.8091 - acc: 0.6736 - val_loss: 0.6069 - val_acc: 0.6679
Epoch 63/300
 - 19s - loss: 0.8089 - acc: 0.6732 - val_loss: 0.6000 - val_acc: 0.6783
Epoch 64/300
 - 20s - loss: 0.8094 - acc: 0.6740 - val_loss: 0.6140 - val_acc: 0.6635
Epoch 65/300
 - 20s - loss: 0.8087 - acc: 0.6736 - val_loss: 0.6184 - val_acc: 0.6606
Epoch 66/300
 - 20s - loss: 0.8092 - acc: 0.6746 - val_loss: 0.5959 - val_acc: 0.6774
Epoch 67/300
 - 20s - loss: 0.8103 - acc: 0.6743 - val_loss: 0.6142 - val_acc: 0.6695
Epoch 68/300
 - 20s - loss: 0.8097 - acc: 0.6724 - val_loss: 0.5967 - val_acc: 0.6772
Epoch 00068: early stopping
                         : Trained model written to file: muon2017__3__50__100__0.1/weights/TrainedModel_DNN.h5
                         : Elapsed time for training with 68449 events: 1.31e+03 sec         
                         : Creating xml weight file: [0;36mmuon2017__3__50__100__0.1/weights/muon2017__3__50__100__0.1_DNN.weights.xml[0m
                         : Creating standalone class: [0;36mmuon2017__3__50__100__0.1/weights/muon2017__3__50__100__0.1_DNN.class.C[0m
Factory                  : Training finished
                         : 
                         : Ranking input variables (method specific)...
                         : No variable ranking supplied by classifier: DNN
Factory                  : === Destroy and recreate all methods via weight files for testing ===
                         : 
Factory                  : [1mTest all methods[0m
Factory                  : Test method: DNN for Classification performance
                         : 
                         : Load model from file: muon2017__3__50__100__0.1/weights/TrainedModel_DNN.h5
Factory                  : [1mEvaluate all methods[0m
Factory                  : Evaluate classifier: DNN
                         : 
TFHandler_DNN            :                         Variable                                Mean                                RMS                        [        Min                                Max ]
                         : -----------------------------------------------------------------------------------------------------------------------------------------------------------------------------------
                         :                  bmuon_P_jetrest:                           0.12451                            1.0064   [                           -3.8005                            5.7307 ]
                         :                  bmuon_ptwrtbjet:                          0.097524                            1.0114   [                           -3.4112                            5.7307 ]
                         :                     bmuon_dR_l_j:                        -0.0039287                            1.0149   [                           -3.3316                            5.7307 ]
                         :                     bmuon_nsip3d:                         -0.013990                            1.0025   [                           -3.2346                            5.7307 ]
                         :                  bmuon_reltrkiso:                          -0.21896                            1.2104   [                           -3.2994                            5.7307 ]
                         :                     bmuon_reliso:                         -0.073811                            1.0389   [                           -3.1858                            5.7307 ]
                         :                  bmuon_palongjet:                          0.086636                            1.0033   [                           -3.4678                            5.7307 ]
                         :             bmuon_palongjetratio:                          0.068372                            1.0156   [                           -3.2674                            5.7307 ]
                         :                         bmuon_pt:                           0.12102                            1.0122   [                           -3.3239                            5.7307 ]
                         :                       bmuon_aeta:                         -0.013816                           0.99684   [                           -3.3095                            5.7307 ]
                         :                   bmuon_normchi2:                          0.012330                           0.99616   [                           -3.2727                            5.7307 ]
                         :               bmuon_ntracklayers:                         -0.021207                            1.0339   [                           -3.0927                            5.7307 ]
                         :                 bmuon_ntrackhits:                        -0.0050887                           0.99800   [                           -2.9785                            5.7307 ]
                         :             bmuon_nvalidmuonhits:                          -0.46207                            1.5522   [                           -3.8293                            5.7307 ]
                         :           bmuon_nmatchedstations:                          -0.72053                            1.2479   [                           -3.9440                            5.4200 ]
                         :                          bjet_pt:                          0.074381                            1.0231   [                           -3.2529                            5.7307 ]
                         :                        bjet_aeta:                         -0.015852                           0.99620   [                           -3.2497                            5.7307 ]
                         : bjet_ChargedHadronEnergyFraction:                         -0.027576                            1.0048   [                           -3.2747                            5.7307 ]
                         : bjet_NeutralHadronEnergyFraction:                          -0.80071                            1.6101   [                           -3.1844                            5.7307 ]
                         :     bjet_NeutralEmEnergyFraction:                         -0.030038                            1.0342   [                           -3.2743                            5.7307 ]
                         :     bjet_ChargedEmEnergyFraction:                           -2.3402                            1.0157   [                           -2.7292                            5.7307 ]
                         :          bjet_MuonEnergyFraction:                          -0.26139                            1.3835   [                           -3.2702                            5.7307 ]
                         :                fabs(bjet_charge):                          0.082419                            1.0122   [                           -3.2769                            5.7307 ]
                         :         bjet_ChargedMultiplicity:                         0.0048788                            1.0306   [                           -4.1995                            5.7307 ]
                         :         bjet_NeutralMultiplicity:                        -0.0022529                            1.0318   [                           -4.0013                            5.7307 ]
                         : -----------------------------------------------------------------------------------------------------------------------------------------------------------------------------------
DNN                      : [muon2017__3__50__100__0.1] : Loop over test events and fill histograms with classifier response...
                         : 
TFHandler_DNN            :                         Variable                                Mean                                RMS                        [        Min                                Max ]
                         : -----------------------------------------------------------------------------------------------------------------------------------------------------------------------------------
                         :                  bmuon_P_jetrest:                           0.12451                            1.0064   [                           -3.8005                            5.7307 ]
                         :                  bmuon_ptwrtbjet:                          0.097524                            1.0114   [                           -3.4112                            5.7307 ]
                         :                     bmuon_dR_l_j:                        -0.0039287                            1.0149   [                           -3.3316                            5.7307 ]
                         :                     bmuon_nsip3d:                         -0.013990                            1.0025   [                           -3.2346                            5.7307 ]
                         :                  bmuon_reltrkiso:                          -0.21896                            1.2104   [                           -3.2994                            5.7307 ]
                         :                     bmuon_reliso:                         -0.073811                            1.0389   [                           -3.1858                            5.7307 ]
                         :                  bmuon_palongjet:                          0.086636                            1.0033   [                           -3.4678                            5.7307 ]
                         :             bmuon_palongjetratio:                          0.068372                            1.0156   [                           -3.2674                            5.7307 ]
                         :                         bmuon_pt:                           0.12102                            1.0122   [                           -3.3239                            5.7307 ]
                         :                       bmuon_aeta:                         -0.013816                           0.99684   [                           -3.3095                            5.7307 ]
                         :                   bmuon_normchi2:                          0.012330                           0.99616   [                           -3.2727                            5.7307 ]
                         :               bmuon_ntracklayers:                         -0.021207                            1.0339   [                           -3.0927                            5.7307 ]
                         :                 bmuon_ntrackhits:                        -0.0050887                           0.99800   [                           -2.9785                            5.7307 ]
                         :             bmuon_nvalidmuonhits:                          -0.46207                            1.5522   [                           -3.8293                            5.7307 ]
                         :           bmuon_nmatchedstations:                          -0.72053                            1.2479   [                           -3.9440                            5.4200 ]
                         :                          bjet_pt:                          0.074381                            1.0231   [                           -3.2529                            5.7307 ]
                         :                        bjet_aeta:                         -0.015852                           0.99620   [                           -3.2497                            5.7307 ]
                         : bjet_ChargedHadronEnergyFraction:                         -0.027576                            1.0048   [                           -3.2747                            5.7307 ]
                         : bjet_NeutralHadronEnergyFraction:                          -0.80071                            1.6101   [                           -3.1844                            5.7307 ]
                         :     bjet_NeutralEmEnergyFraction:                         -0.030038                            1.0342   [                           -3.2743                            5.7307 ]
                         :     bjet_ChargedEmEnergyFraction:                           -2.3402                            1.0157   [                           -2.7292                            5.7307 ]
                         :          bjet_MuonEnergyFraction:                          -0.26139                            1.3835   [                           -3.2702                            5.7307 ]
                         :                fabs(bjet_charge):                          0.082419                            1.0122   [                           -3.2769                            5.7307 ]
                         :         bjet_ChargedMultiplicity:                         0.0048788                            1.0306   [                           -4.1995                            5.7307 ]
                         :         bjet_NeutralMultiplicity:                        -0.0022529                            1.0318   [                           -4.0013                            5.7307 ]
                         : -----------------------------------------------------------------------------------------------------------------------------------------------------------------------------------
                         : [32m
                         : <PlotVariables> Will not produce scatter plots ==> 
                         : |  The number of 25 input variables and 0 target values would require 300 two-dimensional
                         : |  histograms, which would occupy the computer's memory. Note that this
                         : |  suppression does not have any consequences for your analysis, other
                         : |  than not disposing of these scatter plots. You can modify the maximum
                         : |  number of input variables allowed to generate scatter plots in your
                         : |  script via the command line:
                         : |  "(TMVA::gConfig().GetVariablePlotting()).fMaxNumOfAllowedVariablesForScatterPlots = <some int>;"[0m
                         : 
                         : Some more output
                         : 
                         : Evaluation results ranked by best signal efficiency and purity (area)
                         : -------------------------------------------------------------------------------------------------------------------
                         : DataSet       MVA                       
                         : Name:         Method:          ROC-integ
                         : muon2017__3__50__100__0.1 DNN            : 0.744
                         : -------------------------------------------------------------------------------------------------------------------
                         : 
                         : Testing efficiency compared to training efficiency (overtraining check)
                         : -------------------------------------------------------------------------------------------------------------------
                         : DataSet              MVA              Signal efficiency: from test sample (from training sample) 
                         : Name:                Method:          @B=0.01             @B=0.10            @B=0.30   
                         : -------------------------------------------------------------------------------------------------------------------
                         : muon2017__3__50__100__0.1 DNN            : 0.094 (0.088)       0.395 (0.393)      0.668 (0.668)
                         : -------------------------------------------------------------------------------------------------------------------
                         : 
Dataset:muon2017__3__5...: Created tree 'TestTree' with 97946 events
                         : 
Dataset:muon2017__3__5...: Created tree 'TrainTree' with 68449 events
                         : 
Factory                  : [1mThank you for using TMVA![0m
                         : [1mFor citation information, please visit: http://tmva.sf.net/citeTMVA.html[0m
ref.cut= DNN 0.481680644791
myerr=0
[ntry=1]
