<sig cut>= (belectron_charge*bjet_partonFlavour < 0)&&(Has_bElectron)
<bkg cut>= (belectron_charge*bjet_partonFlavour > 0)&&(Has_bElectron)
_________________________________________________________________
Layer (type)                 Output Shape              Param #   
=================================================================
dense_1 (Dense)              (None, 128)               3328      
_________________________________________________________________
batch_normalization_1 (Batch (None, 128)               512       
_________________________________________________________________
activation_1 (Activation)    (None, 128)               0         
_________________________________________________________________
dropout_1 (Dropout)          (None, 128)               0         
_________________________________________________________________
dense_2 (Dense)              (None, 128)               16512     
_________________________________________________________________
batch_normalization_2 (Batch (None, 128)               512       
_________________________________________________________________
activation_2 (Activation)    (None, 128)               0         
_________________________________________________________________
dropout_2 (Dropout)          (None, 128)               0         
_________________________________________________________________
dense_3 (Dense)              (None, 128)               16512     
_________________________________________________________________
batch_normalization_3 (Batch (None, 128)               512       
_________________________________________________________________
activation_3 (Activation)    (None, 128)               0         
_________________________________________________________________
dropout_3 (Dropout)          (None, 128)               0         
_________________________________________________________________
dense_4 (Dense)              (None, 128)               16512     
_________________________________________________________________
batch_normalization_4 (Batch (None, 128)               512       
_________________________________________________________________
activation_4 (Activation)    (None, 128)               0         
_________________________________________________________________
dropout_4 (Dropout)          (None, 128)               0         
_________________________________________________________________
dense_5 (Dense)              (None, 128)               16512     
_________________________________________________________________
batch_normalization_5 (Batch (None, 128)               512       
_________________________________________________________________
activation_5 (Activation)    (None, 128)               0         
_________________________________________________________________
dropout_5 (Dropout)          (None, 128)               0         
_________________________________________________________________
dense_6 (Dense)              (None, 2)                 258       
_________________________________________________________________
activation_6 (Activation)    (None, 2)                 0         
=================================================================
Total params: 72,194
Trainable params: 70,914
Non-trainable params: 1,280
_________________________________________________________________
---sig_test---
<self.testtree_sig> OutTree/sig
/data6/Users/jhchoi/TMVA/TMVA_TOOL/inputs/EEMu_MuMuE_Method/v2405.4/2017/EEMu_MuMuE_Method_DYJetsToEE_MiNNLO.root
/data6/Users/jhchoi/TMVA/TMVA_TOOL/inputs/EEMu_MuMuE_Method/v2405.4/2017/EEMu_MuMuE_Method_DYJetsToMuMu_MiNNLO.root
--bkg_test---
<self.testtree_bkg> OutTree/bkg
/data6/Users/jhchoi/TMVA/TMVA_TOOL/inputs/EEMu_MuMuE_Method/v2405.4/2017/EEMu_MuMuE_Method_DYJetsToEE_MiNNLO.root
/data6/Users/jhchoi/TMVA/TMVA_TOOL/inputs/EEMu_MuMuE_Method/v2405.4/2017/EEMu_MuMuE_Method_DYJetsToMuMu_MiNNLO.root
---sig_train---
<self.traintree_sig> OutTree/sig
/data6/Users/jhchoi/TMVA/TMVA_TOOL/inputs/EEMu_MuMuE_Method/v2405.4/2017/EEMu_MuMuE_Method_DYJets.root
---bkg_train---
<self.traintree_bkg> OutTree/bkg
/data6/Users/jhchoi/TMVA/TMVA_TOOL/inputs/EEMu_MuMuE_Method/v2405.4/2017/EEMu_MuMuE_Method_DYJets.root
DataSetInfo              : [electron2017__5__64__500__0.2] : Added class "Signal"
                         : Add Tree OutTree/sig of type Signal with 903237 events
                         : Add Tree OutTree/sig of type Signal with 1201756 events
DataSetInfo              : [electron2017__5__64__500__0.2] : Added class "Background"
                         : Add Tree OutTree/bkg of type Background with 594513 events
                         : Add Tree OutTree/bkg of type Background with 789045 events
>>>>self.dataloader.PrepareTrainingAndTestTree
Set sig cut -> (belectron_charge*bjet_partonFlavour < 0)&&(Has_bElectron)
Set bkg cut -> (belectron_charge*bjet_partonFlavour > 0)&&(Has_bElectron)
Factory                  : Booking method: [1mDNN[0m
                         : 
DNN                      : [electron2017__5__64__500__0.2] : Create Transformation "G" with events from all classes.
                         : 
                         : Transformation, Variable selection : 
                         : Input : variable 'belectron_P_jetrest' <---> Output : variable 'belectron_P_jetrest'
                         : Input : variable 'belectron_ptwrtbjet' <---> Output : variable 'belectron_ptwrtbjet'
                         : Input : variable 'belectron_dR_l_j' <---> Output : variable 'belectron_dR_l_j'
                         : Input : variable 'belectron_nsip3d' <---> Output : variable 'belectron_nsip3d'
                         : Input : variable 'belectron_reltrkiso' <---> Output : variable 'belectron_reltrkiso'
                         : Input : variable 'belectron_reliso' <---> Output : variable 'belectron_reliso'
                         : Input : variable 'belectron_palongjet' <---> Output : variable 'belectron_palongjet'
                         : Input : variable 'belectron_palongjetratio' <---> Output : variable 'belectron_palongjetratio'
                         : Input : variable 'belectron_pt' <---> Output : variable 'belectron_pt'
                         : Input : variable 'belectron_aeta' <---> Output : variable 'belectron_aeta'
                         : Input : variable 'belectron_full5x5sigmaietaieta' <---> Output : variable 'belectron_full5x5sigmaietaieta'
                         : Input : variable 'fabs(belectron_detaseed)' <---> Output : variable 'fabs(belectron_detaseed)'
                         : Input : variable 'belectron_HoverE' <---> Output : variable 'belectron_HoverE'
                         : Input : variable 'belectron_InvEminusInvP' <---> Output : variable 'belectron_InvEminusInvP'
                         : Input : variable 'bjet_charge*belectron_charge' <---> Output : variable 'bjet_charge*belectron_charge'
                         : Input : variable 'bjet_pt' <---> Output : variable 'bjet_pt'
                         : Input : variable 'bjet_aeta' <---> Output : variable 'bjet_aeta'
                         : Input : variable 'bjet_ChargedHadronEnergyFraction' <---> Output : variable 'bjet_ChargedHadronEnergyFraction'
                         : Input : variable 'bjet_NeutralHadronEnergyFraction' <---> Output : variable 'bjet_NeutralHadronEnergyFraction'
                         : Input : variable 'bjet_NeutralEmEnergyFraction' <---> Output : variable 'bjet_NeutralEmEnergyFraction'
                         : Input : variable 'bjet_ChargedEmEnergyFraction' <---> Output : variable 'bjet_ChargedEmEnergyFraction'
                         : Input : variable 'bjet_MuonEnergyFraction' <---> Output : variable 'bjet_MuonEnergyFraction'
                         : Input : variable 'fabs(bjet_charge)' <---> Output : variable 'fabs(bjet_charge)'
                         : Input : variable 'bjet_ChargedMultiplicity' <---> Output : variable 'bjet_ChargedMultiplicity'
                         : Input : variable 'bjet_NeutralMultiplicity' <---> Output : variable 'bjet_NeutralMultiplicity'
                         : Load model from file: model.h5
Factory                  : [1mTrain all methods[0m
DataSetFactory           : [electron2017__5__64__500__0.2] : Number of events in input trees
                         : Dataset[electron2017__5__64__500__0.2] :     Signal     requirement: "(belectron_charge*bjet_partonFlavour < 0)&&(Has_bElectron)"
                         : Dataset[electron2017__5__64__500__0.2] :     Signal          -- number of events passed: 93487  / sum of weights: 93487
                         : Dataset[electron2017__5__64__500__0.2] :     Signal          -- efficiency             : 0.044412
                         : Dataset[electron2017__5__64__500__0.2] :     Background requirement: "(belectron_charge*bjet_partonFlavour > 0)&&(Has_bElectron)"
                         : Dataset[electron2017__5__64__500__0.2] :     Background      -- number of events passed: 53888  / sum of weights: 53888
                         : Dataset[electron2017__5__64__500__0.2] :     Background      -- efficiency             : 0.0389489
                         : Dataset[electron2017__5__64__500__0.2] :  you have opted for interpreting the requested number of training/testing events
                         :  to be the number of events AFTER your preselection cuts
                         : 
                         : Dataset[electron2017__5__64__500__0.2] :  you have opted for interpreting the requested number of training/testing events
                         :  to be the number of events AFTER your preselection cuts
                         : 
                         : Dataset[electron2017__5__64__500__0.2] : Weight renormalisation mode: "EqualNumEvents": renormalises all event classes ...
                         : Dataset[electron2017__5__64__500__0.2] :  such that the effective (weighted) number of events in each class is the same 
                         : Dataset[electron2017__5__64__500__0.2] :  (and equals the number of events (entries) given for class=0 )
                         : Dataset[electron2017__5__64__500__0.2] : ... i.e. such that Sum[i=1..N_j]{w_i} = N_classA, j=classA, classB, ...
                         : Dataset[electron2017__5__64__500__0.2] : ... (note that N_j is the sum of TRAINING events
                         : Dataset[electron2017__5__64__500__0.2] :  ..... Testing events are not renormalised nor included in the renormalisation factor!)
                         : Number of training and testing events
                         : ---------------------------------------------------------------------------
                         : Signal     -- training events            : 49656
                         : Signal     -- testing events             : 43831
                         : Signal     -- training and testing events: 93487
                         : Dataset[electron2017__5__64__500__0.2] : Signal     -- due to the preselection a scaling factor has been applied to the numbers of requested events: 0.044412
                         : Background -- training events            : 28341
                         : Background -- testing events             : 25547
                         : Background -- training and testing events: 53888
                         : Dataset[electron2017__5__64__500__0.2] : Background -- due to the preselection a scaling factor has been applied to the numbers of requested events: 0.0389489
                         : 
DataSetInfo              : Correlation matrix (Signal):
                         : -------------------------------------------------------------------------------------------------------------------------------------------------------------------------------------------------------------------------------------------------------------------------------------------------------------------------------------------------------------------------------------------------------------------------------------------------------------------------------------------------------------------------------------------------------------------------------------------------
                         :                                   belectron_P_jetrest belectron_ptwrtbjet belectron_dR_l_j belectron_nsip3d belectron_reltrkiso belectron_reliso belectron_palongjet belectron_palongjetratio belectron_pt belectron_aeta belectron_full5x5sigmaietaieta fabs(belectron_detaseed) belectron_HoverE belectron_InvEminusInvP bjet_charge*belectron_charge bjet_pt bjet_aeta bjet_ChargedHadronEnergyFraction bjet_NeutralHadronEnergyFraction bjet_NeutralEmEnergyFraction bjet_ChargedEmEnergyFraction bjet_MuonEnergyFraction fabs(bjet_charge) bjet_ChargedMultiplicity bjet_NeutralMultiplicity
                         :              belectron_P_jetrest:              +1.000              +0.731           +0.015           +0.012              -0.353           -0.428              +0.625                   +0.535       +0.790         +0.001                         -0.043                   -0.048           -0.147                  -0.148                       +0.210  +0.533    +0.042                           -0.241                           -0.038                       -0.066                       +0.282                  +0.032            +0.209                   +0.108                   +0.035
                         :              belectron_ptwrtbjet:              +0.731              +1.000           +0.505           +0.045              -0.183           -0.213              +0.252                   +0.124       +0.311         +0.001                         -0.041                   -0.036           -0.095                  -0.070                       +0.055  +0.313    +0.022                           -0.107                           -0.001                       -0.035                       +0.077                  +0.120            +0.074                   +0.076                   +0.006
                         :                 belectron_dR_l_j:              +0.015              +0.505           +1.000           +0.092              +0.111           +0.160              -0.279                   -0.448       -0.376         +0.003                         +0.005                   -0.009           -0.026                  +0.058                       -0.175  -0.160    +0.017                           +0.121                           +0.055                       +0.006                       -0.218                  +0.167            -0.125                   +0.069                   -0.015
                         :                 belectron_nsip3d:              +0.012              +0.045           +0.092           +1.000              -0.044           +0.001              -0.023                   -0.034       -0.033         -0.003                         +0.002                   +0.014           +0.001                  +0.053                       -0.019  -0.019    -0.007                           +0.001                           +0.007                       +0.026                       -0.025                  +0.006            -0.022                   +0.008                   +0.016
                         :              belectron_reltrkiso:              -0.353              -0.183           +0.111           -0.044              +1.000           +0.656              -0.246                   -0.561       -0.294         -0.001                         +0.069                   +0.102           +0.359                  +0.179                       -0.297  +0.163    -0.068                           +0.386                           -0.043                       -0.099                       -0.361                  +0.187            -0.225                   +0.255                   +0.069
                         :                 belectron_reliso:              -0.428              -0.213           +0.160           +0.001              +0.656           +1.000              -0.340                   -0.688       -0.358         -0.002                         -0.027                   +0.065           +0.393                  +0.268                       -0.308  +0.194    -0.170                           +0.277                           +0.122                       +0.196                       -0.431                  -0.073            -0.276                   +0.216                   +0.268
                         :              belectron_palongjet:              +0.625              +0.252           -0.279           -0.023              -0.246           -0.340              +1.000                   +0.487       +0.736         +0.011                         +0.345                   +0.090           -0.043                  -0.169                       +0.143  +0.436    +0.478                           -0.169                           +0.007                       -0.090                       +0.239                  -0.038            +0.137                   +0.058                   -0.179
                         :         belectron_palongjetratio:              +0.535              +0.124           -0.448           -0.034              -0.561           -0.688              +0.487                   +1.000       +0.613         -0.006                         -0.098                   -0.117           -0.278                  -0.236                       +0.421  -0.049    +0.031                           -0.439                           -0.127                       -0.199                       +0.681                  -0.139            +0.384                   -0.310                   -0.251
                         :                     belectron_pt:              +0.790              +0.311           -0.376           -0.033              -0.294           -0.358              +0.736                   +0.613       +1.000         +0.003                         -0.055                   -0.048           -0.079                  -0.142                       +0.237  +0.644    +0.002                           -0.227                           -0.063                       -0.020                       +0.285                  -0.054            +0.228                   -0.002                   +0.021
                         :                   belectron_aeta:              +0.001              +0.001           +0.003           -0.003              -0.001           -0.002              +0.011                   -0.006       +0.003         +1.000                         +0.015                   +0.022           -0.003                  +0.004                       -0.006  +0.005    +0.010                           -0.005                           +0.017                       -0.001                       -0.005                  +0.005            -0.000                   -0.013                   -0.005
                         :   belectron_full5x5sigmaietaieta:              -0.043              -0.041           +0.005           +0.002              +0.069           -0.027              +0.345                   -0.098       -0.055         +0.015                         +1.000                   +0.335           +0.111                  -0.026                       -0.114  -0.002    +0.716                           +0.140                           +0.080                       -0.071                       -0.124                  +0.006            -0.117                   +0.204                   -0.306
                         :         fabs(belectron_detaseed):              -0.048              -0.036           -0.009           +0.014              +0.102           +0.065              +0.090                   -0.117       -0.048         +0.022                         +0.335                   +1.000           +0.074                  +0.251                       -0.133  +0.032    +0.255                           +0.111                           +0.051                       +0.084                       -0.193                  +0.008            -0.121                   +0.139                   +0.007
                         :                 belectron_HoverE:              -0.147              -0.095           -0.026           +0.001              +0.359           +0.393              -0.043                   -0.278       -0.079         -0.003                         +0.111                   +0.074           +1.000                  +0.097                       -0.101  +0.233    +0.059                           +0.085                           +0.272                       -0.102                       -0.129                  -0.014            -0.076                   +0.106                   +0.046
                         :          belectron_InvEminusInvP:              -0.148              -0.070           +0.058           +0.053              +0.179           +0.268              -0.169                   -0.236       -0.142         +0.004                         -0.026                   +0.251           +0.097                  +1.000                       -0.215  +0.012    -0.165                           +0.143                           -0.012                       +0.264                       -0.323                  +0.011            -0.181                   +0.115                   +0.176
                         :     bjet_charge*belectron_charge:              +0.210              +0.055           -0.175           -0.019              -0.297           -0.308              +0.143                   +0.421       +0.237         -0.006                         -0.114                   -0.133           -0.101                  -0.215                       +1.000  -0.037    -0.037                           -0.249                           -0.017                       -0.063                       +0.327                  -0.084            +0.774                   -0.221                   -0.087
                         :                          bjet_pt:              +0.533              +0.313           -0.160           -0.019              +0.163           +0.194              +0.436                   -0.049       +0.644         +0.005                         -0.002                   +0.032           +0.233                  +0.012                       -0.037  +1.000    -0.047                           +0.024                           +0.024                       +0.115                       -0.151                  +0.083            -0.001                   +0.316                   +0.292
                         :                        bjet_aeta:              +0.042              +0.022           +0.017           -0.007              -0.068           -0.170              +0.478                   +0.031       +0.002         +0.010                         +0.716                   +0.255           +0.059                  -0.165                       -0.037  -0.047    +1.000                           +0.009                           +0.121                       -0.167                       +0.046                  +0.017            -0.031                   +0.063                   -0.253
                         : bjet_ChargedHadronEnergyFraction:              -0.241              -0.107           +0.121           +0.001              +0.386           +0.277              -0.169                   -0.439       -0.227         -0.005                         +0.140                   +0.111           +0.085                  +0.143                       -0.249  +0.024    +0.009                           +1.000                           -0.335                       -0.076                       -0.660                  -0.215            -0.300                   +0.399                   -0.024
                         : bjet_NeutralHadronEnergyFraction:              -0.038              -0.001           +0.055           +0.007              -0.043           +0.122              +0.007                   -0.127       -0.063         +0.017                         +0.080                   +0.051           +0.272                  -0.012                       -0.017  +0.024    +0.121                           -0.335                           +1.000                       -0.198                       +0.031                  -0.079            -0.016                   -0.121                   +0.078
                         :     bjet_NeutralEmEnergyFraction:              -0.066              -0.035           +0.006           +0.026              -0.099           +0.196              -0.090                   -0.199       -0.020         -0.001                         -0.071                   +0.084           -0.102                  +0.264                       -0.063  +0.115    -0.167                           -0.076                           -0.198                       +1.000                       -0.483                  -0.136            -0.099                   -0.029                   +0.463
                         :     bjet_ChargedEmEnergyFraction:              +0.282              +0.077           -0.218           -0.025              -0.361           -0.431              +0.239                   +0.681       +0.285         -0.005                         -0.124                   -0.193           -0.129                  -0.323                       +0.327  -0.151    +0.046                           -0.660                           +0.031                       -0.483                       +1.000                  -0.088            +0.320                   -0.294                   -0.307
                         :          bjet_MuonEnergyFraction:              +0.032              +0.120           +0.167           +0.006              +0.187           -0.073              -0.038                   -0.139       -0.054         +0.005                         +0.006                   +0.008           -0.014                  +0.011                       -0.084  +0.083    +0.017                           -0.215                           -0.079                       -0.136                       -0.088                  +1.000            +0.105                   -0.029                   -0.079
                         :                fabs(bjet_charge):              +0.209              +0.074           -0.125           -0.022              -0.225           -0.276              +0.137                   +0.384       +0.228         -0.000                         -0.117                   -0.121           -0.076                  -0.181                       +0.774  -0.001    -0.031                           -0.300                           -0.016                       -0.099                       +0.320                  +0.105            +1.000                   -0.277                   -0.115
                         :         bjet_ChargedMultiplicity:              +0.108              +0.076           +0.069           +0.008              +0.255           +0.216              +0.058                   -0.310       -0.002         -0.013                         +0.204                   +0.139           +0.106                  +0.115                       -0.221  +0.316    +0.063                           +0.399                           -0.121                       -0.029                       -0.294                  -0.029            -0.277                   +1.000                   +0.139
                         :         bjet_NeutralMultiplicity:              +0.035              +0.006           -0.015           +0.016              +0.069           +0.268              -0.179                   -0.251       +0.021         -0.005                         -0.306                   +0.007           +0.046                  +0.176                       -0.087  +0.292    -0.253                           -0.024                           +0.078                       +0.463                       -0.307                  -0.079            -0.115                   +0.139                   +1.000
                         : -------------------------------------------------------------------------------------------------------------------------------------------------------------------------------------------------------------------------------------------------------------------------------------------------------------------------------------------------------------------------------------------------------------------------------------------------------------------------------------------------------------------------------------------------------------------------------------------------
DataSetInfo              : Correlation matrix (Background):
                         : -------------------------------------------------------------------------------------------------------------------------------------------------------------------------------------------------------------------------------------------------------------------------------------------------------------------------------------------------------------------------------------------------------------------------------------------------------------------------------------------------------------------------------------------------------------------------------------------------
                         :                                   belectron_P_jetrest belectron_ptwrtbjet belectron_dR_l_j belectron_nsip3d belectron_reltrkiso belectron_reliso belectron_palongjet belectron_palongjetratio belectron_pt belectron_aeta belectron_full5x5sigmaietaieta fabs(belectron_detaseed) belectron_HoverE belectron_InvEminusInvP bjet_charge*belectron_charge bjet_pt bjet_aeta bjet_ChargedHadronEnergyFraction bjet_NeutralHadronEnergyFraction bjet_NeutralEmEnergyFraction bjet_ChargedEmEnergyFraction bjet_MuonEnergyFraction fabs(bjet_charge) bjet_ChargedMultiplicity bjet_NeutralMultiplicity
                         :              belectron_P_jetrest:              +1.000              +0.767           +0.101           +0.025              -0.359           -0.422              +0.656                   +0.569       +0.806         +0.003                         +0.019                   +0.054           -0.134                  -0.043                       +0.180  +0.511    +0.079                           -0.203                           -0.018                       +0.026                       +0.221                  +0.005            +0.107                   +0.134                   +0.067
                         :              belectron_ptwrtbjet:              +0.767              +1.000           +0.548           +0.064              -0.215           -0.237              +0.308                   +0.203       +0.365         +0.006                         +0.011                   +0.065           -0.101                  +0.022                       +0.061  +0.320    +0.063                           -0.124                           -0.008                       +0.014                       +0.081                  +0.091            +0.070                   +0.098                   +0.032
                         :                 belectron_dR_l_j:              +0.101              +0.548           +1.000           +0.135              +0.051           +0.093              -0.225                   -0.359       -0.314         +0.006                         +0.016                   +0.034           -0.052                  +0.080                       -0.094  -0.126    +0.045                           +0.054                           +0.015                       -0.020                       -0.150                  +0.157            +0.004                   +0.077                   -0.014
                         :                 belectron_nsip3d:              +0.025              +0.064           +0.135           +1.000              -0.075           -0.015              -0.030                   -0.028       -0.034         +0.006                         -0.013                   +0.007           -0.014                  +0.053                       -0.001  -0.025    -0.017                           -0.012                           -0.008                       +0.046                       -0.021                  +0.001            -0.009                   -0.006                   +0.031
                         :              belectron_reltrkiso:              -0.359              -0.215           +0.051           -0.075              +1.000           +0.614              -0.257                   -0.545       -0.292         -0.005                         +0.010                   +0.011           +0.288                  +0.078                       -0.323  +0.164    -0.088                           +0.320                           -0.082                       -0.193                       -0.277                  +0.199            -0.032                   +0.227                   +0.025
                         :                 belectron_reliso:              -0.422              -0.237           +0.093           -0.015              +0.614           +1.000              -0.354                   -0.669       -0.353         -0.001                         -0.099                   -0.027           +0.363                  +0.172                       -0.257  +0.207    -0.196                           +0.207                           +0.111                       +0.106                       -0.322                  -0.125            -0.105                   +0.197                   +0.246
                         :              belectron_palongjet:              +0.656              +0.308           -0.225           -0.030              -0.257           -0.354              +1.000                   +0.546       +0.750         +0.014                         +0.379                   +0.145           -0.031                  -0.147                       +0.119  +0.395    +0.487                           -0.154                           +0.032                       -0.038                       +0.221                  -0.047            +0.073                   +0.068                   -0.167
                         :         belectron_palongjetratio:              +0.569              +0.203           -0.359           -0.028              -0.545           -0.669              +0.546                   +1.000       +0.640         +0.001                         -0.005                   -0.014           -0.252                  -0.126                       +0.347  -0.055    +0.075                           -0.324                           -0.065                       -0.071                       +0.553                  -0.125            +0.167                   -0.265                   -0.213
                         :                     belectron_pt:              +0.806              +0.365           -0.314           -0.034              -0.292           -0.353              +0.750                   +0.640       +1.000         +0.004                         -0.016                   +0.001           -0.066                  -0.081                       +0.172  +0.603    +0.022                           -0.196                           -0.032                       +0.055                       +0.236                  -0.059            +0.103                   +0.022                   +0.048
                         :                   belectron_aeta:              +0.003              +0.006           +0.006           +0.006              -0.005           -0.001              +0.014                   +0.001       +0.004         +1.000                         +0.027                   +0.010           +0.008                  -0.003                       +0.000  -0.001    +0.018                           -0.017                           +0.018                       +0.004                       +0.006                  -0.001            +0.010                   -0.010                   -0.013
                         :   belectron_full5x5sigmaietaieta:              +0.019              +0.011           +0.016           -0.013              +0.010           -0.099              +0.379                   -0.005       -0.016         +0.027                         +1.000                   +0.313           +0.089                  -0.096                       -0.032  -0.021    +0.725                           +0.094                           +0.071                       -0.117                       -0.042                  -0.014            -0.037                   +0.173                   -0.345
                         :         fabs(belectron_detaseed):              +0.054              +0.065           +0.034           +0.007              +0.011           -0.027              +0.145                   -0.014       +0.001         +0.010                         +0.313                   +1.000           +0.041                  +0.255                       -0.060  +0.026    +0.279                           +0.060                           +0.029                       +0.030                       -0.098                  -0.025            -0.037                   +0.116                   -0.037
                         :                 belectron_HoverE:              -0.134              -0.101           -0.052           -0.014              +0.288           +0.363              -0.031                   -0.252       -0.066         +0.008                         +0.089                   +0.041           +1.000                  +0.045                       -0.093  +0.237    +0.070                           +0.019                           +0.306                       -0.156                       -0.051                  -0.035            -0.002                   +0.077                   +0.009
                         :          belectron_InvEminusInvP:              -0.043              +0.022           +0.080           +0.053              +0.078           +0.172              -0.147                   -0.126       -0.081         -0.003                         -0.096                   +0.255           +0.045                  +1.000                       -0.146  +0.013    -0.203                           +0.058                           -0.032                       +0.218                       -0.222                  -0.023            -0.055                   +0.080                   +0.144
                         :     bjet_charge*belectron_charge:              +0.180              +0.061           -0.094           -0.001              -0.323           -0.257              +0.119                   +0.347       +0.172         +0.000                         -0.032                   -0.060           -0.093                  -0.146                       +1.000  -0.073    -0.002                           -0.131                           +0.012                       +0.044                       +0.216                  -0.177            +0.239                   -0.060                   -0.011
                         :                          bjet_pt:              +0.511              +0.320           -0.126           -0.025              +0.164           +0.207              +0.395                   -0.055       +0.603         -0.001                         -0.021                   +0.026           +0.237                  +0.013                       -0.073  +1.000    -0.052                           -0.016                           +0.029                       +0.109                       -0.132                  +0.063            +0.030                   +0.335                   +0.317
                         :                        bjet_aeta:              +0.079              +0.063           +0.045           -0.017              -0.088           -0.196              +0.487                   +0.075       +0.022         +0.018                         +0.725                   +0.279           +0.070                  -0.203                       -0.002  -0.052    +1.000                           +0.000                           +0.121                       -0.170                       +0.070                  +0.006            +0.011                   +0.055                   -0.265
                         : bjet_ChargedHadronEnergyFraction:              -0.203              -0.124           +0.054           -0.012              +0.320           +0.207              -0.154                   -0.324       -0.196         -0.017                         +0.094                   +0.060           +0.019                  +0.058                       -0.131  -0.016    +0.000                           +1.000                           -0.406                       -0.164                       -0.594                  -0.300            -0.208                   +0.373                   -0.078
                         : bjet_NeutralHadronEnergyFraction:              -0.018              -0.008           +0.015           -0.008              -0.082           +0.111              +0.032                   -0.065       -0.032         +0.018                         +0.071                   +0.029           +0.306                  -0.032                       +0.012  +0.029    +0.121                           -0.406                           +1.000                       -0.235                       +0.131                  -0.095            +0.006                   -0.154                   +0.056
                         :     bjet_NeutralEmEnergyFraction:              +0.026              +0.014           -0.020           +0.046              -0.193           +0.106              -0.038                   -0.071       +0.055         +0.004                         -0.117                   +0.030           -0.156                  +0.218                       +0.044  +0.109    -0.170                           -0.164                           -0.235                       +1.000                       -0.417                  -0.183            -0.069                   -0.054                   +0.450
                         :     bjet_ChargedEmEnergyFraction:              +0.221              +0.081           -0.150           -0.021              -0.277           -0.322              +0.221                   +0.553       +0.236         +0.006                         -0.042                   -0.098           -0.051                  -0.222                       +0.216  -0.132    +0.070                           -0.594                           +0.131                       -0.417                       +1.000                  -0.048            +0.162                   -0.254                   -0.266
                         :          bjet_MuonEnergyFraction:              +0.005              +0.091           +0.157           +0.001              +0.199           -0.125              -0.047                   -0.125       -0.059         -0.001                         -0.014                   -0.025           -0.035                  -0.023                       -0.177  +0.063    +0.006                           -0.300                           -0.095                       -0.183                       -0.048                  +1.000            +0.222                   -0.065                   -0.105
                         :                fabs(bjet_charge):              +0.107              +0.070           +0.004           -0.009              -0.032           -0.105              +0.073                   +0.167       +0.103         +0.010                         -0.037                   -0.037           -0.002                  -0.055                       +0.239  +0.030    +0.011                           -0.208                           +0.006                       -0.069                       +0.162                  +0.222            +1.000                   -0.185                   -0.071
                         :         bjet_ChargedMultiplicity:              +0.134              +0.098           +0.077           -0.006              +0.227           +0.197              +0.068                   -0.265       +0.022         -0.010                         +0.173                   +0.116           +0.077                  +0.080                       -0.060  +0.335    +0.055                           +0.373                           -0.154                       -0.054                       -0.254                  -0.065            -0.185                   +1.000                   +0.131
                         :         bjet_NeutralMultiplicity:              +0.067              +0.032           -0.014           +0.031              +0.025           +0.246              -0.167                   -0.213       +0.048         -0.013                         -0.345                   -0.037           +0.009                  +0.144                       -0.011  +0.317    -0.265                           -0.078                           +0.056                       +0.450                       -0.266                  -0.105            -0.071                   +0.131                   +1.000
                         : -------------------------------------------------------------------------------------------------------------------------------------------------------------------------------------------------------------------------------------------------------------------------------------------------------------------------------------------------------------------------------------------------------------------------------------------------------------------------------------------------------------------------------------------------------------------------------------------------
DataSetFactory           : [electron2017__5__64__500__0.2] :  
                         : 
Factory                  : [electron2017__5__64__500__0.2] : Create Transformation "I" with events from all classes.
                         : 
                         : Transformation, Variable selection : 
                         : Input : variable 'belectron_P_jetrest' <---> Output : variable 'belectron_P_jetrest'
                         : Input : variable 'belectron_ptwrtbjet' <---> Output : variable 'belectron_ptwrtbjet'
                         : Input : variable 'belectron_dR_l_j' <---> Output : variable 'belectron_dR_l_j'
                         : Input : variable 'belectron_nsip3d' <---> Output : variable 'belectron_nsip3d'
                         : Input : variable 'belectron_reltrkiso' <---> Output : variable 'belectron_reltrkiso'
                         : Input : variable 'belectron_reliso' <---> Output : variable 'belectron_reliso'
                         : Input : variable 'belectron_palongjet' <---> Output : variable 'belectron_palongjet'
                         : Input : variable 'belectron_palongjetratio' <---> Output : variable 'belectron_palongjetratio'
                         : Input : variable 'belectron_pt' <---> Output : variable 'belectron_pt'
                         : Input : variable 'belectron_aeta' <---> Output : variable 'belectron_aeta'
                         : Input : variable 'belectron_full5x5sigmaietaieta' <---> Output : variable 'belectron_full5x5sigmaietaieta'
                         : Input : variable 'fabs(belectron_detaseed)' <---> Output : variable 'fabs(belectron_detaseed)'
                         : Input : variable 'belectron_HoverE' <---> Output : variable 'belectron_HoverE'
                         : Input : variable 'belectron_InvEminusInvP' <---> Output : variable 'belectron_InvEminusInvP'
                         : Input : variable 'bjet_charge*belectron_charge' <---> Output : variable 'bjet_charge*belectron_charge'
                         : Input : variable 'bjet_pt' <---> Output : variable 'bjet_pt'
                         : Input : variable 'bjet_aeta' <---> Output : variable 'bjet_aeta'
                         : Input : variable 'bjet_ChargedHadronEnergyFraction' <---> Output : variable 'bjet_ChargedHadronEnergyFraction'
                         : Input : variable 'bjet_NeutralHadronEnergyFraction' <---> Output : variable 'bjet_NeutralHadronEnergyFraction'
                         : Input : variable 'bjet_NeutralEmEnergyFraction' <---> Output : variable 'bjet_NeutralEmEnergyFraction'
                         : Input : variable 'bjet_ChargedEmEnergyFraction' <---> Output : variable 'bjet_ChargedEmEnergyFraction'
                         : Input : variable 'bjet_MuonEnergyFraction' <---> Output : variable 'bjet_MuonEnergyFraction'
                         : Input : variable 'fabs(bjet_charge)' <---> Output : variable 'fabs(bjet_charge)'
                         : Input : variable 'bjet_ChargedMultiplicity' <---> Output : variable 'bjet_ChargedMultiplicity'
                         : Input : variable 'bjet_NeutralMultiplicity' <---> Output : variable 'bjet_NeutralMultiplicity'
TFHandler_Factory        :                         Variable                                Mean                                RMS                        [        Min                                Max ]
                         : -----------------------------------------------------------------------------------------------------------------------------------------------------------------------------------
                         :              belectron_P_jetrest:                            1.5634                           0.95581   [                           0.23541                            33.040 ]
                         :              belectron_ptwrtbjet:                            1.0295                           0.74233   [                         0.0031914                            26.235 ]
                         :                 belectron_dR_l_j:                          0.081077                          0.058959   [                        0.00026109                           0.39982 ]
                         :                 belectron_nsip3d:                            21.366                            144.97   [                          0.015903                            7346.5 ]
                         :              belectron_reltrkiso:                            1.4446                            1.4518   [                            0.0000                            23.680 ]
                         :                 belectron_reliso:                            2.1938                            1.8795   [                            0.0000                            9.9992 ]
                         :              belectron_palongjet:                            31.654                            37.586   [                            4.7259                            1333.5 ]
                         :         belectron_palongjetratio:                           0.27509                           0.14934   [                          0.012035                            1.6216 ]
                         :                     belectron_pt:                            16.539                            15.157   [                            5.0005                            621.10 ]
                         :                   belectron_aeta:                        0.00023813                            1.1806   [                           -2.5403                            2.5628 ]
                         :   belectron_full5x5sigmaietaieta:                          0.018812                          0.011966   [                            0.0000                          0.079324 ]
                         :         fabs(belectron_detaseed):                         0.0069837                          0.011344   [                        4.6331e-08                           0.47791 ]
                         :                 belectron_HoverE:                           0.32951                           0.67486   [                            0.0000                            30.943 ]
                         :          belectron_InvEminusInvP:                          0.029922                          0.042740   [                        1.6754e-07                            2.0617 ]
                         :     bjet_charge*belectron_charge:                           0.15067                           0.29948   [                          -0.98155                            1.0000 ]
                         :                          bjet_pt:                            60.718                            31.686   [                            30.000                            704.20 ]
                         :                        bjet_aeta:                           0.98235                           0.67006   [                        6.3001e-05                            2.7327 ]
                         : bjet_ChargedHadronEnergyFraction:                           0.47494                           0.19776   [                            0.0000                            1.0000 ]
                         : bjet_NeutralHadronEnergyFraction:                          0.083438                          0.098635   [                            0.0000                           0.83864 ]
                         :     bjet_NeutralEmEnergyFraction:                           0.21842                           0.14541   [                            0.0000                           0.98518 ]
                         :     bjet_ChargedEmEnergyFraction:                           0.19394                           0.19085   [                            0.0000                           0.97597 ]
                         :          bjet_MuonEnergyFraction:                          0.029260                          0.095920   [                            0.0000                           0.92965 ]
                         :                fabs(bjet_charge):                           0.27120                           0.19708   [                        5.4467e-06                            1.0000 ]
                         :         bjet_ChargedMultiplicity:                            11.189                            4.0706   [                            1.0000                            40.000 ]
                         :         bjet_NeutralMultiplicity:                            10.475                            5.2969   [                            0.0000                            47.000 ]
                         : -----------------------------------------------------------------------------------------------------------------------------------------------------------------------------------
                         : [32m
                         : <PlotVariables> Will not produce scatter plots ==> 
                         : |  The number of 25 input variables and 0 target values would require 300 two-dimensional
                         : |  histograms, which would occupy the computer's memory. Note that this
                         : |  suppression does not have any consequences for your analysis, other
                         : |  than not disposing of these scatter plots. You can modify the maximum
                         : |  number of input variables allowed to generate scatter plots in your
                         : |  script via the command line:
                         : |  "(TMVA::gConfig().GetVariablePlotting()).fMaxNumOfAllowedVariablesForScatterPlots = <some int>;"[0m
                         : 
                         : Some more output
                         : Ranking input variables (method unspecific)...
IdTransformation         : Ranking result (top variable is best ranked)
                         : ---------------------------------------------------------
                         : Rank : Variable                         : Separation
                         : ---------------------------------------------------------
                         :    1 : bjet_charge*belectron_charge     : 1.226e-01
                         :    2 : fabs(bjet_charge)                : 4.727e-02
                         :    3 : belectron_P_jetrest              : 3.812e-02
                         :    4 : bjet_ChargedEmEnergyFraction     : 3.763e-02
                         :    5 : belectron_palongjetratio         : 3.355e-02
                         :    6 : belectron_reliso                 : 2.751e-02
                         :    7 : belectron_InvEminusInvP          : 2.703e-02
                         :    8 : belectron_ptwrtbjet              : 2.592e-02
                         :    9 : belectron_reltrkiso              : 2.486e-02
                         :   10 : belectron_pt                     : 1.952e-02
                         :   11 : belectron_full5x5sigmaietaieta   : 1.837e-02
                         :   12 : fabs(belectron_detaseed)         : 1.446e-02
                         :   13 : belectron_palongjet              : 1.113e-02
                         :   14 : bjet_ChargedHadronEnergyFraction : 1.019e-02
                         :   15 : belectron_HoverE                 : 6.633e-03
                         :   16 : bjet_ChargedMultiplicity         : 4.068e-03
                         :   17 : bjet_NeutralMultiplicity         : 3.904e-03
                         :   18 : bjet_NeutralEmEnergyFraction     : 3.614e-03
                         :   19 : belectron_dR_l_j                 : 3.314e-03
                         :   20 : bjet_MuonEnergyFraction          : 2.970e-03
                         :   21 : bjet_pt                          : 2.371e-03
                         :   22 : bjet_NeutralHadronEnergyFraction : 1.220e-03
                         :   23 : belectron_nsip3d                 : 1.014e-03
                         :   24 : belectron_aeta                   : 5.930e-04
                         :   25 : bjet_aeta                        : 5.385e-04
                         : ---------------------------------------------------------
Factory                  : Train method: DNN for Classification
                         : 
                         : 
                         : [1m================================================================[0m
                         : [1mH e l p   f o r   M V A   m e t h o d   [ DNN ] :[0m
                         : 
                         : Keras is a high-level API for the Theano and Tensorflow packages.
                         : This method wraps the training and predictions steps of the Keras
                         : Python package for TMVA, so that dataloading, preprocessing and
                         : evaluation can be done within the TMVA system. To use this Keras
                         : interface, you have to generate a model with Keras first. Then,
                         : this model can be loaded and trained in TMVA.
                         : 
                         : 
                         : <Suppress this message by specifying "!H" in the booking option>
                         : [1m================================================================[0m
                         : 
                         : Preparing the Gaussian transformation...
TFHandler_DNN            :                         Variable                                Mean                                RMS                        [        Min                                Max ]
                         : -----------------------------------------------------------------------------------------------------------------------------------------------------------------------------------
                         :              belectron_P_jetrest:                         0.0029853                           0.99702   [                           -3.3191                            5.7307 ]
                         :              belectron_ptwrtbjet:                         0.0028004                           0.99586   [                           -3.3012                            5.7307 ]
                         :                 belectron_dR_l_j:                         0.0034668                           0.99929   [                           -3.2862                            5.7307 ]
                         :                 belectron_nsip3d:                         -0.020397                            1.0865   [                           -5.7307                            5.7307 ]
                         :              belectron_reltrkiso:                          -0.22229                            1.2674   [                           -3.2630                            5.7307 ]
                         :                 belectron_reliso:                         -0.015766                            1.0265   [                           -3.1041                            5.7307 ]
                         :              belectron_palongjet:                         0.0020945                           0.99468   [                           -3.3013                            5.7307 ]
                         :         belectron_palongjetratio:                         0.0029960                           0.99639   [                           -3.3241                            5.7307 ]
                         :                     belectron_pt:                         0.0029403                           0.99633   [                           -3.3303                            5.7307 ]
                         :                   belectron_aeta:                         0.0022194                           0.99643   [                           -3.3181                            5.7307 ]
                         :   belectron_full5x5sigmaietaieta:                        -0.0045661                            1.0071   [                           -3.1123                            5.7307 ]
                         :         fabs(belectron_detaseed):                         0.0030031                           0.99317   [                           -2.6708                            5.7307 ]
                         :                 belectron_HoverE:                          -0.80269                            1.6103   [                           -3.1114                            5.7307 ]
                         :          belectron_InvEminusInvP:                         0.0017574                           0.99596   [                           -3.1682                            5.7307 ]
                         :     bjet_charge*belectron_charge:                         0.0028551                           0.99754   [                           -3.3221                            5.7307 ]
                         :                          bjet_pt:                         0.0021633                           0.99614   [                           -3.2662                            5.7307 ]
                         :                        bjet_aeta:                         0.0028409                           0.99697   [                           -3.2828                            5.7307 ]
                         : bjet_ChargedHadronEnergyFraction:                         0.0033939                           0.99984   [                           -3.2937                            5.7307 ]
                         : bjet_NeutralHadronEnergyFraction:                          -0.74527                            1.6239   [                           -3.2493                            5.7307 ]
                         :     bjet_NeutralEmEnergyFraction:                         -0.013025                            1.0224   [                           -3.2627                            5.7307 ]
                         :     bjet_ChargedEmEnergyFraction:                           -1.0285                            1.6984   [                           -3.1767                            5.7307 ]
                         :          bjet_MuonEnergyFraction:                           -2.2916                            1.0186   [                           -2.6797                            5.7307 ]
                         :                fabs(bjet_charge):                         0.0041084                           0.99940   [                           -3.2139                            5.7307 ]
                         :         bjet_ChargedMultiplicity:                         0.0040785                           0.99216   [                           -5.5376                            5.7307 ]
                         :         bjet_NeutralMultiplicity:                        -0.0026164                            1.0076   [                           -5.1050                            5.7307 ]
                         : -----------------------------------------------------------------------------------------------------------------------------------------------------------------------------------
                         : Option TriesEarlyStopping: Training will stop after 30 number of epochs with no improvement of validation loss
Train on 77997 samples, validate on 69378 samples
Epoch 1/300
 - 14s - loss: 0.8748 - acc: 0.6411 - val_loss: 0.6882 - val_acc: 0.6531
Epoch 2/300
 - 11s - loss: 0.8582 - acc: 0.6518 - val_loss: 0.6837 - val_acc: 0.6524
Epoch 3/300
 - 11s - loss: 0.8498 - acc: 0.6523 - val_loss: 0.6695 - val_acc: 0.6564
Epoch 4/300
 - 11s - loss: 0.8426 - acc: 0.6526 - val_loss: 0.6669 - val_acc: 0.6533
Epoch 5/300
 - 11s - loss: 0.8353 - acc: 0.6548 - val_loss: 0.6588 - val_acc: 0.6595
Epoch 6/300
 - 12s - loss: 0.8289 - acc: 0.6555 - val_loss: 0.6586 - val_acc: 0.6517
Epoch 7/300
 - 11s - loss: 0.8241 - acc: 0.6557 - val_loss: 0.6478 - val_acc: 0.6596
Epoch 8/300
 - 11s - loss: 0.8174 - acc: 0.6566 - val_loss: 0.6429 - val_acc: 0.6574
Epoch 9/300
 - 12s - loss: 0.8131 - acc: 0.6545 - val_loss: 0.6441 - val_acc: 0.6553
Epoch 10/300
 - 11s - loss: 0.8086 - acc: 0.6575 - val_loss: 0.6392 - val_acc: 0.6552
Epoch 11/300
 - 12s - loss: 0.8053 - acc: 0.6570 - val_loss: 0.6438 - val_acc: 0.6475
Epoch 12/300
 - 12s - loss: 0.8042 - acc: 0.6551 - val_loss: 0.6345 - val_acc: 0.6556
Epoch 13/300
 - 12s - loss: 0.8005 - acc: 0.6579 - val_loss: 0.6225 - val_acc: 0.6694
Epoch 14/300
 - 12s - loss: 0.7987 - acc: 0.6586 - val_loss: 0.6419 - val_acc: 0.6462
Epoch 15/300
 - 12s - loss: 0.7977 - acc: 0.6568 - val_loss: 0.6192 - val_acc: 0.6722
Epoch 16/300
 - 12s - loss: 0.7962 - acc: 0.6574 - val_loss: 0.6383 - val_acc: 0.6464
Epoch 17/300
 - 12s - loss: 0.7951 - acc: 0.6587 - val_loss: 0.6270 - val_acc: 0.6510
Epoch 18/300
 - 12s - loss: 0.7946 - acc: 0.6561 - val_loss: 0.6218 - val_acc: 0.6619
Epoch 19/300
 - 12s - loss: 0.7934 - acc: 0.6573 - val_loss: 0.6256 - val_acc: 0.6582
Epoch 20/300
 - 12s - loss: 0.7922 - acc: 0.6577 - val_loss: 0.6286 - val_acc: 0.6507
Epoch 21/300
 - 11s - loss: 0.7921 - acc: 0.6579 - val_loss: 0.6287 - val_acc: 0.6490
Epoch 22/300
 - 12s - loss: 0.7909 - acc: 0.6585 - val_loss: 0.6166 - val_acc: 0.6601
Epoch 23/300
 - 11s - loss: 0.7901 - acc: 0.6588 - val_loss: 0.6257 - val_acc: 0.6528
Epoch 24/300
 - 12s - loss: 0.7897 - acc: 0.6575 - val_loss: 0.6248 - val_acc: 0.6553
Epoch 25/300
 - 12s - loss: 0.7897 - acc: 0.6594 - val_loss: 0.6313 - val_acc: 0.6482
Epoch 26/300
 - 12s - loss: 0.7886 - acc: 0.6573 - val_loss: 0.6278 - val_acc: 0.6476
Epoch 27/300
 - 12s - loss: 0.7893 - acc: 0.6578 - val_loss: 0.6222 - val_acc: 0.6581
Epoch 28/300
 - 11s - loss: 0.7888 - acc: 0.6583 - val_loss: 0.6216 - val_acc: 0.6625
Epoch 29/300
 - 11s - loss: 0.7887 - acc: 0.6570 - val_loss: 0.6300 - val_acc: 0.6466
Epoch 30/300
 - 11s - loss: 0.7874 - acc: 0.6586 - val_loss: 0.6161 - val_acc: 0.6661
Epoch 31/300
 - 11s - loss: 0.7876 - acc: 0.6587 - val_loss: 0.6183 - val_acc: 0.6583
Epoch 32/300
 - 10s - loss: 0.7872 - acc: 0.6593 - val_loss: 0.6282 - val_acc: 0.6454
Epoch 33/300
 - 10s - loss: 0.7874 - acc: 0.6597 - val_loss: 0.6359 - val_acc: 0.6425
Epoch 34/300
 - 11s - loss: 0.7859 - acc: 0.6605 - val_loss: 0.6348 - val_acc: 0.6477
Epoch 35/300
 - 11s - loss: 0.7858 - acc: 0.6620 - val_loss: 0.6329 - val_acc: 0.6464
Epoch 36/300
 - 11s - loss: 0.7856 - acc: 0.6571 - val_loss: 0.6395 - val_acc: 0.6458
Epoch 37/300
 - 11s - loss: 0.7856 - acc: 0.6575 - val_loss: 0.6200 - val_acc: 0.6635
Epoch 38/300
 - 11s - loss: 0.7853 - acc: 0.6594 - val_loss: 0.6389 - val_acc: 0.6420
Epoch 39/300
 - 11s - loss: 0.7851 - acc: 0.6604 - val_loss: 0.6210 - val_acc: 0.6478
Epoch 40/300
 - 11s - loss: 0.7850 - acc: 0.6586 - val_loss: 0.6248 - val_acc: 0.6522
Epoch 41/300
 - 11s - loss: 0.7845 - acc: 0.6598 - val_loss: 0.6191 - val_acc: 0.6585
Epoch 42/300
 - 11s - loss: 0.7847 - acc: 0.6596 - val_loss: 0.6207 - val_acc: 0.6588
Epoch 43/300
 - 11s - loss: 0.7845 - acc: 0.6590 - val_loss: 0.6237 - val_acc: 0.6566
Epoch 44/300
 - 11s - loss: 0.7846 - acc: 0.6591 - val_loss: 0.6216 - val_acc: 0.6541
Epoch 45/300
 - 11s - loss: 0.7840 - acc: 0.6587 - val_loss: 0.6121 - val_acc: 0.6679
Epoch 46/300
 - 11s - loss: 0.7835 - acc: 0.6610 - val_loss: 0.6120 - val_acc: 0.6713
Epoch 47/300
 - 11s - loss: 0.7842 - acc: 0.6590 - val_loss: 0.6218 - val_acc: 0.6585
Epoch 48/300
 - 11s - loss: 0.7836 - acc: 0.6616 - val_loss: 0.6227 - val_acc: 0.6566
Epoch 49/300
 - 11s - loss: 0.7829 - acc: 0.6608 - val_loss: 0.6300 - val_acc: 0.6390
Epoch 50/300
 - 11s - loss: 0.7834 - acc: 0.6590 - val_loss: 0.6152 - val_acc: 0.6633
Epoch 51/300
 - 11s - loss: 0.7823 - acc: 0.6605 - val_loss: 0.6220 - val_acc: 0.6585
Epoch 52/300
 - 11s - loss: 0.7825 - acc: 0.6603 - val_loss: 0.6246 - val_acc: 0.6486
Epoch 53/300
 - 11s - loss: 0.7824 - acc: 0.6624 - val_loss: 0.6139 - val_acc: 0.6605
Epoch 54/300
 - 10s - loss: 0.7829 - acc: 0.6599 - val_loss: 0.6118 - val_acc: 0.6637
Epoch 55/300
 - 11s - loss: 0.7828 - acc: 0.6617 - val_loss: 0.6216 - val_acc: 0.6455
Epoch 56/300
 - 11s - loss: 0.7821 - acc: 0.6612 - val_loss: 0.6226 - val_acc: 0.6566
Epoch 57/300
 - 11s - loss: 0.7820 - acc: 0.6606 - val_loss: 0.6294 - val_acc: 0.6428
Epoch 58/300
 - 11s - loss: 0.7820 - acc: 0.6623 - val_loss: 0.6083 - val_acc: 0.6709
Epoch 59/300
 - 11s - loss: 0.7819 - acc: 0.6618 - val_loss: 0.6154 - val_acc: 0.6628
Epoch 60/300
 - 11s - loss: 0.7812 - acc: 0.6612 - val_loss: 0.6323 - val_acc: 0.6470
Epoch 61/300
 - 11s - loss: 0.7807 - acc: 0.6607 - val_loss: 0.6127 - val_acc: 0.6663
Epoch 62/300
 - 11s - loss: 0.7814 - acc: 0.6610 - val_loss: 0.6126 - val_acc: 0.6599
Epoch 63/300
 - 11s - loss: 0.7813 - acc: 0.6600 - val_loss: 0.6239 - val_acc: 0.6511
Epoch 64/300
 - 11s - loss: 0.7804 - acc: 0.6614 - val_loss: 0.6160 - val_acc: 0.6576
Epoch 65/300
 - 11s - loss: 0.7812 - acc: 0.6615 - val_loss: 0.6188 - val_acc: 0.6517
Epoch 66/300
 - 11s - loss: 0.7810 - acc: 0.6601 - val_loss: 0.6132 - val_acc: 0.6563
Epoch 67/300
 - 11s - loss: 0.7814 - acc: 0.6598 - val_loss: 0.6183 - val_acc: 0.6613
Epoch 68/300
 - 11s - loss: 0.7813 - acc: 0.6599 - val_loss: 0.6244 - val_acc: 0.6562
Epoch 69/300
 - 11s - loss: 0.7810 - acc: 0.6591 - val_loss: 0.6111 - val_acc: 0.6684
Epoch 70/300
 - 11s - loss: 0.7809 - acc: 0.6617 - val_loss: 0.6142 - val_acc: 0.6638
Epoch 71/300
 - 11s - loss: 0.7803 - acc: 0.6594 - val_loss: 0.6185 - val_acc: 0.6578
Epoch 72/300
 - 11s - loss: 0.7813 - acc: 0.6601 - val_loss: 0.6163 - val_acc: 0.6601
Epoch 73/300
 - 11s - loss: 0.7806 - acc: 0.6602 - val_loss: 0.6232 - val_acc: 0.6532
Epoch 74/300
 - 11s - loss: 0.7808 - acc: 0.6606 - val_loss: 0.6199 - val_acc: 0.6560
Epoch 75/300
 - 11s - loss: 0.7806 - acc: 0.6601 - val_loss: 0.6231 - val_acc: 0.6552
Epoch 76/300
 - 11s - loss: 0.7804 - acc: 0.6628 - val_loss: 0.6237 - val_acc: 0.6478
Epoch 77/300
 - 11s - loss: 0.7799 - acc: 0.6600 - val_loss: 0.6140 - val_acc: 0.6617
Epoch 78/300
 - 11s - loss: 0.7811 - acc: 0.6607 - val_loss: 0.6139 - val_acc: 0.6667
Epoch 79/300
 - 11s - loss: 0.7799 - acc: 0.6622 - val_loss: 0.6211 - val_acc: 0.6524
Epoch 80/300
 - 11s - loss: 0.7805 - acc: 0.6604 - val_loss: 0.6229 - val_acc: 0.6587
Epoch 81/300
 - 11s - loss: 0.7794 - acc: 0.6619 - val_loss: 0.6194 - val_acc: 0.6552
Epoch 82/300
 - 11s - loss: 0.7800 - acc: 0.6622 - val_loss: 0.6285 - val_acc: 0.6494
Epoch 83/300
 - 11s - loss: 0.7798 - acc: 0.6620 - val_loss: 0.6164 - val_acc: 0.6521
Epoch 84/300
 - 11s - loss: 0.7796 - acc: 0.6611 - val_loss: 0.6174 - val_acc: 0.6532
Epoch 85/300
 - 11s - loss: 0.7798 - acc: 0.6604 - val_loss: 0.6338 - val_acc: 0.6502
Epoch 86/300
 - 11s - loss: 0.7801 - acc: 0.6615 - val_loss: 0.6224 - val_acc: 0.6549
Epoch 87/300
 - 11s - loss: 0.7802 - acc: 0.6598 - val_loss: 0.6102 - val_acc: 0.6622
Epoch 88/300
 - 10s - loss: 0.7794 - acc: 0.6627 - val_loss: 0.6280 - val_acc: 0.6430
Epoch 00088: early stopping
                         : Trained model written to file: electron2017__5__64__500__0.2/weights/TrainedModel_DNN.h5
                         : Elapsed time for training with 77997 events: 987 sec         
                         : Creating xml weight file: [0;36melectron2017__5__64__500__0.2/weights/electron2017__5__64__500__0.2_DNN.weights.xml[0m
                         : Creating standalone class: [0;36melectron2017__5__64__500__0.2/weights/electron2017__5__64__500__0.2_DNN.class.C[0m
Factory                  : Training finished
                         : 
                         : Ranking input variables (method specific)...
                         : No variable ranking supplied by classifier: DNN
Factory                  : === Destroy and recreate all methods via weight files for testing ===
                         : 
Factory                  : [1mTest all methods[0m
Factory                  : Test method: DNN for Classification performance
                         : 
                         : Load model from file: electron2017__5__64__500__0.2/weights/TrainedModel_DNN.h5
Factory                  : [1mEvaluate all methods[0m
Factory                  : Evaluate classifier: DNN
                         : 
TFHandler_DNN            :                         Variable                                Mean                                RMS                        [        Min                                Max ]
                         : -----------------------------------------------------------------------------------------------------------------------------------------------------------------------------------
                         :              belectron_P_jetrest:                          0.093447                            1.0139   [                           -3.2237                            5.7307 ]
                         :              belectron_ptwrtbjet:                          0.067580                            1.0115   [                           -3.3392                            5.7307 ]
                         :                 belectron_dR_l_j:                        -0.0072680                            1.0174   [                           -3.3889                            5.7307 ]
                         :                 belectron_nsip3d:                         -0.030291                            1.0850   [                           -5.7307                            5.7307 ]
                         :              belectron_reltrkiso:                          -0.24419                            1.2569   [                           -3.2630                            5.7307 ]
                         :                 belectron_reliso:                         -0.038784                            1.0375   [                           -3.1041                            5.7307 ]
                         :              belectron_palongjet:                          0.059631                            1.0030   [                           -3.2574                            5.7307 ]
                         :         belectron_palongjetratio:                          0.041746                            1.0263   [                           -3.4130                            5.7307 ]
                         :                     belectron_pt:                          0.088466                            1.0194   [                           -3.3460                            5.7307 ]
                         :                   belectron_aeta:                         0.0065847                           0.98696   [                           -3.3613                            5.7307 ]
                         :   belectron_full5x5sigmaietaieta:                         -0.025721                            1.0086   [                           -3.1123                            5.7307 ]
                         :         fabs(belectron_detaseed):                         -0.030747                           0.98681   [                           -2.6697                            3.7965 ]
                         :                 belectron_HoverE:                          -0.76403                            1.6069   [                           -3.1114                            3.8790 ]
                         :          belectron_InvEminusInvP:                         -0.042414                            1.0034   [                           -3.1702                            5.7307 ]
                         :     bjet_charge*belectron_charge:                          0.089746                           0.99493   [                           -3.3907                            5.7307 ]
                         :                          bjet_pt:                          0.078789                            1.0267   [                           -3.2668                            5.7307 ]
                         :                        bjet_aeta:                         -0.016255                           0.99928   [                           -3.3046                            5.7307 ]
                         : bjet_ChargedHadronEnergyFraction:                         -0.023462                            1.0028   [                           -3.2937                            5.7307 ]
                         : bjet_NeutralHadronEnergyFraction:                          -0.74787                            1.6191   [                           -3.2493                            5.7307 ]
                         :     bjet_NeutralEmEnergyFraction:                         -0.021277                            1.0386   [                           -3.2627                            5.7307 ]
                         :     bjet_ChargedEmEnergyFraction:                          -0.96629                            1.7145   [                           -3.1767                            5.7307 ]
                         :          bjet_MuonEnergyFraction:                           -2.3114                           0.98619   [                           -2.6797                            5.7307 ]
                         :                fabs(bjet_charge):                          0.060679                            1.0073   [                           -3.2108                            5.7307 ]
                         :         bjet_ChargedMultiplicity:                          0.022571                            1.0130   [                           -5.5376                            5.7307 ]
                         :         bjet_NeutralMultiplicity:                         0.0071670                            1.0179   [                           -5.1050                            5.7307 ]
                         : -----------------------------------------------------------------------------------------------------------------------------------------------------------------------------------
DNN                      : [electron2017__5__64__500__0.2] : Loop over test events and fill histograms with classifier response...
                         : 
TFHandler_DNN            :                         Variable                                Mean                                RMS                        [        Min                                Max ]
                         : -----------------------------------------------------------------------------------------------------------------------------------------------------------------------------------
                         :              belectron_P_jetrest:                          0.093447                            1.0139   [                           -3.2237                            5.7307 ]
                         :              belectron_ptwrtbjet:                          0.067580                            1.0115   [                           -3.3392                            5.7307 ]
                         :                 belectron_dR_l_j:                        -0.0072680                            1.0174   [                           -3.3889                            5.7307 ]
                         :                 belectron_nsip3d:                         -0.030291                            1.0850   [                           -5.7307                            5.7307 ]
                         :              belectron_reltrkiso:                          -0.24419                            1.2569   [                           -3.2630                            5.7307 ]
                         :                 belectron_reliso:                         -0.038784                            1.0375   [                           -3.1041                            5.7307 ]
                         :              belectron_palongjet:                          0.059631                            1.0030   [                           -3.2574                            5.7307 ]
                         :         belectron_palongjetratio:                          0.041746                            1.0263   [                           -3.4130                            5.7307 ]
                         :                     belectron_pt:                          0.088466                            1.0194   [                           -3.3460                            5.7307 ]
                         :                   belectron_aeta:                         0.0065847                           0.98696   [                           -3.3613                            5.7307 ]
                         :   belectron_full5x5sigmaietaieta:                         -0.025721                            1.0086   [                           -3.1123                            5.7307 ]
                         :         fabs(belectron_detaseed):                         -0.030747                           0.98681   [                           -2.6697                            3.7965 ]
                         :                 belectron_HoverE:                          -0.76403                            1.6069   [                           -3.1114                            3.8790 ]
                         :          belectron_InvEminusInvP:                         -0.042414                            1.0034   [                           -3.1702                            5.7307 ]
                         :     bjet_charge*belectron_charge:                          0.089746                           0.99493   [                           -3.3907                            5.7307 ]
                         :                          bjet_pt:                          0.078789                            1.0267   [                           -3.2668                            5.7307 ]
                         :                        bjet_aeta:                         -0.016255                           0.99928   [                           -3.3046                            5.7307 ]
                         : bjet_ChargedHadronEnergyFraction:                         -0.023462                            1.0028   [                           -3.2937                            5.7307 ]
                         : bjet_NeutralHadronEnergyFraction:                          -0.74787                            1.6191   [                           -3.2493                            5.7307 ]
                         :     bjet_NeutralEmEnergyFraction:                         -0.021277                            1.0386   [                           -3.2627                            5.7307 ]
                         :     bjet_ChargedEmEnergyFraction:                          -0.96629                            1.7145   [                           -3.1767                            5.7307 ]
                         :          bjet_MuonEnergyFraction:                           -2.3114                           0.98619   [                           -2.6797                            5.7307 ]
                         :                fabs(bjet_charge):                          0.060679                            1.0073   [                           -3.2108                            5.7307 ]
                         :         bjet_ChargedMultiplicity:                          0.022571                            1.0130   [                           -5.5376                            5.7307 ]
                         :         bjet_NeutralMultiplicity:                         0.0071670                            1.0179   [                           -5.1050                            5.7307 ]
                         : -----------------------------------------------------------------------------------------------------------------------------------------------------------------------------------
                         : [32m
                         : <PlotVariables> Will not produce scatter plots ==> 
                         : |  The number of 25 input variables and 0 target values would require 300 two-dimensional
                         : |  histograms, which would occupy the computer's memory. Note that this
                         : |  suppression does not have any consequences for your analysis, other
                         : |  than not disposing of these scatter plots. You can modify the maximum
                         : |  number of input variables allowed to generate scatter plots in your
                         : |  script via the command line:
                         : |  "(TMVA::gConfig().GetVariablePlotting()).fMaxNumOfAllowedVariablesForScatterPlots = <some int>;"[0m
                         : 
                         : Some more output
                         : 
                         : Evaluation results ranked by best signal efficiency and purity (area)
                         : -------------------------------------------------------------------------------------------------------------------
                         : DataSet       MVA                       
                         : Name:         Method:          ROC-integ
                         : electron2017__5__64__500__0.2 DNN            : 0.733
                         : -------------------------------------------------------------------------------------------------------------------
                         : 
                         : Testing efficiency compared to training efficiency (overtraining check)
                         : -------------------------------------------------------------------------------------------------------------------
                         : DataSet              MVA              Signal efficiency: from test sample (from training sample) 
                         : Name:                Method:          @B=0.01             @B=0.10            @B=0.30   
                         : -------------------------------------------------------------------------------------------------------------------
                         : electron2017__5__64__500__0.2 DNN            : 0.086 (0.091)       0.365 (0.380)      0.637 (0.649)
                         : -------------------------------------------------------------------------------------------------------------------
                         : 
Dataset:electron2017__...: Created tree 'TestTree' with 69378 events
                         : 
Dataset:electron2017__...: Created tree 'TrainTree' with 77997 events
                         : 
Factory                  : [1mThank you for using TMVA![0m
                         : [1mFor citation information, please visit: http://tmva.sf.net/citeTMVA.html[0m
ref.cut= DNN 0.437154530207
myerr=0
[ntry=1]
