/home/condor/dir_1834479
DataSetInfo              : [FIN_BDT_2016postVFP] : Added class "Signal"
                         : Add Tree OutTree/sig of type Signal with 387726 events
                         : Add Tree OutTree/sig of type Signal with 440734 events
DataSetInfo              : [FIN_BDT_2016postVFP] : Added class "Background"
                         : Add Tree OutTree/bkg of type Background with 273702 events
                         : Add Tree OutTree/bkg of type Background with 310379 events
Factory                  : Booking method: [1mBDT[0m
                         : 
                         : Parsing option string: 
                         : ... "!H:V:NTrees=800:MinNodeSize=5%:MaxDepth=5:Shrinkage=0.005:BoostType=Grad:AdaBoostBeta=:UseBaggedBoost=True:BaggedSampleFraction=0.1:SeparationType=GiniIndex:nCuts=5:IgnoreNegWeightsInTraining=True:VarTransform=G"
                         : The following options are set:
                         : - By User:
                         :     <none>
                         : - Default:
                         :     Boost_num: "0" [Number of times the classifier will be boosted]
                         : Parsing option string: 
                         : ... "!H:V:NTrees=800:MinNodeSize=5%:MaxDepth=5:Shrinkage=0.005:BoostType=Grad:AdaBoostBeta=:UseBaggedBoost=True:BaggedSampleFraction=0.1:SeparationType=GiniIndex:nCuts=5:IgnoreNegWeightsInTraining=True:VarTransform=G"
                         : The following options are set:
                         : - By User:
                         :     V: "True" [Verbose output (short form of "VerbosityLevel" below - overrides the latter one)]
                         :     VarTransform: "G" [List of variable transformations performed before training, e.g., "D_Background,P_Signal,G,N_AllClasses" for: "Decorrelation, PCA-transformation, Gaussianisation, Normalisation, each for the given class of events ('AllClasses' denotes all events of all classes, if no class indication is given, 'All' is assumed)"]
                         :     H: "False" [Print method-specific help message]
                         :     IgnoreNegWeightsInTraining: "True" [Events with negative weights are ignored in the training (but are included for testing and performance evaluation)]
                         :     NTrees: "800" [Number of trees in the forest]
                         :     MaxDepth: "5" [Max depth of the decision tree allowed]
                         :     MinNodeSize: "5%" [Minimum percentage of training events required in a leaf node (default: Classification: 5%, Regression: 0.2%)]
                         :     nCuts: "5" [Number of grid points in variable range used in finding optimal cut in node splitting]
                         :     BoostType: "Grad" [Boosting type for the trees in the forest (note: AdaCost is still experimental)]
                         :     UseBaggedBoost: "True" [Use only a random subsample of all events for growing the trees in each boost iteration.]
                         :     Shrinkage: "5.000000e-03" [Learning rate for BoostType=Grad algorithm]
                         :     AdaBoostBeta: "5.000000e-01" [Learning rate  for AdaBoost algorithm]
                         :     BaggedSampleFraction: "1.000000e-01" [Relative size of bagged event sample to original size of the data sample (used whenever bagging is used (i.e. UseBaggedBoost, Bagging,)]
                         :     SeparationType: "GiniIndex" [Separation criterion for node splitting]
                         : - Default:
                         :     VerbosityLevel: "Default" [Verbosity level]
                         :     CreateMVAPdfs: "False" [Create PDFs for classifier outputs (signal and background)]
                         :     AdaBoostR2Loss: "Quadratic" [Type of Loss function in AdaBoostR2]
                         :     UseRandomisedTrees: "False" [Determine at each node splitting the cut variable only as the best out of a random subset of variables (like in RandomForests)]
                         :     UseNvars: "4" [Size of the subset of variables used with RandomisedTree option]
                         :     UsePoissonNvars: "True" [Interpret "UseNvars" not as fixed number but as mean of a Poisson distribution in each split with RandomisedTree option]
                         :     UseYesNoLeaf: "True" [Use Sig or Bkg categories, or the purity=S/(S+B) as classification of the leaf node -> Real-AdaBoost]
                         :     NegWeightTreatment: "InverseBoostNegWeights" [How to treat events with negative weights in the BDT training (particular the boosting) : IgnoreInTraining;  Boost With inverse boostweight; Pair events with negative and positive weights in training sample and *annihilate* them (experimental!)]
                         :     Css: "1.000000e+00" [AdaCost: cost of true signal selected signal]
                         :     Cts_sb: "1.000000e+00" [AdaCost: cost of true signal selected bkg]
                         :     Ctb_ss: "1.000000e+00" [AdaCost: cost of true bkg    selected signal]
                         :     Cbb: "1.000000e+00" [AdaCost: cost of true bkg    selected bkg ]
                         :     NodePurityLimit: "5.000000e-01" [In boosting/pruning, nodes with purity > NodePurityLimit are signal; background otherwise.]
                         :     RegressionLossFunctionBDTG: "Huber" [Loss function for BDTG regression.]
                         :     HuberQuantile: "7.000000e-01" [In the Huber loss function this is the quantile that separates the core from the tails in the residuals distribution.]
                         :     DoBoostMonitor: "False" [Create control plot with ROC integral vs tree number]
                         :     UseFisherCuts: "False" [Use multivariate splits using the Fisher criterion]
                         :     MinLinCorrForFisher: "8.000000e-01" [The minimum linear correlation between two variables demanded for use in Fisher criterion in node splitting]
                         :     UseExclusiveVars: "False" [Variables already used in fisher criterion are not anymore analysed individually for node splitting]
                         :     DoPreselection: "False" [and and apply automatic pre-selection for 100% efficient signal (bkg) cuts prior to training]
                         :     SigToBkgFraction: "1.000000e+00" [Sig to Bkg ratio used in Training (similar to NodePurityLimit, which cannot be used in real adaboost]
                         :     PruneMethod: "NoPruning" [Note: for BDTs use small trees (e.g.MaxDepth=3) and NoPruning:  Pruning: Method used for pruning (removal) of statistically insignificant branches ]
                         :     PruneStrength: "0.000000e+00" [Pruning strength]
                         :     PruningValFraction: "5.000000e-01" [Fraction of events to use for optimizing automatic pruning.]
                         :     SkipNormalization: "False" [Skip normalization at initialization, to keep expectation value of BDT output according to the fraction of events]
                         :     nEventsMin: "0" [deprecated: Use MinNodeSize (in % of training events) instead]
                         :     UseBaggedGrad: "False" [deprecated: Use *UseBaggedBoost* instead:  Use only a random subsample of all events for growing the trees in each iteration.]
                         :     GradBaggingFraction: "1.000000e-01" [deprecated: Use *BaggedSampleFraction* instead: Defines the fraction of events to be used in each iteration, e.g. when UseBaggedGrad=kTRUE. ]
                         :     UseNTrainEvents: "0" [deprecated: Use *BaggedSampleFraction* instead: Number of randomly picked training events used in randomised (and bagged) trees]
                         :     NNodesMax: "0" [deprecated: Use MaxDepth instead to limit the tree size]
BDT                      : [FIN_BDT_2016postVFP] : Create Transformation "G" with events from all classes.
                         : 
                         : Transformation, Variable selection : 
                         : Input : variable 'belectron_nsip3d<10.?belectron_nsip3d:10.' <---> Output : variable 'belectron_nsip3d<10.?belectron_nsip3d:10.'
                         : Input : variable '(belectron_reliso<1.)?1:(belectron_reliso>10)?10:belectron_reliso' <---> Output : variable '(belectron_reliso<1.)?1:(belectron_reliso>10)?10:belectron_reliso'
                         : Input : variable 'belectron_ptwrtbjet<10.?belectron_ptwrtbjet:10.' <---> Output : variable 'belectron_ptwrtbjet<10.?belectron_ptwrtbjet:10.'
                         : Input : variable 'belectron_P_jetrest<10.?belectron_P_jetrest:10.' <---> Output : variable 'belectron_P_jetrest<10.?belectron_P_jetrest:10.'
                         : Input : variable 'bjet_charge*belectron_charge' <---> Output : variable 'bjet_charge*belectron_charge'
                         : Input : variable 'bjet_ChargedHadronEnergyFraction>0.35?bjet_ChargedHadronEnergyFraction:0.35' <---> Output : variable 'bjet_ChargedHadronEnergyFraction>0.35?bjet_ChargedHadronEnergyFraction:0.35'
                         : Input : variable 'bjet_NeutralHadronEnergyFraction>0.1?bjet_NeutralHadronEnergyFraction:0.1' <---> Output : variable 'bjet_NeutralHadronEnergyFraction>0.1?bjet_NeutralHadronEnergyFraction:0.1'
                         : Input : variable 'bjet_NeutralEmEnergyFraction>0.1?bjet_NeutralEmEnergyFraction:0.1' <---> Output : variable 'bjet_NeutralEmEnergyFraction>0.1?bjet_NeutralEmEnergyFraction:0.1'
                         : Input : variable 'bjet_ChargedEmEnergyFraction<0.3?bjet_ChargedEmEnergyFraction:0.3' <---> Output : variable 'bjet_ChargedEmEnergyFraction<0.3?bjet_ChargedEmEnergyFraction:0.3'
                         : Input : variable '(bjet_ChargedMultiplicity>20)?21:(bjet_ChargedMultiplicity<15)?14:bjet_ChargedMultiplicity' <---> Output : variable '(bjet_ChargedMultiplicity>20)?21:(bjet_ChargedMultiplicity<15)?14:bjet_ChargedMultiplicity'
                         : Input : variable 'bjet_NeutralMultiplicity>9?bjet_NeutralMultiplicity:9' <---> Output : variable 'bjet_NeutralMultiplicity>9?bjet_NeutralMultiplicity:9'
                         : Input : variable 'fabs(bjet_charge)' <---> Output : variable 'fabs(bjet_charge)'
                         : the option NegWeightTreatment=InverseBoostNegWeights does not exist for BoostType=Grad
                         : --> change to new default NegWeightTreatment=Pray
                         : Rebuilding Dataset FIN_BDT_2016postVFP
                         : Building event vectors for type 1 Signal
                         : Dataset[FIN_BDT_2016postVFP] :  create input formulas for tree sig
                         : Dataset[FIN_BDT_2016postVFP] :  create input formulas for tree sig
                         : Dataset[FIN_BDT_2016postVFP] :  create input formulas for tree sig
                         : Building event vectors for type 0 Signal
                         : Dataset[FIN_BDT_2016postVFP] :  create input formulas for tree sig
                         : Dataset[FIN_BDT_2016postVFP] :  create input formulas for tree sig
                         : Building event vectors for type 1 Background
                         : Dataset[FIN_BDT_2016postVFP] :  create input formulas for tree bkg
                         : Dataset[FIN_BDT_2016postVFP] :  create input formulas for tree bkg
                         : Dataset[FIN_BDT_2016postVFP] :  create input formulas for tree bkg
                         : Building event vectors for type 0 Background
                         : Dataset[FIN_BDT_2016postVFP] :  create input formulas for tree bkg
                         : Dataset[FIN_BDT_2016postVFP] :  create input formulas for tree bkg
DataSetFactory           : [FIN_BDT_2016postVFP] : Number of events in input trees
                         : Dataset[FIN_BDT_2016postVFP] :     Signal     requirement: "(belectron_charge*bjet_partonFlavour < 0)&&(Has_bElectron)"
                         : Dataset[FIN_BDT_2016postVFP] :     Signal          -- number of events passed: 45142  / sum of weights: 26168.3
                         : Dataset[FIN_BDT_2016postVFP] :     Signal          -- efficiency             : 0.0521614
                         : Dataset[FIN_BDT_2016postVFP] :     Background requirement: "(belectron_charge*bjet_partonFlavour > 0)&&(Has_bElectron)"
                         : Dataset[FIN_BDT_2016postVFP] :     Background      -- number of events passed: 26553  / sum of weights: 16111.1
                         : Dataset[FIN_BDT_2016postVFP] :     Background      -- efficiency             : 0.0450997
                         : Dataset[FIN_BDT_2016postVFP] :  you have opted for interpreting the requested number of training/testing events
                         :  to be the number of events AFTER your preselection cuts
                         : 
                         : Dataset[FIN_BDT_2016postVFP] :  you have opted for interpreting the requested number of training/testing events
                         :  to be the number of events AFTER your preselection cuts
                         : 
                         : Dataset[FIN_BDT_2016postVFP] : Weight renormalisation mode: "EqualNumEvents": renormalises all event classes ...
                         : Dataset[FIN_BDT_2016postVFP] :  such that the effective (weighted) number of events in each class is the same 
                         : Dataset[FIN_BDT_2016postVFP] :  (and equals the number of events (entries) given for class=0 )
                         : Dataset[FIN_BDT_2016postVFP] : ... i.e. such that Sum[i=1..N_j]{w_i} = N_classA, j=classA, classB, ...
                         : Dataset[FIN_BDT_2016postVFP] : ... (note that N_j is the sum of TRAINING events
                         : Dataset[FIN_BDT_2016postVFP] :  ..... Testing events are not renormalised nor included in the renormalisation factor!)
                         : Number of training and testing events
                         : ---------------------------------------------------------------------------
                         : Signal     -- training events            : 20072
                         : Signal     -- testing events             : 25070
                         : Signal     -- training and testing events: 45142
                         : Dataset[FIN_BDT_2016postVFP] : Signal     -- due to the preselection a scaling factor has been applied to the numbers of requested events: 0.0544891
                         : Background -- training events            : 11801
                         : Background -- testing events             : 14752
                         : Background -- training and testing events: 26553
                         : Dataset[FIN_BDT_2016postVFP] : Background -- due to the preselection a scaling factor has been applied to the numbers of requested events: 0.0454612
                         : 
DataSetInfo              : Correlation matrix (Signal):
                         : ---------------------------------------------------------------------------------------------------------------------------------------------------------------------------------------------------------------------------------------------------------------------------------------------------------------------------------------------------------------------------------------------------------------------------------------------------------------------------------------------------------------------------------------------------------------------------------------------------------------------------------------------------------------------------------------------------------------------------------------------------------------------------------------------------
                         :                                                                                             belectron_nsip3d_10._belectron_nsip3d:10. _belectron_reliso_1.__1:_belectron_reliso_10__10:belectron_reliso belectron_ptwrtbjet_10._belectron_ptwrtbjet:10. belectron_P_jetrest_10._belectron_P_jetrest:10. bjet_charge_T_belectron_charge bjet_ChargedHadronEnergyFraction_0.35_bjet_ChargedHadronEnergyFraction:0.35 bjet_NeutralHadronEnergyFraction_0.1_bjet_NeutralHadronEnergyFraction:0.1 bjet_NeutralEmEnergyFraction_0.1_bjet_NeutralEmEnergyFraction:0.1 bjet_ChargedEmEnergyFraction_0.3_bjet_ChargedEmEnergyFraction:0.3 _bjet_ChargedMultiplicity_20__21:_bjet_ChargedMultiplicity_15__14:bjet_ChargedMultiplicity bjet_NeutralMultiplicity_9_bjet_NeutralMultiplicity:9 fabs_bjet_charge_
                         :                                                  belectron_nsip3d_10._belectron_nsip3d:10.:                                    +1.000                                                            +0.013                                          +0.099                                          +0.009                         +0.006                                                                      -0.041                                                                    +0.065                                                            -0.026                                                            +0.093                                                                                     -0.014                                                -0.043            +0.019
                         :                          _belectron_reliso_1.__1:_belectron_reliso_10__10:belectron_reliso:                                    +0.013                                                            +1.000                                          -0.208                                          -0.425                         -0.272                                                                      +0.245                                                                    +0.125                                                            +0.104                                                            -0.312                                                                                     +0.225                                                +0.211            -0.223
                         :                                            belectron_ptwrtbjet_10._belectron_ptwrtbjet:10.:                                    +0.099                                                            -0.208                                          +1.000                                          +0.714                         +0.033                                                                      -0.144                                                                    -0.009                                                            -0.014                                                            +0.143                                                                                     +0.034                                                +0.047            +0.090
                         :                                            belectron_P_jetrest_10._belectron_P_jetrest:10.:                                    +0.009                                                            -0.425                                          +0.714                                          +1.000                         +0.190                                                                      -0.282                                                                    -0.055                                                            -0.044                                                            +0.239                                                                                     +0.020                                                +0.059            +0.223
                         :                                                             bjet_charge_T_belectron_charge:                                    +0.006                                                            -0.272                                          +0.033                                          +0.190                         +1.000                                                                      -0.202                                                                    -0.010                                                            -0.019                                                            +0.199                                                                                     -0.109                                                -0.126            +0.742
                         :                bjet_ChargedHadronEnergyFraction_0.35_bjet_ChargedHadronEnergyFraction:0.35:                                    -0.041                                                            +0.245                                          -0.144                                          -0.282                         -0.202                                                                      +1.000                                                                    -0.276                                                            -0.169                                                            -0.612                                                                                     +0.251                                                -0.019            -0.250
                         :                  bjet_NeutralHadronEnergyFraction_0.1_bjet_NeutralHadronEnergyFraction:0.1:                                    +0.065                                                            +0.125                                          -0.009                                          -0.055                         -0.010                                                                      -0.276                                                                    +1.000                                                            -0.156                                                            +0.112                                                                                     -0.077                                                -0.000            +0.025
                         :                          bjet_NeutralEmEnergyFraction_0.1_bjet_NeutralEmEnergyFraction:0.1:                                    -0.026                                                            +0.104                                          -0.014                                          -0.044                         -0.019                                                                      -0.169                                                                    -0.156                                                            +1.000                                                            -0.463                                                                                     -0.035                                                +0.377            -0.042
                         :                          bjet_ChargedEmEnergyFraction_0.3_bjet_ChargedEmEnergyFraction:0.3:                                    +0.093                                                            -0.312                                          +0.143                                          +0.239                         +0.199                                                                      -0.612                                                                    +0.112                                                            -0.463                                                            +1.000                                                                                     -0.161                                                -0.299            +0.202
                         : _bjet_ChargedMultiplicity_20__21:_bjet_ChargedMultiplicity_15__14:bjet_ChargedMultiplicity:                                    -0.014                                                            +0.225                                          +0.034                                          +0.020                         -0.109                                                                      +0.251                                                                    -0.077                                                            -0.035                                                            -0.161                                                                                     +1.000                                                +0.242            -0.141
                         :                                      bjet_NeutralMultiplicity_9_bjet_NeutralMultiplicity:9:                                    -0.043                                                            +0.211                                          +0.047                                          +0.059                         -0.126                                                                      -0.019                                                                    -0.000                                                            +0.377                                                            -0.299                                                                                     +0.242                                                +1.000            -0.117
                         :                                                                          fabs_bjet_charge_:                                    +0.019                                                            -0.223                                          +0.090                                          +0.223                         +0.742                                                                      -0.250                                                                    +0.025                                                            -0.042                                                            +0.202                                                                                     -0.141                                                -0.117            +1.000
                         : ---------------------------------------------------------------------------------------------------------------------------------------------------------------------------------------------------------------------------------------------------------------------------------------------------------------------------------------------------------------------------------------------------------------------------------------------------------------------------------------------------------------------------------------------------------------------------------------------------------------------------------------------------------------------------------------------------------------------------------------------------------------------------------------------------
DataSetInfo              : Correlation matrix (Background):
                         : ---------------------------------------------------------------------------------------------------------------------------------------------------------------------------------------------------------------------------------------------------------------------------------------------------------------------------------------------------------------------------------------------------------------------------------------------------------------------------------------------------------------------------------------------------------------------------------------------------------------------------------------------------------------------------------------------------------------------------------------------------------------------------------------------------
                         :                                                                                             belectron_nsip3d_10._belectron_nsip3d:10. _belectron_reliso_1.__1:_belectron_reliso_10__10:belectron_reliso belectron_ptwrtbjet_10._belectron_ptwrtbjet:10. belectron_P_jetrest_10._belectron_P_jetrest:10. bjet_charge_T_belectron_charge bjet_ChargedHadronEnergyFraction_0.35_bjet_ChargedHadronEnergyFraction:0.35 bjet_NeutralHadronEnergyFraction_0.1_bjet_NeutralHadronEnergyFraction:0.1 bjet_NeutralEmEnergyFraction_0.1_bjet_NeutralEmEnergyFraction:0.1 bjet_ChargedEmEnergyFraction_0.3_bjet_ChargedEmEnergyFraction:0.3 _bjet_ChargedMultiplicity_20__21:_bjet_ChargedMultiplicity_15__14:bjet_ChargedMultiplicity bjet_NeutralMultiplicity_9_bjet_NeutralMultiplicity:9 fabs_bjet_charge_
                         :                                                  belectron_nsip3d_10._belectron_nsip3d:10.:                                    +1.000                                                            +0.036                                          +0.130                                          +0.045                         -0.028                                                                      -0.067                                                                    +0.016                                                            -0.054                                                            +0.123                                                                                     -0.051                                                -0.006            +0.054
                         :                          _belectron_reliso_1.__1:_belectron_reliso_10__10:belectron_reliso:                                    +0.036                                                            +1.000                                          -0.217                                          -0.420                         -0.264                                                                      +0.173                                                                    +0.112                                                            +0.030                                                            -0.193                                                                                     +0.122                                                +0.138            -0.069
                         :                                            belectron_ptwrtbjet_10._belectron_ptwrtbjet:10.:                                    +0.130                                                            -0.217                                          +1.000                                          +0.713                         +0.096                                                                      -0.109                                                                    -0.003                                                            +0.045                                                            +0.078                                                                                     +0.150                                                +0.073            +0.019
                         :                                            belectron_P_jetrest_10._belectron_P_jetrest:10.:                                    +0.045                                                            -0.420                                          +0.713                                          +1.000                         +0.232                                                                      -0.176                                                                    -0.040                                                            +0.069                                                            +0.118                                                                                     +0.163                                                +0.127            +0.056
                         :                                                             bjet_charge_T_belectron_charge:                                    -0.028                                                            -0.264                                          +0.096                                          +0.232                         +1.000                                                                      -0.086                                                                    +0.038                                                            +0.040                                                            +0.115                                                                                     -0.005                                                -0.012            +0.213
                         :                bjet_ChargedHadronEnergyFraction_0.35_bjet_ChargedHadronEnergyFraction:0.35:                                    -0.067                                                            +0.173                                          -0.109                                          -0.176                         -0.086                                                                      +1.000                                                                    -0.341                                                            -0.265                                                            -0.565                                                                                     +0.184                                                -0.105            -0.068
                         :                  bjet_NeutralHadronEnergyFraction_0.1_bjet_NeutralHadronEnergyFraction:0.1:                                    +0.016                                                            +0.112                                          -0.003                                          -0.040                         +0.038                                                                      -0.341                                                                    +1.000                                                            -0.201                                                            +0.183                                                                                     -0.080                                                -0.010            -0.003
                         :                          bjet_NeutralEmEnergyFraction_0.1_bjet_NeutralEmEnergyFraction:0.1:                                    -0.054                                                            +0.030                                          +0.045                                          +0.069                         +0.040                                                                      -0.265                                                                    -0.201                                                            +1.000                                                            -0.391                                                                                     -0.036                                                +0.384            -0.072
                         :                          bjet_ChargedEmEnergyFraction_0.3_bjet_ChargedEmEnergyFraction:0.3:                                    +0.123                                                            -0.193                                          +0.078                                          +0.118                         +0.115                                                                      -0.565                                                                    +0.183                                                            -0.391                                                            +1.000                                                                                     -0.124                                                -0.236            +0.059
                         : _bjet_ChargedMultiplicity_20__21:_bjet_ChargedMultiplicity_15__14:bjet_ChargedMultiplicity:                                    -0.051                                                            +0.122                                          +0.150                                          +0.163                         -0.005                                                                      +0.184                                                                    -0.080                                                            -0.036                                                            -0.124                                                                                     +1.000                                                +0.161            -0.097
                         :                                      bjet_NeutralMultiplicity_9_bjet_NeutralMultiplicity:9:                                    -0.006                                                            +0.138                                          +0.073                                          +0.127                         -0.012                                                                      -0.105                                                                    -0.010                                                            +0.384                                                            -0.236                                                                                     +0.161                                                +1.000            -0.067
                         :                                                                          fabs_bjet_charge_:                                    +0.054                                                            -0.069                                          +0.019                                          +0.056                         +0.213                                                                      -0.068                                                                    -0.003                                                            -0.072                                                            +0.059                                                                                     -0.097                                                -0.067            +1.000
                         : ---------------------------------------------------------------------------------------------------------------------------------------------------------------------------------------------------------------------------------------------------------------------------------------------------------------------------------------------------------------------------------------------------------------------------------------------------------------------------------------------------------------------------------------------------------------------------------------------------------------------------------------------------------------------------------------------------------------------------------------------------------------------------------------------------
DataSetFactory           : [FIN_BDT_2016postVFP] :  
                         : 
Factory                  : [1mTrain all methods[0m
Factory                  : [FIN_BDT_2016postVFP] : Create Transformation "I" with events from all classes.
                         : 
                         : Transformation, Variable selection : 
                         : Input : variable 'belectron_nsip3d<10.?belectron_nsip3d:10.' <---> Output : variable 'belectron_nsip3d<10.?belectron_nsip3d:10.'
                         : Input : variable '(belectron_reliso<1.)?1:(belectron_reliso>10)?10:belectron_reliso' <---> Output : variable '(belectron_reliso<1.)?1:(belectron_reliso>10)?10:belectron_reliso'
                         : Input : variable 'belectron_ptwrtbjet<10.?belectron_ptwrtbjet:10.' <---> Output : variable 'belectron_ptwrtbjet<10.?belectron_ptwrtbjet:10.'
                         : Input : variable 'belectron_P_jetrest<10.?belectron_P_jetrest:10.' <---> Output : variable 'belectron_P_jetrest<10.?belectron_P_jetrest:10.'
                         : Input : variable 'bjet_charge*belectron_charge' <---> Output : variable 'bjet_charge*belectron_charge'
                         : Input : variable 'bjet_ChargedHadronEnergyFraction>0.35?bjet_ChargedHadronEnergyFraction:0.35' <---> Output : variable 'bjet_ChargedHadronEnergyFraction>0.35?bjet_ChargedHadronEnergyFraction:0.35'
                         : Input : variable 'bjet_NeutralHadronEnergyFraction>0.1?bjet_NeutralHadronEnergyFraction:0.1' <---> Output : variable 'bjet_NeutralHadronEnergyFraction>0.1?bjet_NeutralHadronEnergyFraction:0.1'
                         : Input : variable 'bjet_NeutralEmEnergyFraction>0.1?bjet_NeutralEmEnergyFraction:0.1' <---> Output : variable 'bjet_NeutralEmEnergyFraction>0.1?bjet_NeutralEmEnergyFraction:0.1'
                         : Input : variable 'bjet_ChargedEmEnergyFraction<0.3?bjet_ChargedEmEnergyFraction:0.3' <---> Output : variable 'bjet_ChargedEmEnergyFraction<0.3?bjet_ChargedEmEnergyFraction:0.3'
                         : Input : variable '(bjet_ChargedMultiplicity>20)?21:(bjet_ChargedMultiplicity<15)?14:bjet_ChargedMultiplicity' <---> Output : variable '(bjet_ChargedMultiplicity>20)?21:(bjet_ChargedMultiplicity<15)?14:bjet_ChargedMultiplicity'
                         : Input : variable 'bjet_NeutralMultiplicity>9?bjet_NeutralMultiplicity:9' <---> Output : variable 'bjet_NeutralMultiplicity>9?bjet_NeutralMultiplicity:9'
                         : Input : variable 'fabs(bjet_charge)' <---> Output : variable 'fabs(bjet_charge)'
TFHandler_Factory        :                                                                                   Variable                                                                                          Mean                                                                                          RMS                                                                                  [        Min                                                                                          Max ]
                         : -------------------------------------------------------------------------------------------------------------------------------------------------------------------------------------------------------------------------------------------------------------------------------------------------------------------------------------------------------------------------------------------------------------------------------------------------------------------------------------
                         :                                                  belectron_nsip3d<10.?belectron_nsip3d:10.:                                                                                      4.8556                                                                                      3.4799   [                                                                                   0.0030291                                                                                      10.000 ]
                         :                          (belectron_reliso<1.)?1:(belectron_reliso>10)?10:belectron_reliso:                                                                                      2.4067                                                                                      1.7655   [                                                                                      1.0000                                                                                      9.9814 ]
                         :                                            belectron_ptwrtbjet<10.?belectron_ptwrtbjet:10.:                                                                                      1.0085                                                                                     0.70113   [                                                                                      0.0000                                                                                      10.000 ]
                         :                                            belectron_P_jetrest<10.?belectron_P_jetrest:10.:                                                                                      1.5130                                                                                     0.90107   [                                                                                     -1.0000                                                                                      10.000 ]
                         :                                                               bjet_charge*belectron_charge:                                                                                     0.15893                                                                                     0.31819   [                                                                                    -0.99689                                                                                      1.0000 ]
                         :                bjet_ChargedHadronEnergyFraction>0.35?bjet_ChargedHadronEnergyFraction:0.35:                                                                                     0.51533                                                                                     0.15677   [                                                                                     0.35000                                                                                      1.0000 ]
                         :                  bjet_NeutralHadronEnergyFraction>0.1?bjet_NeutralHadronEnergyFraction:0.1:                                                                                     0.13035                                                                                    0.071988   [                                                                                     0.10000                                                                                     0.78773 ]
                         :                          bjet_NeutralEmEnergyFraction>0.1?bjet_NeutralEmEnergyFraction:0.1:                                                                                     0.23178                                                                                     0.13893   [                                                                                     0.10000                                                                                     0.93129 ]
                         :                          bjet_ChargedEmEnergyFraction<0.3?bjet_ChargedEmEnergyFraction:0.3:                                                                                     0.14506                                                                                     0.12584   [                                                                                      0.0000                                                                                     0.30000 ]
                         : (bjet_ChargedMultiplicity>20)?21:(bjet_ChargedMultiplicity<15)?14:bjet_ChargedMultiplicity:                                                                                      14.398                                                                                      1.2295   [                                                                                      14.000                                                                                      21.000 ]
                         :                                      bjet_NeutralMultiplicity>9?bjet_NeutralMultiplicity:9:                                                                                      11.203                                                                                      3.4772   [                                                                                      9.0000                                                                                      44.000 ]
                         :                                                                          fabs(bjet_charge):                                                                                     0.28899                                                                                     0.20734   [                                                                                  4.4259e-05                                                                                      1.0000 ]
                         : -------------------------------------------------------------------------------------------------------------------------------------------------------------------------------------------------------------------------------------------------------------------------------------------------------------------------------------------------------------------------------------------------------------------------------------------------------------------------------------
                         : Ranking input variables (method unspecific)...
IdTransformation         : Ranking result (top variable is best ranked)
                         : -------------------------------------------------------------------------------------------------------------------
                         : Rank : Variable                                                                                   : Separation
                         : -------------------------------------------------------------------------------------------------------------------
                         :    1 : bjet_charge*belectron_charge                                                               : 1.161e-01
                         :    2 : fabs(bjet_charge)                                                                          : 4.536e-02
                         :    3 : belectron_P_jetrest<10.?belectron_P_jetrest:10.                                            : 3.180e-02
                         :    4 : bjet_ChargedEmEnergyFraction<0.3?bjet_ChargedEmEnergyFraction:0.3                          : 3.092e-02
                         :    5 : (belectron_reliso<1.)?1:(belectron_reliso>10)?10:belectron_reliso                          : 2.582e-02
                         :    6 : belectron_ptwrtbjet<10.?belectron_ptwrtbjet:10.                                            : 2.116e-02
                         :    7 : bjet_ChargedHadronEnergyFraction>0.35?bjet_ChargedHadronEnergyFraction:0.35                : 1.130e-02
                         :    8 : bjet_NeutralEmEnergyFraction>0.1?bjet_NeutralEmEnergyFraction:0.1                          : 5.771e-03
                         :    9 : belectron_nsip3d<10.?belectron_nsip3d:10.                                                  : 3.928e-03
                         :   10 : bjet_NeutralMultiplicity>9?bjet_NeutralMultiplicity:9                                      : 3.769e-03
                         :   11 : bjet_NeutralHadronEnergyFraction>0.1?bjet_NeutralHadronEnergyFraction:0.1                  : 2.673e-03
                         :   12 : (bjet_ChargedMultiplicity>20)?21:(bjet_ChargedMultiplicity<15)?14:bjet_ChargedMultiplicity : 1.814e-03
                         : -------------------------------------------------------------------------------------------------------------------
Factory                  : Train method: BDT for Classification
                         : 
                         : Preparing the Gaussian transformation...
TFHandler_BDT            :                                                                                   Variable                                                                                          Mean                                                                                          RMS                                                                                  [        Min                                                                                          Max ]
                         : -------------------------------------------------------------------------------------------------------------------------------------------------------------------------------------------------------------------------------------------------------------------------------------------------------------------------------------------------------------------------------------------------------------------------------------------------------------------------------------
                         :                                                  belectron_nsip3d<10.?belectron_nsip3d:10.:                                                                                      1.1870                                                                                      2.4827   [                                                                                     -3.2569                                                                                      5.7307 ]
                         :                          (belectron_reliso<1.)?1:(belectron_reliso>10)?10:belectron_reliso:                                                                                    -0.89586                                                                                      1.6304   [                                                                                     -3.0690                                                                                      5.7307 ]
                         :                                            belectron_ptwrtbjet<10.?belectron_ptwrtbjet:10.:                                                                                   0.0029219                                                                                     0.99967   [                                                                                     -3.3423                                                                                      5.7307 ]
                         :                                            belectron_P_jetrest<10.?belectron_P_jetrest:10.:                                                                                   0.0073894                                                                                      1.0124   [                                                                                     -3.3947                                                                                      5.7307 ]
                         :                                                               bjet_charge*belectron_charge:                                                                                   0.0039584                                                                                      1.0020   [                                                                                     -3.3890                                                                                      5.4200 ]
                         :                bjet_ChargedHadronEnergyFraction>0.35?bjet_ChargedHadronEnergyFraction:0.35:                                                                                    -0.83297                                                                                      1.6070   [                                                                                     -3.0541                                                                                      5.7307 ]
                         :                  bjet_NeutralHadronEnergyFraction>0.1?bjet_NeutralHadronEnergyFraction:0.1:                                                                                     -2.0127                                                                                      1.4052   [                                                                                     -2.8459                                                                                      5.7307 ]
                         :                          bjet_NeutralEmEnergyFraction>0.1?bjet_NeutralEmEnergyFraction:0.1:                                                                                    -0.71069                                                                                      1.5486   [                                                                                     -3.0033                                                                                      5.7307 ]
                         :                          bjet_ChargedEmEnergyFraction<0.3?bjet_ChargedEmEnergyFraction:0.3:                                                                                     0.30880                                                                                      3.5072   [                                                                                     -3.1734                                                                                      5.7307 ]
                         : (bjet_ChargedMultiplicity>20)?21:(bjet_ChargedMultiplicity<15)?14:bjet_ChargedMultiplicity:                                                                                    -0.54927                                                                                     0.88587   [                                                                                    -0.81370                                                                                      5.7307 ]
                         :                                      bjet_NeutralMultiplicity>9?bjet_NeutralMultiplicity:9:                                                                                    -0.43169                                                                                     0.92541   [                                                                                     -1.1457                                                                                      5.7307 ]
                         :                                                                          fabs(bjet_charge):                                                                                   0.0053236                                                                                      1.0035   [                                                                                     -3.2750                                                                                      5.4200 ]
                         : -------------------------------------------------------------------------------------------------------------------------------------------------------------------------------------------------------------------------------------------------------------------------------------------------------------------------------------------------------------------------------------------------------------------------------------------------------------------------------------
                         : Events with weight == 0 are going to be simply ignored 
BDT                      : #events: (reweighted) sig: 10904.5 bkg: 10904.5
                         : #events: (unweighted) sig: 13624 bkg: 8185
                         : Training 800 Decision Trees ... patience please
                         : Elapsed time for training with 31873 events: 4.34 sec         
BDT                      : [FIN_BDT_2016postVFP] : Evaluation of BDT on training sample (31873 events)
                         : Elapsed time for evaluation of 31873 events: 2.53 sec       
                         : Creating xml weight file: [0;36mFIN_BDT_2016postVFP/weights/FIN_BDT_2016postVFP_BDT.weights.xml[0m
                         : Creating standalone class: [0;36mFIN_BDT_2016postVFP/weights/FIN_BDT_2016postVFP_BDT.class.C[0m
                         : FIN_BDT_2016postVFP.root:/FIN_BDT_2016postVFP/Method_BDT/BDT
Factory                  : Training finished
                         : 
                         : Ranking input variables (method specific)...
BDT                      : Ranking result (top variable is best ranked)
                         : ----------------------------------------------------------------------------------------------------------------------------
                         : Rank : Variable                                                                                   : Variable Importance
                         : ----------------------------------------------------------------------------------------------------------------------------
                         :    1 : bjet_charge*belectron_charge                                                               : 1.934e-01
                         :    2 : belectron_ptwrtbjet<10.?belectron_ptwrtbjet:10.                                            : 9.750e-02
                         :    3 : belectron_nsip3d<10.?belectron_nsip3d:10.                                                  : 8.846e-02
                         :    4 : bjet_ChargedEmEnergyFraction<0.3?bjet_ChargedEmEnergyFraction:0.3                          : 8.582e-02
                         :    5 : fabs(bjet_charge)                                                                          : 8.005e-02
                         :    6 : bjet_NeutralEmEnergyFraction>0.1?bjet_NeutralEmEnergyFraction:0.1                          : 7.774e-02
                         :    7 : (belectron_reliso<1.)?1:(belectron_reliso>10)?10:belectron_reliso                          : 7.627e-02
                         :    8 : bjet_ChargedHadronEnergyFraction>0.35?bjet_ChargedHadronEnergyFraction:0.35                : 7.430e-02
                         :    9 : belectron_P_jetrest<10.?belectron_P_jetrest:10.                                            : 7.243e-02
                         :   10 : bjet_NeutralMultiplicity>9?bjet_NeutralMultiplicity:9                                      : 6.444e-02
                         :   11 : bjet_NeutralHadronEnergyFraction>0.1?bjet_NeutralHadronEnergyFraction:0.1                  : 5.496e-02
                         :   12 : (bjet_ChargedMultiplicity>20)?21:(bjet_ChargedMultiplicity<15)?14:bjet_ChargedMultiplicity : 3.465e-02
                         : ----------------------------------------------------------------------------------------------------------------------------
Factory                  : === Destroy and recreate all methods via weight files for testing ===
                         : 
                         : Reading weight file: [0;36mFIN_BDT_2016postVFP/weights/FIN_BDT_2016postVFP_BDT.weights.xml[0m
Factory                  : [1mTest all methods[0m
Factory                  : Test method: BDT for Classification performance
                         : 
BDT                      : [FIN_BDT_2016postVFP] : Evaluation of BDT on testing sample (39822 events)
                         : Elapsed time for evaluation of 39822 events: 2.5 sec       
Factory                  : [1mEvaluate all methods[0m
Factory                  : Evaluate classifier: BDT
                         : 
TFHandler_BDT            :                                                                                   Variable                                                                                          Mean                                                                                          RMS                                                                                  [        Min                                                                                          Max ]
                         : -------------------------------------------------------------------------------------------------------------------------------------------------------------------------------------------------------------------------------------------------------------------------------------------------------------------------------------------------------------------------------------------------------------------------------------------------------------------------------------
                         :                                                  belectron_nsip3d<10.?belectron_nsip3d:10.:                                                                                      1.2059                                                                                      2.4984   [                                                                                     -3.2343                                                                                      5.7307 ]
                         :                          (belectron_reliso<1.)?1:(belectron_reliso>10)?10:belectron_reliso:                                                                                    -0.94613                                                                                      1.6503   [                                                                                     -3.0690                                                                                      5.7307 ]
                         :                                            belectron_ptwrtbjet<10.?belectron_ptwrtbjet:10.:                                                                                    0.058314                                                                                      1.0326   [                                                                                     -3.2399                                                                                      5.7307 ]
                         :                                            belectron_P_jetrest<10.?belectron_P_jetrest:10.:                                                                                    0.087889                                                                                      1.0411   [                                                                                     -3.0277                                                                                      5.7307 ]
                         :                                                               bjet_charge*belectron_charge:                                                                                    0.084225                                                                                      1.0042   [                                                                                     -3.3414                                                                                      5.4200 ]
                         :                bjet_ChargedHadronEnergyFraction>0.35?bjet_ChargedHadronEnergyFraction:0.35:                                                                                    -0.90888                                                                                      1.6126   [                                                                                     -3.0541                                                                                      5.7307 ]
                         :                  bjet_NeutralHadronEnergyFraction>0.1?bjet_NeutralHadronEnergyFraction:0.1:                                                                                     -2.0179                                                                                      1.4082   [                                                                                     -2.8459                                                                                      5.7307 ]
                         :                          bjet_NeutralEmEnergyFraction>0.1?bjet_NeutralEmEnergyFraction:0.1:                                                                                    -0.69304                                                                                      1.5589   [                                                                                     -3.0033                                                                                      5.7307 ]
                         :                          bjet_ChargedEmEnergyFraction<0.3?bjet_ChargedEmEnergyFraction:0.3:                                                                                     0.43890                                                                                      3.5819   [                                                                                     -3.1734                                                                                      5.7307 ]
                         : (bjet_ChargedMultiplicity>20)?21:(bjet_ChargedMultiplicity<15)?14:bjet_ChargedMultiplicity:                                                                                    -0.53457                                                                                     0.93918   [                                                                                    -0.81370                                                                                      5.7307 ]
                         :                                      bjet_NeutralMultiplicity>9?bjet_NeutralMultiplicity:9:                                                                                    -0.41783                                                                                     0.93163   [                                                                                     -1.1457                                                                                      5.7307 ]
                         :                                                                          fabs(bjet_charge):                                                                                    0.052893                                                                                      1.0177   [                                                                                     -3.3187                                                                                      5.4200 ]
                         : -------------------------------------------------------------------------------------------------------------------------------------------------------------------------------------------------------------------------------------------------------------------------------------------------------------------------------------------------------------------------------------------------------------------------------------------------------------------------------------
BDT                      : [FIN_BDT_2016postVFP] : Loop over test events and fill histograms with classifier response...
                         : 
TFHandler_BDT            :                                                                                   Variable                                                                                          Mean                                                                                          RMS                                                                                  [        Min                                                                                          Max ]
                         : -------------------------------------------------------------------------------------------------------------------------------------------------------------------------------------------------------------------------------------------------------------------------------------------------------------------------------------------------------------------------------------------------------------------------------------------------------------------------------------
                         :                                                  belectron_nsip3d<10.?belectron_nsip3d:10.:                                                                                      1.2059                                                                                      2.4984   [                                                                                     -3.2343                                                                                      5.7307 ]
                         :                          (belectron_reliso<1.)?1:(belectron_reliso>10)?10:belectron_reliso:                                                                                    -0.94613                                                                                      1.6503   [                                                                                     -3.0690                                                                                      5.7307 ]
                         :                                            belectron_ptwrtbjet<10.?belectron_ptwrtbjet:10.:                                                                                    0.058314                                                                                      1.0326   [                                                                                     -3.2399                                                                                      5.7307 ]
                         :                                            belectron_P_jetrest<10.?belectron_P_jetrest:10.:                                                                                    0.087889                                                                                      1.0411   [                                                                                     -3.0277                                                                                      5.7307 ]
                         :                                                               bjet_charge*belectron_charge:                                                                                    0.084225                                                                                      1.0042   [                                                                                     -3.3414                                                                                      5.4200 ]
                         :                bjet_ChargedHadronEnergyFraction>0.35?bjet_ChargedHadronEnergyFraction:0.35:                                                                                    -0.90888                                                                                      1.6126   [                                                                                     -3.0541                                                                                      5.7307 ]
                         :                  bjet_NeutralHadronEnergyFraction>0.1?bjet_NeutralHadronEnergyFraction:0.1:                                                                                     -2.0179                                                                                      1.4082   [                                                                                     -2.8459                                                                                      5.7307 ]
                         :                          bjet_NeutralEmEnergyFraction>0.1?bjet_NeutralEmEnergyFraction:0.1:                                                                                    -0.69304                                                                                      1.5589   [                                                                                     -3.0033                                                                                      5.7307 ]
                         :                          bjet_ChargedEmEnergyFraction<0.3?bjet_ChargedEmEnergyFraction:0.3:                                                                                     0.43890                                                                                      3.5819   [                                                                                     -3.1734                                                                                      5.7307 ]
                         : (bjet_ChargedMultiplicity>20)?21:(bjet_ChargedMultiplicity<15)?14:bjet_ChargedMultiplicity:                                                                                    -0.53457                                                                                     0.93918   [                                                                                    -0.81370                                                                                      5.7307 ]
                         :                                      bjet_NeutralMultiplicity>9?bjet_NeutralMultiplicity:9:                                                                                    -0.41783                                                                                     0.93163   [                                                                                     -1.1457                                                                                      5.7307 ]
                         :                                                                          fabs(bjet_charge):                                                                                    0.052893                                                                                      1.0177   [                                                                                     -3.3187                                                                                      5.4200 ]
                         : -------------------------------------------------------------------------------------------------------------------------------------------------------------------------------------------------------------------------------------------------------------------------------------------------------------------------------------------------------------------------------------------------------------------------------------------------------------------------------------
                         : 
                         : Evaluation results ranked by best signal efficiency and purity (area)
                         : -------------------------------------------------------------------------------------------------------------------
                         : DataSet       MVA                       
                         : Name:         Method:          ROC-integ
                         : FIN_BDT_2016postVFP BDT            : 0.710
                         : -------------------------------------------------------------------------------------------------------------------
                         : 
                         : Testing efficiency compared to training efficiency (overtraining check)
                         : -------------------------------------------------------------------------------------------------------------------
                         : DataSet              MVA              Signal efficiency: from test sample (from training sample) 
                         : Name:                Method:          @B=0.01             @B=0.10            @B=0.30   
                         : -------------------------------------------------------------------------------------------------------------------
                         : FIN_BDT_2016postVFP  BDT            : 0.074 (0.075)       0.322 (0.355)      0.602 (0.606)
                         : -------------------------------------------------------------------------------------------------------------------
                         : 
Dataset:FIN_BDT_2016po...: Created tree 'TestTree' with 39822 events
                         : 
Dataset:FIN_BDT_2016po...: Created tree 'TrainTree' with 31873 events
                         : 
Factory                  : [1mThank you for using TMVA![0m
                         : [1mFor citation information, please visit: http://tmva.sf.net/citeTMVA.html[0m
['bmuon_nsip3d<10. ? bmuon_nsip3d : 10.', 'bmuon_reliso < 10. ? bmuon_reliso : 10. ', 'bmuon_dR_l_j', 'bmuon_ptwrtbjet < 10. ? bmuon_ptwrtbjet : 10.', 'bmuon_P_jetrest < 10. ? bmuon_P_jetrest : 10.', 'bmuon_palongjet < 50. ? bmuon_palongjet : 50.', 'bjet_charge*bmuon_charge', 'bjet_ChargedHadronEnergyFraction > 0.2 ? bjet_ChargedHadronEnergyFraction : 0.2', 'bjet_NeutralHadronEnergyFraction > 0.06 ? bjet_NeutralHadronEnergyFraction : 0.06', 'bjet_NeutralEmEnergyFraction', 'bjet_MuonEnergyFraction > 0.08 ? bjet_MuonEnergyFraction : 0.08', '(bjet_ChargedMultiplicity > 19) ? 20 : (bjet_ChargedMultiplicity < 11) ? 11 : bjet_ChargedMultiplicity', 'bjet_NeutralMultiplicity', 'fabs(bjet_charge)'] ['belectron_nsip3d < 10. ? belectron_nsip3d : 10.', '(belectron_reliso < 1.) ? 1 : (belectron_reliso > 10 ) ? 10 : belectron_reliso', 'belectron_ptwrtbjet < 10. ? belectron_ptwrtbjet : 10.', 'belectron_P_jetrest < 10. ? belectron_P_jetrest : 10.', 'bjet_charge*belectron_charge', 'bjet_ChargedHadronEnergyFraction > 0.35 ? bjet_ChargedHadronEnergyFraction : 0.35', 'bjet_NeutralHadronEnergyFraction > 0.1 ? bjet_NeutralHadronEnergyFraction : 0.1', 'bjet_NeutralEmEnergyFraction > 0.1 ? bjet_NeutralEmEnergyFraction : 0.1', 'bjet_ChargedEmEnergyFraction < 0.3 ? bjet_ChargedEmEnergyFraction : 0.3', '(bjet_ChargedMultiplicity > 20) ? 21 : (bjet_ChargedMultiplicity < 15) ? 14 : bjet_ChargedMultiplicity', 'bjet_NeutralMultiplicity > 9 ? bjet_NeutralMultiplicity : 9', 'fabs(bjet_charge)'] ['bjet_ChargedHadronEnergyFraction', 'bjet_NeutralHadronEnergyFraction', 'bjet_NeutralEmEnergyFraction', '(bjet_ChargedMultiplicity > 19) ? 20 : (bjet_ChargedMultiplicity < 12) ? 11 : bjet_ChargedMultiplicity', 'bjet_NeutralMultiplicity > 4 ? bjet_NeutralMultiplicity : 4', 'fabs(bjet_charge)']
(bmuon_charge*bjet_partonFlavour < 0)&&Has_bMuon (bmuon_charge*bjet_partonFlavour > 0)&&Has_bMuon (belectron_charge*bjet_partonFlavour < 0)&&(Has_bElectron) (belectron_charge*bjet_partonFlavour > 0)&&(Has_bElectron) (bjet_charge*bjet_partonFlavour < 0)&&(!Has_bElectron)&&(!Has_bMuon) (bjet_charge*bjet_partonFlavour > 0)&&(!Has_bElectron)&&(!Has_bMuon)
sigcut= (belectron_charge*bjet_partonFlavour < 0)&&(Has_bElectron)
bkgcut= (belectron_charge*bjet_partonFlavour > 0)&&(Has_bElectron)
<sig cut>= (belectron_charge*bjet_partonFlavour < 0)&&(Has_bElectron)
<bkg cut>= (belectron_charge*bjet_partonFlavour > 0)&&(Has_bElectron)
---sig_test---
<self.testtree_sig> OutTree/sig
/pnfs/knu.ac.kr/data/cms/store/user/jhchoi/JetChargeTagScore/TMVA_TOOL/inputs/EEMu_MuMuE_Method/v2512.3/2016postVFP/EEMu_MuMuE_Method_DYJetsToEE_MiNNLO.root
/pnfs/knu.ac.kr/data/cms/store/user/jhchoi/JetChargeTagScore/TMVA_TOOL/inputs/EEMu_MuMuE_Method/v2512.3/2016postVFP/EEMu_MuMuE_Method_DYJetsToMuMu_MiNNLO.root
--bkg_test---
<self.testtree_bkg> OutTree/bkg
/pnfs/knu.ac.kr/data/cms/store/user/jhchoi/JetChargeTagScore/TMVA_TOOL/inputs/EEMu_MuMuE_Method/v2512.3/2016postVFP/EEMu_MuMuE_Method_DYJetsToEE_MiNNLO.root
/pnfs/knu.ac.kr/data/cms/store/user/jhchoi/JetChargeTagScore/TMVA_TOOL/inputs/EEMu_MuMuE_Method/v2512.3/2016postVFP/EEMu_MuMuE_Method_DYJetsToMuMu_MiNNLO.root
---sig_train---
<self.traintree_sig> OutTree/sig
/pnfs/knu.ac.kr/data/cms/store/user/jhchoi/JetChargeTagScore/TMVA_TOOL/inputs/EEMu_MuMuE_Method/v2512.3/2016postVFP/EEMu_MuMuE_Method_DYJets.root
---bkg_train---
<self.traintree_bkg> OutTree/bkg
/pnfs/knu.ac.kr/data/cms/store/user/jhchoi/JetChargeTagScore/TMVA_TOOL/inputs/EEMu_MuMuE_Method/v2512.3/2016postVFP/EEMu_MuMuE_Method_DYJets.root
>>>>self.dataloader.PrepareTrainingAndTestTree
Set sig cut -> (belectron_charge*bjet_partonFlavour < 0)&&(Has_bElectron)
Set bkg cut -> (belectron_charge*bjet_partonFlavour > 0)&&(Has_bElectron)
auc= 0.709673871440592
END of RUNNING...run_single
FIN_BDT_2016postVFP
FIN_BDT_2016postVFP.root
_condor_stderr
_condor_stdout
run.sh
tmp
var
myerr=0
[ntry=1]
