DataSetInfo              : [BDT_2016preVFP] : Added class "Signal"
                         : Add Tree OutTree/sig of type Signal with 471124 events
                         : Add Tree OutTree/sig of type Signal with 536163 events
DataSetInfo              : [BDT_2016preVFP] : Added class "Background"
                         : Add Tree OutTree/bkg of type Background with 289267 events
                         : Add Tree OutTree/bkg of type Background with 323995 events
Factory                  : Booking method: [1mBDT[0m
                         : 
                         : Parsing option string: 
                         : ... "!H:V:NTrees=1500:MinNodeSize=0.1%:MaxDepth=4:Shrinkage=0.01:BoostType=Grad:AdaBoostBeta=:UseBaggedBoost=True:BaggedSampleFraction=0.6:SeparationType=CrossEntropy:nCuts=80:IgnoreNegWeightsInTraining=True:VarTransform=G"
                         : The following options are set:
                         : - By User:
                         :     <none>
                         : - Default:
                         :     Boost_num: "0" [Number of times the classifier will be boosted]
                         : Parsing option string: 
                         : ... "!H:V:NTrees=1500:MinNodeSize=0.1%:MaxDepth=4:Shrinkage=0.01:BoostType=Grad:AdaBoostBeta=:UseBaggedBoost=True:BaggedSampleFraction=0.6:SeparationType=CrossEntropy:nCuts=80:IgnoreNegWeightsInTraining=True:VarTransform=G"
                         : The following options are set:
                         : - By User:
                         :     V: "True" [Verbose output (short form of "VerbosityLevel" below - overrides the latter one)]
                         :     VarTransform: "G" [List of variable transformations performed before training, e.g., "D_Background,P_Signal,G,N_AllClasses" for: "Decorrelation, PCA-transformation, Gaussianisation, Normalisation, each for the given class of events ('AllClasses' denotes all events of all classes, if no class indication is given, 'All' is assumed)"]
                         :     H: "False" [Print method-specific help message]
                         :     IgnoreNegWeightsInTraining: "True" [Events with negative weights are ignored in the training (but are included for testing and performance evaluation)]
                         :     NTrees: "1500" [Number of trees in the forest]
                         :     MaxDepth: "4" [Max depth of the decision tree allowed]
                         :     MinNodeSize: "0.1%" [Minimum percentage of training events required in a leaf node (default: Classification: 5%, Regression: 0.2%)]
                         :     nCuts: "80" [Number of grid points in variable range used in finding optimal cut in node splitting]
                         :     BoostType: "Grad" [Boosting type for the trees in the forest (note: AdaCost is still experimental)]
                         :     UseBaggedBoost: "True" [Use only a random subsample of all events for growing the trees in each boost iteration.]
                         :     Shrinkage: "1.000000e-02" [Learning rate for BoostType=Grad algorithm]
                         :     AdaBoostBeta: "5.000000e-01" [Learning rate  for AdaBoost algorithm]
                         :     BaggedSampleFraction: "6.000000e-01" [Relative size of bagged event sample to original size of the data sample (used whenever bagging is used (i.e. UseBaggedBoost, Bagging,)]
                         :     SeparationType: "CrossEntropy" [Separation criterion for node splitting]
                         : - Default:
                         :     VerbosityLevel: "Default" [Verbosity level]
                         :     CreateMVAPdfs: "False" [Create PDFs for classifier outputs (signal and background)]
                         :     AdaBoostR2Loss: "Quadratic" [Type of Loss function in AdaBoostR2]
                         :     UseRandomisedTrees: "False" [Determine at each node splitting the cut variable only as the best out of a random subset of variables (like in RandomForests)]
                         :     UseNvars: "3" [Size of the subset of variables used with RandomisedTree option]
                         :     UsePoissonNvars: "True" [Interpret "UseNvars" not as fixed number but as mean of a Poisson distribution in each split with RandomisedTree option]
                         :     UseYesNoLeaf: "True" [Use Sig or Bkg categories, or the purity=S/(S+B) as classification of the leaf node -> Real-AdaBoost]
                         :     NegWeightTreatment: "InverseBoostNegWeights" [How to treat events with negative weights in the BDT training (particular the boosting) : IgnoreInTraining;  Boost With inverse boostweight; Pair events with negative and positive weights in training sample and *annihilate* them (experimental!)]
                         :     Css: "1.000000e+00" [AdaCost: cost of true signal selected signal]
                         :     Cts_sb: "1.000000e+00" [AdaCost: cost of true signal selected bkg]
                         :     Ctb_ss: "1.000000e+00" [AdaCost: cost of true bkg    selected signal]
                         :     Cbb: "1.000000e+00" [AdaCost: cost of true bkg    selected bkg ]
                         :     NodePurityLimit: "5.000000e-01" [In boosting/pruning, nodes with purity > NodePurityLimit are signal; background otherwise.]
                         :     RegressionLossFunctionBDTG: "Huber" [Loss function for BDTG regression.]
                         :     HuberQuantile: "7.000000e-01" [In the Huber loss function this is the quantile that separates the core from the tails in the residuals distribution.]
                         :     DoBoostMonitor: "False" [Create control plot with ROC integral vs tree number]
                         :     UseFisherCuts: "False" [Use multivariate splits using the Fisher criterion]
                         :     MinLinCorrForFisher: "8.000000e-01" [The minimum linear correlation between two variables demanded for use in Fisher criterion in node splitting]
                         :     UseExclusiveVars: "False" [Variables already used in fisher criterion are not anymore analysed individually for node splitting]
                         :     DoPreselection: "False" [and and apply automatic pre-selection for 100% efficient signal (bkg) cuts prior to training]
                         :     SigToBkgFraction: "1.000000e+00" [Sig to Bkg ratio used in Training (similar to NodePurityLimit, which cannot be used in real adaboost]
                         :     PruneMethod: "NoPruning" [Note: for BDTs use small trees (e.g.MaxDepth=3) and NoPruning:  Pruning: Method used for pruning (removal) of statistically insignificant branches ]
                         :     PruneStrength: "0.000000e+00" [Pruning strength]
                         :     PruningValFraction: "5.000000e-01" [Fraction of events to use for optimizing automatic pruning.]
                         :     SkipNormalization: "False" [Skip normalization at initialization, to keep expectation value of BDT output according to the fraction of events]
                         :     nEventsMin: "0" [deprecated: Use MinNodeSize (in % of training events) instead]
                         :     UseBaggedGrad: "False" [deprecated: Use *UseBaggedBoost* instead:  Use only a random subsample of all events for growing the trees in each iteration.]
                         :     GradBaggingFraction: "6.000000e-01" [deprecated: Use *BaggedSampleFraction* instead: Defines the fraction of events to be used in each iteration, e.g. when UseBaggedGrad=kTRUE. ]
                         :     UseNTrainEvents: "0" [deprecated: Use *BaggedSampleFraction* instead: Number of randomly picked training events used in randomised (and bagged) trees]
                         :     NNodesMax: "0" [deprecated: Use MaxDepth instead to limit the tree size]
BDT                      : [BDT_2016preVFP] : Create Transformation "G" with events from all classes.
                         : 
                         : Transformation, Variable selection : 
                         : Input : variable 'bjet_ChargedHadronEnergyFraction<0.15?0.15:bjet_ChargedHadronEnergyFraction' <---> Output : variable 'bjet_ChargedHadronEnergyFraction<0.15?0.15:bjet_ChargedHadronEnergyFraction'
                         : Input : variable 'bjet_ChargedMultiplicity>30?30:bjet_ChargedMultiplicity' <---> Output : variable 'bjet_ChargedMultiplicity>30?30:bjet_ChargedMultiplicity'
                         : Input : variable 'bjet_NeutralEmEnergyFraction<0.1?0.1:bjet_NeutralEmEnergyFraction>0.7?0.7:bjet_NeutralEmEnergyFraction' <---> Output : variable 'bjet_NeutralEmEnergyFraction<0.1?0.1:bjet_NeutralEmEnergyFraction>0.7?0.7:bjet_NeutralEmEnergyFraction'
                         : Input : variable 'bjet_NeutralHadronEnergyFraction<0.1?0.1:bjet_NeutralHadronEnergyFraction>0.4?0.4:bjet_NeutralHadronEnergyFraction' <---> Output : variable 'bjet_NeutralHadronEnergyFraction<0.1?0.1:bjet_NeutralHadronEnergyFraction>0.4?0.4:bjet_NeutralHadronEnergyFraction'
                         : Input : variable 'bjet_NeutralMultiplicity>30?30:bjet_NeutralMultiplicity' <---> Output : variable 'bjet_NeutralMultiplicity>30?30:bjet_NeutralMultiplicity'
                         : Input : variable 'fabs(bjet_charge)' <---> Output : variable 'fabs(bjet_charge)'
                         : the option NegWeightTreatment=InverseBoostNegWeights does not exist for BoostType=Grad
                         : --> change to new default NegWeightTreatment=Pray
                         : Rebuilding Dataset BDT_2016preVFP
                         : Building event vectors for type 1 Signal
                         : Dataset[BDT_2016preVFP] :  create input formulas for tree sig
                         : Dataset[BDT_2016preVFP] :  create input formulas for tree sig
                         : Dataset[BDT_2016preVFP] :  create input formulas for tree sig
                         : Building event vectors for type 0 Signal
                         : Dataset[BDT_2016preVFP] :  create input formulas for tree sig
                         : Dataset[BDT_2016preVFP] :  create input formulas for tree sig
                         : Building event vectors for type 1 Background
                         : Dataset[BDT_2016preVFP] :  create input formulas for tree bkg
                         : Dataset[BDT_2016preVFP] :  create input formulas for tree bkg
                         : Dataset[BDT_2016preVFP] :  create input formulas for tree bkg
                         : Building event vectors for type 0 Background
                         : Dataset[BDT_2016preVFP] :  create input formulas for tree bkg
                         : Dataset[BDT_2016preVFP] :  create input formulas for tree bkg
DataSetFactory           : [BDT_2016preVFP] : Number of events in input trees
                         : Dataset[BDT_2016preVFP] :     Signal     requirement: "(bjet_charge*bjet_partonFlavour < 0)&&(!Has_bElectron)&&(!Has_bMuon)"
                         : Dataset[BDT_2016preVFP] :     Signal          -- number of events passed: 892085  / sum of weights: 515904
                         : Dataset[BDT_2016preVFP] :     Signal          -- efficiency             : 0.891751
                         : Dataset[BDT_2016preVFP] :     Background requirement: "(bjet_charge*bjet_partonFlavour > 0)&&(!Has_bElectron)&&(!Has_bMuon)"
                         : Dataset[BDT_2016preVFP] :     Background      -- number of events passed: 548453  / sum of weights: 313730
                         : Dataset[BDT_2016preVFP] :     Background      -- efficiency             : 0.899273
                         : Dataset[BDT_2016preVFP] :  you have opted for interpreting the requested number of training/testing events
                         :  to be the number of events AFTER your preselection cuts
                         : 
                         : Dataset[BDT_2016preVFP] :  you have opted for interpreting the requested number of training/testing events
                         :  to be the number of events AFTER your preselection cuts
                         : 
                         : Dataset[BDT_2016preVFP] : Weight renormalisation mode: "EqualNumEvents": renormalises all event classes ...
                         : Dataset[BDT_2016preVFP] :  such that the effective (weighted) number of events in each class is the same 
                         : Dataset[BDT_2016preVFP] :  (and equals the number of events (entries) given for class=0 )
                         : Dataset[BDT_2016preVFP] : ... i.e. such that Sum[i=1..N_j]{w_i} = N_classA, j=classA, classB, ...
                         : Dataset[BDT_2016preVFP] : ... (note that N_j is the sum of TRAINING events
                         : Dataset[BDT_2016preVFP] :  ..... Testing events are not renormalised nor included in the renormalisation factor!)
                         : Number of training and testing events
                         : ---------------------------------------------------------------------------
                         : Signal     -- training events            : 486847
                         : Signal     -- testing events             : 405238
                         : Signal     -- training and testing events: 892085
                         : Dataset[BDT_2016preVFP] : Signal     -- due to the preselection a scaling factor has been applied to the numbers of requested events: 0.885631
                         : Background -- training events            : 296495
                         : Background -- testing events             : 251958
                         : Background -- training and testing events: 548453
                         : Dataset[BDT_2016preVFP] : Background -- due to the preselection a scaling factor has been applied to the numbers of requested events: 0.894321
                         : 
DataSetInfo              : Correlation matrix (Signal):
                         : -----------------------------------------------------------------------------------------------------------------------------------------------------------------------------------------------------------------------------------------------------------------------------------------------------------------------------------------------------------------------------------------------------------------------------------------------------------------------------------------------------------------------------------------------------------
                         :                                                                                                                     bjet_ChargedHadronEnergyFraction_0.15_0.15:bjet_ChargedHadronEnergyFraction bjet_ChargedMultiplicity_30_30:bjet_ChargedMultiplicity bjet_NeutralEmEnergyFraction_0.1_0.1:bjet_NeutralEmEnergyFraction_0.7_0.7:bjet_NeutralEmEnergyFraction bjet_NeutralHadronEnergyFraction_0.1_0.1:bjet_NeutralHadronEnergyFraction_0.4_0.4:bjet_NeutralHadronEnergyFraction bjet_NeutralMultiplicity_30_30:bjet_NeutralMultiplicity fabs_bjet_charge_
                         :                                        bjet_ChargedHadronEnergyFraction_0.15_0.15:bjet_ChargedHadronEnergyFraction:                                                                      +1.000                                                  +0.440                                                                                                 -0.498                                                                                                             -0.477                                                  -0.137            -0.232
                         :                                                            bjet_ChargedMultiplicity_30_30:bjet_ChargedMultiplicity:                                                                      +0.440                                                  +1.000                                                                                                 -0.206                                                                                                             -0.352                                                  +0.225            -0.336
                         :             bjet_NeutralEmEnergyFraction_0.1_0.1:bjet_NeutralEmEnergyFraction_0.7_0.7:bjet_NeutralEmEnergyFraction:                                                                      -0.498                                                  -0.206                                                                                                 +1.000                                                                                                             -0.039                                                  +0.325            +0.027
                         : bjet_NeutralHadronEnergyFraction_0.1_0.1:bjet_NeutralHadronEnergyFraction_0.4_0.4:bjet_NeutralHadronEnergyFraction:                                                                      -0.477                                                  -0.352                                                                                                 -0.039                                                                                                             +1.000                                                  -0.003            +0.155
                         :                                                            bjet_NeutralMultiplicity_30_30:bjet_NeutralMultiplicity:                                                                      -0.137                                                  +0.225                                                                                                 +0.325                                                                                                             -0.003                                                  +1.000            -0.123
                         :                                                                                                  fabs_bjet_charge_:                                                                      -0.232                                                  -0.336                                                                                                 +0.027                                                                                                             +0.155                                                  -0.123            +1.000
                         : -----------------------------------------------------------------------------------------------------------------------------------------------------------------------------------------------------------------------------------------------------------------------------------------------------------------------------------------------------------------------------------------------------------------------------------------------------------------------------------------------------------------------------------------------------------
DataSetInfo              : Correlation matrix (Background):
                         : -----------------------------------------------------------------------------------------------------------------------------------------------------------------------------------------------------------------------------------------------------------------------------------------------------------------------------------------------------------------------------------------------------------------------------------------------------------------------------------------------------------------------------------------------------------
                         :                                                                                                                     bjet_ChargedHadronEnergyFraction_0.15_0.15:bjet_ChargedHadronEnergyFraction bjet_ChargedMultiplicity_30_30:bjet_ChargedMultiplicity bjet_NeutralEmEnergyFraction_0.1_0.1:bjet_NeutralEmEnergyFraction_0.7_0.7:bjet_NeutralEmEnergyFraction bjet_NeutralHadronEnergyFraction_0.1_0.1:bjet_NeutralHadronEnergyFraction_0.4_0.4:bjet_NeutralHadronEnergyFraction bjet_NeutralMultiplicity_30_30:bjet_NeutralMultiplicity fabs_bjet_charge_
                         :                                        bjet_ChargedHadronEnergyFraction_0.15_0.15:bjet_ChargedHadronEnergyFraction:                                                                      +1.000                                                  +0.505                                                                                                 -0.557                                                                                                             -0.553                                                  -0.136            -0.313
                         :                                                            bjet_ChargedMultiplicity_30_30:bjet_ChargedMultiplicity:                                                                      +0.505                                                  +1.000                                                                                                 -0.258                                                                                                             -0.427                                                  +0.241            -0.380
                         :             bjet_NeutralEmEnergyFraction_0.1_0.1:bjet_NeutralEmEnergyFraction_0.7_0.7:bjet_NeutralEmEnergyFraction:                                                                      -0.557                                                  -0.258                                                                                                 +1.000                                                                                                             -0.012                                                  +0.286            +0.108
                         : bjet_NeutralHadronEnergyFraction_0.1_0.1:bjet_NeutralHadronEnergyFraction_0.4_0.4:bjet_NeutralHadronEnergyFraction:                                                                      -0.553                                                  -0.427                                                                                                 -0.012                                                                                                             +1.000                                                  -0.032            +0.283
                         :                                                            bjet_NeutralMultiplicity_30_30:bjet_NeutralMultiplicity:                                                                      -0.136                                                  +0.241                                                                                                 +0.286                                                                                                             -0.032                                                  +1.000            -0.114
                         :                                                                                                  fabs_bjet_charge_:                                                                      -0.313                                                  -0.380                                                                                                 +0.108                                                                                                             +0.283                                                  -0.114            +1.000
                         : -----------------------------------------------------------------------------------------------------------------------------------------------------------------------------------------------------------------------------------------------------------------------------------------------------------------------------------------------------------------------------------------------------------------------------------------------------------------------------------------------------------------------------------------------------------
DataSetFactory           : [BDT_2016preVFP] :  
                         : 
Factory                  : [1mTrain all methods[0m
Factory                  : [BDT_2016preVFP] : Create Transformation "I" with events from all classes.
                         : 
                         : Transformation, Variable selection : 
                         : Input : variable 'bjet_ChargedHadronEnergyFraction<0.15?0.15:bjet_ChargedHadronEnergyFraction' <---> Output : variable 'bjet_ChargedHadronEnergyFraction<0.15?0.15:bjet_ChargedHadronEnergyFraction'
                         : Input : variable 'bjet_ChargedMultiplicity>30?30:bjet_ChargedMultiplicity' <---> Output : variable 'bjet_ChargedMultiplicity>30?30:bjet_ChargedMultiplicity'
                         : Input : variable 'bjet_NeutralEmEnergyFraction<0.1?0.1:bjet_NeutralEmEnergyFraction>0.7?0.7:bjet_NeutralEmEnergyFraction' <---> Output : variable 'bjet_NeutralEmEnergyFraction<0.1?0.1:bjet_NeutralEmEnergyFraction>0.7?0.7:bjet_NeutralEmEnergyFraction'
                         : Input : variable 'bjet_NeutralHadronEnergyFraction<0.1?0.1:bjet_NeutralHadronEnergyFraction>0.4?0.4:bjet_NeutralHadronEnergyFraction' <---> Output : variable 'bjet_NeutralHadronEnergyFraction<0.1?0.1:bjet_NeutralHadronEnergyFraction>0.4?0.4:bjet_NeutralHadronEnergyFraction'
                         : Input : variable 'bjet_NeutralMultiplicity>30?30:bjet_NeutralMultiplicity' <---> Output : variable 'bjet_NeutralMultiplicity>30?30:bjet_NeutralMultiplicity'
                         : Input : variable 'fabs(bjet_charge)' <---> Output : variable 'fabs(bjet_charge)'
TFHandler_Factory        :                                                                                                           Variable                                                                                                                  Mean                                                                                                                  RMS                                                                                                          [        Min                                                                                                                  Max ]
                         : -------------------------------------------------------------------------------------------------------------------------------------------------------------------------------------------------------------------------------------------------------------------------------------------------------------------------------------------------------------------------------------------------------------------------------------------------------------------------------------------------------------------------------------------------------------------------------------------------------------
                         :                                        bjet_ChargedHadronEnergyFraction<0.15?0.15:bjet_ChargedHadronEnergyFraction:                                                                                                             0.53728                                                                                                             0.21054   [                                                                                                             0.15000                                                                                                              1.0000 ]
                         :                                                            bjet_ChargedMultiplicity>30?30:bjet_ChargedMultiplicity:                                                                                                              9.5058                                                                                                              3.9171   [                                                                                                              0.0000                                                                                                              30.000 ]
                         :             bjet_NeutralEmEnergyFraction<0.1?0.1:bjet_NeutralEmEnergyFraction>0.7?0.7:bjet_NeutralEmEnergyFraction:                                                                                                             0.27854                                                                                                             0.15483   [                                                                                                             0.10000                                                                                                             0.70000 ]
                         : bjet_NeutralHadronEnergyFraction<0.1?0.1:bjet_NeutralHadronEnergyFraction>0.4?0.4:bjet_NeutralHadronEnergyFraction:                                                                                                             0.15594                                                                                                            0.092555   [                                                                                                             0.10000                                                                                                             0.40000 ]
                         :                                                            bjet_NeutralMultiplicity>30?30:bjet_NeutralMultiplicity:                                                                                                              10.429                                                                                                              4.9326   [                                                                                                              0.0000                                                                                                              30.000 ]
                         :                                                                                                  fabs(bjet_charge):                                                                                                             0.30093                                                                                                             0.23367   [                                                                                                          3.1119e-08                                                                                                              1.0000 ]
                         : -------------------------------------------------------------------------------------------------------------------------------------------------------------------------------------------------------------------------------------------------------------------------------------------------------------------------------------------------------------------------------------------------------------------------------------------------------------------------------------------------------------------------------------------------------------------------------------------------------------
                         : Ranking input variables (method unspecific)...
IdTransformation         : Ranking result (top variable is best ranked)
                         : -------------------------------------------------------------------------------------------------------------------------------------------
                         : Rank : Variable                                                                                                           : Separation
                         : -------------------------------------------------------------------------------------------------------------------------------------------
                         :    1 : fabs(bjet_charge)                                                                                                  : 2.780e-02
                         :    2 : bjet_ChargedMultiplicity>30?30:bjet_ChargedMultiplicity                                                            : 2.823e-03
                         :    3 : bjet_NeutralHadronEnergyFraction<0.1?0.1:bjet_NeutralHadronEnergyFraction>0.4?0.4:bjet_NeutralHadronEnergyFraction : 2.540e-03
                         :    4 : bjet_NeutralEmEnergyFraction<0.1?0.1:bjet_NeutralEmEnergyFraction>0.7?0.7:bjet_NeutralEmEnergyFraction             : 1.535e-03
                         :    5 : bjet_ChargedHadronEnergyFraction<0.15?0.15:bjet_ChargedHadronEnergyFraction                                        : 1.176e-03
                         :    6 : bjet_NeutralMultiplicity>30?30:bjet_NeutralMultiplicity                                                            : 5.227e-04
                         : -------------------------------------------------------------------------------------------------------------------------------------------
Factory                  : Train method: BDT for Classification
                         : 
                         : Preparing the Gaussian transformation...
TFHandler_BDT            :                                                                                                           Variable                                                                                                                  Mean                                                                                                                  RMS                                                                                                          [        Min                                                                                                                  Max ]
                         : -------------------------------------------------------------------------------------------------------------------------------------------------------------------------------------------------------------------------------------------------------------------------------------------------------------------------------------------------------------------------------------------------------------------------------------------------------------------------------------------------------------------------------------------------------------------------------------------------------------
                         :                                        bjet_ChargedHadronEnergyFraction<0.15?0.15:bjet_ChargedHadronEnergyFraction:                                                                                                            -0.21239                                                                                                              1.2504   [                                                                                                             -3.1257                                                                                                              5.4200 ]
                         :                                                            bjet_ChargedMultiplicity>30?30:bjet_ChargedMultiplicity:                                                                                                          -0.0070517                                                                                                              1.0108   [                                                                                                             -3.1539                                                                                                              5.7307 ]
                         :             bjet_NeutralEmEnergyFraction<0.1?0.1:bjet_NeutralEmEnergyFraction>0.7?0.7:bjet_NeutralEmEnergyFraction:                                                                                                            -0.34704                                                                                                              1.6036   [                                                                                                             -3.0552                                                                                                              5.7307 ]
                         : bjet_NeutralHadronEnergyFraction<0.1?0.1:bjet_NeutralHadronEnergyFraction>0.4?0.4:bjet_NeutralHadronEnergyFraction:                                                                                                             -1.2140                                                                                                              2.3282   [                                                                                                             -2.7896                                                                                                              5.7307 ]
                         :                                                            bjet_NeutralMultiplicity>30?30:bjet_NeutralMultiplicity:                                                                                                            0.014071                                                                                                              1.0263   [                                                                                                             -5.2093                                                                                                              5.4200 ]
                         :                                                                                                  fabs(bjet_charge):                                                                                                             0.12668                                                                                                              1.2897   [                                                                                                             -3.2135                                                                                                              5.7307 ]
                         : -------------------------------------------------------------------------------------------------------------------------------------------------------------------------------------------------------------------------------------------------------------------------------------------------------------------------------------------------------------------------------------------------------------------------------------------------------------------------------------------------------------------------------------------------------------------------------------------------------------
                         : Events with weight == 0 are going to be simply ignored 
BDT                      : #events: (reweighted) sig: 268922 bkg: 268922
                         : #events: (unweighted) sig: 334609 bkg: 203236
                         : Training 1500 Decision Trees ... patience please
                         : Elapsed time for training with 783342 events: 1.78e+03 sec         
BDT                      : [BDT_2016preVFP] : Evaluation of BDT on training sample (783342 events)
                         : Elapsed time for evaluation of 783342 events: 275 sec       
                         : Creating xml weight file: [0;36mBDT_2016preVFP/weights/BDT_2016preVFP_BDT.weights.xml[0m
                         : Creating standalone class: [0;36mBDT_2016preVFP/weights/BDT_2016preVFP_BDT.class.C[0m
                         : BDT_2016preVFP.root:/BDT_2016preVFP/Method_BDT/BDT
Factory                  : Training finished
                         : 
                         : Ranking input variables (method specific)...
BDT                      : Ranking result (top variable is best ranked)
                         : ----------------------------------------------------------------------------------------------------------------------------------------------------
                         : Rank : Variable                                                                                                           : Variable Importance
                         : ----------------------------------------------------------------------------------------------------------------------------------------------------
                         :    1 : fabs(bjet_charge)                                                                                                  : 2.361e-01
                         :    2 : bjet_ChargedHadronEnergyFraction<0.15?0.15:bjet_ChargedHadronEnergyFraction                                        : 1.822e-01
                         :    3 : bjet_NeutralEmEnergyFraction<0.1?0.1:bjet_NeutralEmEnergyFraction>0.7?0.7:bjet_NeutralEmEnergyFraction             : 1.610e-01
                         :    4 : bjet_ChargedMultiplicity>30?30:bjet_ChargedMultiplicity                                                            : 1.490e-01
                         :    5 : bjet_NeutralHadronEnergyFraction<0.1?0.1:bjet_NeutralHadronEnergyFraction>0.4?0.4:bjet_NeutralHadronEnergyFraction : 1.388e-01
                         :    6 : bjet_NeutralMultiplicity>30?30:bjet_NeutralMultiplicity                                                            : 1.328e-01
                         : ----------------------------------------------------------------------------------------------------------------------------------------------------
Factory                  : === Destroy and recreate all methods via weight files for testing ===
                         : 
                         : Reading weight file: [0;36mBDT_2016preVFP/weights/BDT_2016preVFP_BDT.weights.xml[0m
Factory                  : [1mTest all methods[0m
Factory                  : Test method: BDT for Classification performance
                         : 
BDT                      : [BDT_2016preVFP] : Evaluation of BDT on testing sample (657196 events)
                         : Elapsed time for evaluation of 657196 events: 186 sec       
Factory                  : [1mEvaluate all methods[0m
Factory                  : Evaluate classifier: BDT
                         : 
TFHandler_BDT            :                                                                                                           Variable                                                                                                                  Mean                                                                                                                  RMS                                                                                                          [        Min                                                                                                                  Max ]
                         : -------------------------------------------------------------------------------------------------------------------------------------------------------------------------------------------------------------------------------------------------------------------------------------------------------------------------------------------------------------------------------------------------------------------------------------------------------------------------------------------------------------------------------------------------------------------------------------------------------------
                         :                                        bjet_ChargedHadronEnergyFraction<0.15?0.15:bjet_ChargedHadronEnergyFraction:                                                                                                            -0.18960                                                                                                              1.2469   [                                                                                                             -3.1257                                                                                                              5.4852 ]
                         :                                                            bjet_ChargedMultiplicity>30?30:bjet_ChargedMultiplicity:                                                                                                            0.021197                                                                                                              1.0209   [                                                                                                             -3.1539                                                                                                              5.7307 ]
                         :             bjet_NeutralEmEnergyFraction<0.1?0.1:bjet_NeutralEmEnergyFraction>0.7?0.7:bjet_NeutralEmEnergyFraction:                                                                                                            -0.33820                                                                                                              1.6045   [                                                                                                             -3.0552                                                                                                              5.7307 ]
                         : bjet_NeutralHadronEnergyFraction<0.1?0.1:bjet_NeutralHadronEnergyFraction>0.4?0.4:bjet_NeutralHadronEnergyFraction:                                                                                                             -1.2412                                                                                                              2.3015   [                                                                                                             -2.7896                                                                                                              5.7307 ]
                         :                                                            bjet_NeutralMultiplicity>30?30:bjet_NeutralMultiplicity:                                                                                                            0.041175                                                                                                              1.0394   [                                                                                                             -5.2093                                                                                                              5.4200 ]
                         :                                                                                                  fabs(bjet_charge):                                                                                                             0.15634                                                                                                              1.2738   [                                                                                                             -3.2128                                                                                                              5.7307 ]
                         : -------------------------------------------------------------------------------------------------------------------------------------------------------------------------------------------------------------------------------------------------------------------------------------------------------------------------------------------------------------------------------------------------------------------------------------------------------------------------------------------------------------------------------------------------------------------------------------------------------------
BDT                      : [BDT_2016preVFP] : Loop over test events and fill histograms with classifier response...
                         : 
TFHandler_BDT            :                                                                                                           Variable                                                                                                                  Mean                                                                                                                  RMS                                                                                                          [        Min                                                                                                                  Max ]
                         : -------------------------------------------------------------------------------------------------------------------------------------------------------------------------------------------------------------------------------------------------------------------------------------------------------------------------------------------------------------------------------------------------------------------------------------------------------------------------------------------------------------------------------------------------------------------------------------------------------------
                         :                                        bjet_ChargedHadronEnergyFraction<0.15?0.15:bjet_ChargedHadronEnergyFraction:                                                                                                            -0.18960                                                                                                              1.2469   [                                                                                                             -3.1257                                                                                                              5.4852 ]
                         :                                                            bjet_ChargedMultiplicity>30?30:bjet_ChargedMultiplicity:                                                                                                            0.021197                                                                                                              1.0209   [                                                                                                             -3.1539                                                                                                              5.7307 ]
                         :             bjet_NeutralEmEnergyFraction<0.1?0.1:bjet_NeutralEmEnergyFraction>0.7?0.7:bjet_NeutralEmEnergyFraction:                                                                                                            -0.33820                                                                                                              1.6045   [                                                                                                             -3.0552                                                                                                              5.7307 ]
                         : bjet_NeutralHadronEnergyFraction<0.1?0.1:bjet_NeutralHadronEnergyFraction>0.4?0.4:bjet_NeutralHadronEnergyFraction:                                                                                                             -1.2412                                                                                                              2.3015   [                                                                                                             -2.7896                                                                                                              5.7307 ]
                         :                                                            bjet_NeutralMultiplicity>30?30:bjet_NeutralMultiplicity:                                                                                                            0.041175                                                                                                              1.0394   [                                                                                                             -5.2093                                                                                                              5.4200 ]
                         :                                                                                                  fabs(bjet_charge):                                                                                                             0.15634                                                                                                              1.2738   [                                                                                                             -3.2128                                                                                                              5.7307 ]
                         : -------------------------------------------------------------------------------------------------------------------------------------------------------------------------------------------------------------------------------------------------------------------------------------------------------------------------------------------------------------------------------------------------------------------------------------------------------------------------------------------------------------------------------------------------------------------------------------------------------------
                         : 
                         : Evaluation results ranked by best signal efficiency and purity (area)
                         : -------------------------------------------------------------------------------------------------------------------
                         : DataSet       MVA                       
                         : Name:         Method:          ROC-integ
                         : BDT_2016preVFP BDT            : 0.598
                         : -------------------------------------------------------------------------------------------------------------------
                         : 
                         : Testing efficiency compared to training efficiency (overtraining check)
                         : -------------------------------------------------------------------------------------------------------------------
                         : DataSet              MVA              Signal efficiency: from test sample (from training sample) 
                         : Name:                Method:          @B=0.01             @B=0.10            @B=0.30   
                         : -------------------------------------------------------------------------------------------------------------------
                         : BDT_2016preVFP       BDT            : 0.028 (0.033)       0.189 (0.199)      0.444 (0.452)
                         : -------------------------------------------------------------------------------------------------------------------
                         : 
Dataset:BDT_2016preVFP   : Created tree 'TestTree' with 657196 events
                         : 
Dataset:BDT_2016preVFP   : Created tree 'TrainTree' with 783342 events
                         : 
Factory                  : [1mThank you for using TMVA![0m
                         : [1mFor citation information, please visit: http://tmva.sf.net/citeTMVA.html[0m
['bmuon_dR_l_j < 0.05 ? 0.05 : bmuon_dR_l_j', 'bmuon_nsip3d > 10. ? 10. : bmuon_nsip3d', 'bmuon_P_jetrest < 1. ? 1 : bmuon_P_jetrest > 3. ? 3. : bmuon_P_jetrest', 'bmuon_palongjet > 10. ? 10. : bmuon_palongjet', 'bmuon_palongjetratio > 0.4 ? 0.4 : bmuon_palongjetratio', 'bmuon_ptwrtbjet < 0.5 ? 0.5 : bmuon_ptwrtbjet > 3. ? 3. : bmuon_ptwrtbjet', 'log10(1.+bmuon_reliso) > 1.2 ? 1.2 : log10(1.+bmuon_reliso)', 'bjet_ChargedHadronEnergyFraction < 0.1 ? 0.1 : bjet_ChargedHadronEnergyFraction > 0.9 ? 0.9 : bjet_ChargedHadronEnergyFraction', 'bjet_ChargedMultiplicity > 20 ? 20 : bjet_ChargedMultiplicity', 'bjet_MuonEnergyFraction < 0.2 ? 0.2 : bjet_MuonEnergyFraction > 0.5 ? 0.5 : bjet_MuonEnergyFraction', 'bjet_NeutralEmEnergyFraction < 0.15 ? 0.15 : bjet_NeutralEmEnergyFraction > 0.5 ? 0.5 : bjet_NeutralEmEnergyFraction', 'bjet_NeutralHadronEnergyFraction < 0.15 ? 0.15 : bjet_NeutralHadronEnergyFraction > 0.4 ? 0.4 : bjet_NeutralHadronEnergyFraction', 'bjet_NeutralMultiplicity > 25 ? 25 : bjet_NeutralMultiplicity', 'bjet_charge*bmuon_charge < -0.4 ? -0.4 : bjet_charge*bmuon_charge', 'fabs(bjet_charge)'] ['belectron_dR_l_j < 0.13 ? 0.13 : belectron_dR_l_j', 'belectron_P_jetrest < 0.8 ? 0.8 : belectron_P_jetrest > 1.5 ? 1.5 : belectron_P_jetrest', 'belectron_palongjet > 15.? 15. : belectron_palongjet', 'belectron_palongjetratio > 0.15 ? 0.15 : belectron_palongjetratio', 'belectron_ptwrtbjet < 0.8 ? 0.8 : belectron_ptwrtbjet > 1.2 ? 1.2 : belectron_ptwrtbjet', 'bjet_ChargedEmEnergyFraction > 0.2 ? 0.2 : bjet_ChargedEmEnergyFraction', 'bjet_ChargedHadronEnergyFraction < 0.3 ? 0.3 : bjet_ChargedHadronEnergyFraction > 0.7 ? 0.7 : bjet_ChargedHadronEnergyFraction', 'bjet_NeutralEmEnergyFraction < 0.2 ? 0.2 : bjet_NeutralEmEnergyFraction > 0.6 ? 0.6 : bjet_NeutralEmEnergyFraction', 'bjet_charge*belectron_charge < -0.4 ? -0.4 : bjet_charge*belectron_charge > 0.2 ? 0.2 : bjet_charge*belectron_charge', 'fabs(bjet_charge)'] ['bjet_ChargedHadronEnergyFraction < 0.15 ? 0.15 : bjet_ChargedHadronEnergyFraction', 'bjet_ChargedMultiplicity > 30 ? 30 : bjet_ChargedMultiplicity', 'bjet_NeutralEmEnergyFraction < 0.1 ? 0.1 : bjet_NeutralEmEnergyFraction > 0.7 ? 0.7 : bjet_NeutralEmEnergyFraction', 'bjet_NeutralHadronEnergyFraction < 0.1 ? 0.1 : bjet_NeutralHadronEnergyFraction > 0.4 ? 0.4 : bjet_NeutralHadronEnergyFraction', 'bjet_NeutralMultiplicity > 30 ? 30 : bjet_NeutralMultiplicity', 'fabs(bjet_charge)']
(bmuon_charge*bjet_partonFlavour < 0)&&Has_bMuon (bmuon_charge*bjet_partonFlavour > 0)&&Has_bMuon (belectron_charge*bjet_partonFlavour < 0)&&(Has_bElectron) (belectron_charge*bjet_partonFlavour > 0)&&(Has_bElectron) (bjet_charge*bjet_partonFlavour < 0)&&(!Has_bElectron)&&(!Has_bMuon) (bjet_charge*bjet_partonFlavour > 0)&&(!Has_bElectron)&&(!Has_bMuon)
sigcut= (bjet_charge*bjet_partonFlavour < 0)&&(!Has_bElectron)&&(!Has_bMuon)
bkgcut= (bjet_charge*bjet_partonFlavour > 0)&&(!Has_bElectron)&&(!Has_bMuon)
<sig cut>= (bjet_charge*bjet_partonFlavour < 0)&&(!Has_bElectron)&&(!Has_bMuon)
<bkg cut>= (bjet_charge*bjet_partonFlavour > 0)&&(!Has_bElectron)&&(!Has_bMuon)
---sig_test---
<self.testtree_sig> OutTree/sig
/data9/Users/jhchoi/Generate_BDT_Model/TMVA_TOOL/inputs/EEMu_MuMuE_Method/v2608.2/2016preVFP/EEMu_MuMuE_Method_DYJetsToEE_MiNNLO.root
/data9/Users/jhchoi/Generate_BDT_Model/TMVA_TOOL/inputs/EEMu_MuMuE_Method/v2608.2/2016preVFP/EEMu_MuMuE_Method_DYJetsToMuMu_MiNNLO.root
--bkg_test---
<self.testtree_bkg> OutTree/bkg
/data9/Users/jhchoi/Generate_BDT_Model/TMVA_TOOL/inputs/EEMu_MuMuE_Method/v2608.2/2016preVFP/EEMu_MuMuE_Method_DYJetsToEE_MiNNLO.root
/data9/Users/jhchoi/Generate_BDT_Model/TMVA_TOOL/inputs/EEMu_MuMuE_Method/v2608.2/2016preVFP/EEMu_MuMuE_Method_DYJetsToMuMu_MiNNLO.root
---sig_train---
<self.traintree_sig> OutTree/sig
/data9/Users/jhchoi/Generate_BDT_Model/TMVA_TOOL/inputs/EEMu_MuMuE_Method/v2608.2/2016preVFP/EEMu_MuMuE_Method_DYJets.root
---bkg_train---
<self.traintree_bkg> OutTree/bkg
/data9/Users/jhchoi/Generate_BDT_Model/TMVA_TOOL/inputs/EEMu_MuMuE_Method/v2608.2/2016preVFP/EEMu_MuMuE_Method_DYJets.root
>>>>self.dataloader.PrepareTrainingAndTestTree
Set sig cut -> (bjet_charge*bjet_partonFlavour < 0)&&(!Has_bElectron)&&(!Has_bMuon)
Set bkg cut -> (bjet_charge*bjet_partonFlavour > 0)&&(!Has_bElectron)&&(!Has_bMuon)
----AUC and Efficiency----
auc= 0.5981702813323707
BDT_2016preVFP BDT
B = 0.005 : 0.0150 (0.0170)
B = 0.010 : 0.0280 (0.0330)
B = 0.015 : 0.0390 (0.0450)
B = 0.020 : 0.0500 (0.0560)
B = 0.025 : 0.0600 (0.0650)
B = 0.030 : 0.0700 (0.0760)
B = 0.035 : 0.0800 (0.0860)
B = 0.040 : 0.0890 (0.0950)
B = 0.045 : 0.0980 (0.1050)
B = 0.050 : 0.1070 (0.1150)
B = 0.100 : 0.1890 (0.1990)
B = 0.200 : 0.3290 (0.3370)
B = 0.300 : 0.4440 (0.4520)
B = 0.400 : 0.5450 (0.5530)
B = 0.500 : 0.6370 (0.6470)
B = 0.600 : 0.7200 (0.7270)
END of RUNNING...run_single
myerr=0
[ntry=1]
