<sig cut>= (belectron_charge*bjet_partonFlavour < 0)&&(Has_bElectron)
<bkg cut>= (belectron_charge*bjet_partonFlavour > 0)&&(Has_bElectron)
_________________________________________________________________
Layer (type)                 Output Shape              Param #   
=================================================================
dense_1 (Dense)              (None, 48)                1248      
_________________________________________________________________
batch_normalization_1 (Batch (None, 48)                192       
_________________________________________________________________
activation_1 (Activation)    (None, 48)                0         
_________________________________________________________________
dropout_1 (Dropout)          (None, 48)                0         
_________________________________________________________________
dense_2 (Dense)              (None, 48)                2352      
_________________________________________________________________
batch_normalization_2 (Batch (None, 48)                192       
_________________________________________________________________
activation_2 (Activation)    (None, 48)                0         
_________________________________________________________________
dropout_2 (Dropout)          (None, 48)                0         
_________________________________________________________________
dense_3 (Dense)              (None, 48)                2352      
_________________________________________________________________
batch_normalization_3 (Batch (None, 48)                192       
_________________________________________________________________
activation_3 (Activation)    (None, 48)                0         
_________________________________________________________________
dropout_3 (Dropout)          (None, 48)                0         
_________________________________________________________________
dense_4 (Dense)              (None, 2)                 98        
_________________________________________________________________
activation_4 (Activation)    (None, 2)                 0         
=================================================================
Total params: 6,626
Trainable params: 6,338
Non-trainable params: 288
_________________________________________________________________
---sig_test---
<self.testtree_sig> OutTree/sig
/data6/Users/jhchoi/TMVA/TMVA_TOOL/inputs/EEMu_MuMuE_Method/v2405.4.3/2016preVFP/EEMu_MuMuE_Method_DYJetsToEE_MiNNLO.root
/data6/Users/jhchoi/TMVA/TMVA_TOOL/inputs/EEMu_MuMuE_Method/v2405.4.3/2016preVFP/EEMu_MuMuE_Method_DYJetsToMuMu_MiNNLO.root
--bkg_test---
<self.testtree_bkg> OutTree/bkg
/data6/Users/jhchoi/TMVA/TMVA_TOOL/inputs/EEMu_MuMuE_Method/v2405.4.3/2016preVFP/EEMu_MuMuE_Method_DYJetsToEE_MiNNLO.root
/data6/Users/jhchoi/TMVA/TMVA_TOOL/inputs/EEMu_MuMuE_Method/v2405.4.3/2016preVFP/EEMu_MuMuE_Method_DYJetsToMuMu_MiNNLO.root
---sig_train---
<self.traintree_sig> OutTree/sig
/data6/Users/jhchoi/TMVA/TMVA_TOOL/inputs/EEMu_MuMuE_Method/v2405.4.3/2016preVFP/EEMu_MuMuE_Method_DYJets.root
---bkg_train---
<self.traintree_bkg> OutTree/bkg
/data6/Users/jhchoi/TMVA/TMVA_TOOL/inputs/EEMu_MuMuE_Method/v2405.4.3/2016preVFP/EEMu_MuMuE_Method_DYJets.root
DataSetInfo              : [electron2016preVFP__3__48__600__0.1] : Added class "Signal"
                         : Add Tree OutTree/sig of type Signal with 473146 events
                         : Add Tree OutTree/sig of type Signal with 537532 events
DataSetInfo              : [electron2016preVFP__3__48__600__0.1] : Added class "Background"
                         : Add Tree OutTree/bkg of type Background with 338692 events
                         : Add Tree OutTree/bkg of type Background with 384801 events
>>>>self.dataloader.PrepareTrainingAndTestTree
Set sig cut -> (belectron_charge*bjet_partonFlavour < 0)&&(Has_bElectron)
Set bkg cut -> (belectron_charge*bjet_partonFlavour > 0)&&(Has_bElectron)
Factory                  : Booking method: [1mDNN[0m
                         : 
DNN                      : [electron2016preVFP__3__48__600__0.1] : Create Transformation "G" with events from all classes.
                         : 
                         : Transformation, Variable selection : 
                         : Input : variable 'belectron_P_jetrest' <---> Output : variable 'belectron_P_jetrest'
                         : Input : variable 'belectron_ptwrtbjet' <---> Output : variable 'belectron_ptwrtbjet'
                         : Input : variable 'belectron_dR_l_j' <---> Output : variable 'belectron_dR_l_j'
                         : Input : variable 'belectron_nsip3d' <---> Output : variable 'belectron_nsip3d'
                         : Input : variable 'belectron_reltrkiso' <---> Output : variable 'belectron_reltrkiso'
                         : Input : variable 'belectron_reliso' <---> Output : variable 'belectron_reliso'
                         : Input : variable 'belectron_palongjet' <---> Output : variable 'belectron_palongjet'
                         : Input : variable 'belectron_palongjetratio' <---> Output : variable 'belectron_palongjetratio'
                         : Input : variable 'belectron_pt' <---> Output : variable 'belectron_pt'
                         : Input : variable 'belectron_aeta' <---> Output : variable 'belectron_aeta'
                         : Input : variable 'belectron_full5x5sigmaietaieta' <---> Output : variable 'belectron_full5x5sigmaietaieta'
                         : Input : variable 'fabs(belectron_detaseed)' <---> Output : variable 'fabs(belectron_detaseed)'
                         : Input : variable 'belectron_HoverE' <---> Output : variable 'belectron_HoverE'
                         : Input : variable 'belectron_InvEminusInvP' <---> Output : variable 'belectron_InvEminusInvP'
                         : Input : variable 'bjet_charge*belectron_charge' <---> Output : variable 'bjet_charge*belectron_charge'
                         : Input : variable 'bjet_pt' <---> Output : variable 'bjet_pt'
                         : Input : variable 'bjet_aeta' <---> Output : variable 'bjet_aeta'
                         : Input : variable 'bjet_ChargedHadronEnergyFraction' <---> Output : variable 'bjet_ChargedHadronEnergyFraction'
                         : Input : variable 'bjet_NeutralHadronEnergyFraction' <---> Output : variable 'bjet_NeutralHadronEnergyFraction'
                         : Input : variable 'bjet_NeutralEmEnergyFraction' <---> Output : variable 'bjet_NeutralEmEnergyFraction'
                         : Input : variable 'bjet_ChargedEmEnergyFraction' <---> Output : variable 'bjet_ChargedEmEnergyFraction'
                         : Input : variable 'bjet_MuonEnergyFraction' <---> Output : variable 'bjet_MuonEnergyFraction'
                         : Input : variable 'fabs(bjet_charge)' <---> Output : variable 'fabs(bjet_charge)'
                         : Input : variable 'bjet_ChargedMultiplicity' <---> Output : variable 'bjet_ChargedMultiplicity'
                         : Input : variable 'bjet_NeutralMultiplicity' <---> Output : variable 'bjet_NeutralMultiplicity'
                         : Load model from file: model.h5
Factory                  : [1mTrain all methods[0m
DataSetFactory           : [electron2016preVFP__3__48__600__0.1] : Number of events in input trees
                         : Dataset[electron2016preVFP__3__48__600__0.1] :     Signal     requirement: "(belectron_charge*bjet_partonFlavour < 0)&&(Has_bElectron)"
                         : Dataset[electron2016preVFP__3__48__600__0.1] :     Signal          -- number of events passed: 55335  / sum of weights: 55335
                         : Dataset[electron2016preVFP__3__48__600__0.1] :     Signal          -- efficiency             : 0.0547504
                         : Dataset[electron2016preVFP__3__48__600__0.1] :     Background requirement: "(belectron_charge*bjet_partonFlavour > 0)&&(Has_bElectron)"
                         : Dataset[electron2016preVFP__3__48__600__0.1] :     Background      -- number of events passed: 33092  / sum of weights: 33092
                         : Dataset[electron2016preVFP__3__48__600__0.1] :     Background      -- efficiency             : 0.0457392
                         : Dataset[electron2016preVFP__3__48__600__0.1] :  you have opted for interpreting the requested number of training/testing events
                         :  to be the number of events AFTER your preselection cuts
                         : 
                         : Dataset[electron2016preVFP__3__48__600__0.1] :  you have opted for interpreting the requested number of training/testing events
                         :  to be the number of events AFTER your preselection cuts
                         : 
                         : Dataset[electron2016preVFP__3__48__600__0.1] : Weight renormalisation mode: "EqualNumEvents": renormalises all event classes ...
                         : Dataset[electron2016preVFP__3__48__600__0.1] :  such that the effective (weighted) number of events in each class is the same 
                         : Dataset[electron2016preVFP__3__48__600__0.1] :  (and equals the number of events (entries) given for class=0 )
                         : Dataset[electron2016preVFP__3__48__600__0.1] : ... i.e. such that Sum[i=1..N_j]{w_i} = N_classA, j=classA, classB, ...
                         : Dataset[electron2016preVFP__3__48__600__0.1] : ... (note that N_j is the sum of TRAINING events
                         : Dataset[electron2016preVFP__3__48__600__0.1] :  ..... Testing events are not renormalised nor included in the renormalisation factor!)
                         : Number of training and testing events
                         : ---------------------------------------------------------------------------
                         : Signal     -- training events            : 23979
                         : Signal     -- testing events             : 31356
                         : Signal     -- training and testing events: 55335
                         : Dataset[electron2016preVFP__3__48__600__0.1] : Signal     -- due to the preselection a scaling factor has been applied to the numbers of requested events: 0.0547504
                         : Background -- training events            : 14279
                         : Background -- testing events             : 18813
                         : Background -- training and testing events: 33092
                         : Dataset[electron2016preVFP__3__48__600__0.1] : Background -- due to the preselection a scaling factor has been applied to the numbers of requested events: 0.0457392
                         : 
DataSetInfo              : Correlation matrix (Signal):
                         : -------------------------------------------------------------------------------------------------------------------------------------------------------------------------------------------------------------------------------------------------------------------------------------------------------------------------------------------------------------------------------------------------------------------------------------------------------------------------------------------------------------------------------------------------------------------------------------------------
                         :                                   belectron_P_jetrest belectron_ptwrtbjet belectron_dR_l_j belectron_nsip3d belectron_reltrkiso belectron_reliso belectron_palongjet belectron_palongjetratio belectron_pt belectron_aeta belectron_full5x5sigmaietaieta fabs(belectron_detaseed) belectron_HoverE belectron_InvEminusInvP bjet_charge*belectron_charge bjet_pt bjet_aeta bjet_ChargedHadronEnergyFraction bjet_NeutralHadronEnergyFraction bjet_NeutralEmEnergyFraction bjet_ChargedEmEnergyFraction bjet_MuonEnergyFraction fabs(bjet_charge) bjet_ChargedMultiplicity bjet_NeutralMultiplicity
                         :              belectron_P_jetrest:              +1.000              +0.753           +0.025           +0.019              -0.332           -0.414              +0.624                   +0.530       +0.785         -0.004                         -0.080                   -0.055           -0.127                  -0.119                       +0.167  +0.573    +0.006                           -0.197                           -0.039                       -0.035                       +0.227                  +0.010            +0.171                   +0.107                   +0.072
                         :              belectron_ptwrtbjet:              +0.753              +1.000           +0.492           +0.045              -0.176           -0.210              +0.258                   +0.147       +0.328         +0.001                         -0.070                   -0.050           -0.089                  -0.052                       +0.047  +0.326    -0.000                           -0.094                           +0.001                       -0.023                       +0.067                  +0.094            +0.068                   +0.075                   +0.029
                         :                 belectron_dR_l_j:              +0.025              +0.492           +1.000           +0.074              +0.129           +0.185              -0.296                   -0.450       -0.355         -0.001                         +0.006                   -0.016           -0.047                  +0.066                       -0.145  -0.174    +0.001                           +0.108                           +0.061                       +0.011                       -0.203                  +0.155            -0.100                   +0.052                   -0.005
                         :                 belectron_nsip3d:              +0.019              +0.045           +0.074           +1.000              -0.059           -0.007              -0.023                   -0.018       -0.022         +0.004                         -0.007                   +0.022           -0.003                  +0.032                       -0.007  -0.018    -0.006                           -0.026                           +0.010                       +0.031                       -0.007                  +0.009            -0.002                   -0.013                   +0.018
                         :              belectron_reltrkiso:              -0.332              -0.176           +0.129           -0.059              +1.000           +0.645              -0.250                   -0.552       -0.273         +0.014                         +0.069                   +0.082           +0.318                  +0.130                       -0.277  +0.131    -0.073                           +0.365                           -0.037                       -0.114                       -0.332                  +0.204            -0.212                   +0.280                   +0.071
                         :                 belectron_reliso:              -0.414              -0.210           +0.185           -0.007              +0.645           +1.000              -0.348                   -0.704       -0.348         +0.006                         -0.001                   +0.072           +0.387                  +0.221                       -0.298  +0.162    -0.152                           +0.267                           +0.129                       +0.175                       -0.412                  -0.069            -0.257                   +0.276                   +0.270
                         :              belectron_palongjet:              +0.624              +0.258           -0.296           -0.023              -0.250           -0.348              +1.000                   +0.515       +0.757         -0.003                         +0.313                   +0.070           -0.038                  -0.156                       +0.135  +0.494    +0.454                           -0.183                           +0.011                       -0.050                       +0.225                  -0.046            +0.137                   -0.060                   -0.099
                         :         belectron_palongjetratio:              +0.530              +0.147           -0.450           -0.018              -0.552           -0.704              +0.515                   +1.000       +0.595         -0.004                         -0.120                   -0.125           -0.268                  -0.199                       +0.393  +0.003    +0.027                           -0.399                           -0.136                       -0.181                       +0.635                  -0.144            +0.356                   -0.320                   -0.272
                         :                     belectron_pt:              +0.785              +0.328           -0.355           -0.022              -0.273           -0.348              +0.757                   +0.595       +1.000         -0.002                         -0.060                   -0.040           -0.056                  -0.126                       +0.185  +0.691    -0.006                           -0.177                           -0.066                       +0.002                       +0.223                  -0.060            +0.179                   +0.015                   +0.037
                         :                   belectron_aeta:              -0.004              +0.001           -0.001           +0.004              +0.014           +0.006              -0.003                   -0.004       -0.002         +1.000                         +0.004                   +0.013           +0.006                  -0.001                       +0.003  -0.006    +0.001                           -0.004                           +0.005                       -0.004                       +0.002                  +0.007            -0.003                   -0.007                   -0.000
                         :   belectron_full5x5sigmaietaieta:              -0.080              -0.070           +0.006           -0.007              +0.069           -0.001              +0.313                   -0.120       -0.060         +0.004                         +1.000                   +0.319           +0.086                  -0.022                       -0.080  -0.005    +0.696                           +0.082                           +0.104                       -0.015                       -0.123                  +0.019            -0.073                   -0.012                   -0.198
                         :         fabs(belectron_detaseed):              -0.055              -0.050           -0.016           +0.022              +0.082           +0.072              +0.070                   -0.125       -0.040         +0.013                         +0.319                   +1.000           +0.060                  +0.254                       -0.131  +0.033    +0.224                           +0.090                           +0.046                       +0.140                       -0.213                  +0.008            -0.110                   +0.073                   +0.082
                         :                 belectron_HoverE:              -0.127              -0.089           -0.047           -0.003              +0.318           +0.387              -0.038                   -0.268       -0.056         +0.006                         +0.086                   +0.060           +1.000                  +0.066                       -0.075  +0.245    +0.041                           +0.056                           +0.294                       -0.103                       -0.107                  -0.014            -0.057                   +0.082                   +0.054
                         :          belectron_InvEminusInvP:              -0.119              -0.052           +0.066           +0.032              +0.130           +0.221              -0.156                   -0.199       -0.126         -0.001                         -0.022                   +0.254           +0.066                  +1.000                       -0.185  -0.025    -0.154                           +0.105                           -0.026                       +0.252                       -0.278                  +0.011            -0.148                   +0.113                   +0.149
                         :     bjet_charge*belectron_charge:              +0.167              +0.047           -0.145           -0.007              -0.277           -0.298              +0.135                   +0.393       +0.185         +0.003                         -0.080                   -0.131           -0.075                  -0.185                       +1.000  -0.055    -0.009                           -0.218                           -0.013                       -0.065                       +0.299                  -0.093            +0.726                   -0.213                   -0.129
                         :                          bjet_pt:              +0.573              +0.326           -0.174           -0.018              +0.131           +0.162              +0.494                   +0.003       +0.691         -0.006                         -0.005                   +0.033           +0.245                  -0.025                       -0.055  +1.000    -0.044                           +0.022                           +0.033                       +0.100                       -0.136                  +0.063            -0.012                   +0.336                   +0.310
                         :                        bjet_aeta:              +0.006              -0.000           +0.001           -0.006              -0.073           -0.152              +0.454                   +0.027       -0.006         +0.001                         +0.696                   +0.224           +0.041                  -0.154                       -0.009  -0.044    +1.000                           -0.053                           +0.146                       -0.114                       +0.059                  +0.019            +0.004                   -0.148                   -0.147
                         : bjet_ChargedHadronEnergyFraction:              -0.197              -0.094           +0.108           -0.026              +0.365           +0.267              -0.183                   -0.399       -0.177         -0.004                         +0.082                   +0.090           +0.056                  +0.105                       -0.218  +0.022    -0.053                           +1.000                           -0.334                       -0.088                       -0.646                  -0.208            -0.276                   +0.417                   +0.013
                         : bjet_NeutralHadronEnergyFraction:              -0.039              +0.001           +0.061           +0.010              -0.037           +0.129              +0.011                   -0.136       -0.066         +0.005                         +0.104                   +0.046           +0.294                  -0.026                       -0.013  +0.033    +0.146                           -0.334                           +1.000                       -0.200                       +0.035                  -0.074            -0.007                   -0.157                   +0.072
                         :     bjet_NeutralEmEnergyFraction:              -0.035              -0.023           +0.011           +0.031              -0.114           +0.175              -0.050                   -0.181       +0.002         -0.004                         -0.015                   +0.140           -0.103                  +0.252                       -0.065  +0.100    -0.114                           -0.088                           -0.200                       +1.000                       -0.500                  -0.137            -0.081                   -0.015                   +0.476
                         :     bjet_ChargedEmEnergyFraction:              +0.227              +0.067           -0.203           -0.007              -0.332           -0.412              +0.225                   +0.635       +0.223         +0.002                         -0.123                   -0.213           -0.107                  -0.278                       +0.299  -0.136    +0.059                           -0.646                           +0.035                       -0.500                       +1.000                  -0.086            +0.289                   -0.302                   -0.361
                         :          bjet_MuonEnergyFraction:              +0.010              +0.094           +0.155           +0.009              +0.204           -0.069              -0.046                   -0.144       -0.060         +0.007                         +0.019                   +0.008           -0.014                  +0.011                       -0.093  +0.063    +0.019                           -0.208                           -0.074                       -0.137                       -0.086                  +1.000            +0.085                   -0.028                   -0.079
                         :                fabs(bjet_charge):              +0.171              +0.068           -0.100           -0.002              -0.212           -0.257              +0.137                   +0.356       +0.179         -0.003                         -0.073                   -0.110           -0.057                  -0.148                       +0.726  -0.012    +0.004                           -0.276                           -0.007                       -0.081                       +0.289                  +0.085            +1.000                   -0.265                   -0.134
                         :         bjet_ChargedMultiplicity:              +0.107              +0.075           +0.052           -0.013              +0.280           +0.276              -0.060                   -0.320       +0.015         -0.007                         -0.012                   +0.073           +0.082                  +0.113                       -0.213  +0.336    -0.148                           +0.417                           -0.157                       -0.015                       -0.302                  -0.028            -0.265                   +1.000                   +0.258
                         :         bjet_NeutralMultiplicity:              +0.072              +0.029           -0.005           +0.018              +0.071           +0.270              -0.099                   -0.272       +0.037         -0.000                         -0.198                   +0.082           +0.054                  +0.149                       -0.129  +0.310    -0.147                           +0.013                           +0.072                       +0.476                       -0.361                  -0.079            -0.134                   +0.258                   +1.000
                         : -------------------------------------------------------------------------------------------------------------------------------------------------------------------------------------------------------------------------------------------------------------------------------------------------------------------------------------------------------------------------------------------------------------------------------------------------------------------------------------------------------------------------------------------------------------------------------------------------
DataSetInfo              : Correlation matrix (Background):
                         : -------------------------------------------------------------------------------------------------------------------------------------------------------------------------------------------------------------------------------------------------------------------------------------------------------------------------------------------------------------------------------------------------------------------------------------------------------------------------------------------------------------------------------------------------------------------------------------------------
                         :                                   belectron_P_jetrest belectron_ptwrtbjet belectron_dR_l_j belectron_nsip3d belectron_reltrkiso belectron_reliso belectron_palongjet belectron_palongjetratio belectron_pt belectron_aeta belectron_full5x5sigmaietaieta fabs(belectron_detaseed) belectron_HoverE belectron_InvEminusInvP bjet_charge*belectron_charge bjet_pt bjet_aeta bjet_ChargedHadronEnergyFraction bjet_NeutralHadronEnergyFraction bjet_NeutralEmEnergyFraction bjet_ChargedEmEnergyFraction bjet_MuonEnergyFraction fabs(bjet_charge) bjet_ChargedMultiplicity bjet_NeutralMultiplicity
                         :              belectron_P_jetrest:              +1.000              +0.785           +0.091           +0.027              -0.309           -0.392              +0.662                   +0.556       +0.800         +0.000                         -0.007                   +0.012           -0.087                  -0.056                       +0.142  +0.558    +0.050                           -0.176                           -0.013                       +0.037                       +0.175                  +0.002            +0.090                   +0.143                   +0.109
                         :              belectron_ptwrtbjet:              +0.785              +1.000           +0.507           +0.058              -0.188           -0.228              +0.340                   +0.224       +0.392         +0.011                         +0.011                   +0.023           -0.072                  +0.017                       +0.038  +0.346    +0.047                           -0.107                           -0.005                       +0.031                       +0.051                  +0.078            +0.059                   +0.105                   +0.060
                         :                 belectron_dR_l_j:              +0.091              +0.507           +1.000           +0.133              +0.077           +0.119              -0.235                   -0.368       -0.291         +0.021                         +0.038                   +0.029           -0.054                  +0.095                       -0.096  -0.130    +0.031                           +0.054                           +0.025                       -0.009                       -0.162                  +0.155            +0.006                   +0.055                   +0.006
                         :                 belectron_nsip3d:              +0.027              +0.058           +0.133           +1.000              -0.070           -0.008              -0.025                   -0.027       -0.025         +0.005                         -0.002                   +0.020           -0.005                  +0.040                       -0.007  -0.016    -0.015                           -0.031                           +0.021                       +0.029                       -0.013                  +0.017            -0.003                   -0.008                   +0.017
                         :              belectron_reltrkiso:              -0.309              -0.188           +0.077           -0.070              +1.000           +0.585              -0.243                   -0.522       -0.254         +0.007                         +0.015                   +0.014           +0.208                  +0.086                       -0.300  +0.136    -0.096                           +0.304                           -0.078                       -0.194                       -0.261                  +0.219            -0.033                   +0.229                   +0.006
                         :                 belectron_reliso:              -0.392              -0.228           +0.119           -0.008              +0.585           +1.000              -0.347                   -0.678       -0.329         +0.008                         -0.079                   -0.008           +0.274                  +0.185                       -0.252  +0.159    -0.190                           +0.205                           +0.115                       +0.098                       -0.311                  -0.127            -0.101                   +0.250                   +0.236
                         :              belectron_palongjet:              +0.662              +0.340           -0.235           -0.025              -0.243           -0.347              +1.000                   +0.557       +0.790         -0.005                         +0.323                   +0.065           -0.021                  -0.162                       +0.108  +0.475    +0.438                           -0.173                           +0.024                       -0.007                       +0.211                  -0.038            +0.081                   -0.026                   -0.085
                         :         belectron_palongjetratio:              +0.556              +0.224           -0.368           -0.027              -0.522           -0.678              +0.557                   +1.000       +0.620         -0.009                         -0.038                   -0.028           -0.187                  -0.135                       +0.316  +0.011    +0.063                           -0.303                           -0.090                       -0.062                       +0.525                  -0.123            +0.149                   -0.269                   -0.214
                         :                     belectron_pt:              +0.800              +0.392           -0.291           -0.025              -0.254           -0.329              +0.790                   +0.620       +1.000         -0.006                         -0.028                   -0.010           -0.034                  -0.096                       +0.133  +0.644    +0.021                           -0.162                           -0.035                       +0.059                       +0.185                  -0.053            +0.082                   +0.052                   +0.062
                         :                   belectron_aeta:              +0.000              +0.011           +0.021           +0.005              +0.007           +0.008              -0.005                   -0.009       -0.006         +1.000                         +0.016                   +0.009           +0.011                  +0.002                       -0.001  -0.007    +0.013                           +0.000                           +0.010                       +0.003                       -0.013                  +0.006            +0.002                   -0.001                   -0.016
                         :   belectron_full5x5sigmaietaieta:              -0.007              +0.011           +0.038           -0.002              +0.015           -0.079              +0.323                   -0.038       -0.028         +0.016                         +1.000                   +0.195           +0.072                  -0.103                       -0.026  -0.018    +0.706                           +0.041                           +0.077                       -0.075                       -0.035                  +0.014            -0.002                   -0.036                   -0.255
                         :         fabs(belectron_detaseed):              +0.012              +0.023           +0.029           +0.020              +0.014           -0.008              +0.065                   -0.028       -0.010         +0.009                         +0.195                   +1.000           +0.009                  +0.144                       -0.058  +0.008    +0.173                           +0.032                           +0.008                       +0.057                       -0.084                  -0.012            -0.027                   +0.028                   +0.040
                         :                 belectron_HoverE:              -0.087              -0.072           -0.054           -0.005              +0.208           +0.274              -0.021                   -0.187       -0.034         +0.011                         +0.072                   +0.009           +1.000                  +0.100                       -0.069  +0.188    +0.040                           +0.000                           +0.254                       -0.126                       -0.024                  -0.029            -0.002                   +0.034                   +0.015
                         :          belectron_InvEminusInvP:              -0.056              +0.017           +0.095           +0.040              +0.086           +0.185              -0.162                   -0.135       -0.096         +0.002                         -0.103                   +0.144           +0.100                  +1.000                       -0.151  -0.023    -0.217                           +0.056                           -0.037                       +0.217                       -0.216                  -0.023            -0.054                   +0.107                   +0.125
                         :     bjet_charge*belectron_charge:              +0.142              +0.038           -0.096           -0.007              -0.300           -0.252              +0.108                   +0.316       +0.133         -0.001                         -0.026                   -0.058           -0.069                  -0.151                       +1.000  -0.068    +0.013                           -0.133                           +0.025                       +0.047                       +0.189                  -0.158            +0.264                   -0.067                   -0.012
                         :                          bjet_pt:              +0.558              +0.346           -0.130           -0.016              +0.136           +0.159              +0.475                   +0.011       +0.644         -0.007                         -0.018                   +0.008           +0.188                  -0.023                       -0.068  +1.000    -0.039                           -0.029                           +0.046                       +0.082                       -0.101                  +0.060            +0.030                   +0.364                   +0.315
                         :                        bjet_aeta:              +0.050              +0.047           +0.031           -0.015              -0.096           -0.190              +0.438                   +0.063       +0.021         +0.013                         +0.706                   +0.173           +0.040                  -0.217                       +0.013  -0.039    +1.000                           -0.060                           +0.119                       -0.120                       +0.088                  +0.026            +0.043                   -0.131                   -0.151
                         : bjet_ChargedHadronEnergyFraction:              -0.176              -0.107           +0.054           -0.031              +0.304           +0.205              -0.173                   -0.303       -0.162         +0.000                         +0.041                   +0.032           +0.000                  +0.056                       -0.133  -0.029    -0.060                           +1.000                           -0.398                       -0.161                       -0.588                  -0.286            -0.210                   +0.385                   -0.048
                         : bjet_NeutralHadronEnergyFraction:              -0.013              -0.005           +0.025           +0.021              -0.078           +0.115              +0.024                   -0.090       -0.035         +0.010                         +0.077                   +0.008           +0.254                  -0.037                       +0.025  +0.046    +0.119                           -0.398                           +1.000                       -0.236                       +0.123                  -0.096            +0.016                   -0.166                   +0.068
                         :     bjet_NeutralEmEnergyFraction:              +0.037              +0.031           -0.009           +0.029              -0.194           +0.098              -0.007                   -0.062       +0.059         +0.003                         -0.075                   +0.057           -0.126                  +0.217                       +0.047  +0.082    -0.120                           -0.161                           -0.236                       +1.000                       -0.432                  -0.194            -0.040                   -0.041                   +0.444
                         :     bjet_ChargedEmEnergyFraction:              +0.175              +0.051           -0.162           -0.013              -0.261           -0.311              +0.211                   +0.525       +0.185         -0.013                         -0.035                   -0.084           -0.024                  -0.216                       +0.189  -0.101    +0.088                           -0.588                           +0.123                       -0.432                       +1.000                  -0.047            +0.147                   -0.256                   -0.292
                         :          bjet_MuonEnergyFraction:              +0.002              +0.078           +0.155           +0.017              +0.219           -0.127              -0.038                   -0.123       -0.053         +0.006                         +0.014                   -0.012           -0.029                  -0.023                       -0.158  +0.060    +0.026                           -0.286                           -0.096                       -0.194                       -0.047                  +1.000            +0.196                   -0.078                   -0.136
                         :                fabs(bjet_charge):              +0.090              +0.059           +0.006           -0.003              -0.033           -0.101              +0.081                   +0.149       +0.082         +0.002                         -0.002                   -0.027           -0.002                  -0.054                       +0.264  +0.030    +0.043                           -0.210                           +0.016                       -0.040                       +0.147                  +0.196            +1.000                   -0.181                   -0.064
                         :         bjet_ChargedMultiplicity:              +0.143              +0.105           +0.055           -0.008              +0.229           +0.250              -0.026                   -0.269       +0.052         -0.001                         -0.036                   +0.028           +0.034                  +0.107                       -0.067  +0.364    -0.131                           +0.385                           -0.166                       -0.041                       -0.256                  -0.078            -0.181                   +1.000                   +0.252
                         :         bjet_NeutralMultiplicity:              +0.109              +0.060           +0.006           +0.017              +0.006           +0.236              -0.085                   -0.214       +0.062         -0.016                         -0.255                   +0.040           +0.015                  +0.125                       -0.012  +0.315    -0.151                           -0.048                           +0.068                       +0.444                       -0.292                  -0.136            -0.064                   +0.252                   +1.000
                         : -------------------------------------------------------------------------------------------------------------------------------------------------------------------------------------------------------------------------------------------------------------------------------------------------------------------------------------------------------------------------------------------------------------------------------------------------------------------------------------------------------------------------------------------------------------------------------------------------
DataSetFactory           : [electron2016preVFP__3__48__600__0.1] :  
                         : 
Factory                  : [electron2016preVFP__3__48__600__0.1] : Create Transformation "I" with events from all classes.
                         : 
                         : Transformation, Variable selection : 
                         : Input : variable 'belectron_P_jetrest' <---> Output : variable 'belectron_P_jetrest'
                         : Input : variable 'belectron_ptwrtbjet' <---> Output : variable 'belectron_ptwrtbjet'
                         : Input : variable 'belectron_dR_l_j' <---> Output : variable 'belectron_dR_l_j'
                         : Input : variable 'belectron_nsip3d' <---> Output : variable 'belectron_nsip3d'
                         : Input : variable 'belectron_reltrkiso' <---> Output : variable 'belectron_reltrkiso'
                         : Input : variable 'belectron_reliso' <---> Output : variable 'belectron_reliso'
                         : Input : variable 'belectron_palongjet' <---> Output : variable 'belectron_palongjet'
                         : Input : variable 'belectron_palongjetratio' <---> Output : variable 'belectron_palongjetratio'
                         : Input : variable 'belectron_pt' <---> Output : variable 'belectron_pt'
                         : Input : variable 'belectron_aeta' <---> Output : variable 'belectron_aeta'
                         : Input : variable 'belectron_full5x5sigmaietaieta' <---> Output : variable 'belectron_full5x5sigmaietaieta'
                         : Input : variable 'fabs(belectron_detaseed)' <---> Output : variable 'fabs(belectron_detaseed)'
                         : Input : variable 'belectron_HoverE' <---> Output : variable 'belectron_HoverE'
                         : Input : variable 'belectron_InvEminusInvP' <---> Output : variable 'belectron_InvEminusInvP'
                         : Input : variable 'bjet_charge*belectron_charge' <---> Output : variable 'bjet_charge*belectron_charge'
                         : Input : variable 'bjet_pt' <---> Output : variable 'bjet_pt'
                         : Input : variable 'bjet_aeta' <---> Output : variable 'bjet_aeta'
                         : Input : variable 'bjet_ChargedHadronEnergyFraction' <---> Output : variable 'bjet_ChargedHadronEnergyFraction'
                         : Input : variable 'bjet_NeutralHadronEnergyFraction' <---> Output : variable 'bjet_NeutralHadronEnergyFraction'
                         : Input : variable 'bjet_NeutralEmEnergyFraction' <---> Output : variable 'bjet_NeutralEmEnergyFraction'
                         : Input : variable 'bjet_ChargedEmEnergyFraction' <---> Output : variable 'bjet_ChargedEmEnergyFraction'
                         : Input : variable 'bjet_MuonEnergyFraction' <---> Output : variable 'bjet_MuonEnergyFraction'
                         : Input : variable 'fabs(bjet_charge)' <---> Output : variable 'fabs(bjet_charge)'
                         : Input : variable 'bjet_ChargedMultiplicity' <---> Output : variable 'bjet_ChargedMultiplicity'
                         : Input : variable 'bjet_NeutralMultiplicity' <---> Output : variable 'bjet_NeutralMultiplicity'
TFHandler_Factory        :                         Variable                                Mean                                RMS                        [        Min                                Max ]
                         : -----------------------------------------------------------------------------------------------------------------------------------------------------------------------------------
                         :              belectron_P_jetrest:                            1.5141                           0.97910   [                           0.20507                            30.639 ]
                         :              belectron_ptwrtbjet:                            1.0174                           0.75497   [                          0.014296                            23.741 ]
                         :                 belectron_dR_l_j:                          0.079915                          0.057794   [                        0.00034293                           0.39958 ]
                         :                 belectron_nsip3d:                            12.760                            78.325   [                          0.011355                            3352.7 ]
                         :              belectron_reltrkiso:                            1.3647                            1.4188   [                            0.0000                            30.966 ]
                         :                 belectron_reliso:                            2.2516                            1.8774   [                            0.0000                            9.9922 ]
                         :              belectron_palongjet:                            30.738                            37.587   [                            4.8797                            885.34 ]
                         :         belectron_palongjetratio:                           0.27440                           0.14822   [                          0.020660                            1.5000 ]
                         :                     belectron_pt:                            16.825                            17.374   [                            5.0008                            880.30 ]
                         :                   belectron_aeta:                          0.011612                            1.1342   [                           -2.5209                            2.5015 ]
                         :   belectron_full5x5sigmaietaieta:                          0.018263                          0.011354   [                            0.0000                          0.093794 ]
                         :         fabs(belectron_detaseed):                         0.0070424                          0.012852   [                        2.2140e-07                            1.2890 ]
                         :                 belectron_HoverE:                           0.29572                           0.72023   [                            0.0000                            63.576 ]
                         :          belectron_InvEminusInvP:                          0.033634                          0.047319   [                        1.0915e-06                            2.9242 ]
                         :     bjet_charge*belectron_charge:                           0.16376                           0.32648   [                          -0.99498                            1.0000 ]
                         :                          bjet_pt:                            60.986                            33.039   [                            30.001                            1106.1 ]
                         :                        bjet_aeta:                           0.94363                           0.64096   [                        6.7381e-06                            2.6956 ]
                         : bjet_ChargedHadronEnergyFraction:                           0.46075                           0.20284   [                            0.0000                            1.0000 ]
                         : bjet_NeutralHadronEnergyFraction:                          0.085778                           0.10177   [                            0.0000                           0.79179 ]
                         :     bjet_NeutralEmEnergyFraction:                           0.23447                           0.15571   [                            0.0000                           0.96397 ]
                         :     bjet_ChargedEmEnergyFraction:                           0.18927                           0.19894   [                            0.0000                           0.96900 ]
                         :          bjet_MuonEnergyFraction:                          0.029739                          0.098034   [                            0.0000                           0.86684 ]
                         :                fabs(bjet_charge):                           0.29670                           0.21301   [                        6.8888e-06                            1.0000 ]
                         :         bjet_ChargedMultiplicity:                            9.6519                            3.5744   [                            1.0000                            43.000 ]
                         :         bjet_NeutralMultiplicity:                            9.9327                            4.8620   [                            0.0000                            48.000 ]
                         : -----------------------------------------------------------------------------------------------------------------------------------------------------------------------------------
                         : [32m
                         : <PlotVariables> Will not produce scatter plots ==> 
                         : |  The number of 25 input variables and 0 target values would require 300 two-dimensional
                         : |  histograms, which would occupy the computer's memory. Note that this
                         : |  suppression does not have any consequences for your analysis, other
                         : |  than not disposing of these scatter plots. You can modify the maximum
                         : |  number of input variables allowed to generate scatter plots in your
                         : |  script via the command line:
                         : |  "(TMVA::gConfig().GetVariablePlotting()).fMaxNumOfAllowedVariablesForScatterPlots = <some int>;"[0m
                         : 
                         : Some more output
                         : Ranking input variables (method unspecific)...
IdTransformation         : Ranking result (top variable is best ranked)
                         : ---------------------------------------------------------
                         : Rank : Variable                         : Separation
                         : ---------------------------------------------------------
                         :    1 : bjet_charge*belectron_charge     : 1.029e-01
                         :    2 : fabs(bjet_charge)                : 4.385e-02
                         :    3 : belectron_P_jetrest              : 3.355e-02
                         :    4 : belectron_palongjetratio         : 3.306e-02
                         :    5 : bjet_ChargedEmEnergyFraction     : 3.169e-02
                         :    6 : belectron_reliso                 : 2.577e-02
                         :    7 : belectron_ptwrtbjet              : 2.234e-02
                         :    8 : belectron_InvEminusInvP          : 2.180e-02
                         :    9 : belectron_reltrkiso              : 1.987e-02
                         :   10 : belectron_full5x5sigmaietaieta   : 1.929e-02
                         :   11 : belectron_pt                     : 1.840e-02
                         :   12 : fabs(belectron_detaseed)         : 1.308e-02
                         :   13 : belectron_palongjet              : 1.216e-02
                         :   14 : bjet_ChargedHadronEnergyFraction : 7.393e-03
                         :   15 : bjet_ChargedMultiplicity         : 6.810e-03
                         :   16 : bjet_NeutralMultiplicity         : 6.061e-03
                         :   17 : bjet_NeutralEmEnergyFraction     : 5.876e-03
                         :   18 : belectron_HoverE                 : 4.073e-03
                         :   19 : bjet_MuonEnergyFraction          : 3.362e-03
                         :   20 : bjet_pt                          : 2.396e-03
                         :   21 : belectron_dR_l_j                 : 2.359e-03
                         :   22 : belectron_nsip3d                 : 1.782e-03
                         :   23 : bjet_NeutralHadronEnergyFraction : 1.504e-03
                         :   24 : bjet_aeta                        : 1.217e-03
                         :   25 : belectron_aeta                   : 1.065e-03
                         : ---------------------------------------------------------
Factory                  : Train method: DNN for Classification
                         : 
                         : 
                         : [1m================================================================[0m
                         : [1mH e l p   f o r   M V A   m e t h o d   [ DNN ] :[0m
                         : 
                         : Keras is a high-level API for the Theano and Tensorflow packages.
                         : This method wraps the training and predictions steps of the Keras
                         : Python package for TMVA, so that dataloading, preprocessing and
                         : evaluation can be done within the TMVA system. To use this Keras
                         : interface, you have to generate a model with Keras first. Then,
                         : this model can be loaded and trained in TMVA.
                         : 
                         : 
                         : <Suppress this message by specifying "!H" in the booking option>
                         : [1m================================================================[0m
                         : 
                         : Preparing the Gaussian transformation...
TFHandler_DNN            :                         Variable                                Mean                                RMS                        [        Min                                Max ]
                         : -----------------------------------------------------------------------------------------------------------------------------------------------------------------------------------
                         :              belectron_P_jetrest:                         0.0030388                           0.99658   [                           -3.3056                            5.7307 ]
                         :              belectron_ptwrtbjet:                         0.0028064                           0.99681   [                           -3.3013                            5.7307 ]
                         :                 belectron_dR_l_j:                         0.0020900                           0.99708   [                           -3.2795                            5.7307 ]
                         :                 belectron_nsip3d:                        -0.0037758                            1.0299   [                           -5.7307                            5.7307 ]
                         :              belectron_reltrkiso:                          -0.26658                            1.3088   [                           -3.2532                            5.7307 ]
                         :                 belectron_reliso:                        -0.0089288                            1.0174   [                           -3.1427                            5.7307 ]
                         :              belectron_palongjet:                         0.0021288                           0.99562   [                           -3.3204                            5.7307 ]
                         :         belectron_palongjetratio:                         0.0040909                           0.99833   [                           -3.3032                            5.7307 ]
                         :                     belectron_pt:                         0.0026425                           0.99631   [                           -3.6272                            5.7307 ]
                         :                   belectron_aeta:                         0.0035627                           0.99974   [                           -3.3232                            5.7307 ]
                         :   belectron_full5x5sigmaietaieta:                         0.0023289                           0.99571   [                           -3.3120                            5.7307 ]
                         :         fabs(belectron_detaseed):                         0.0056337                           0.98853   [                           -2.4783                            5.7307 ]
                         :                 belectron_HoverE:                          -0.90657                            1.6495   [                           -3.1235                            5.7307 ]
                         :          belectron_InvEminusInvP:                         0.0028194                           0.99689   [                           -3.1207                            5.7307 ]
                         :     bjet_charge*belectron_charge:                         0.0067680                            1.0056   [                           -3.3413                            5.7307 ]
                         :                          bjet_pt:                         0.0029099                           0.99633   [                           -3.2748                            5.7307 ]
                         :                        bjet_aeta:                         0.0029421                           0.99825   [                           -3.3271                            5.7307 ]
                         : bjet_ChargedHadronEnergyFraction:                         0.0023484                           0.99649   [                           -3.2671                            5.7307 ]
                         : bjet_NeutralHadronEnergyFraction:                          -0.74415                            1.6221   [                           -3.2400                            5.7307 ]
                         :     bjet_NeutralEmEnergyFraction:                         -0.013227                            1.0171   [                           -3.2540                            5.7307 ]
                         :     bjet_ChargedEmEnergyFraction:                           -1.1510                            1.7112   [                           -3.1383                            5.7307 ]
                         :          bjet_MuonEnergyFraction:                           -2.3013                           0.98114   [                           -2.6588                            5.7307 ]
                         :                fabs(bjet_charge):                         0.0041873                            1.0022   [                           -3.2339                            5.7307 ]
                         :         bjet_ChargedMultiplicity:                        -0.0045410                            1.0010   [                           -5.3124                            5.7307 ]
                         :         bjet_NeutralMultiplicity:                         0.0021671                            1.0062   [                           -5.1643                            5.7307 ]
                         : -----------------------------------------------------------------------------------------------------------------------------------------------------------------------------------
                         : Option TriesEarlyStopping: Training will stop after 30 number of epochs with no improvement of validation loss
Train on 38258 samples, validate on 50169 samples
Epoch 1/300
 - 6s - loss: 0.8157 - acc: 0.6235 - val_loss: 0.6411 - val_acc: 0.6390
Epoch 2/300
 - 3s - loss: 0.8026 - acc: 0.6379 - val_loss: 0.6373 - val_acc: 0.6415
Epoch 3/300
 - 2s - loss: 0.8000 - acc: 0.6394 - val_loss: 0.6421 - val_acc: 0.6362
Epoch 4/300
 - 2s - loss: 0.7967 - acc: 0.6435 - val_loss: 0.6435 - val_acc: 0.6333
Epoch 5/300
 - 2s - loss: 0.7965 - acc: 0.6377 - val_loss: 0.6350 - val_acc: 0.6425
Epoch 6/300
 - 2s - loss: 0.7951 - acc: 0.6429 - val_loss: 0.6371 - val_acc: 0.6398
Epoch 7/300
 - 3s - loss: 0.7937 - acc: 0.6404 - val_loss: 0.6430 - val_acc: 0.6318
Epoch 8/300
 - 2s - loss: 0.7920 - acc: 0.6403 - val_loss: 0.6358 - val_acc: 0.6379
Epoch 9/300
 - 2s - loss: 0.7920 - acc: 0.6400 - val_loss: 0.6390 - val_acc: 0.6339
Epoch 10/300
 - 2s - loss: 0.7900 - acc: 0.6446 - val_loss: 0.6334 - val_acc: 0.6432
Epoch 11/300
 - 2s - loss: 0.7902 - acc: 0.6409 - val_loss: 0.6329 - val_acc: 0.6408
Epoch 12/300
 - 3s - loss: 0.7886 - acc: 0.6449 - val_loss: 0.6414 - val_acc: 0.6300
Epoch 13/300
 - 2s - loss: 0.7876 - acc: 0.6428 - val_loss: 0.6336 - val_acc: 0.6423
Epoch 14/300
 - 3s - loss: 0.7877 - acc: 0.6448 - val_loss: 0.6338 - val_acc: 0.6409
Epoch 15/300
 - 3s - loss: 0.7879 - acc: 0.6441 - val_loss: 0.6332 - val_acc: 0.6387
Epoch 16/300
 - 3s - loss: 0.7860 - acc: 0.6442 - val_loss: 0.6404 - val_acc: 0.6322
Epoch 17/300
 - 2s - loss: 0.7857 - acc: 0.6451 - val_loss: 0.6361 - val_acc: 0.6379
Epoch 18/300
 - 3s - loss: 0.7853 - acc: 0.6465 - val_loss: 0.6296 - val_acc: 0.6466
Epoch 19/300
 - 2s - loss: 0.7847 - acc: 0.6431 - val_loss: 0.6350 - val_acc: 0.6364
Epoch 20/300
 - 2s - loss: 0.7840 - acc: 0.6482 - val_loss: 0.6381 - val_acc: 0.6321
Epoch 21/300
 - 3s - loss: 0.7841 - acc: 0.6474 - val_loss: 0.6340 - val_acc: 0.6357
Epoch 22/300
 - 2s - loss: 0.7836 - acc: 0.6487 - val_loss: 0.6298 - val_acc: 0.6435
Epoch 23/300
 - 2s - loss: 0.7829 - acc: 0.6443 - val_loss: 0.6387 - val_acc: 0.6299
Epoch 24/300
 - 2s - loss: 0.7834 - acc: 0.6457 - val_loss: 0.6332 - val_acc: 0.6450
Epoch 25/300
 - 3s - loss: 0.7828 - acc: 0.6450 - val_loss: 0.6297 - val_acc: 0.6454
Epoch 26/300
 - 3s - loss: 0.7817 - acc: 0.6489 - val_loss: 0.6257 - val_acc: 0.6481
Epoch 27/300
 - 3s - loss: 0.7821 - acc: 0.6484 - val_loss: 0.6317 - val_acc: 0.6424
Epoch 28/300
 - 2s - loss: 0.7816 - acc: 0.6467 - val_loss: 0.6343 - val_acc: 0.6377
Epoch 29/300
 - 3s - loss: 0.7805 - acc: 0.6473 - val_loss: 0.6289 - val_acc: 0.6457
Epoch 30/300
 - 2s - loss: 0.7820 - acc: 0.6486 - val_loss: 0.6219 - val_acc: 0.6513
Epoch 31/300
 - 2s - loss: 0.7815 - acc: 0.6480 - val_loss: 0.6259 - val_acc: 0.6469
Epoch 32/300
 - 3s - loss: 0.7798 - acc: 0.6474 - val_loss: 0.6327 - val_acc: 0.6395
Epoch 33/300
 - 2s - loss: 0.7796 - acc: 0.6478 - val_loss: 0.6345 - val_acc: 0.6343
Epoch 34/300
 - 2s - loss: 0.7794 - acc: 0.6485 - val_loss: 0.6334 - val_acc: 0.6348
Epoch 35/300
 - 2s - loss: 0.7782 - acc: 0.6493 - val_loss: 0.6268 - val_acc: 0.6438
Epoch 36/300
 - 2s - loss: 0.7783 - acc: 0.6486 - val_loss: 0.6287 - val_acc: 0.6464
Epoch 37/300
 - 3s - loss: 0.7801 - acc: 0.6492 - val_loss: 0.6288 - val_acc: 0.6456
Epoch 38/300
 - 3s - loss: 0.7785 - acc: 0.6497 - val_loss: 0.6299 - val_acc: 0.6394
Epoch 39/300
 - 3s - loss: 0.7782 - acc: 0.6497 - val_loss: 0.6335 - val_acc: 0.6347
Epoch 40/300
 - 2s - loss: 0.7780 - acc: 0.6492 - val_loss: 0.6236 - val_acc: 0.6499
Epoch 41/300
 - 3s - loss: 0.7780 - acc: 0.6497 - val_loss: 0.6234 - val_acc: 0.6477
Epoch 42/300
 - 3s - loss: 0.7773 - acc: 0.6505 - val_loss: 0.6343 - val_acc: 0.6369
Epoch 43/300
 - 3s - loss: 0.7783 - acc: 0.6470 - val_loss: 0.6291 - val_acc: 0.6411
Epoch 44/300
 - 3s - loss: 0.7778 - acc: 0.6482 - val_loss: 0.6281 - val_acc: 0.6402
Epoch 45/300
 - 2s - loss: 0.7764 - acc: 0.6515 - val_loss: 0.6278 - val_acc: 0.6463
Epoch 46/300
 - 3s - loss: 0.7762 - acc: 0.6512 - val_loss: 0.6320 - val_acc: 0.6347
Epoch 47/300
 - 3s - loss: 0.7755 - acc: 0.6502 - val_loss: 0.6303 - val_acc: 0.6385
Epoch 48/300
 - 3s - loss: 0.7756 - acc: 0.6502 - val_loss: 0.6255 - val_acc: 0.6451
Epoch 49/300
 - 2s - loss: 0.7760 - acc: 0.6504 - val_loss: 0.6364 - val_acc: 0.6322
Epoch 50/300
 - 2s - loss: 0.7760 - acc: 0.6509 - val_loss: 0.6332 - val_acc: 0.6378
Epoch 51/300
 - 2s - loss: 0.7756 - acc: 0.6497 - val_loss: 0.6291 - val_acc: 0.6400
Epoch 52/300
 - 3s - loss: 0.7752 - acc: 0.6511 - val_loss: 0.6231 - val_acc: 0.6488
Epoch 53/300
 - 2s - loss: 0.7756 - acc: 0.6512 - val_loss: 0.6298 - val_acc: 0.6343
Epoch 54/300
 - 2s - loss: 0.7753 - acc: 0.6503 - val_loss: 0.6249 - val_acc: 0.6460
Epoch 55/300
 - 2s - loss: 0.7757 - acc: 0.6499 - val_loss: 0.6255 - val_acc: 0.6456
Epoch 56/300
 - 3s - loss: 0.7749 - acc: 0.6512 - val_loss: 0.6324 - val_acc: 0.6390
Epoch 57/300
 - 2s - loss: 0.7751 - acc: 0.6503 - val_loss: 0.6366 - val_acc: 0.6268
Epoch 58/300
 - 3s - loss: 0.7752 - acc: 0.6491 - val_loss: 0.6329 - val_acc: 0.6347
Epoch 59/300
 - 2s - loss: 0.7734 - acc: 0.6509 - val_loss: 0.6298 - val_acc: 0.6396
Epoch 60/300
 - 2s - loss: 0.7734 - acc: 0.6514 - val_loss: 0.6275 - val_acc: 0.6438
Epoch 00060: early stopping
                         : Trained model written to file: electron2016preVFP__3__48__600__0.1/weights/TrainedModel_DNN.h5
                         : Elapsed time for training with 38258 events: 158 sec         
                         : Creating xml weight file: [0;36melectron2016preVFP__3__48__600__0.1/weights/electron2016preVFP__3__48__600__0.1_DNN.weights.xml[0m
                         : Creating standalone class: [0;36melectron2016preVFP__3__48__600__0.1/weights/electron2016preVFP__3__48__600__0.1_DNN.class.C[0m
Factory                  : Training finished
                         : 
                         : Ranking input variables (method specific)...
                         : No variable ranking supplied by classifier: DNN
Factory                  : === Destroy and recreate all methods via weight files for testing ===
                         : 
Factory                  : [1mTest all methods[0m
Factory                  : Test method: DNN for Classification performance
                         : 
                         : Load model from file: electron2016preVFP__3__48__600__0.1/weights/TrainedModel_DNN.h5
Factory                  : [1mEvaluate all methods[0m
Factory                  : Evaluate classifier: DNN
                         : 
TFHandler_DNN            :                         Variable                                Mean                                RMS                        [        Min                                Max ]
                         : -----------------------------------------------------------------------------------------------------------------------------------------------------------------------------------
                         :              belectron_P_jetrest:                          0.075437                            1.0136   [                           -3.1106                            5.7307 ]
                         :              belectron_ptwrtbjet:                          0.050210                            1.0204   [                           -5.7307                            5.7307 ]
                         :                 belectron_dR_l_j:                         -0.016101                            1.0181   [                           -3.4323                            5.7307 ]
                         :                 belectron_nsip3d:                        -0.0023558                            1.0220   [                           -5.7307                            5.7307 ]
                         :              belectron_reltrkiso:                          -0.27453                            1.3042   [                           -3.2532                            3.6685 ]
                         :                 belectron_reliso:                         -0.025927                            1.0325   [                           -3.1427                            5.7307 ]
                         :              belectron_palongjet:                          0.053592                           0.99739   [                           -5.7307                            5.7307 ]
                         :         belectron_palongjetratio:                          0.034578                            1.0254   [                           -3.3073                            3.9413 ]
                         :                     belectron_pt:                          0.078366                            1.0092   [                           -3.7440                            5.7307 ]
                         :                   belectron_aeta:                        -0.0028268                           0.98898   [                           -3.3305                            5.7307 ]
                         :   belectron_full5x5sigmaietaieta:                         -0.028140                           0.99457   [                           -3.3120                            4.1000 ]
                         :         fabs(belectron_detaseed):                         -0.019209                           0.98121   [                           -2.4802                            3.3881 ]
                         :                 belectron_HoverE:                          -0.86824                            1.6547   [                           -3.1235                            5.7307 ]
                         :          belectron_InvEminusInvP:                         -0.025046                            1.0086   [                           -3.1454                            5.7307 ]
                         :     bjet_charge*belectron_charge:                          0.080549                            1.0046   [                           -3.3897                            5.7307 ]
                         :                          bjet_pt:                          0.077601                            1.0135   [                           -3.2805                            4.0413 ]
                         :                        bjet_aeta:                         -0.010619                           0.98983   [                           -3.3259                            5.7307 ]
                         : bjet_ChargedHadronEnergyFraction:                         -0.024792                            1.0010   [                           -3.2671                            5.7307 ]
                         : bjet_NeutralHadronEnergyFraction:                          -0.73941                            1.6196   [                           -3.2400                            5.7307 ]
                         :     bjet_NeutralEmEnergyFraction:                         -0.013641                            1.0226   [                           -3.2540                            5.7307 ]
                         :     bjet_ChargedEmEnergyFraction:                           -1.1084                            1.7262   [                           -3.1383                            5.7307 ]
                         :          bjet_MuonEnergyFraction:                           -2.3134                           0.96377   [                           -2.6588                            5.7307 ]
                         :                fabs(bjet_charge):                          0.048822                            1.0109   [                           -3.2332                            5.7307 ]
                         :         bjet_ChargedMultiplicity:                        -0.0037222                            1.0168   [                           -5.7307                            5.7307 ]
                         :         bjet_NeutralMultiplicity:                          0.016168                            1.0141   [                           -5.1643                            3.8793 ]
                         : -----------------------------------------------------------------------------------------------------------------------------------------------------------------------------------
DNN                      : [electron2016preVFP__3__48__600__0.1] : Loop over test events and fill histograms with classifier response...
                         : 
TFHandler_DNN            :                         Variable                                Mean                                RMS                        [        Min                                Max ]
                         : -----------------------------------------------------------------------------------------------------------------------------------------------------------------------------------
                         :              belectron_P_jetrest:                          0.075437                            1.0136   [                           -3.1106                            5.7307 ]
                         :              belectron_ptwrtbjet:                          0.050210                            1.0204   [                           -5.7307                            5.7307 ]
                         :                 belectron_dR_l_j:                         -0.016101                            1.0181   [                           -3.4323                            5.7307 ]
                         :                 belectron_nsip3d:                        -0.0023558                            1.0220   [                           -5.7307                            5.7307 ]
                         :              belectron_reltrkiso:                          -0.27453                            1.3042   [                           -3.2532                            3.6685 ]
                         :                 belectron_reliso:                         -0.025927                            1.0325   [                           -3.1427                            5.7307 ]
                         :              belectron_palongjet:                          0.053592                           0.99739   [                           -5.7307                            5.7307 ]
                         :         belectron_palongjetratio:                          0.034578                            1.0254   [                           -3.3073                            3.9413 ]
                         :                     belectron_pt:                          0.078366                            1.0092   [                           -3.7440                            5.7307 ]
                         :                   belectron_aeta:                        -0.0028268                           0.98898   [                           -3.3305                            5.7307 ]
                         :   belectron_full5x5sigmaietaieta:                         -0.028140                           0.99457   [                           -3.3120                            4.1000 ]
                         :         fabs(belectron_detaseed):                         -0.019209                           0.98121   [                           -2.4802                            3.3881 ]
                         :                 belectron_HoverE:                          -0.86824                            1.6547   [                           -3.1235                            5.7307 ]
                         :          belectron_InvEminusInvP:                         -0.025046                            1.0086   [                           -3.1454                            5.7307 ]
                         :     bjet_charge*belectron_charge:                          0.080549                            1.0046   [                           -3.3897                            5.7307 ]
                         :                          bjet_pt:                          0.077601                            1.0135   [                           -3.2805                            4.0413 ]
                         :                        bjet_aeta:                         -0.010619                           0.98983   [                           -3.3259                            5.7307 ]
                         : bjet_ChargedHadronEnergyFraction:                         -0.024792                            1.0010   [                           -3.2671                            5.7307 ]
                         : bjet_NeutralHadronEnergyFraction:                          -0.73941                            1.6196   [                           -3.2400                            5.7307 ]
                         :     bjet_NeutralEmEnergyFraction:                         -0.013641                            1.0226   [                           -3.2540                            5.7307 ]
                         :     bjet_ChargedEmEnergyFraction:                           -1.1084                            1.7262   [                           -3.1383                            5.7307 ]
                         :          bjet_MuonEnergyFraction:                           -2.3134                           0.96377   [                           -2.6588                            5.7307 ]
                         :                fabs(bjet_charge):                          0.048822                            1.0109   [                           -3.2332                            5.7307 ]
                         :         bjet_ChargedMultiplicity:                        -0.0037222                            1.0168   [                           -5.7307                            5.7307 ]
                         :         bjet_NeutralMultiplicity:                          0.016168                            1.0141   [                           -5.1643                            3.8793 ]
                         : -----------------------------------------------------------------------------------------------------------------------------------------------------------------------------------
                         : [32m
                         : <PlotVariables> Will not produce scatter plots ==> 
                         : |  The number of 25 input variables and 0 target values would require 300 two-dimensional
                         : |  histograms, which would occupy the computer's memory. Note that this
                         : |  suppression does not have any consequences for your analysis, other
                         : |  than not disposing of these scatter plots. You can modify the maximum
                         : |  number of input variables allowed to generate scatter plots in your
                         : |  script via the command line:
                         : |  "(TMVA::gConfig().GetVariablePlotting()).fMaxNumOfAllowedVariablesForScatterPlots = <some int>;"[0m
                         : 
                         : Some more output
                         : 
                         : Evaluation results ranked by best signal efficiency and purity (area)
                         : -------------------------------------------------------------------------------------------------------------------
                         : DataSet       MVA                       
                         : Name:         Method:          ROC-integ
                         : electron2016preVFP__3__48__600__0.1 DNN            : 0.713
                         : -------------------------------------------------------------------------------------------------------------------
                         : 
                         : Testing efficiency compared to training efficiency (overtraining check)
                         : -------------------------------------------------------------------------------------------------------------------
                         : DataSet              MVA              Signal efficiency: from test sample (from training sample) 
                         : Name:                Method:          @B=0.01             @B=0.10            @B=0.30   
                         : -------------------------------------------------------------------------------------------------------------------
                         : electron2016preVFP__3__48__600__0.1 DNN            : 0.083 (0.090)       0.337 (0.361)      0.608 (0.621)
                         : -------------------------------------------------------------------------------------------------------------------
                         : 
Dataset:electron2016pr...: Created tree 'TestTree' with 50169 events
                         : 
Dataset:electron2016pr...: Created tree 'TrainTree' with 38258 events
                         : 
Factory                  : [1mThank you for using TMVA![0m
                         : [1mFor citation information, please visit: http://tmva.sf.net/citeTMVA.html[0m
ref.cut= DNN 0.474135881314
auc= 0.713319485844
myerr=0
[ntry=1]
