/home/condor/dir_2386642
DataSetInfo              : [FIN_BDT_2017] : Added class "Signal"
                         : Add Tree OutTree/sig of type Signal with 903237 events
                         : Add Tree OutTree/sig of type Signal with 1201756 events
DataSetInfo              : [FIN_BDT_2017] : Added class "Background"
                         : Add Tree OutTree/bkg of type Background with 594513 events
                         : Add Tree OutTree/bkg of type Background with 789045 events
Factory                  : Booking method: [1mBDT[0m
                         : 
                         : Parsing option string: 
                         : ... "!H:V:NTrees=800:MinNodeSize=0.1%:MaxDepth=5:Shrinkage=0.005:BoostType=Grad:AdaBoostBeta=:UseBaggedBoost=True:BaggedSampleFraction=0.7:SeparationType=GiniIndex:nCuts=50:IgnoreNegWeightsInTraining=True:VarTransform=G"
                         : The following options are set:
                         : - By User:
                         :     <none>
                         : - Default:
                         :     Boost_num: "0" [Number of times the classifier will be boosted]
                         : Parsing option string: 
                         : ... "!H:V:NTrees=800:MinNodeSize=0.1%:MaxDepth=5:Shrinkage=0.005:BoostType=Grad:AdaBoostBeta=:UseBaggedBoost=True:BaggedSampleFraction=0.7:SeparationType=GiniIndex:nCuts=50:IgnoreNegWeightsInTraining=True:VarTransform=G"
                         : The following options are set:
                         : - By User:
                         :     V: "True" [Verbose output (short form of "VerbosityLevel" below - overrides the latter one)]
                         :     VarTransform: "G" [List of variable transformations performed before training, e.g., "D_Background,P_Signal,G,N_AllClasses" for: "Decorrelation, PCA-transformation, Gaussianisation, Normalisation, each for the given class of events ('AllClasses' denotes all events of all classes, if no class indication is given, 'All' is assumed)"]
                         :     H: "False" [Print method-specific help message]
                         :     IgnoreNegWeightsInTraining: "True" [Events with negative weights are ignored in the training (but are included for testing and performance evaluation)]
                         :     NTrees: "800" [Number of trees in the forest]
                         :     MaxDepth: "5" [Max depth of the decision tree allowed]
                         :     MinNodeSize: "0.1%" [Minimum percentage of training events required in a leaf node (default: Classification: 5%, Regression: 0.2%)]
                         :     nCuts: "50" [Number of grid points in variable range used in finding optimal cut in node splitting]
                         :     BoostType: "Grad" [Boosting type for the trees in the forest (note: AdaCost is still experimental)]
                         :     UseBaggedBoost: "True" [Use only a random subsample of all events for growing the trees in each boost iteration.]
                         :     Shrinkage: "5.000000e-03" [Learning rate for BoostType=Grad algorithm]
                         :     AdaBoostBeta: "5.000000e-01" [Learning rate  for AdaBoost algorithm]
                         :     BaggedSampleFraction: "7.000000e-01" [Relative size of bagged event sample to original size of the data sample (used whenever bagging is used (i.e. UseBaggedBoost, Bagging,)]
                         :     SeparationType: "GiniIndex" [Separation criterion for node splitting]
                         : - Default:
                         :     VerbosityLevel: "Default" [Verbosity level]
                         :     CreateMVAPdfs: "False" [Create PDFs for classifier outputs (signal and background)]
                         :     AdaBoostR2Loss: "Quadratic" [Type of Loss function in AdaBoostR2]
                         :     UseRandomisedTrees: "False" [Determine at each node splitting the cut variable only as the best out of a random subset of variables (like in RandomForests)]
                         :     UseNvars: "4" [Size of the subset of variables used with RandomisedTree option]
                         :     UsePoissonNvars: "True" [Interpret "UseNvars" not as fixed number but as mean of a Poisson distribution in each split with RandomisedTree option]
                         :     UseYesNoLeaf: "True" [Use Sig or Bkg categories, or the purity=S/(S+B) as classification of the leaf node -> Real-AdaBoost]
                         :     NegWeightTreatment: "InverseBoostNegWeights" [How to treat events with negative weights in the BDT training (particular the boosting) : IgnoreInTraining;  Boost With inverse boostweight; Pair events with negative and positive weights in training sample and *annihilate* them (experimental!)]
                         :     Css: "1.000000e+00" [AdaCost: cost of true signal selected signal]
                         :     Cts_sb: "1.000000e+00" [AdaCost: cost of true signal selected bkg]
                         :     Ctb_ss: "1.000000e+00" [AdaCost: cost of true bkg    selected signal]
                         :     Cbb: "1.000000e+00" [AdaCost: cost of true bkg    selected bkg ]
                         :     NodePurityLimit: "5.000000e-01" [In boosting/pruning, nodes with purity > NodePurityLimit are signal; background otherwise.]
                         :     RegressionLossFunctionBDTG: "Huber" [Loss function for BDTG regression.]
                         :     HuberQuantile: "7.000000e-01" [In the Huber loss function this is the quantile that separates the core from the tails in the residuals distribution.]
                         :     DoBoostMonitor: "False" [Create control plot with ROC integral vs tree number]
                         :     UseFisherCuts: "False" [Use multivariate splits using the Fisher criterion]
                         :     MinLinCorrForFisher: "8.000000e-01" [The minimum linear correlation between two variables demanded for use in Fisher criterion in node splitting]
                         :     UseExclusiveVars: "False" [Variables already used in fisher criterion are not anymore analysed individually for node splitting]
                         :     DoPreselection: "False" [and and apply automatic pre-selection for 100% efficient signal (bkg) cuts prior to training]
                         :     SigToBkgFraction: "1.000000e+00" [Sig to Bkg ratio used in Training (similar to NodePurityLimit, which cannot be used in real adaboost]
                         :     PruneMethod: "NoPruning" [Note: for BDTs use small trees (e.g.MaxDepth=3) and NoPruning:  Pruning: Method used for pruning (removal) of statistically insignificant branches ]
                         :     PruneStrength: "0.000000e+00" [Pruning strength]
                         :     PruningValFraction: "5.000000e-01" [Fraction of events to use for optimizing automatic pruning.]
                         :     SkipNormalization: "False" [Skip normalization at initialization, to keep expectation value of BDT output according to the fraction of events]
                         :     nEventsMin: "0" [deprecated: Use MinNodeSize (in % of training events) instead]
                         :     UseBaggedGrad: "False" [deprecated: Use *UseBaggedBoost* instead:  Use only a random subsample of all events for growing the trees in each iteration.]
                         :     GradBaggingFraction: "7.000000e-01" [deprecated: Use *BaggedSampleFraction* instead: Defines the fraction of events to be used in each iteration, e.g. when UseBaggedGrad=kTRUE. ]
                         :     UseNTrainEvents: "0" [deprecated: Use *BaggedSampleFraction* instead: Number of randomly picked training events used in randomised (and bagged) trees]
                         :     NNodesMax: "0" [deprecated: Use MaxDepth instead to limit the tree size]
BDT                      : [FIN_BDT_2017] : Create Transformation "G" with events from all classes.
                         : 
                         : Transformation, Variable selection : 
                         : Input : variable 'bmuon_nsip3d<10.?bmuon_nsip3d:10.' <---> Output : variable 'bmuon_nsip3d<10.?bmuon_nsip3d:10.'
                         : Input : variable 'bmuon_reliso<10.?bmuon_reliso:10.' <---> Output : variable 'bmuon_reliso<10.?bmuon_reliso:10.'
                         : Input : variable 'bmuon_dR_l_j' <---> Output : variable 'bmuon_dR_l_j'
                         : Input : variable 'bmuon_ptwrtbjet<10.?bmuon_ptwrtbjet:10.' <---> Output : variable 'bmuon_ptwrtbjet<10.?bmuon_ptwrtbjet:10.'
                         : Input : variable 'bmuon_P_jetrest<10.?bmuon_P_jetrest:10.' <---> Output : variable 'bmuon_P_jetrest<10.?bmuon_P_jetrest:10.'
                         : Input : variable 'bmuon_palongjet<50.?bmuon_palongjet:50.' <---> Output : variable 'bmuon_palongjet<50.?bmuon_palongjet:50.'
                         : Input : variable 'bjet_charge*bmuon_charge<0.6?bjet_charge*bmuon_charge:0.6' <---> Output : variable 'bjet_charge*bmuon_charge<0.6?bjet_charge*bmuon_charge:0.6'
                         : Input : variable 'bjet_ChargedHadronEnergyFraction>0.2?bjet_ChargedHadronEnergyFraction:0.2' <---> Output : variable 'bjet_ChargedHadronEnergyFraction>0.2?bjet_ChargedHadronEnergyFraction:0.2'
                         : Input : variable 'bjet_NeutralHadronEnergyFraction>0.06?bjet_NeutralHadronEnergyFraction:0.06' <---> Output : variable 'bjet_NeutralHadronEnergyFraction>0.06?bjet_NeutralHadronEnergyFraction:0.06'
                         : Input : variable 'bjet_NeutralEmEnergyFraction' <---> Output : variable 'bjet_NeutralEmEnergyFraction'
                         : Input : variable 'bjet_MuonEnergyFraction>0.08?bjet_MuonEnergyFraction:0.08' <---> Output : variable 'bjet_MuonEnergyFraction>0.08?bjet_MuonEnergyFraction:0.08'
                         : Input : variable '(bjet_ChargedMultiplicity>19)?20:(bjet_ChargedMultiplicity<11)?11:bjet_ChargedMultiplicity' <---> Output : variable '(bjet_ChargedMultiplicity>19)?20:(bjet_ChargedMultiplicity<11)?11:bjet_ChargedMultiplicity'
                         : Input : variable 'bjet_NeutralMultiplicity' <---> Output : variable 'bjet_NeutralMultiplicity'
                         : Input : variable 'fabs(bjet_charge)<0.6?fabs(bjet_charge):0.6' <---> Output : variable 'fabs(bjet_charge)<0.6?fabs(bjet_charge):0.6'
                         : the option NegWeightTreatment=InverseBoostNegWeights does not exist for BoostType=Grad
                         : --> change to new default NegWeightTreatment=Pray
                         : Rebuilding Dataset FIN_BDT_2017
                         : Building event vectors for type 1 Signal
                         : Dataset[FIN_BDT_2017] :  create input formulas for tree sig
                         : Dataset[FIN_BDT_2017] :  create input formulas for tree sig
                         : Dataset[FIN_BDT_2017] :  create input formulas for tree sig
                         : Building event vectors for type 0 Signal
                         : Dataset[FIN_BDT_2017] :  create input formulas for tree sig
                         : Dataset[FIN_BDT_2017] :  create input formulas for tree sig
                         : Building event vectors for type 1 Background
                         : Dataset[FIN_BDT_2017] :  create input formulas for tree bkg
                         : Dataset[FIN_BDT_2017] :  create input formulas for tree bkg
                         : Dataset[FIN_BDT_2017] :  create input formulas for tree bkg
                         : Building event vectors for type 0 Background
                         : Dataset[FIN_BDT_2017] :  create input formulas for tree bkg
                         : Dataset[FIN_BDT_2017] :  create input formulas for tree bkg
DataSetFactory           : [FIN_BDT_2017] : Number of events in input trees
                         : Dataset[FIN_BDT_2017] :     Signal     requirement: "(bmuon_charge*bjet_partonFlavour < 0)&&Has_bMuon"
                         : Dataset[FIN_BDT_2017] :     Signal          -- number of events passed: 111973  / sum of weights: 57156.5
                         : Dataset[FIN_BDT_2017] :     Signal          -- efficiency             : 0.0447985
                         : Dataset[FIN_BDT_2017] :     Background requirement: "(bmuon_charge*bjet_partonFlavour > 0)&&Has_bMuon"
                         : Dataset[FIN_BDT_2017] :     Background      -- number of events passed: 54422  / sum of weights: 28288.5
                         : Dataset[FIN_BDT_2017] :     Background      -- efficiency             : 0.0332606
                         : Dataset[FIN_BDT_2017] :  you have opted for interpreting the requested number of training/testing events
                         :  to be the number of events AFTER your preselection cuts
                         : 
                         : Dataset[FIN_BDT_2017] :  you have opted for interpreting the requested number of training/testing events
                         :  to be the number of events AFTER your preselection cuts
                         : 
                         : Dataset[FIN_BDT_2017] : Weight renormalisation mode: "EqualNumEvents": renormalises all event classes ...
                         : Dataset[FIN_BDT_2017] :  such that the effective (weighted) number of events in each class is the same 
                         : Dataset[FIN_BDT_2017] :  (and equals the number of events (entries) given for class=0 )
                         : Dataset[FIN_BDT_2017] : ... i.e. such that Sum[i=1..N_j]{w_i} = N_classA, j=classA, classB, ...
                         : Dataset[FIN_BDT_2017] : ... (note that N_j is the sum of TRAINING events
                         : Dataset[FIN_BDT_2017] :  ..... Testing events are not renormalised nor included in the renormalisation factor!)
                         : Number of training and testing events
                         : ---------------------------------------------------------------------------
                         : Signal     -- training events            : 46020
                         : Signal     -- testing events             : 65953
                         : Signal     -- training and testing events: 111973
                         : Dataset[FIN_BDT_2017] : Signal     -- due to the preselection a scaling factor has been applied to the numbers of requested events: 0.053194
                         : Background -- training events            : 22429
                         : Background -- testing events             : 31993
                         : Background -- training and testing events: 54422
                         : Dataset[FIN_BDT_2017] : Background -- due to the preselection a scaling factor has been applied to the numbers of requested events: 0.0393348
                         : 
DataSetInfo              : Correlation matrix (Signal):
                         : -------------------------------------------------------------------------------------------------------------------------------------------------------------------------------------------------------------------------------------------------------------------------------------------------------------------------------------------------------------------------------------------------------------------------------------------------------------------------------------------------------------------------------------------------------------------------------------------------------------------------------------------------------------------------------------------------------------------------------------------------------------------------------
                         :                                                                                             bmuon_nsip3d_10._bmuon_nsip3d:10. bmuon_reliso_10._bmuon_reliso:10. bmuon_dR_l_j bmuon_ptwrtbjet_10._bmuon_ptwrtbjet:10. bmuon_P_jetrest_10._bmuon_P_jetrest:10. bmuon_palongjet_50._bmuon_palongjet:50. bjet_charge_T_bmuon_charge_0.6_bjet_charge_T_bmuon_charge:0.6 bjet_ChargedHadronEnergyFraction_0.2_bjet_ChargedHadronEnergyFraction:0.2 bjet_NeutralHadronEnergyFraction_0.06_bjet_NeutralHadronEnergyFraction:0.06 bjet_NeutralEmEnergyFraction bjet_MuonEnergyFraction_0.08_bjet_MuonEnergyFraction:0.08 _bjet_ChargedMultiplicity_19__20:_bjet_ChargedMultiplicity_11__11:bjet_ChargedMultiplicity bjet_NeutralMultiplicity fabs_bjet_charge__0.6_fabs_bjet_charge_:0.6
                         :                                                          bmuon_nsip3d_10._bmuon_nsip3d:10.:                            +1.000                            +0.096       +0.182                                  +0.059                                  -0.074                                  -0.112                                                        -0.112                                                                    +0.063                                                                      +0.054                       +0.093                                                    -0.190                                                                                     +0.001                   +0.059                                      -0.101
                         :                                                          bmuon_reliso_10._bmuon_reliso:10.:                            +0.096                            +1.000       +0.222                                  -0.202                                  -0.452                                  -0.474                                                        -0.385                                                                    +0.397                                                                      +0.133                       +0.309                                                    -0.690                                                                                     +0.180                   +0.242                                      -0.345
                         :                                                                               bmuon_dR_l_j:                            +0.182                            +0.222       +1.000                                  +0.502                                  +0.002                                  -0.406                                                        -0.247                                                                    +0.196                                                                      +0.124                       +0.068                                                    -0.412                                                                                     +0.041                   -0.017                                      -0.245
                         :                                                    bmuon_ptwrtbjet_10._bmuon_ptwrtbjet:10.:                            +0.059                            -0.202       +0.502                                  +1.000                                  +0.724                                  +0.179                                                        +0.106                                                                    -0.103                                                                      +0.002                       -0.072                                                    +0.107                                                                                     +0.069                   +0.020                                      +0.086
                         :                                                    bmuon_P_jetrest_10._bmuon_P_jetrest:10.:                            -0.074                            -0.452       +0.002                                  +0.724                                  +1.000                                  +0.530                                                        +0.327                                                                    -0.305                                                                      -0.085                       -0.187                                                    +0.509                                                                                     +0.110                   +0.064                                      +0.326
                         :                                                    bmuon_palongjet_50._bmuon_palongjet:50.:                            -0.112                            -0.474       -0.406                                  +0.179                                  +0.530                                  +1.000                                                        +0.313                                                                    -0.223                                                                      -0.085                       -0.289                                                    +0.551                                                                                     +0.088                   -0.214                                      +0.310
                         :                              bjet_charge_T_bmuon_charge_0.6_bjet_charge_T_bmuon_charge:0.6:                            -0.112                            -0.385       -0.247                                  +0.106                                  +0.327                                  +0.313                                                        +1.000                                                                    -0.345                                                                      -0.026                       -0.062                                                    +0.512                                                                                     -0.150                   -0.039                                      +0.777
                         :                  bjet_ChargedHadronEnergyFraction_0.2_bjet_ChargedHadronEnergyFraction:0.2:                            +0.063                            +0.397       +0.196                                  -0.103                                  -0.305                                  -0.223                                                        -0.345                                                                    +1.000                                                                      -0.268                       -0.302                                                    -0.561                                                                                     +0.329                   -0.173                                      -0.380
                         :                bjet_NeutralHadronEnergyFraction_0.06_bjet_NeutralHadronEnergyFraction:0.06:                            +0.054                            +0.133       +0.124                                  +0.002                                  -0.085                                  -0.085                                                        -0.026                                                                    -0.268                                                                      +1.000                       -0.069                                                    -0.169                                                                                     -0.082                   +0.119                                      -0.033
                         :                                                               bjet_NeutralEmEnergyFraction:                            +0.093                            +0.309       +0.068                                  -0.072                                  -0.187                                  -0.289                                                        -0.062                                                                    -0.302                                                                      -0.069                       +1.000                                                    -0.309                                                                                     -0.053                   +0.453                                      -0.072
                         :                                  bjet_MuonEnergyFraction_0.08_bjet_MuonEnergyFraction:0.08:                            -0.190                            -0.690       -0.412                                  +0.107                                  +0.509                                  +0.551                                                        +0.512                                                                    -0.561                                                                      -0.169                       -0.309                                                    +1.000                                                                                     -0.242                   -0.222                                      +0.502
                         : _bjet_ChargedMultiplicity_19__20:_bjet_ChargedMultiplicity_11__11:bjet_ChargedMultiplicity:                            +0.001                            +0.180       +0.041                                  +0.069                                  +0.110                                  +0.088                                                        -0.150                                                                    +0.329                                                                      -0.082                       -0.053                                                    -0.242                                                                                     +1.000                   +0.067                                      -0.193
                         :                                                                   bjet_NeutralMultiplicity:                            +0.059                            +0.242       -0.017                                  +0.020                                  +0.064                                  -0.214                                                        -0.039                                                                    -0.173                                                                      +0.119                       +0.453                                                    -0.222                                                                                     +0.067                   +1.000                                      -0.035
                         :                                                fabs_bjet_charge__0.6_fabs_bjet_charge_:0.6:                            -0.101                            -0.345       -0.245                                  +0.086                                  +0.326                                  +0.310                                                        +0.777                                                                    -0.380                                                                      -0.033                       -0.072                                                    +0.502                                                                                     -0.193                   -0.035                                      +1.000
                         : -------------------------------------------------------------------------------------------------------------------------------------------------------------------------------------------------------------------------------------------------------------------------------------------------------------------------------------------------------------------------------------------------------------------------------------------------------------------------------------------------------------------------------------------------------------------------------------------------------------------------------------------------------------------------------------------------------------------------------------------------------------------------------
DataSetInfo              : Correlation matrix (Background):
                         : -------------------------------------------------------------------------------------------------------------------------------------------------------------------------------------------------------------------------------------------------------------------------------------------------------------------------------------------------------------------------------------------------------------------------------------------------------------------------------------------------------------------------------------------------------------------------------------------------------------------------------------------------------------------------------------------------------------------------------------------------------------------------------
                         :                                                                                             bmuon_nsip3d_10._bmuon_nsip3d:10. bmuon_reliso_10._bmuon_reliso:10. bmuon_dR_l_j bmuon_ptwrtbjet_10._bmuon_ptwrtbjet:10. bmuon_P_jetrest_10._bmuon_P_jetrest:10. bmuon_palongjet_50._bmuon_palongjet:50. bjet_charge_T_bmuon_charge_0.6_bjet_charge_T_bmuon_charge:0.6 bjet_ChargedHadronEnergyFraction_0.2_bjet_ChargedHadronEnergyFraction:0.2 bjet_NeutralHadronEnergyFraction_0.06_bjet_NeutralHadronEnergyFraction:0.06 bjet_NeutralEmEnergyFraction bjet_MuonEnergyFraction_0.08_bjet_MuonEnergyFraction:0.08 _bjet_ChargedMultiplicity_19__20:_bjet_ChargedMultiplicity_11__11:bjet_ChargedMultiplicity bjet_NeutralMultiplicity fabs_bjet_charge__0.6_fabs_bjet_charge_:0.6
                         :                                                          bmuon_nsip3d_10._bmuon_nsip3d:10.:                            +1.000                            -0.017       +0.126                                  +0.119                                  +0.040                                  +0.000                                                        -0.013                                                                    -0.071                                                                      +0.039                       +0.006                                                    -0.001                                                                                     -0.061                   -0.002                                      +0.010
                         :                                                          bmuon_reliso_10._bmuon_reliso:10.:                            -0.017                            +1.000       +0.044                                  -0.280                                  -0.458                                  -0.406                                                        -0.371                                                                    +0.284                                                                      +0.112                       +0.283                                                    -0.630                                                                                     +0.195                   +0.254                                      -0.160
                         :                                                                               bmuon_dR_l_j:                            +0.126                            +0.044       +1.000                                  +0.626                                  +0.198                                  -0.239                                                        -0.074                                                                    +0.050                                                                      +0.057                       -0.017                                                    -0.205                                                                                     +0.000                   -0.083                                      -0.045
                         :                                                    bmuon_ptwrtbjet_10._bmuon_ptwrtbjet:10.:                            +0.119                            -0.280       +0.626                                  +1.000                                  +0.783                                  +0.266                                                        +0.208                                                                    -0.139                                                                      -0.039                       -0.123                                                    +0.273                                                                                     +0.012                   -0.055                                      +0.143
                         :                                                    bmuon_P_jetrest_10._bmuon_P_jetrest:10.:                            +0.040                            -0.458       +0.198                                  +0.783                                  +1.000                                  +0.550                                                        +0.382                                                                    -0.230                                                                      -0.096                       -0.174                                                    +0.563                                                                                     +0.067                   +0.001                                      +0.260
                         :                                                    bmuon_palongjet_50._bmuon_palongjet:50.:                            +0.000                            -0.406       -0.239                                  +0.266                                  +0.550                                  +1.000                                                        +0.281                                                                    -0.094                                                                      -0.076                       -0.207                                                    +0.466                                                                                     +0.115                   -0.241                                      +0.184
                         :                              bjet_charge_T_bmuon_charge_0.6_bjet_charge_T_bmuon_charge:0.6:                            -0.013                            -0.371       -0.074                                  +0.208                                  +0.382                                  +0.281                                                        +1.000                                                                    -0.303                                                                      +0.046                       +0.018                                                    +0.481                                                                                     -0.064                   +0.008                                      +0.364
                         :                  bjet_ChargedHadronEnergyFraction_0.2_bjet_ChargedHadronEnergyFraction:0.2:                            -0.071                            +0.284       +0.050                                  -0.139                                  -0.230                                  -0.094                                                        -0.303                                                                    +1.000                                                                      -0.326                       -0.346                                                    -0.438                                                                                     +0.312                   -0.176                                      -0.238
                         :                bjet_NeutralHadronEnergyFraction_0.06_bjet_NeutralHadronEnergyFraction:0.06:                            +0.039                            +0.112       +0.057                                  -0.039                                  -0.096                                  -0.076                                                        +0.046                                                                    -0.326                                                                      +1.000                       -0.124                                                    -0.122                                                                                     -0.131                   +0.089                                      -0.008
                         :                                                               bjet_NeutralEmEnergyFraction:                            +0.006                            +0.283       -0.017                                  -0.123                                  -0.174                                  -0.207                                                        +0.018                                                                    -0.346                                                                      -0.124                       +1.000                                                    -0.242                                                                                     -0.044                   +0.435                                      -0.064
                         :                                  bjet_MuonEnergyFraction_0.08_bjet_MuonEnergyFraction:0.08:                            -0.001                            -0.630       -0.205                                  +0.273                                  +0.563                                  +0.466                                                        +0.481                                                                    -0.438                                                                      -0.122                       -0.242                                                    +1.000                                                                                     -0.236                   -0.212                                      +0.327
                         : _bjet_ChargedMultiplicity_19__20:_bjet_ChargedMultiplicity_11__11:bjet_ChargedMultiplicity:                            -0.061                            +0.195       +0.000                                  +0.012                                  +0.067                                  +0.115                                                        -0.064                                                                    +0.312                                                                      -0.131                       -0.044                                                    -0.236                                                                                     +1.000                   +0.070                                      -0.159
                         :                                                                   bjet_NeutralMultiplicity:                            -0.002                            +0.254       -0.083                                  -0.055                                  +0.001                                  -0.241                                                        +0.008                                                                    -0.176                                                                      +0.089                       +0.435                                                    -0.212                                                                                     +0.070                   +1.000                                      -0.003
                         :                                                fabs_bjet_charge__0.6_fabs_bjet_charge_:0.6:                            +0.010                            -0.160       -0.045                                  +0.143                                  +0.260                                  +0.184                                                        +0.364                                                                    -0.238                                                                      -0.008                       -0.064                                                    +0.327                                                                                     -0.159                   -0.003                                      +1.000
                         : -------------------------------------------------------------------------------------------------------------------------------------------------------------------------------------------------------------------------------------------------------------------------------------------------------------------------------------------------------------------------------------------------------------------------------------------------------------------------------------------------------------------------------------------------------------------------------------------------------------------------------------------------------------------------------------------------------------------------------------------------------------------------------
DataSetFactory           : [FIN_BDT_2017] :  
                         : 
Factory                  : [1mTrain all methods[0m
Factory                  : [FIN_BDT_2017] : Create Transformation "I" with events from all classes.
                         : 
                         : Transformation, Variable selection : 
                         : Input : variable 'bmuon_nsip3d<10.?bmuon_nsip3d:10.' <---> Output : variable 'bmuon_nsip3d<10.?bmuon_nsip3d:10.'
                         : Input : variable 'bmuon_reliso<10.?bmuon_reliso:10.' <---> Output : variable 'bmuon_reliso<10.?bmuon_reliso:10.'
                         : Input : variable 'bmuon_dR_l_j' <---> Output : variable 'bmuon_dR_l_j'
                         : Input : variable 'bmuon_ptwrtbjet<10.?bmuon_ptwrtbjet:10.' <---> Output : variable 'bmuon_ptwrtbjet<10.?bmuon_ptwrtbjet:10.'
                         : Input : variable 'bmuon_P_jetrest<10.?bmuon_P_jetrest:10.' <---> Output : variable 'bmuon_P_jetrest<10.?bmuon_P_jetrest:10.'
                         : Input : variable 'bmuon_palongjet<50.?bmuon_palongjet:50.' <---> Output : variable 'bmuon_palongjet<50.?bmuon_palongjet:50.'
                         : Input : variable 'bjet_charge*bmuon_charge<0.6?bjet_charge*bmuon_charge:0.6' <---> Output : variable 'bjet_charge*bmuon_charge<0.6?bjet_charge*bmuon_charge:0.6'
                         : Input : variable 'bjet_ChargedHadronEnergyFraction>0.2?bjet_ChargedHadronEnergyFraction:0.2' <---> Output : variable 'bjet_ChargedHadronEnergyFraction>0.2?bjet_ChargedHadronEnergyFraction:0.2'
                         : Input : variable 'bjet_NeutralHadronEnergyFraction>0.06?bjet_NeutralHadronEnergyFraction:0.06' <---> Output : variable 'bjet_NeutralHadronEnergyFraction>0.06?bjet_NeutralHadronEnergyFraction:0.06'
                         : Input : variable 'bjet_NeutralEmEnergyFraction' <---> Output : variable 'bjet_NeutralEmEnergyFraction'
                         : Input : variable 'bjet_MuonEnergyFraction>0.08?bjet_MuonEnergyFraction:0.08' <---> Output : variable 'bjet_MuonEnergyFraction>0.08?bjet_MuonEnergyFraction:0.08'
                         : Input : variable '(bjet_ChargedMultiplicity>19)?20:(bjet_ChargedMultiplicity<11)?11:bjet_ChargedMultiplicity' <---> Output : variable '(bjet_ChargedMultiplicity>19)?20:(bjet_ChargedMultiplicity<11)?11:bjet_ChargedMultiplicity'
                         : Input : variable 'bjet_NeutralMultiplicity' <---> Output : variable 'bjet_NeutralMultiplicity'
                         : Input : variable 'fabs(bjet_charge)<0.6?fabs(bjet_charge):0.6' <---> Output : variable 'fabs(bjet_charge)<0.6?fabs(bjet_charge):0.6'
TFHandler_Factory        :                                                                                   Variable                                                                                          Mean                                                                                          RMS                                                                                  [        Min                                                                                          Max ]
                         : -------------------------------------------------------------------------------------------------------------------------------------------------------------------------------------------------------------------------------------------------------------------------------------------------------------------------------------------------------------------------------------------------------------------------------------------------------------------------------------
                         :                                                          bmuon_nsip3d<10.?bmuon_nsip3d:10.:                                                                                      7.2833                                                                                      3.4315   [                                                                                   0.0062385                                                                                      10.000 ]
                         :                                                          bmuon_reliso<10.?bmuon_reliso:10.:                                                                                      2.7621                                                                                      2.2452   [                                                                                      0.0000                                                                                      9.9994 ]
                         :                                                                               bmuon_dR_l_j:                                                                                    0.085222                                                                                    0.060077   [                                                                                  0.00013398                                                                                     0.39984 ]
                         :                                                    bmuon_ptwrtbjet<10.?bmuon_ptwrtbjet:10.:                                                                                     0.96785                                                                                     0.65344   [                                                                                   0.0034248                                                                                      10.000 ]
                         :                                                    bmuon_P_jetrest<10.?bmuon_P_jetrest:10.:                                                                                      1.3965                                                                                     0.77876   [                                                                                     0.20012                                                                                      10.000 ]
                         :                                                    bmuon_palongjet<50.?bmuon_palongjet:50.:                                                                                      24.009                                                                                      14.526   [                                                                                      4.8232                                                                                      50.000 ]
                         :                                  bjet_charge*bmuon_charge<0.6?bjet_charge*bmuon_charge:0.6:                                                                                     0.18869                                                                                     0.29657   [                                                                                     -1.0000                                                                                     0.60000 ]
                         :                  bjet_ChargedHadronEnergyFraction>0.2?bjet_ChargedHadronEnergyFraction:0.2:                                                                                     0.45754                                                                                     0.17900   [                                                                                     0.20000                                                                                      1.0000 ]
                         :                bjet_NeutralHadronEnergyFraction>0.06?bjet_NeutralHadronEnergyFraction:0.06:                                                                                     0.10413                                                                                    0.080811   [                                                                                    0.060000                                                                                     0.76395 ]
                         :                                                               bjet_NeutralEmEnergyFraction:                                                                                     0.19421                                                                                     0.13125   [                                                                                      0.0000                                                                                     0.84859 ]
                         :                                  bjet_MuonEnergyFraction>0.08?bjet_MuonEnergyFraction:0.08:                                                                                     0.24816                                                                                     0.15543   [                                                                                    0.080000                                                                                     0.94143 ]
                         : (bjet_ChargedMultiplicity>19)?20:(bjet_ChargedMultiplicity<11)?11:bjet_ChargedMultiplicity:                                                                                      12.475                                                                                      2.3858   [                                                                                      11.000                                                                                      20.000 ]
                         :                                                                   bjet_NeutralMultiplicity:                                                                                      9.9328                                                                                      5.1513   [                                                                                      0.0000                                                                                      41.000 ]
                         :                                                fabs(bjet_charge)<0.6?fabs(bjet_charge):0.6:                                                                                     0.29480                                                                                     0.18946   [                                                                                  5.1672e-06                                                                                     0.60000 ]
                         : -------------------------------------------------------------------------------------------------------------------------------------------------------------------------------------------------------------------------------------------------------------------------------------------------------------------------------------------------------------------------------------------------------------------------------------------------------------------------------------
                         : Ranking input variables (method unspecific)...
IdTransformation         : Ranking result (top variable is best ranked)
                         : -------------------------------------------------------------------------------------------------------------------
                         : Rank : Variable                                                                                   : Separation
                         : -------------------------------------------------------------------------------------------------------------------
                         :    1 : bjet_charge*bmuon_charge<0.6?bjet_charge*bmuon_charge:0.6                                  : 1.346e-01
                         :    2 : bmuon_P_jetrest<10.?bmuon_P_jetrest:10.                                                    : 1.066e-01
                         :    3 : bjet_MuonEnergyFraction>0.08?bjet_MuonEnergyFraction:0.08                                  : 8.164e-02
                         :    4 : bmuon_ptwrtbjet<10.?bmuon_ptwrtbjet:10.                                                    : 7.461e-02
                         :    5 : fabs(bjet_charge)<0.6?fabs(bjet_charge):0.6                                                : 6.867e-02
                         :    6 : bmuon_reliso<10.?bmuon_reliso:10.                                                          : 5.591e-02
                         :    7 : bmuon_palongjet<50.?bmuon_palongjet:50.                                                    : 3.068e-02
                         :    8 : bjet_ChargedHadronEnergyFraction>0.2?bjet_ChargedHadronEnergyFraction:0.2                  : 1.655e-02
                         :    9 : bmuon_nsip3d<10.?bmuon_nsip3d:10.                                                          : 8.517e-03
                         :   10 : bmuon_dR_l_j                                                                               : 7.741e-03
                         :   11 : bjet_NeutralEmEnergyFraction                                                               : 6.085e-03
                         :   12 : bjet_NeutralMultiplicity                                                                   : 4.144e-03
                         :   13 : (bjet_ChargedMultiplicity>19)?20:(bjet_ChargedMultiplicity<11)?11:bjet_ChargedMultiplicity : 3.924e-03
                         :   14 : bjet_NeutralHadronEnergyFraction>0.06?bjet_NeutralHadronEnergyFraction:0.06                : 2.801e-03
                         : -------------------------------------------------------------------------------------------------------------------
Factory                  : Train method: BDT for Classification
                         : 
                         : Preparing the Gaussian transformation...
TFHandler_BDT            :                                                                                   Variable                                                                                          Mean                                                                                          RMS                                                                                  [        Min                                                                                          Max ]
                         : -------------------------------------------------------------------------------------------------------------------------------------------------------------------------------------------------------------------------------------------------------------------------------------------------------------------------------------------------------------------------------------------------------------------------------------------------------------------------------------
                         :                                                          bmuon_nsip3d<10.?bmuon_nsip3d:10.:                                                                                      2.9555                                                                                      2.9439   [                                                                                     -3.0991                                                                                      5.7307 ]
                         :                                                          bmuon_reliso<10.?bmuon_reliso:10.:                                                                                   -0.025677                                                                                      1.0361   [                                                                                     -3.1432                                                                                      5.7307 ]
                         :                                                                               bmuon_dR_l_j:                                                                                   0.0027112                                                                                     0.99840   [                                                                                     -3.3146                                                                                      5.7307 ]
                         :                                                    bmuon_ptwrtbjet<10.?bmuon_ptwrtbjet:10.:                                                                                   0.0038227                                                                                     0.99874   [                                                                                     -3.3526                                                                                      5.7307 ]
                         :                                                    bmuon_P_jetrest<10.?bmuon_P_jetrest:10.:                                                                                   0.0054097                                                                                      1.0002   [                                                                                     -3.2928                                                                                      5.7307 ]
                         :                                                    bmuon_palongjet<50.?bmuon_palongjet:50.:                                                                                     0.76945                                                                                      2.1577   [                                                                                     -3.2682                                                                                      5.7307 ]
                         :                                  bjet_charge*bmuon_charge<0.6?bjet_charge*bmuon_charge:0.6:                                                                                     0.62745                                                                                      2.0152   [                                                                                     -3.2812                                                                                      5.7307 ]
                         :                  bjet_ChargedHadronEnergyFraction>0.2?bjet_ChargedHadronEnergyFraction:0.2:                                                                                    -0.29991                                                                                      1.3275   [                                                                                     -3.1264                                                                                      5.7307 ]
                         :                bjet_NeutralHadronEnergyFraction>0.06?bjet_NeutralHadronEnergyFraction:0.06:                                                                                     -1.5497                                                                                      1.5602   [                                                                                     -2.8284                                                                                      5.7307 ]
                         :                                                               bjet_NeutralEmEnergyFraction:                                                                                   -0.021717                                                                                      1.0295   [                                                                                     -3.2649                                                                                      5.7307 ]
                         :                                  bjet_MuonEnergyFraction>0.08?bjet_MuonEnergyFraction:0.08:                                                                                    -0.40396                                                                                      1.4018   [                                                                                     -3.0995                                                                                      5.7307 ]
                         : (bjet_ChargedMultiplicity>19)?20:(bjet_ChargedMultiplicity<11)?11:bjet_ChargedMultiplicity:                                                                                    -0.20174                                                                                      1.3458   [                                                                                    -0.96614                                                                                      5.7307 ]
                         :                                                                   bjet_NeutralMultiplicity:                                                                                  -0.0066211                                                                                      1.0231   [                                                                                     -5.0111                                                                                      5.7307 ]
                         :                                                fabs(bjet_charge)<0.6?fabs(bjet_charge):0.6:                                                                                     0.65804                                                                                      2.0485   [                                                                                     -3.1930                                                                                      5.7307 ]
                         : -------------------------------------------------------------------------------------------------------------------------------------------------------------------------------------------------------------------------------------------------------------------------------------------------------------------------------------------------------------------------------------------------------------------------------------------------------------------------------------
                         : Events with weight == 0 are going to be simply ignored 
BDT                      : #events: (reweighted) sig: 23476.5 bkg: 23476.5
                         : #events: (unweighted) sig: 31479 bkg: 15474
                         : Training 800 Decision Trees ... patience please
                         : Elapsed time for training with 68449 events: 156 sec         
BDT                      : [FIN_BDT_2017] : Evaluation of BDT on training sample (68449 events)
                         : Elapsed time for evaluation of 68449 events: 39.4 sec       
                         : Creating xml weight file: [0;36mFIN_BDT_2017/weights/FIN_BDT_2017_BDT.weights.xml[0m
                         : Creating standalone class: [0;36mFIN_BDT_2017/weights/FIN_BDT_2017_BDT.class.C[0m
                         : FIN_BDT_2017.root:/FIN_BDT_2017/Method_BDT/BDT
Factory                  : Training finished
                         : 
                         : Ranking input variables (method specific)...
BDT                      : Ranking result (top variable is best ranked)
                         : ----------------------------------------------------------------------------------------------------------------------------
                         : Rank : Variable                                                                                   : Variable Importance
                         : ----------------------------------------------------------------------------------------------------------------------------
                         :    1 : bjet_charge*bmuon_charge<0.6?bjet_charge*bmuon_charge:0.6                                  : 2.080e-01
                         :    2 : bmuon_P_jetrest<10.?bmuon_P_jetrest:10.                                                    : 8.888e-02
                         :    3 : bmuon_ptwrtbjet<10.?bmuon_ptwrtbjet:10.                                                    : 8.879e-02
                         :    4 : bjet_MuonEnergyFraction>0.08?bjet_MuonEnergyFraction:0.08                                  : 8.259e-02
                         :    5 : bmuon_dR_l_j                                                                               : 6.406e-02
                         :    6 : bmuon_reliso<10.?bmuon_reliso:10.                                                          : 6.312e-02
                         :    7 : bmuon_nsip3d<10.?bmuon_nsip3d:10.                                                          : 6.184e-02
                         :    8 : bjet_ChargedHadronEnergyFraction>0.2?bjet_ChargedHadronEnergyFraction:0.2                  : 5.812e-02
                         :    9 : bjet_NeutralEmEnergyFraction                                                               : 5.725e-02
                         :   10 : fabs(bjet_charge)<0.6?fabs(bjet_charge):0.6                                                : 4.964e-02
                         :   11 : bjet_NeutralHadronEnergyFraction>0.06?bjet_NeutralHadronEnergyFraction:0.06                : 4.856e-02
                         :   12 : bjet_NeutralMultiplicity                                                                   : 4.760e-02
                         :   13 : bmuon_palongjet<50.?bmuon_palongjet:50.                                                    : 4.607e-02
                         :   14 : (bjet_ChargedMultiplicity>19)?20:(bjet_ChargedMultiplicity<11)?11:bjet_ChargedMultiplicity : 3.541e-02
                         : ----------------------------------------------------------------------------------------------------------------------------
Factory                  : === Destroy and recreate all methods via weight files for testing ===
                         : 
                         : Reading weight file: [0;36mFIN_BDT_2017/weights/FIN_BDT_2017_BDT.weights.xml[0m
Factory                  : [1mTest all methods[0m
Factory                  : Test method: BDT for Classification performance
                         : 
BDT                      : [FIN_BDT_2017] : Evaluation of BDT on testing sample (97946 events)
                         : Elapsed time for evaluation of 97946 events: 29.5 sec       
Factory                  : [1mEvaluate all methods[0m
Factory                  : Evaluate classifier: BDT
                         : 
TFHandler_BDT            :                                                                                   Variable                                                                                          Mean                                                                                          RMS                                                                                  [        Min                                                                                          Max ]
                         : -------------------------------------------------------------------------------------------------------------------------------------------------------------------------------------------------------------------------------------------------------------------------------------------------------------------------------------------------------------------------------------------------------------------------------------------------------------------------------------
                         :                                                          bmuon_nsip3d<10.?bmuon_nsip3d:10.:                                                                                      2.9145                                                                                      2.9560   [                                                                                     -3.0302                                                                                      5.7307 ]
                         :                                                          bmuon_reliso<10.?bmuon_reliso:10.:                                                                                   -0.073785                                                                                      1.0367   [                                                                                     -3.1432                                                                                      5.7307 ]
                         :                                                                               bmuon_dR_l_j:                                                                                  -0.0014411                                                                                      1.0179   [                                                                                     -3.3690                                                                                      5.7307 ]
                         :                                                    bmuon_ptwrtbjet<10.?bmuon_ptwrtbjet:10.:                                                                                    0.094165                                                                                      1.0116   [                                                                                     -3.5165                                                                                      5.7307 ]
                         :                                                    bmuon_P_jetrest<10.?bmuon_P_jetrest:10.:                                                                                     0.12510                                                                                      1.0107   [                                                                                     -4.0264                                                                                      5.7307 ]
                         :                                                    bmuon_palongjet<50.?bmuon_palongjet:50.:                                                                                     0.91178                                                                                      2.2193   [                                                                                     -3.5262                                                                                      5.7307 ]
                         :                                  bjet_charge*bmuon_charge<0.6?bjet_charge*bmuon_charge:0.6:                                                                                     0.82076                                                                                      2.0916   [                                                                                     -3.2770                                                                                      5.7307 ]
                         :                  bjet_ChargedHadronEnergyFraction>0.2?bjet_ChargedHadronEnergyFraction:0.2:                                                                                    -0.33702                                                                                      1.3415   [                                                                                     -3.1264                                                                                      5.7307 ]
                         :                bjet_NeutralHadronEnergyFraction>0.06?bjet_NeutralHadronEnergyFraction:0.06:                                                                                     -1.5976                                                                                      1.5437   [                                                                                     -2.8284                                                                                      5.7307 ]
                         :                                                               bjet_NeutralEmEnergyFraction:                                                                                   -0.034105                                                                                      1.0282   [                                                                                     -3.2649                                                                                      5.7307 ]
                         :                                  bjet_MuonEnergyFraction>0.08?bjet_MuonEnergyFraction:0.08:                                                                                    -0.32732                                                                                      1.4161   [                                                                                     -3.0995                                                                                      5.7307 ]
                         : (bjet_ChargedMultiplicity>19)?20:(bjet_ChargedMultiplicity<11)?11:bjet_ChargedMultiplicity:                                                                                    -0.17257                                                                                      1.3964   [                                                                                    -0.96614                                                                                      5.7307 ]
                         :                                                                   bjet_NeutralMultiplicity:                                                                                  -0.0038325                                                                                      1.0272   [                                                                                     -5.0111                                                                                      5.7307 ]
                         :                                                fabs(bjet_charge)<0.6?fabs(bjet_charge):0.6:                                                                                     0.81090                                                                                      2.1348   [                                                                                     -3.1904                                                                                      5.7307 ]
                         : -------------------------------------------------------------------------------------------------------------------------------------------------------------------------------------------------------------------------------------------------------------------------------------------------------------------------------------------------------------------------------------------------------------------------------------------------------------------------------------
BDT                      : [FIN_BDT_2017] : Loop over test events and fill histograms with classifier response...
                         : 
TFHandler_BDT            :                                                                                   Variable                                                                                          Mean                                                                                          RMS                                                                                  [        Min                                                                                          Max ]
                         : -------------------------------------------------------------------------------------------------------------------------------------------------------------------------------------------------------------------------------------------------------------------------------------------------------------------------------------------------------------------------------------------------------------------------------------------------------------------------------------
                         :                                                          bmuon_nsip3d<10.?bmuon_nsip3d:10.:                                                                                      2.9145                                                                                      2.9560   [                                                                                     -3.0302                                                                                      5.7307 ]
                         :                                                          bmuon_reliso<10.?bmuon_reliso:10.:                                                                                   -0.073785                                                                                      1.0367   [                                                                                     -3.1432                                                                                      5.7307 ]
                         :                                                                               bmuon_dR_l_j:                                                                                  -0.0014411                                                                                      1.0179   [                                                                                     -3.3690                                                                                      5.7307 ]
                         :                                                    bmuon_ptwrtbjet<10.?bmuon_ptwrtbjet:10.:                                                                                    0.094165                                                                                      1.0116   [                                                                                     -3.5165                                                                                      5.7307 ]
                         :                                                    bmuon_P_jetrest<10.?bmuon_P_jetrest:10.:                                                                                     0.12510                                                                                      1.0107   [                                                                                     -4.0264                                                                                      5.7307 ]
                         :                                                    bmuon_palongjet<50.?bmuon_palongjet:50.:                                                                                     0.91178                                                                                      2.2193   [                                                                                     -3.5262                                                                                      5.7307 ]
                         :                                  bjet_charge*bmuon_charge<0.6?bjet_charge*bmuon_charge:0.6:                                                                                     0.82076                                                                                      2.0916   [                                                                                     -3.2770                                                                                      5.7307 ]
                         :                  bjet_ChargedHadronEnergyFraction>0.2?bjet_ChargedHadronEnergyFraction:0.2:                                                                                    -0.33702                                                                                      1.3415   [                                                                                     -3.1264                                                                                      5.7307 ]
                         :                bjet_NeutralHadronEnergyFraction>0.06?bjet_NeutralHadronEnergyFraction:0.06:                                                                                     -1.5976                                                                                      1.5437   [                                                                                     -2.8284                                                                                      5.7307 ]
                         :                                                               bjet_NeutralEmEnergyFraction:                                                                                   -0.034105                                                                                      1.0282   [                                                                                     -3.2649                                                                                      5.7307 ]
                         :                                  bjet_MuonEnergyFraction>0.08?bjet_MuonEnergyFraction:0.08:                                                                                    -0.32732                                                                                      1.4161   [                                                                                     -3.0995                                                                                      5.7307 ]
                         : (bjet_ChargedMultiplicity>19)?20:(bjet_ChargedMultiplicity<11)?11:bjet_ChargedMultiplicity:                                                                                    -0.17257                                                                                      1.3964   [                                                                                    -0.96614                                                                                      5.7307 ]
                         :                                                                   bjet_NeutralMultiplicity:                                                                                  -0.0038325                                                                                      1.0272   [                                                                                     -5.0111                                                                                      5.7307 ]
                         :                                                fabs(bjet_charge)<0.6?fabs(bjet_charge):0.6:                                                                                     0.81090                                                                                      2.1348   [                                                                                     -3.1904                                                                                      5.7307 ]
                         : -------------------------------------------------------------------------------------------------------------------------------------------------------------------------------------------------------------------------------------------------------------------------------------------------------------------------------------------------------------------------------------------------------------------------------------------------------------------------------------
                         : 
                         : Evaluation results ranked by best signal efficiency and purity (area)
                         : -------------------------------------------------------------------------------------------------------------------
                         : DataSet       MVA                       
                         : Name:         Method:          ROC-integ
                         : FIN_BDT_2017  BDT            : 0.758
                         : -------------------------------------------------------------------------------------------------------------------
                         : 
                         : Testing efficiency compared to training efficiency (overtraining check)
                         : -------------------------------------------------------------------------------------------------------------------
                         : DataSet              MVA              Signal efficiency: from test sample (from training sample) 
                         : Name:                Method:          @B=0.01             @B=0.10            @B=0.30   
                         : -------------------------------------------------------------------------------------------------------------------
                         : FIN_BDT_2017         BDT            : 0.086 (0.092)       0.383 (0.421)      0.682 (0.706)
                         : -------------------------------------------------------------------------------------------------------------------
                         : 
Dataset:FIN_BDT_2017     : Created tree 'TestTree' with 97946 events
                         : 
Dataset:FIN_BDT_2017     : Created tree 'TrainTree' with 68449 events
                         : 
Factory                  : [1mThank you for using TMVA![0m
                         : [1mFor citation information, please visit: http://tmva.sf.net/citeTMVA.html[0m
['bmuon_nsip3d<10. ? bmuon_nsip3d : 10.', 'bmuon_reliso < 10. ? bmuon_reliso : 10. ', 'bmuon_dR_l_j', 'bmuon_ptwrtbjet < 10. ? bmuon_ptwrtbjet : 10.', 'bmuon_P_jetrest < 10. ? bmuon_P_jetrest : 10.', 'bmuon_palongjet < 50. ? bmuon_palongjet : 50.', 'bjet_charge*bmuon_charge < 0.6 ? bjet_charge*bmuon_charge : 0.6', 'bjet_ChargedHadronEnergyFraction > 0.2 ? bjet_ChargedHadronEnergyFraction : 0.2', 'bjet_NeutralHadronEnergyFraction > 0.06 ? bjet_NeutralHadronEnergyFraction : 0.06', 'bjet_NeutralEmEnergyFraction', 'bjet_MuonEnergyFraction > 0.08 ? bjet_MuonEnergyFraction : 0.08', '(bjet_ChargedMultiplicity > 19) ? 20 : (bjet_ChargedMultiplicity < 11) ? 11 : bjet_ChargedMultiplicity', 'bjet_NeutralMultiplicity', 'fabs(bjet_charge) < 0.6 ? fabs(bjet_charge) : 0.6'] ['belectron_nsip3d < 10. ? belectron_nsip3d : 10.', '(belectron_reliso < 1.) ? 1 : (belectron_reliso > 10 ) ? 10 : belectron_reliso', 'belectron_ptwrtbjet < 10. ? belectron_ptwrtbjet : 10.', 'belectron_P_jetrest < 10. ? belectron_P_jetrest : 10.', 'bjet_charge*belectron_charge < 0.4 ? bjet_charge*belectron_charge : 0.4', 'bjet_ChargedHadronEnergyFraction > 0.35 ? bjet_ChargedHadronEnergyFraction : 0.35', 'bjet_NeutralHadronEnergyFraction > 0.1 ? bjet_NeutralHadronEnergyFraction : 0.1', 'bjet_NeutralEmEnergyFraction > 0.1 ? bjet_NeutralEmEnergyFraction : 0.1', 'bjet_ChargedEmEnergyFraction < 0.3 ? bjet_ChargedEmEnergyFraction : 0.3', '(bjet_ChargedMultiplicity > 20) ? 21 : (bjet_ChargedMultiplicity < 15) ? 14 : bjet_ChargedMultiplicity', 'bjet_NeutralMultiplicity > 9 ? bjet_NeutralMultiplicity : 9', 'fabs(bjet_charge) < 0.5 ? fabs(bjet_charge) : 0.5'] ['bjet_ChargedHadronEnergyFraction', 'bjet_NeutralHadronEnergyFraction', 'bjet_NeutralEmEnergyFraction', '(bjet_ChargedMultiplicity > 19) ? 20 : (bjet_ChargedMultiplicity < 12) ? 11 : bjet_ChargedMultiplicity', 'bjet_NeutralMultiplicity > 4 ? bjet_NeutralMultiplicity : 4', 'fabs(bjet_charge) < 0.5 ? fabs(bjet_charge) : 0.5']
(bmuon_charge*bjet_partonFlavour < 0)&&Has_bMuon (bmuon_charge*bjet_partonFlavour > 0)&&Has_bMuon (belectron_charge*bjet_partonFlavour < 0)&&(Has_bElectron) (belectron_charge*bjet_partonFlavour > 0)&&(Has_bElectron) (bjet_charge*bjet_partonFlavour < 0)&&(!Has_bElectron)&&(!Has_bMuon) (bjet_charge*bjet_partonFlavour > 0)&&(!Has_bElectron)&&(!Has_bMuon)
sigcut= (bmuon_charge*bjet_partonFlavour < 0)&&Has_bMuon
bkgcut= (bmuon_charge*bjet_partonFlavour > 0)&&Has_bMuon
<sig cut>= (bmuon_charge*bjet_partonFlavour < 0)&&Has_bMuon
<bkg cut>= (bmuon_charge*bjet_partonFlavour > 0)&&Has_bMuon
---sig_test---
<self.testtree_sig> OutTree/sig
/pnfs/knu.ac.kr/data/cms/store/user/jhchoi/JetChargeTagScore/TMVA_TOOL/inputs/EEMu_MuMuE_Method/v2512.4/2017/EEMu_MuMuE_Method_DYJetsToEE_MiNNLO.root
/pnfs/knu.ac.kr/data/cms/store/user/jhchoi/JetChargeTagScore/TMVA_TOOL/inputs/EEMu_MuMuE_Method/v2512.4/2017/EEMu_MuMuE_Method_DYJetsToMuMu_MiNNLO.root
--bkg_test---
<self.testtree_bkg> OutTree/bkg
/pnfs/knu.ac.kr/data/cms/store/user/jhchoi/JetChargeTagScore/TMVA_TOOL/inputs/EEMu_MuMuE_Method/v2512.4/2017/EEMu_MuMuE_Method_DYJetsToEE_MiNNLO.root
/pnfs/knu.ac.kr/data/cms/store/user/jhchoi/JetChargeTagScore/TMVA_TOOL/inputs/EEMu_MuMuE_Method/v2512.4/2017/EEMu_MuMuE_Method_DYJetsToMuMu_MiNNLO.root
---sig_train---
<self.traintree_sig> OutTree/sig
/pnfs/knu.ac.kr/data/cms/store/user/jhchoi/JetChargeTagScore/TMVA_TOOL/inputs/EEMu_MuMuE_Method/v2512.4/2017/EEMu_MuMuE_Method_DYJets.root
---bkg_train---
<self.traintree_bkg> OutTree/bkg
/pnfs/knu.ac.kr/data/cms/store/user/jhchoi/JetChargeTagScore/TMVA_TOOL/inputs/EEMu_MuMuE_Method/v2512.4/2017/EEMu_MuMuE_Method_DYJets.root
>>>>self.dataloader.PrepareTrainingAndTestTree
Set sig cut -> (bmuon_charge*bjet_partonFlavour < 0)&&Has_bMuon
Set bkg cut -> (bmuon_charge*bjet_partonFlavour > 0)&&Has_bMuon
auc= 0.758081187509304
END of RUNNING...run_single
FIN_BDT_2017
FIN_BDT_2017.root
_condor_stderr
_condor_stdout
run.sh
tmp
var
myerr=0
[ntry=1]
