Submitting job(s)..................................................
50 job(s) submitted to cluster 2238820.
Submitting job(s)..................................................
50 job(s) submitted to cluster 2238844.
Submitting job(s)..................................................
50 job(s) submitted to cluster 2238864.
Submitting job(s)..................................................
50 job(s) submitted to cluster 2238878.
Submitting job(s)..................................................
50 job(s) submitted to cluster 2238891.
condor_submit WORKDIR_HADD/run.jds > WORKDIR_HADD/run.jid
condor_submit WORKDIR_HADD/run.jds > WORKDIR_HADD/run.jid
condor_submit WORKDIR_HADD/run.jds > WORKDIR_HADD/run.jid
condor_submit WORKDIR_HADD/run.jds > WORKDIR_HADD/run.jid
condor_submit WORKDIR_HADD/run.jds > WORKDIR_HADD/run.jid
##################################################
Submission Finished
- JobID = 201510
- Analyzer = DiLeptonAnalyzer
- Skim = SkimTree_Dilepton
- InputSamples = ['DoubleEG:B_ver2', 'DoubleEG:C', 'DoubleEG:D', 'DoubleEG:E', 'DoubleEG:F']
- NJobs = 50
- Era = 2016preVFP
- UserFlags = []
- RunDir = /data6/Users/jhchoi/SKFlatRunlog//2024_04_01_232034__201510__DiLeptonAnalyzer__Era2016preVFP__SkimTree_Dilepton__TAMSA1/DoubleEG_periodF/
- output will be send to : /data6/Users/jhchoi/SKFlatOutput//Run2UltraLegacy_v3/DiLeptonAnalyzer/2016preVFP//DATA/
##################################################
submit hadd
CheckOutputSize...
<AFTER hadd fin. please rm remainings..>
rm /data6/Users/jhchoi/SKFlatRunlog//2024_04_01_232034__201510__DiLeptonAnalyzer__Era2016preVFP__SkimTree_Dilepton__TAMSA1/DoubleEG_periodB_ver2//output/*.root
submit hadd
CheckOutputSize...
<AFTER hadd fin. please rm remainings..>
rm /data6/Users/jhchoi/SKFlatRunlog//2024_04_01_232034__201510__DiLeptonAnalyzer__Era2016preVFP__SkimTree_Dilepton__TAMSA1/DoubleEG_periodC//output/*.root
submit hadd
CheckOutputSize...
<AFTER hadd fin. please rm remainings..>
rm /data6/Users/jhchoi/SKFlatRunlog//2024_04_01_232034__201510__DiLeptonAnalyzer__Era2016preVFP__SkimTree_Dilepton__TAMSA1/DoubleEG_periodD//output/*.root
submit hadd
CheckOutputSize...
<AFTER hadd fin. please rm remainings..>
rm /data6/Users/jhchoi/SKFlatRunlog//2024_04_01_232034__201510__DiLeptonAnalyzer__Era2016preVFP__SkimTree_Dilepton__TAMSA1/DoubleEG_periodE//output/*.root
submit hadd
CheckOutputSize...
<AFTER hadd fin. please rm remainings..>
rm /data6/Users/jhchoi/SKFlatRunlog//2024_04_01_232034__201510__DiLeptonAnalyzer__Era2016preVFP__SkimTree_Dilepton__TAMSA1/DoubleEG_periodF//output/*.root
