Submitting job(s)..................................................
50 job(s) submitted to cluster 2241336.
Submitting job(s)..................................................
50 job(s) submitted to cluster 2241357.
condor_submit WORKDIR_HADD/run.jds > WORKDIR_HADD/run.jid
##################################################
Submission Finished
- JobID = 494233
- Analyzer = DiLeptonAnalyzer
- Skim = SkimTree_Dilepton
- InputSamples = ['SingleTop_tW_antitop_NoFullyHad', 'SingleTop_tW_top_NoFullyHad']
- NJobs = 50
- Era = 2016preVFP
- UserFlags = []
- RunDir = /data6/Users/jhchoi/SKFlatRunlog//2024_04_07_005131__494233__DiLeptonAnalyzer__Era2016preVFP__SkimTree_Dilepton__TAMSA1/SingleTop_tW_top_NoFullyHad/
- output will be send to : /data6/Users/jhchoi/SKFlatOutput//Run2UltraLegacy_v3/DiLeptonAnalyzer/2016preVFP/
##################################################
submit hadd
CheckOutputSize...
<AFTER hadd fin. please rm remainings..>
rm /data6/Users/jhchoi/SKFlatRunlog//2024_04_07_005131__494233__DiLeptonAnalyzer__Era2016preVFP__SkimTree_Dilepton__TAMSA1/SingleTop_tW_antitop_NoFullyHad//output/*.root
err!!-> In file included from Analyzers_Dict dictionary payload:8:

err!!-> /data6/Users/jhchoi/SKFlatAnalyzers/test/ForTMVA/SKFlatAnalyzer/Analyzers/include/JHAnalyzerBase.h:4:10: fatal error: file '/data6/Users/jhchoi/SKFlatAnalyzers/test/ForTMVA/SKFlatAnalyzer/Analyzers/include/AnalyzerCore.h' modified since it was first processed

err!!-> #include "AnalyzerCore.h"

err!!->          ^

err!!-> Error in <TInterpreter::AutoParse>: Error parsing payload code for class DiLeptonAnalyzer with content:

err!!-> 

err!!-> #line 1 "Analyzers_Dict dictionary payload"

err!!-> 

err!!-> #ifndef G__VECTOR_HAS_CLASS_ITERATOR

err!!->   #define G__VECTOR_HAS_CLASS_ITERATOR 1

err!!-> #endif

err!!-> 

err!!-> #define _BACKWARD_BACKWARD_WARNING_H

err!!-> #include "include/SKFlatNtuple.h"

err!!-> #include "include/JHAnalyzerBase.h"

err!!-> #include "include/DiLeptonAnalyzer.h"

err!!-> #include "include/GetEffLumi.h"

err!!-> #include "include/SingleLeptonAnalyzer.h"

err!!-> #include "include/BasicTest.h"

err!!-> #include "include/AnalyzerCore.h"

err!!-> 

err!!-> #undef  _BACKWARD_BACKWARD_WARNING_H

err!!-> 

err!!-> In file included from input_line_10:1:

err!!-> /data6/Users/jhchoi/SKFlatRunlog/2024_04_07_005131__494233__DiLeptonAnalyzer__Era2016preVFP__SkimTree_Dilepton__TAMSA1/SingleTop_tW_top_NoFullyHad/run_0.C:7:20: error: variable has incomplete type 'DiLeptonAnalyzer'

err!!->   DiLeptonAnalyzer m;

err!!->                    ^

err!!-> Analyzers_Dict dictionary forward declarations' payload:8:79: note: forward declaration of 'DiLeptonAnalyzer'

err!!-> class __attribute__((annotate("$clingAutoload$include/DiLeptonAnalyzer.h")))  DiLeptonAnalyzer;

err!!->                                                                               ^

err!!-> ERROR errno=1

length_log_e>0,-> 31
