Submitting job(s)..................................................
50 job(s) submitted to cluster 2219343.
Submitting job(s)..................................................
50 job(s) submitted to cluster 2219344.
Submitting job(s)..................................................
50 job(s) submitted to cluster 2219345.
Submitting job(s)..................................................
50 job(s) submitted to cluster 2219346.
Submitting job(s)..................................................
50 job(s) submitted to cluster 2219347.
condor_submit WORKDIR_HADD/run.jds > WORKDIR_HADD/run.jid
condor_submit WORKDIR_HADD/run.jds > WORKDIR_HADD/run.jid
condor_submit WORKDIR_HADD/run.jds > WORKDIR_HADD/run.jid
condor_submit WORKDIR_HADD/run.jds > WORKDIR_HADD/run.jid
condor_submit WORKDIR_HADD/run.jds > WORKDIR_HADD/run.jid
##################################################
Submission Finished
- JobID = 234365
- Analyzer = TTsemilep_ChargeReliability
- Skim = 
- InputSamples = ['SingleElectron:B', 'SingleElectron:C', 'SingleElectron:D', 'SingleElectron:E', 'SingleElectron:F']
- NJobs = 50
- Era = 2017
- UserFlags = ['RunSyst', 'RunSoftElectron', 'RunLeptonSide', 'RunChAcc']
- RunDir = /data6/Users/jhchoi/SKFlatRunlog//2024_02_17_214835__234365__TTsemilep_ChargeReliability__Era2017__RunSyst__RunSoftElectron__RunLeptonSide__RunChAcc__TAMSA1/SingleElectron_periodF/
- output will be send to : /data6/Users/jhchoi/SKFlatOutput//Run2UltraLegacy_v3/TTsemilep_ChargeReliability/2017/RunSyst__RunSoftElectron__RunLeptonSide__RunChAcc__/DATA/
##################################################
submit hadd
<AFTER hadd fin. please rm remainings..>
rm /data6/Users/jhchoi/SKFlatRunlog//2024_02_17_214835__234365__TTsemilep_ChargeReliability__Era2017__RunSyst__RunSoftElectron__RunLeptonSide__RunChAcc__TAMSA1/SingleElectron_periodD//output/*.root
submit hadd
<AFTER hadd fin. please rm remainings..>
rm /data6/Users/jhchoi/SKFlatRunlog//2024_02_17_214835__234365__TTsemilep_ChargeReliability__Era2017__RunSyst__RunSoftElectron__RunLeptonSide__RunChAcc__TAMSA1/SingleElectron_periodB//output/*.root
submit hadd
<AFTER hadd fin. please rm remainings..>
rm /data6/Users/jhchoi/SKFlatRunlog//2024_02_17_214835__234365__TTsemilep_ChargeReliability__Era2017__RunSyst__RunSoftElectron__RunLeptonSide__RunChAcc__TAMSA1/SingleElectron_periodC//output/*.root
submit hadd
<AFTER hadd fin. please rm remainings..>
rm /data6/Users/jhchoi/SKFlatRunlog//2024_02_17_214835__234365__TTsemilep_ChargeReliability__Era2017__RunSyst__RunSoftElectron__RunLeptonSide__RunChAcc__TAMSA1/SingleElectron_periodE//output/*.root
submit hadd
<AFTER hadd fin. please rm remainings..>
rm /data6/Users/jhchoi/SKFlatRunlog//2024_02_17_214835__234365__TTsemilep_ChargeReliability__Era2017__RunSyst__RunSoftElectron__RunLeptonSide__RunChAcc__TAMSA1/SingleElectron_periodF//output/*.root
