Submitting job(s)....................
20 job(s) submitted to cluster 2252553.
Submitting job(s)....................
20 job(s) submitted to cluster 2252557.
condor_submit WORKDIR_HADD/run.jds > WORKDIR_HADD/run.jid
condor_submit WORKDIR_HADD/run.jds > WORKDIR_HADD/run.jid
##################################################
Submission Finished
- JobID = 350279
- Analyzer = DiLeptonAnalyzer
- Skim = SkimTree_Dilepton
- InputSamples = ['DYJetsToEE_MiNNLO', 'DYJetsToMuMu_MiNNLO']
- NJobs = 20
- Era = 2016postVFP
- UserFlags = ['runSys']
- RunDir = /data6/Users/jhchoi/SKFlatRunlog//2024_04_19_125345__350279__DiLeptonAnalyzer__Era2016postVFP__SkimTree_Dilepton__runSys__TAMSA1/DYJetsToMuMu_MiNNLO/
- output will be send to : /data6/Users/jhchoi/SKFlatOutput//Run2UltraLegacy_v3/DiLeptonAnalyzer/2016postVFP/runSys__
##################################################
submit hadd
CheckOutputSize...
<AFTER hadd fin. please rm remainings..>
rm /data6/Users/jhchoi/SKFlatRunlog//2024_04_19_125345__350279__DiLeptonAnalyzer__Era2016postVFP__SkimTree_Dilepton__runSys__TAMSA1/DYJetsToEE_MiNNLO//output/*.root
submit hadd
CheckOutputSize...
<AFTER hadd fin. please rm remainings..>
rm /data6/Users/jhchoi/SKFlatRunlog//2024_04_19_125345__350279__DiLeptonAnalyzer__Era2016postVFP__SkimTree_Dilepton__runSys__TAMSA1/DYJetsToMuMu_MiNNLO//output/*.root
