Submitting job(s).....
5 job(s) submitted to cluster 2235677.
Submitting job(s).....
5 job(s) submitted to cluster 2235681.
condor_submit WORKDIR_HADD/run.jds > WORKDIR_HADD/run.jid
condor_submit WORKDIR_HADD/run.jds > WORKDIR_HADD/run.jid
##################################################
Submission Finished
- JobID = 326316
- Analyzer = DiLeptonAnalyzer
- Skim = SkimTree_Dilepton
- InputSamples = ['SingleTop_tW_antitop_NoFullyHad', 'SingleTop_tW_top_NoFullyHad']
- NJobs = 5
- Era = 2016postVFP
- UserFlags = ['runSys']
- RunDir = /data6/Users/jhchoi/SKFlatRunlog//2024_03_24_063602__326316__DiLeptonAnalyzer__Era2016postVFP__SkimTree_Dilepton__runSys__TAMSA1/SingleTop_tW_top_NoFullyHad/
- output will be send to : /data6/Users/jhchoi/SKFlatOutput//Run2UltraLegacy_v3/DiLeptonAnalyzer/2016postVFP/runSys__
##################################################
submit hadd
CheckOutputSize...
<AFTER hadd fin. please rm remainings..>
rm /data6/Users/jhchoi/SKFlatRunlog//2024_03_24_063602__326316__DiLeptonAnalyzer__Era2016postVFP__SkimTree_Dilepton__runSys__TAMSA1/SingleTop_tW_antitop_NoFullyHad//output/*.root
submit hadd
CheckOutputSize...
<AFTER hadd fin. please rm remainings..>
rm /data6/Users/jhchoi/SKFlatRunlog//2024_03_24_063602__326316__DiLeptonAnalyzer__Era2016postVFP__SkimTree_Dilepton__runSys__TAMSA1/SingleTop_tW_top_NoFullyHad//output/*.root
