/home/condor/dir_2152434
DataSetInfo              : [FIN_BDT_2016preVFP] : Added class "Signal"
                         : Add Tree OutTree/sig of type Signal with 473146 events
                         : Add Tree OutTree/sig of type Signal with 537532 events
DataSetInfo              : [FIN_BDT_2016preVFP] : Added class "Background"
                         : Add Tree OutTree/bkg of type Background with 338692 events
                         : Add Tree OutTree/bkg of type Background with 384801 events
Factory                  : Booking method: [1mBDT[0m
                         : 
                         : Parsing option string: 
                         : ... "!H:V:NTrees=700:MinNodeSize=1.5%:MaxDepth=4:Shrinkage=0.005:BoostType=Grad:AdaBoostBeta=:UseBaggedBoost=True:BaggedSampleFraction=0.5:SeparationType=GiniIndex:nCuts=20:IgnoreNegWeightsInTraining=True:VarTransform=G"
                         : The following options are set:
                         : - By User:
                         :     <none>
                         : - Default:
                         :     Boost_num: "0" [Number of times the classifier will be boosted]
                         : Parsing option string: 
                         : ... "!H:V:NTrees=700:MinNodeSize=1.5%:MaxDepth=4:Shrinkage=0.005:BoostType=Grad:AdaBoostBeta=:UseBaggedBoost=True:BaggedSampleFraction=0.5:SeparationType=GiniIndex:nCuts=20:IgnoreNegWeightsInTraining=True:VarTransform=G"
                         : The following options are set:
                         : - By User:
                         :     V: "True" [Verbose output (short form of "VerbosityLevel" below - overrides the latter one)]
                         :     VarTransform: "G" [List of variable transformations performed before training, e.g., "D_Background,P_Signal,G,N_AllClasses" for: "Decorrelation, PCA-transformation, Gaussianisation, Normalisation, each for the given class of events ('AllClasses' denotes all events of all classes, if no class indication is given, 'All' is assumed)"]
                         :     H: "False" [Print method-specific help message]
                         :     IgnoreNegWeightsInTraining: "True" [Events with negative weights are ignored in the training (but are included for testing and performance evaluation)]
                         :     NTrees: "700" [Number of trees in the forest]
                         :     MaxDepth: "4" [Max depth of the decision tree allowed]
                         :     MinNodeSize: "1.5%" [Minimum percentage of training events required in a leaf node (default: Classification: 5%, Regression: 0.2%)]
                         :     nCuts: "20" [Number of grid points in variable range used in finding optimal cut in node splitting]
                         :     BoostType: "Grad" [Boosting type for the trees in the forest (note: AdaCost is still experimental)]
                         :     UseBaggedBoost: "True" [Use only a random subsample of all events for growing the trees in each boost iteration.]
                         :     Shrinkage: "5.000000e-03" [Learning rate for BoostType=Grad algorithm]
                         :     AdaBoostBeta: "5.000000e-01" [Learning rate  for AdaBoost algorithm]
                         :     BaggedSampleFraction: "5.000000e-01" [Relative size of bagged event sample to original size of the data sample (used whenever bagging is used (i.e. UseBaggedBoost, Bagging,)]
                         :     SeparationType: "GiniIndex" [Separation criterion for node splitting]
                         : - Default:
                         :     VerbosityLevel: "Default" [Verbosity level]
                         :     CreateMVAPdfs: "False" [Create PDFs for classifier outputs (signal and background)]
                         :     AdaBoostR2Loss: "Quadratic" [Type of Loss function in AdaBoostR2]
                         :     UseRandomisedTrees: "False" [Determine at each node splitting the cut variable only as the best out of a random subset of variables (like in RandomForests)]
                         :     UseNvars: "4" [Size of the subset of variables used with RandomisedTree option]
                         :     UsePoissonNvars: "True" [Interpret "UseNvars" not as fixed number but as mean of a Poisson distribution in each split with RandomisedTree option]
                         :     UseYesNoLeaf: "True" [Use Sig or Bkg categories, or the purity=S/(S+B) as classification of the leaf node -> Real-AdaBoost]
                         :     NegWeightTreatment: "InverseBoostNegWeights" [How to treat events with negative weights in the BDT training (particular the boosting) : IgnoreInTraining;  Boost With inverse boostweight; Pair events with negative and positive weights in training sample and *annihilate* them (experimental!)]
                         :     Css: "1.000000e+00" [AdaCost: cost of true signal selected signal]
                         :     Cts_sb: "1.000000e+00" [AdaCost: cost of true signal selected bkg]
                         :     Ctb_ss: "1.000000e+00" [AdaCost: cost of true bkg    selected signal]
                         :     Cbb: "1.000000e+00" [AdaCost: cost of true bkg    selected bkg ]
                         :     NodePurityLimit: "5.000000e-01" [In boosting/pruning, nodes with purity > NodePurityLimit are signal; background otherwise.]
                         :     RegressionLossFunctionBDTG: "Huber" [Loss function for BDTG regression.]
                         :     HuberQuantile: "7.000000e-01" [In the Huber loss function this is the quantile that separates the core from the tails in the residuals distribution.]
                         :     DoBoostMonitor: "False" [Create control plot with ROC integral vs tree number]
                         :     UseFisherCuts: "False" [Use multivariate splits using the Fisher criterion]
                         :     MinLinCorrForFisher: "8.000000e-01" [The minimum linear correlation between two variables demanded for use in Fisher criterion in node splitting]
                         :     UseExclusiveVars: "False" [Variables already used in fisher criterion are not anymore analysed individually for node splitting]
                         :     DoPreselection: "False" [and and apply automatic pre-selection for 100% efficient signal (bkg) cuts prior to training]
                         :     SigToBkgFraction: "1.000000e+00" [Sig to Bkg ratio used in Training (similar to NodePurityLimit, which cannot be used in real adaboost]
                         :     PruneMethod: "NoPruning" [Note: for BDTs use small trees (e.g.MaxDepth=3) and NoPruning:  Pruning: Method used for pruning (removal) of statistically insignificant branches ]
                         :     PruneStrength: "0.000000e+00" [Pruning strength]
                         :     PruningValFraction: "5.000000e-01" [Fraction of events to use for optimizing automatic pruning.]
                         :     SkipNormalization: "False" [Skip normalization at initialization, to keep expectation value of BDT output according to the fraction of events]
                         :     nEventsMin: "0" [deprecated: Use MinNodeSize (in % of training events) instead]
                         :     UseBaggedGrad: "False" [deprecated: Use *UseBaggedBoost* instead:  Use only a random subsample of all events for growing the trees in each iteration.]
                         :     GradBaggingFraction: "5.000000e-01" [deprecated: Use *BaggedSampleFraction* instead: Defines the fraction of events to be used in each iteration, e.g. when UseBaggedGrad=kTRUE. ]
                         :     UseNTrainEvents: "0" [deprecated: Use *BaggedSampleFraction* instead: Number of randomly picked training events used in randomised (and bagged) trees]
                         :     NNodesMax: "0" [deprecated: Use MaxDepth instead to limit the tree size]
BDT                      : [FIN_BDT_2016preVFP] : Create Transformation "G" with events from all classes.
                         : 
                         : Transformation, Variable selection : 
                         : Input : variable 'belectron_nsip3d<30.?belectron_nsip3d:30.' <---> Output : variable 'belectron_nsip3d<30.?belectron_nsip3d:30.'
                         : Input : variable 'belectron_reliso' <---> Output : variable 'belectron_reliso'
                         : Input : variable 'belectron_ptwrtbjet<10.?belectron_ptwrtbjet:10.' <---> Output : variable 'belectron_ptwrtbjet<10.?belectron_ptwrtbjet:10.'
                         : Input : variable 'belectron_P_jetrest<10.?belectron_P_jetrest:10.' <---> Output : variable 'belectron_P_jetrest<10.?belectron_P_jetrest:10.'
                         : Input : variable 'belectron_palongjet<100.?belectron_palongjet:100.' <---> Output : variable 'belectron_palongjet<100.?belectron_palongjet:100.'
                         : Input : variable 'belectron_palongjetratio<1.?belectron_palongjetratio:1.' <---> Output : variable 'belectron_palongjetratio<1.?belectron_palongjetratio:1.'
                         : Input : variable 'bjet_charge*belectron_charge' <---> Output : variable 'bjet_charge*belectron_charge'
                         : Input : variable 'bjet_ChargedHadronEnergyFraction' <---> Output : variable 'bjet_ChargedHadronEnergyFraction'
                         : Input : variable 'bjet_NeutralHadronEnergyFraction' <---> Output : variable 'bjet_NeutralHadronEnergyFraction'
                         : Input : variable 'bjet_NeutralEmEnergyFraction' <---> Output : variable 'bjet_NeutralEmEnergyFraction'
                         : Input : variable 'bjet_ChargedEmEnergyFraction' <---> Output : variable 'bjet_ChargedEmEnergyFraction'
                         : Input : variable 'bjet_MuonEnergyFraction' <---> Output : variable 'bjet_MuonEnergyFraction'
                         : Input : variable 'bjet_ChargedMultiplicity' <---> Output : variable 'bjet_ChargedMultiplicity'
                         : Input : variable 'bjet_NeutralMultiplicity' <---> Output : variable 'bjet_NeutralMultiplicity'
                         : Input : variable 'fabs(bjet_charge)' <---> Output : variable 'fabs(bjet_charge)'
                         : the option NegWeightTreatment=InverseBoostNegWeights does not exist for BoostType=Grad
                         : --> change to new default NegWeightTreatment=Pray
                         : Rebuilding Dataset FIN_BDT_2016preVFP
                         : Building event vectors for type 1 Signal
                         : Dataset[FIN_BDT_2016preVFP] :  create input formulas for tree sig
                         : Dataset[FIN_BDT_2016preVFP] :  create input formulas for tree sig
                         : Dataset[FIN_BDT_2016preVFP] :  create input formulas for tree sig
                         : Building event vectors for type 0 Signal
                         : Dataset[FIN_BDT_2016preVFP] :  create input formulas for tree sig
                         : Dataset[FIN_BDT_2016preVFP] :  create input formulas for tree sig
                         : Building event vectors for type 1 Background
                         : Dataset[FIN_BDT_2016preVFP] :  create input formulas for tree bkg
                         : Dataset[FIN_BDT_2016preVFP] :  create input formulas for tree bkg
                         : Dataset[FIN_BDT_2016preVFP] :  create input formulas for tree bkg
                         : Building event vectors for type 0 Background
                         : Dataset[FIN_BDT_2016preVFP] :  create input formulas for tree bkg
                         : Dataset[FIN_BDT_2016preVFP] :  create input formulas for tree bkg
DataSetFactory           : [FIN_BDT_2016preVFP] : Number of events in input trees
                         : Dataset[FIN_BDT_2016preVFP] :     Signal     requirement: "(belectron_charge*bjet_partonFlavour < 0)&&(Has_bElectron)"
                         : Dataset[FIN_BDT_2016preVFP] :     Signal          -- number of events passed: 55335  / sum of weights: 30361.8
                         : Dataset[FIN_BDT_2016preVFP] :     Signal          -- efficiency             : 0.0523107
                         : Dataset[FIN_BDT_2016preVFP] :     Background requirement: "(belectron_charge*bjet_partonFlavour > 0)&&(Has_bElectron)"
                         : Dataset[FIN_BDT_2016preVFP] :     Background      -- number of events passed: 33092  / sum of weights: 18070.7
                         : Dataset[FIN_BDT_2016preVFP] :     Background      -- efficiency             : 0.0432714
                         : Dataset[FIN_BDT_2016preVFP] :  you have opted for interpreting the requested number of training/testing events
                         :  to be the number of events AFTER your preselection cuts
                         : 
                         : Dataset[FIN_BDT_2016preVFP] :  you have opted for interpreting the requested number of training/testing events
                         :  to be the number of events AFTER your preselection cuts
                         : 
                         : Dataset[FIN_BDT_2016preVFP] : Weight renormalisation mode: "EqualNumEvents": renormalises all event classes ...
                         : Dataset[FIN_BDT_2016preVFP] :  such that the effective (weighted) number of events in each class is the same 
                         : Dataset[FIN_BDT_2016preVFP] :  (and equals the number of events (entries) given for class=0 )
                         : Dataset[FIN_BDT_2016preVFP] : ... i.e. such that Sum[i=1..N_j]{w_i} = N_classA, j=classA, classB, ...
                         : Dataset[FIN_BDT_2016preVFP] : ... (note that N_j is the sum of TRAINING events
                         : Dataset[FIN_BDT_2016preVFP] :  ..... Testing events are not renormalised nor included in the renormalisation factor!)
                         : Number of training and testing events
                         : ---------------------------------------------------------------------------
                         : Signal     -- training events            : 23979
                         : Signal     -- testing events             : 31356
                         : Signal     -- training and testing events: 55335
                         : Dataset[FIN_BDT_2016preVFP] : Signal     -- due to the preselection a scaling factor has been applied to the numbers of requested events: 0.0547504
                         : Background -- training events            : 14279
                         : Background -- testing events             : 18813
                         : Background -- training and testing events: 33092
                         : Dataset[FIN_BDT_2016preVFP] : Background -- due to the preselection a scaling factor has been applied to the numbers of requested events: 0.0457392
                         : 
DataSetInfo              : Correlation matrix (Signal):
                         : ------------------------------------------------------------------------------------------------------------------------------------------------------------------------------------------------------------------------------------------------------------------------------------------------------------------------------------------------------------------------------------------------------------------------------------------------------------------------------------------------------------------------------------------------------------------------------------
                         :                                                          belectron_nsip3d_30._belectron_nsip3d:30. belectron_reliso belectron_ptwrtbjet_10._belectron_ptwrtbjet:10. belectron_P_jetrest_10._belectron_P_jetrest:10. belectron_palongjet_100._belectron_palongjet:100. belectron_palongjetratio_1._belectron_palongjetratio:1. bjet_charge_T_belectron_charge bjet_ChargedHadronEnergyFraction bjet_NeutralHadronEnergyFraction bjet_NeutralEmEnergyFraction bjet_ChargedEmEnergyFraction bjet_MuonEnergyFraction bjet_ChargedMultiplicity bjet_NeutralMultiplicity fabs_bjet_charge_
                         :               belectron_nsip3d_30._belectron_nsip3d:30.:                                    +1.000           +0.050                                          +0.139                                          +0.048                                            -0.060                                                  -0.082                         -0.022                           -0.010                           +0.027                       +0.018                       -0.015                  -0.004                   -0.035                   +0.019            +0.006
                         :                                        belectron_reliso:                                    +0.050           +1.000                                          -0.220                                          -0.446                                            -0.465                                                  -0.712                         -0.319                           +0.284                           +0.098                       +0.166                       -0.416                  -0.059                   +0.312                   +0.268            -0.255
                         :         belectron_ptwrtbjet_10._belectron_ptwrtbjet:10.:                                    +0.139           -0.220                                          +1.000                                          +0.718                                            +0.251                                                  +0.155                         +0.073                           -0.099                           +0.029                       -0.048                       +0.090                  +0.068                   +0.031                   +0.015            +0.081
                         :         belectron_P_jetrest_10._belectron_P_jetrest:10.:                                    +0.048           -0.446                                          +0.718                                          +1.000                                            +0.615                                                  +0.558                         +0.202                           -0.221                           -0.008                       -0.066                       +0.264                  -0.004                   +0.051                   +0.072            +0.196
                         :       belectron_palongjet_100._belectron_palongjet:100.:                                    -0.060           -0.465                                          +0.251                                          +0.615                                            +1.000                                                  +0.600                         +0.207                           -0.257                           +0.062                       -0.137                       +0.337                  -0.055                   -0.153                   -0.147            +0.197
                         : belectron_palongjetratio_1._belectron_palongjetratio:1.:                                    -0.082           -0.712                                          +0.155                                          +0.558                                            +0.600                                                  +1.000                         +0.410                           -0.411                           -0.123                       -0.183                       +0.635                  -0.135                   -0.365                   -0.281            +0.366
                         :                          bjet_charge_T_belectron_charge:                                    -0.022           -0.319                                          +0.073                                          +0.202                                            +0.207                                                  +0.410                         +1.000                           -0.233                           +0.000                       -0.054                       +0.300                  -0.101                   -0.223                   -0.142            +0.732
                         :                        bjet_ChargedHadronEnergyFraction:                                    -0.010           +0.284                                          -0.099                                          -0.221                                            -0.257                                                  -0.411                         -0.233                           +1.000                           -0.329                       -0.098                       -0.659                  -0.171                   +0.417                   -0.006            -0.272
                         :                        bjet_NeutralHadronEnergyFraction:                                    +0.027           +0.098                                          +0.029                                          -0.008                                            +0.062                                                  -0.123                         +0.000                           -0.329                           +1.000                       -0.233                       +0.048                  -0.078                   -0.128                   +0.046            +0.004
                         :                            bjet_NeutralEmEnergyFraction:                                    +0.018           +0.166                                          -0.048                                          -0.066                                            -0.137                                                  -0.183                         -0.054                           -0.098                           -0.233                       +1.000                       -0.490                  -0.127                   -0.012                   +0.480            -0.070
                         :                            bjet_ChargedEmEnergyFraction:                                    -0.015           -0.416                                          +0.090                                          +0.264                                            +0.337                                                  +0.635                         +0.300                           -0.659                           +0.048                       -0.490                       +1.000                  -0.087                   -0.331                   -0.348            +0.285
                         :                                 bjet_MuonEnergyFraction:                                    -0.004           -0.059                                          +0.068                                          -0.004                                            -0.055                                                  -0.135                         -0.101                           -0.171                           -0.078                       -0.127                       -0.087                  +1.000                   +0.008                   -0.063            +0.063
                         :                                bjet_ChargedMultiplicity:                                    -0.035           +0.312                                          +0.031                                          +0.051                                            -0.153                                                  -0.365                         -0.223                           +0.417                           -0.128                       -0.012                       -0.331                  +0.008                   +1.000                   +0.266            -0.277
                         :                                bjet_NeutralMultiplicity:                                    +0.019           +0.268                                          +0.015                                          +0.072                                            -0.147                                                  -0.281                         -0.142                           -0.006                           +0.046                       +0.480                       -0.348                  -0.063                   +0.266                   +1.000            -0.157
                         :                                       fabs_bjet_charge_:                                    +0.006           -0.255                                          +0.081                                          +0.196                                            +0.197                                                  +0.366                         +0.732                           -0.272                           +0.004                       -0.070                       +0.285                  +0.063                   -0.277                   -0.157            +1.000
                         : ------------------------------------------------------------------------------------------------------------------------------------------------------------------------------------------------------------------------------------------------------------------------------------------------------------------------------------------------------------------------------------------------------------------------------------------------------------------------------------------------------------------------------------------------------------------------------------
DataSetInfo              : Correlation matrix (Background):
                         : ------------------------------------------------------------------------------------------------------------------------------------------------------------------------------------------------------------------------------------------------------------------------------------------------------------------------------------------------------------------------------------------------------------------------------------------------------------------------------------------------------------------------------------------------------------------------------------
                         :                                                          belectron_nsip3d_30._belectron_nsip3d:30. belectron_reliso belectron_ptwrtbjet_10._belectron_ptwrtbjet:10. belectron_P_jetrest_10._belectron_P_jetrest:10. belectron_palongjet_100._belectron_palongjet:100. belectron_palongjetratio_1._belectron_palongjetratio:1. bjet_charge_T_belectron_charge bjet_ChargedHadronEnergyFraction bjet_NeutralHadronEnergyFraction bjet_NeutralEmEnergyFraction bjet_ChargedEmEnergyFraction bjet_MuonEnergyFraction bjet_ChargedMultiplicity bjet_NeutralMultiplicity fabs_bjet_charge_
                         :               belectron_nsip3d_30._belectron_nsip3d:30.:                                    +1.000           -0.027                                          +0.145                                          +0.092                                            +0.014                                                  +0.019                         +0.015                           -0.093                           +0.039                       -0.031                       +0.105                  -0.001                   -0.062                   +0.002            +0.034
                         :                                        belectron_reliso:                                    -0.027           +1.000                                          -0.254                                          -0.420                                            -0.448                                                  -0.680                         -0.262                           +0.209                           +0.119                       +0.100                       -0.309                  -0.130                   +0.261                   +0.233            -0.149
                         :         belectron_ptwrtbjet_10._belectron_ptwrtbjet:10.:                                    +0.145           -0.254                                          +1.000                                          +0.766                                            +0.340                                                  +0.240                         +0.002                           -0.111                           -0.037                       +0.009                       +0.052                  +0.143                   +0.128                   +0.050            +0.093
                         :         belectron_P_jetrest_10._belectron_P_jetrest:10.:                                    +0.092           -0.420                                          +0.766                                          +1.000                                            +0.636                                                  +0.584                         +0.118                           -0.185                           -0.037                       -0.007                       +0.197                  +0.058                   +0.160                   +0.095            +0.137
                         :       belectron_palongjet_100._belectron_palongjet:100.:                                    +0.014           -0.448                                          +0.340                                          +0.636                                            +1.000                                                  +0.606                         +0.147                           -0.208                           +0.057                       -0.121                       +0.311                  -0.023                   -0.067                   -0.130            +0.128
                         : belectron_palongjetratio_1._belectron_palongjetratio:1.:                                    +0.019           -0.680                                          +0.240                                          +0.584                                            +0.606                                                  +1.000                         +0.337                           -0.301                           -0.108                       -0.067                       +0.530                  -0.135                   -0.266                   -0.206            +0.197
                         :                          bjet_charge_T_belectron_charge:                                    +0.015           -0.262                                          +0.002                                          +0.118                                            +0.147                                                  +0.337                         +1.000                           -0.124                           +0.010                       +0.046                       +0.203                  -0.191                   -0.097                   -0.038            +0.300
                         :                        bjet_ChargedHadronEnergyFraction:                                    -0.093           +0.209                                          -0.111                                          -0.185                                            -0.208                                                  -0.301                         -0.124                           +1.000                           -0.406                       -0.121                       -0.602                  -0.265                   +0.360                   -0.040            -0.194
                         :                        bjet_NeutralHadronEnergyFraction:                                    +0.039           +0.119                                          -0.037                                          -0.037                                            +0.057                                                  -0.108                         +0.010                           -0.406                           +1.000                       -0.251                       +0.123                  -0.091                   -0.174                   +0.042            +0.010
                         :                            bjet_NeutralEmEnergyFraction:                                    -0.031           +0.100                                          +0.009                                          -0.007                                            -0.121                                                  -0.067                         +0.046                           -0.121                           -0.251                       +1.000                       -0.443                  -0.211                   -0.021                   +0.462            -0.048
                         :                            bjet_ChargedEmEnergyFraction:                                    +0.105           -0.309                                          +0.052                                          +0.197                                            +0.311                                                  +0.530                         +0.203                           -0.602                           +0.123                       -0.443                       +1.000                  -0.060                   -0.241                   -0.281            +0.142
                         :                                 bjet_MuonEnergyFraction:                                    -0.001           -0.130                                          +0.143                                          +0.058                                            -0.023                                                  -0.135                         -0.191                           -0.265                           -0.091                       -0.211                       -0.060                  +1.000                   -0.058                   -0.156            +0.181
                         :                                bjet_ChargedMultiplicity:                                    -0.062           +0.261                                          +0.128                                          +0.160                                            -0.067                                                  -0.266                         -0.097                           +0.360                           -0.174                       -0.021                       -0.241                  -0.058                   +1.000                   +0.236            -0.160
                         :                                bjet_NeutralMultiplicity:                                    +0.002           +0.233                                          +0.050                                          +0.095                                            -0.130                                                  -0.206                         -0.038                           -0.040                           +0.042                       +0.462                       -0.281                  -0.156                   +0.236                   +1.000            -0.076
                         :                                       fabs_bjet_charge_:                                    +0.034           -0.149                                          +0.093                                          +0.137                                            +0.128                                                  +0.197                         +0.300                           -0.194                           +0.010                       -0.048                       +0.142                  +0.181                   -0.160                   -0.076            +1.000
                         : ------------------------------------------------------------------------------------------------------------------------------------------------------------------------------------------------------------------------------------------------------------------------------------------------------------------------------------------------------------------------------------------------------------------------------------------------------------------------------------------------------------------------------------------------------------------------------------
DataSetFactory           : [FIN_BDT_2016preVFP] :  
                         : 
Factory                  : [1mTrain all methods[0m
Factory                  : [FIN_BDT_2016preVFP] : Create Transformation "I" with events from all classes.
                         : 
                         : Transformation, Variable selection : 
                         : Input : variable 'belectron_nsip3d<30.?belectron_nsip3d:30.' <---> Output : variable 'belectron_nsip3d<30.?belectron_nsip3d:30.'
                         : Input : variable 'belectron_reliso' <---> Output : variable 'belectron_reliso'
                         : Input : variable 'belectron_ptwrtbjet<10.?belectron_ptwrtbjet:10.' <---> Output : variable 'belectron_ptwrtbjet<10.?belectron_ptwrtbjet:10.'
                         : Input : variable 'belectron_P_jetrest<10.?belectron_P_jetrest:10.' <---> Output : variable 'belectron_P_jetrest<10.?belectron_P_jetrest:10.'
                         : Input : variable 'belectron_palongjet<100.?belectron_palongjet:100.' <---> Output : variable 'belectron_palongjet<100.?belectron_palongjet:100.'
                         : Input : variable 'belectron_palongjetratio<1.?belectron_palongjetratio:1.' <---> Output : variable 'belectron_palongjetratio<1.?belectron_palongjetratio:1.'
                         : Input : variable 'bjet_charge*belectron_charge' <---> Output : variable 'bjet_charge*belectron_charge'
                         : Input : variable 'bjet_ChargedHadronEnergyFraction' <---> Output : variable 'bjet_ChargedHadronEnergyFraction'
                         : Input : variable 'bjet_NeutralHadronEnergyFraction' <---> Output : variable 'bjet_NeutralHadronEnergyFraction'
                         : Input : variable 'bjet_NeutralEmEnergyFraction' <---> Output : variable 'bjet_NeutralEmEnergyFraction'
                         : Input : variable 'bjet_ChargedEmEnergyFraction' <---> Output : variable 'bjet_ChargedEmEnergyFraction'
                         : Input : variable 'bjet_MuonEnergyFraction' <---> Output : variable 'bjet_MuonEnergyFraction'
                         : Input : variable 'bjet_ChargedMultiplicity' <---> Output : variable 'bjet_ChargedMultiplicity'
                         : Input : variable 'bjet_NeutralMultiplicity' <---> Output : variable 'bjet_NeutralMultiplicity'
                         : Input : variable 'fabs(bjet_charge)' <---> Output : variable 'fabs(bjet_charge)'
TFHandler_Factory        :                                                Variable                                                       Mean                                                       RMS                                               [        Min                                                       Max ]
                         : ------------------------------------------------------------------------------------------------------------------------------------------------------------------------------------------------------------------------------------------------------------------------------------------------------
                         :               belectron_nsip3d<30.?belectron_nsip3d:30.:                                                   6.5355                                                   7.1363   [                                                 0.011355                                                   30.000 ]
                         :                                        belectron_reliso:                                                   2.2511                                                   1.8874   [                                                   0.0000                                                   9.9922 ]
                         :         belectron_ptwrtbjet<10.?belectron_ptwrtbjet:10.:                                                   1.0159                                                  0.73372   [                                                 0.014296                                                   10.000 ]
                         :         belectron_P_jetrest<10.?belectron_P_jetrest:10.:                                                   1.5141                                                  0.93564   [                                                  0.20507                                                   10.000 ]
                         :       belectron_palongjet<100.?belectron_palongjet:100.:                                                   28.329                                                   23.902   [                                                   4.8797                                                   100.00 ]
                         : belectron_palongjetratio<1.?belectron_palongjetratio:1.:                                                  0.27511                                                  0.14853   [                                                 0.020660                                                   1.0000 ]
                         :                            bjet_charge*belectron_charge:                                                  0.16530                                                  0.32686   [                                                 -0.99498                                                   1.0000 ]
                         :                        bjet_ChargedHadronEnergyFraction:                                                  0.45946                                                  0.20310   [                                                   0.0000                                                   1.0000 ]
                         :                        bjet_NeutralHadronEnergyFraction:                                                 0.086136                                                  0.10252   [                                                   0.0000                                                  0.79179 ]
                         :                            bjet_NeutralEmEnergyFraction:                                                  0.23503                                                  0.15626   [                                                   0.0000                                                  0.96397 ]
                         :                            bjet_ChargedEmEnergyFraction:                                                  0.19011                                                  0.19978   [                                                   0.0000                                                  0.96900 ]
                         :                                 bjet_MuonEnergyFraction:                                                 0.029264                                                 0.097324   [                                                   0.0000                                                  0.86684 ]
                         :                                bjet_ChargedMultiplicity:                                                   9.6279                                                   3.5689   [                                                   1.0000                                                   43.000 ]
                         :                                bjet_NeutralMultiplicity:                                                   9.9377                                                   4.8713   [                                                   0.0000                                                   48.000 ]
                         :                                       fabs(bjet_charge):                                                  0.29762                                                  0.21351   [                                               6.8888e-06                                                   1.0000 ]
                         : ------------------------------------------------------------------------------------------------------------------------------------------------------------------------------------------------------------------------------------------------------------------------------------------------------
                         : Ranking input variables (method unspecific)...
IdTransformation         : Ranking result (top variable is best ranked)
                         : --------------------------------------------------------------------------------
                         : Rank : Variable                                                : Separation
                         : --------------------------------------------------------------------------------
                         :    1 : bjet_charge*belectron_charge                            : 1.021e-01
                         :    2 : fabs(bjet_charge)                                       : 4.508e-02
                         :    3 : belectron_P_jetrest<10.?belectron_P_jetrest:10.         : 3.112e-02
                         :    4 : belectron_palongjetratio<1.?belectron_palongjetratio:1. : 3.042e-02
                         :    5 : bjet_ChargedEmEnergyFraction                            : 2.927e-02
                         :    6 : belectron_reliso                                        : 2.329e-02
                         :    7 : belectron_ptwrtbjet<10.?belectron_ptwrtbjet:10.         : 2.132e-02
                         :    8 : belectron_palongjet<100.?belectron_palongjet:100.       : 1.296e-02
                         :    9 : bjet_ChargedHadronEnergyFraction                        : 7.496e-03
                         :   10 : bjet_ChargedMultiplicity                                : 6.669e-03
                         :   11 : bjet_NeutralMultiplicity                                : 6.038e-03
                         :   12 : bjet_NeutralEmEnergyFraction                            : 5.937e-03
                         :   13 : bjet_MuonEnergyFraction                                 : 3.725e-03
                         :   14 : belectron_nsip3d<30.?belectron_nsip3d:30.               : 2.866e-03
                         :   15 : bjet_NeutralHadronEnergyFraction                        : 1.517e-03
                         : --------------------------------------------------------------------------------
Factory                  : Train method: BDT for Classification
                         : 
                         : Preparing the Gaussian transformation...
TFHandler_BDT            :                                                Variable                                                       Mean                                                       RMS                                               [        Min                                                       Max ]
                         : ------------------------------------------------------------------------------------------------------------------------------------------------------------------------------------------------------------------------------------------------------------------------------------------------------
                         :               belectron_nsip3d<30.?belectron_nsip3d:30.:                                                  0.20452                                                   1.4377   [                                                  -3.3309                                                   5.7307 ]
                         :                                        belectron_reliso:                                               -0.0093926                                                   1.0196   [                                                  -3.2085                                                   5.7307 ]
                         :         belectron_ptwrtbjet<10.?belectron_ptwrtbjet:10.:                                                0.0041294                                                   1.0024   [                                                  -3.3583                                                   5.7307 ]
                         :         belectron_P_jetrest<10.?belectron_P_jetrest:10.:                                                0.0091440                                                   1.0107   [                                                  -3.3518                                                   5.4200 ]
                         :       belectron_palongjet<100.?belectron_palongjet:100.:                                                  0.23550                                                   1.4960   [                                                  -3.3956                                                   5.7307 ]
                         : belectron_palongjetratio<1.?belectron_palongjetratio:1.:                                                0.0051025                                                   1.0035   [                                                  -3.3295                                                   5.7307 ]
                         :                            bjet_charge*belectron_charge:                                                0.0051838                                                   1.0024   [                                                  -3.3254                                                   5.4200 ]
                         :                        bjet_ChargedHadronEnergyFraction:                                               0.00094810                                                  0.99757   [                                                  -3.3118                                                   5.7307 ]
                         :                        bjet_NeutralHadronEnergyFraction:                                                 -0.72820                                                   1.6027   [                                                  -3.1903                                                   5.7307 ]
                         :                            bjet_NeutralEmEnergyFraction:                                                -0.012142                                                   1.0188   [                                                  -3.2758                                                   5.7307 ]
                         :                            bjet_ChargedEmEnergyFraction:                                                  -1.2071                                                   1.7813   [                                                  -3.3009                                                   5.7307 ]
                         :                                 bjet_MuonEnergyFraction:                                                  -2.2955                                                  0.97411   [                                                  -2.6485                                                   5.7307 ]
                         :                                bjet_ChargedMultiplicity:                                               -0.0041716                                                  0.99898   [                                                  -5.2759                                                   5.7307 ]
                         :                                bjet_NeutralMultiplicity:                                                0.0029146                                                   1.0064   [                                                  -5.1687                                                   5.7307 ]
                         :                                       fabs(bjet_charge):                                                0.0070025                                                   1.0064   [                                                  -3.2428                                                   5.7307 ]
                         : ------------------------------------------------------------------------------------------------------------------------------------------------------------------------------------------------------------------------------------------------------------------------------------------------------
                         : Events with weight == 0 are going to be simply ignored 
BDT                      : #events: (reweighted) sig: 13128 bkg: 13128
                         : #events: (unweighted) sig: 16469 bkg: 9787
                         : Training 700 Decision Trees ... patience please
                         : Elapsed time for training with 38258 events: 26.4 sec         
BDT                      : [FIN_BDT_2016preVFP] : Evaluation of BDT on training sample (38258 events)
                         : Elapsed time for evaluation of 38258 events: 4.63 sec       
                         : Creating xml weight file: [0;36mFIN_BDT_2016preVFP/weights/FIN_BDT_2016preVFP_BDT.weights.xml[0m
                         : Creating standalone class: [0;36mFIN_BDT_2016preVFP/weights/FIN_BDT_2016preVFP_BDT.class.C[0m
                         : FIN_BDT_2016preVFP.root:/FIN_BDT_2016preVFP/Method_BDT/BDT
Factory                  : Training finished
                         : 
                         : Ranking input variables (method specific)...
BDT                      : Ranking result (top variable is best ranked)
                         : -----------------------------------------------------------------------------------------
                         : Rank : Variable                                                : Variable Importance
                         : -----------------------------------------------------------------------------------------
                         :    1 : bjet_charge*belectron_charge                            : 2.246e-01
                         :    2 : belectron_nsip3d<30.?belectron_nsip3d:30.               : 8.084e-02
                         :    3 : belectron_ptwrtbjet<10.?belectron_ptwrtbjet:10.         : 8.018e-02
                         :    4 : bjet_ChargedEmEnergyFraction                            : 6.575e-02
                         :    5 : bjet_ChargedMultiplicity                                : 5.624e-02
                         :    6 : bjet_NeutralHadronEnergyFraction                        : 5.452e-02
                         :    7 : belectron_reliso                                        : 5.380e-02
                         :    8 : bjet_ChargedHadronEnergyFraction                        : 5.342e-02
                         :    9 : belectron_palongjetratio<1.?belectron_palongjetratio:1. : 5.069e-02
                         :   10 : belectron_palongjet<100.?belectron_palongjet:100.       : 4.968e-02
                         :   11 : bjet_NeutralMultiplicity                                : 4.827e-02
                         :   12 : bjet_NeutralEmEnergyFraction                            : 4.796e-02
                         :   13 : belectron_P_jetrest<10.?belectron_P_jetrest:10.         : 4.779e-02
                         :   14 : fabs(bjet_charge)                                       : 4.647e-02
                         :   15 : bjet_MuonEnergyFraction                                 : 3.973e-02
                         : -----------------------------------------------------------------------------------------
Factory                  : === Destroy and recreate all methods via weight files for testing ===
                         : 
                         : Reading weight file: [0;36mFIN_BDT_2016preVFP/weights/FIN_BDT_2016preVFP_BDT.weights.xml[0m
Factory                  : [1mTest all methods[0m
Factory                  : Test method: BDT for Classification performance
                         : 
BDT                      : [FIN_BDT_2016preVFP] : Evaluation of BDT on testing sample (50169 events)
                         : Elapsed time for evaluation of 50169 events: 4.86 sec       
Factory                  : [1mEvaluate all methods[0m
Factory                  : Evaluate classifier: BDT
                         : 
TFHandler_BDT            :                                                Variable                                                       Mean                                                       RMS                                               [        Min                                                       Max ]
                         : ------------------------------------------------------------------------------------------------------------------------------------------------------------------------------------------------------------------------------------------------------------------------------------------------------
                         :               belectron_nsip3d<30.?belectron_nsip3d:30.:                                                  0.19983                                                   1.4089   [                                                  -3.4631                                                   5.7307 ]
                         :                                        belectron_reliso:                                                -0.021284                                                   1.0279   [                                                  -3.2085                                                   5.7307 ]
                         :         belectron_ptwrtbjet<10.?belectron_ptwrtbjet:10.:                                                 0.052620                                                   1.0260   [                                                  -5.7307                                                   5.7307 ]
                         :         belectron_P_jetrest<10.?belectron_P_jetrest:10.:                                                 0.080801                                                   1.0302   [                                                  -3.1361                                                   5.4200 ]
                         :       belectron_palongjet<100.?belectron_palongjet:100.:                                                  0.28949                                                   1.5124   [                                                  -5.7307                                                   5.7307 ]
                         : belectron_palongjetratio<1.?belectron_palongjetratio:1.:                                                 0.031813                                                   1.0275   [                                                  -3.3335                                                   5.7307 ]
                         :                            bjet_charge*belectron_charge:                                                 0.073402                                                  0.99871   [                                                  -3.3769                                                   5.4200 ]
                         :                        bjet_ChargedHadronEnergyFraction:                                                -0.020099                                                  0.99986   [                                                  -3.3118                                                   5.7307 ]
                         :                        bjet_NeutralHadronEnergyFraction:                                                 -0.72859                                                   1.6003   [                                                  -3.1903                                                   5.7307 ]
                         :                            bjet_NeutralEmEnergyFraction:                                                -0.015164                                                   1.0210   [                                                  -3.2758                                                   5.7307 ]
                         :                            bjet_ChargedEmEnergyFraction:                                                  -1.1691                                                   1.7930   [                                                  -3.3009                                                   5.7307 ]
                         :                                 bjet_MuonEnergyFraction:                                                  -2.3030                                                  0.96328   [                                                  -2.6485                                                   5.7307 ]
                         :                                bjet_ChargedMultiplicity:                                                0.0043370                                                   1.0133   [                                                  -5.7307                                                   5.7307 ]
                         :                                bjet_NeutralMultiplicity:                                                 0.016798                                                   1.0133   [                                                  -5.1687                                                   3.9675 ]
                         :                                       fabs(bjet_charge):                                                 0.047957                                                   1.0133   [                                                  -3.2422                                                   5.7307 ]
                         : ------------------------------------------------------------------------------------------------------------------------------------------------------------------------------------------------------------------------------------------------------------------------------------------------------
BDT                      : [FIN_BDT_2016preVFP] : Loop over test events and fill histograms with classifier response...
                         : 
TFHandler_BDT            :                                                Variable                                                       Mean                                                       RMS                                               [        Min                                                       Max ]
                         : ------------------------------------------------------------------------------------------------------------------------------------------------------------------------------------------------------------------------------------------------------------------------------------------------------
                         :               belectron_nsip3d<30.?belectron_nsip3d:30.:                                                  0.19983                                                   1.4089   [                                                  -3.4631                                                   5.7307 ]
                         :                                        belectron_reliso:                                                -0.021284                                                   1.0279   [                                                  -3.2085                                                   5.7307 ]
                         :         belectron_ptwrtbjet<10.?belectron_ptwrtbjet:10.:                                                 0.052620                                                   1.0260   [                                                  -5.7307                                                   5.7307 ]
                         :         belectron_P_jetrest<10.?belectron_P_jetrest:10.:                                                 0.080801                                                   1.0302   [                                                  -3.1361                                                   5.4200 ]
                         :       belectron_palongjet<100.?belectron_palongjet:100.:                                                  0.28949                                                   1.5124   [                                                  -5.7307                                                   5.7307 ]
                         : belectron_palongjetratio<1.?belectron_palongjetratio:1.:                                                 0.031813                                                   1.0275   [                                                  -3.3335                                                   5.7307 ]
                         :                            bjet_charge*belectron_charge:                                                 0.073402                                                  0.99871   [                                                  -3.3769                                                   5.4200 ]
                         :                        bjet_ChargedHadronEnergyFraction:                                                -0.020099                                                  0.99986   [                                                  -3.3118                                                   5.7307 ]
                         :                        bjet_NeutralHadronEnergyFraction:                                                 -0.72859                                                   1.6003   [                                                  -3.1903                                                   5.7307 ]
                         :                            bjet_NeutralEmEnergyFraction:                                                -0.015164                                                   1.0210   [                                                  -3.2758                                                   5.7307 ]
                         :                            bjet_ChargedEmEnergyFraction:                                                  -1.1691                                                   1.7930   [                                                  -3.3009                                                   5.7307 ]
                         :                                 bjet_MuonEnergyFraction:                                                  -2.3030                                                  0.96328   [                                                  -2.6485                                                   5.7307 ]
                         :                                bjet_ChargedMultiplicity:                                                0.0043370                                                   1.0133   [                                                  -5.7307                                                   5.7307 ]
                         :                                bjet_NeutralMultiplicity:                                                 0.016798                                                   1.0133   [                                                  -5.1687                                                   3.9675 ]
                         :                                       fabs(bjet_charge):                                                 0.047957                                                   1.0133   [                                                  -3.2422                                                   5.7307 ]
                         : ------------------------------------------------------------------------------------------------------------------------------------------------------------------------------------------------------------------------------------------------------------------------------------------------------
                         : 
                         : Evaluation results ranked by best signal efficiency and purity (area)
                         : -------------------------------------------------------------------------------------------------------------------
                         : DataSet       MVA                       
                         : Name:         Method:          ROC-integ
                         : FIN_BDT_2016preVFP BDT            : 0.705
                         : -------------------------------------------------------------------------------------------------------------------
                         : 
                         : Testing efficiency compared to training efficiency (overtraining check)
                         : -------------------------------------------------------------------------------------------------------------------
                         : DataSet              MVA              Signal efficiency: from test sample (from training sample) 
                         : Name:                Method:          @B=0.01             @B=0.10            @B=0.30   
                         : -------------------------------------------------------------------------------------------------------------------
                         : FIN_BDT_2016preVFP   BDT            : 0.070 (0.077)       0.312 (0.315)      0.598 (0.605)
                         : -------------------------------------------------------------------------------------------------------------------
                         : 
Dataset:FIN_BDT_2016pr...: Created tree 'TestTree' with 50169 events
                         : 
Dataset:FIN_BDT_2016pr...: Created tree 'TrainTree' with 38258 events
                         : 
Factory                  : [1mThank you for using TMVA![0m
                         : [1mFor citation information, please visit: http://tmva.sf.net/citeTMVA.html[0m
['bmuon_nsip3d<10. ? bmuon_nsip3d : 10.', 'bmuon_reliso', 'bmuon_ptwrtbjet < 10. ? bmuon_ptwrtbjet : 10.', 'bmuon_P_jetrest < 10. ? bmuon_P_jetrest : 10.', 'bmuon_palongjet < 100. ? bmuon_palongjet : 100.', 'bmuon_palongjetratio < 1. ? bmuon_palongjetratio : 1.', 'bjet_charge*bmuon_charge'] ['belectron_nsip3d < 30. ? belectron_nsip3d : 30.', 'belectron_reliso', 'belectron_ptwrtbjet < 10. ? belectron_ptwrtbjet : 10.', 'belectron_P_jetrest < 10. ? belectron_P_jetrest : 10.', 'belectron_palongjet < 100. ? belectron_palongjet : 100.', 'belectron_palongjetratio < 1. ? belectron_palongjetratio : 1.', 'bjet_charge*belectron_charge'] ['bjet_ChargedHadronEnergyFraction', 'bjet_NeutralHadronEnergyFraction', 'bjet_NeutralEmEnergyFraction', 'bjet_ChargedEmEnergyFraction', 'bjet_MuonEnergyFraction', 'bjet_ChargedMultiplicity', 'bjet_NeutralMultiplicity', 'fabs(bjet_charge)']
(bmuon_charge*bjet_partonFlavour < 0)&&Has_bMuon (bmuon_charge*bjet_partonFlavour > 0)&&Has_bMuon (belectron_charge*bjet_partonFlavour < 0)&&(Has_bElectron) (belectron_charge*bjet_partonFlavour > 0)&&(Has_bElectron) (bjet_charge*bjet_partonFlavour < 0)&&(!Has_bElectron)&&(!Has_bMuon) (bjet_charge*bjet_partonFlavour > 0)&&(!Has_bElectron)&&(!Has_bMuon)
sigcut= (belectron_charge*bjet_partonFlavour < 0)&&(Has_bElectron)
bkgcut= (belectron_charge*bjet_partonFlavour > 0)&&(Has_bElectron)
<sig cut>= (belectron_charge*bjet_partonFlavour < 0)&&(Has_bElectron)
<bkg cut>= (belectron_charge*bjet_partonFlavour > 0)&&(Has_bElectron)
---sig_test---
<self.testtree_sig> OutTree/sig
/pnfs/knu.ac.kr/data/cms/store/user/jhchoi/JetChargeTagScore/TMVA_TOOL/inputs/EEMu_MuMuE_Method/v2409.2/2016preVFP/EEMu_MuMuE_Method_DYJetsToEE_MiNNLO.root
/pnfs/knu.ac.kr/data/cms/store/user/jhchoi/JetChargeTagScore/TMVA_TOOL/inputs/EEMu_MuMuE_Method/v2409.2/2016preVFP/EEMu_MuMuE_Method_DYJetsToMuMu_MiNNLO.root
--bkg_test---
<self.testtree_bkg> OutTree/bkg
/pnfs/knu.ac.kr/data/cms/store/user/jhchoi/JetChargeTagScore/TMVA_TOOL/inputs/EEMu_MuMuE_Method/v2409.2/2016preVFP/EEMu_MuMuE_Method_DYJetsToEE_MiNNLO.root
/pnfs/knu.ac.kr/data/cms/store/user/jhchoi/JetChargeTagScore/TMVA_TOOL/inputs/EEMu_MuMuE_Method/v2409.2/2016preVFP/EEMu_MuMuE_Method_DYJetsToMuMu_MiNNLO.root
---sig_train---
<self.traintree_sig> OutTree/sig
/pnfs/knu.ac.kr/data/cms/store/user/jhchoi/JetChargeTagScore/TMVA_TOOL/inputs/EEMu_MuMuE_Method/v2409.2/2016preVFP/EEMu_MuMuE_Method_DYJets.root
---bkg_train---
<self.traintree_bkg> OutTree/bkg
/pnfs/knu.ac.kr/data/cms/store/user/jhchoi/JetChargeTagScore/TMVA_TOOL/inputs/EEMu_MuMuE_Method/v2409.2/2016preVFP/EEMu_MuMuE_Method_DYJets.root
>>>>self.dataloader.PrepareTrainingAndTestTree
Set sig cut -> (belectron_charge*bjet_partonFlavour < 0)&&(Has_bElectron)
Set bkg cut -> (belectron_charge*bjet_partonFlavour > 0)&&(Has_bElectron)
auc= 0.7054708266606228
END of RUNNING...run_single
FIN_BDT_2016preVFP
FIN_BDT_2016preVFP.root
_condor_stderr
_condor_stdout
run.sh
tmp
var
myerr=0
[ntry=1]
