<sig cut>= (bjet_charge*bjet_partonFlavour < 0)&&(!Has_bElectron)&&(!Has_bMuon)
<bkg cut>= (bjet_charge*bjet_partonFlavour > 0)&&(!Has_bElectron)&&(!Has_bMuon)
_________________________________________________________________
Layer (type)                 Output Shape              Param #   
=================================================================
dense_1 (Dense)              (None, 64)                704       
_________________________________________________________________
batch_normalization_1 (Batch (None, 64)                256       
_________________________________________________________________
activation_1 (Activation)    (None, 64)                0         
_________________________________________________________________
dropout_1 (Dropout)          (None, 64)                0         
_________________________________________________________________
dense_2 (Dense)              (None, 64)                4160      
_________________________________________________________________
batch_normalization_2 (Batch (None, 64)                256       
_________________________________________________________________
activation_2 (Activation)    (None, 64)                0         
_________________________________________________________________
dropout_2 (Dropout)          (None, 64)                0         
_________________________________________________________________
dense_3 (Dense)              (None, 64)                4160      
_________________________________________________________________
batch_normalization_3 (Batch (None, 64)                256       
_________________________________________________________________
activation_3 (Activation)    (None, 64)                0         
_________________________________________________________________
dropout_3 (Dropout)          (None, 64)                0         
_________________________________________________________________
dense_4 (Dense)              (None, 64)                4160      
_________________________________________________________________
batch_normalization_4 (Batch (None, 64)                256       
_________________________________________________________________
activation_4 (Activation)    (None, 64)                0         
_________________________________________________________________
dropout_4 (Dropout)          (None, 64)                0         
_________________________________________________________________
dense_5 (Dense)              (None, 64)                4160      
_________________________________________________________________
batch_normalization_5 (Batch (None, 64)                256       
_________________________________________________________________
activation_5 (Activation)    (None, 64)                0         
_________________________________________________________________
dropout_5 (Dropout)          (None, 64)                0         
_________________________________________________________________
dense_6 (Dense)              (None, 2)                 130       
_________________________________________________________________
activation_6 (Activation)    (None, 2)                 0         
=================================================================
Total params: 18,754
Trainable params: 18,114
Non-trainable params: 640
_________________________________________________________________
---sig_test---
<self.testtree_sig> OutTree/sig
/data6/Users/jhchoi/TMVA/TMVA_TOOL/inputs/EEMu_MuMuE_Method/v2405.4.3/2017/EEMu_MuMuE_Method_DYJetsToEE_MiNNLO.root
/data6/Users/jhchoi/TMVA/TMVA_TOOL/inputs/EEMu_MuMuE_Method/v2405.4.3/2017/EEMu_MuMuE_Method_DYJetsToMuMu_MiNNLO.root
--bkg_test---
<self.testtree_bkg> OutTree/bkg
/data6/Users/jhchoi/TMVA/TMVA_TOOL/inputs/EEMu_MuMuE_Method/v2405.4.3/2017/EEMu_MuMuE_Method_DYJetsToEE_MiNNLO.root
/data6/Users/jhchoi/TMVA/TMVA_TOOL/inputs/EEMu_MuMuE_Method/v2405.4.3/2017/EEMu_MuMuE_Method_DYJetsToMuMu_MiNNLO.root
---sig_train---
<self.traintree_sig> OutTree/sig
/data6/Users/jhchoi/TMVA/TMVA_TOOL/inputs/EEMu_MuMuE_Method/v2405.4.3/2017/EEMu_MuMuE_Method_DYJets.root
---bkg_train---
<self.traintree_bkg> OutTree/bkg
/data6/Users/jhchoi/TMVA/TMVA_TOOL/inputs/EEMu_MuMuE_Method/v2405.4.3/2017/EEMu_MuMuE_Method_DYJets.root
DataSetInfo              : [jet2017__5__64__1000__0.2] : Added class "Signal"
                         : Add Tree OutTree/sig of type Signal with 903237 events
                         : Add Tree OutTree/sig of type Signal with 1201756 events
DataSetInfo              : [jet2017__5__64__1000__0.2] : Added class "Background"
                         : Add Tree OutTree/bkg of type Background with 594513 events
                         : Add Tree OutTree/bkg of type Background with 789045 events
>>>>self.dataloader.PrepareTrainingAndTestTree
Set sig cut -> (bjet_charge*bjet_partonFlavour < 0)&&(!Has_bElectron)&&(!Has_bMuon)
Set bkg cut -> (bjet_charge*bjet_partonFlavour > 0)&&(!Has_bElectron)&&(!Has_bMuon)
Factory                  : Booking method: [1mDNN[0m
                         : 
DNN                      : [jet2017__5__64__1000__0.2] : Create Transformation "G" with events from all classes.
                         : 
                         : Transformation, Variable selection : 
                         : Input : variable 'bjet_pt' <---> Output : variable 'bjet_pt'
                         : Input : variable 'bjet_aeta' <---> Output : variable 'bjet_aeta'
                         : Input : variable 'bjet_ChargedHadronEnergyFraction' <---> Output : variable 'bjet_ChargedHadronEnergyFraction'
                         : Input : variable 'bjet_NeutralHadronEnergyFraction' <---> Output : variable 'bjet_NeutralHadronEnergyFraction'
                         : Input : variable 'bjet_NeutralEmEnergyFraction' <---> Output : variable 'bjet_NeutralEmEnergyFraction'
                         : Input : variable 'bjet_ChargedEmEnergyFraction' <---> Output : variable 'bjet_ChargedEmEnergyFraction'
                         : Input : variable 'bjet_MuonEnergyFraction' <---> Output : variable 'bjet_MuonEnergyFraction'
                         : Input : variable 'fabs(bjet_charge)' <---> Output : variable 'fabs(bjet_charge)'
                         : Input : variable 'bjet_ChargedMultiplicity' <---> Output : variable 'bjet_ChargedMultiplicity'
                         : Input : variable 'bjet_NeutralMultiplicity' <---> Output : variable 'bjet_NeutralMultiplicity'
                         : Load model from file: model.h5
Factory                  : [1mTrain all methods[0m
DataSetFactory           : [jet2017__5__64__1000__0.2] : Number of events in input trees
                         : Dataset[jet2017__5__64__1000__0.2] :     Signal     requirement: "(bjet_charge*bjet_partonFlavour < 0)&&(!Has_bElectron)&&(!Has_bMuon)"
                         : Dataset[jet2017__5__64__1000__0.2] :     Signal          -- number of events passed: 1899533  / sum of weights: 1.89953e+06
                         : Dataset[jet2017__5__64__1000__0.2] :     Signal          -- efficiency             : 0.902394
                         : Dataset[jet2017__5__64__1000__0.2] :     Background requirement: "(bjet_charge*bjet_partonFlavour > 0)&&(!Has_bElectron)&&(!Has_bMuon)"
                         : Dataset[jet2017__5__64__1000__0.2] :     Background      -- number of events passed: 1150066  / sum of weights: 1.15007e+06
                         : Dataset[jet2017__5__64__1000__0.2] :     Background      -- efficiency             : 0.831238
                         : Dataset[jet2017__5__64__1000__0.2] :  you have opted for interpreting the requested number of training/testing events
                         :  to be the number of events AFTER your preselection cuts
                         : 
                         : Dataset[jet2017__5__64__1000__0.2] :  you have opted for interpreting the requested number of training/testing events
                         :  to be the number of events AFTER your preselection cuts
                         : 
                         : Dataset[jet2017__5__64__1000__0.2] : Weight renormalisation mode: "EqualNumEvents": renormalises all event classes ...
                         : Dataset[jet2017__5__64__1000__0.2] :  such that the effective (weighted) number of events in each class is the same 
                         : Dataset[jet2017__5__64__1000__0.2] :  (and equals the number of events (entries) given for class=0 )
                         : Dataset[jet2017__5__64__1000__0.2] : ... i.e. such that Sum[i=1..N_j]{w_i} = N_classA, j=classA, classB, ...
                         : Dataset[jet2017__5__64__1000__0.2] : ... (note that N_j is the sum of TRAINING events
                         : Dataset[jet2017__5__64__1000__0.2] :  ..... Testing events are not renormalised nor included in the renormalisation factor!)
                         : Number of training and testing events
                         : ---------------------------------------------------------------------------
                         : Signal     -- training events            : 1106080
                         : Signal     -- testing events             : 793453
                         : Signal     -- training and testing events: 1899533
                         : Dataset[jet2017__5__64__1000__0.2] : Signal     -- due to the preselection a scaling factor has been applied to the numbers of requested events: 0.902394
                         : Background -- training events            : 663856
                         : Background -- testing events             : 486210
                         : Background -- training and testing events: 1150066
                         : Dataset[jet2017__5__64__1000__0.2] : Background -- due to the preselection a scaling factor has been applied to the numbers of requested events: 0.831238
                         : 
DataSetInfo              : Correlation matrix (Signal):
                         : ---------------------------------------------------------------------------------------------------------------------------------------------------------------------------------------------------------------------------------------------------------------------------
                         :                                   bjet_pt bjet_aeta bjet_ChargedHadronEnergyFraction bjet_NeutralHadronEnergyFraction bjet_NeutralEmEnergyFraction bjet_ChargedEmEnergyFraction bjet_MuonEnergyFraction fabs(bjet_charge) bjet_ChargedMultiplicity bjet_NeutralMultiplicity
                         :                          bjet_pt:  +1.000    -0.076                           +0.003                           -0.045                       +0.069                       -0.028                  -0.014            +0.018                   +0.288                   +0.237
                         :                        bjet_aeta:  -0.076    +1.000                           -0.127                           +0.339                       -0.117                       -0.024                  -0.020            +0.121                   -0.046                   -0.337
                         : bjet_ChargedHadronEnergyFraction:  +0.003    -0.127                           +1.000                           -0.516                       -0.443                       -0.322                  -0.273            -0.229                   +0.411                   -0.175
                         : bjet_NeutralHadronEnergyFraction:  -0.045    +0.339                           -0.516                           +1.000                       -0.134                       -0.058                  -0.099            +0.174                   -0.314                   +0.035
                         :     bjet_NeutralEmEnergyFraction:  +0.069    -0.117                           -0.443                           -0.134                       +1.000                       -0.206                  -0.174            -0.051                   -0.145                   +0.363
                         :     bjet_ChargedEmEnergyFraction:  -0.028    -0.024                           -0.322                           -0.058                       -0.206                       +1.000                  -0.067            +0.094                   -0.085                   -0.117
                         :          bjet_MuonEnergyFraction:  -0.014    -0.020                           -0.273                           -0.099                       -0.174                       -0.067                  +1.000            +0.183                   -0.078                   -0.105
                         :                fabs(bjet_charge):  +0.018    +0.121                           -0.229                           +0.174                       -0.051                       +0.094                  +0.183            +1.000                   -0.303                   -0.090
                         :         bjet_ChargedMultiplicity:  +0.288    -0.046                           +0.411                           -0.314                       -0.145                       -0.085                  -0.078            -0.303                   +1.000                   +0.048
                         :         bjet_NeutralMultiplicity:  +0.237    -0.337                           -0.175                           +0.035                       +0.363                       -0.117                  -0.105            -0.090                   +0.048                   +1.000
                         : ---------------------------------------------------------------------------------------------------------------------------------------------------------------------------------------------------------------------------------------------------------------------------
DataSetInfo              : Correlation matrix (Background):
                         : ---------------------------------------------------------------------------------------------------------------------------------------------------------------------------------------------------------------------------------------------------------------------------
                         :                                   bjet_pt bjet_aeta bjet_ChargedHadronEnergyFraction bjet_NeutralHadronEnergyFraction bjet_NeutralEmEnergyFraction bjet_ChargedEmEnergyFraction bjet_MuonEnergyFraction fabs(bjet_charge) bjet_ChargedMultiplicity bjet_NeutralMultiplicity
                         :                          bjet_pt:  +1.000    -0.076                           -0.008                           -0.049                       +0.064                       -0.007                  +0.008            +0.003                   +0.282                   +0.232
                         :                        bjet_aeta:  -0.076    +1.000                           -0.210                           +0.404                       -0.110                       -0.025                  -0.024            +0.227                   -0.108                   -0.353
                         : bjet_ChargedHadronEnergyFraction:  -0.008    -0.210                           +1.000                           -0.593                       -0.463                       -0.266                  -0.204            -0.309                   +0.457                   -0.175
                         : bjet_NeutralHadronEnergyFraction:  -0.049    +0.404                           -0.593                           +1.000                       -0.153                       -0.063                  -0.093            +0.318                   -0.387                   +0.009
                         :     bjet_NeutralEmEnergyFraction:  +0.064    -0.110                           -0.463                           -0.153                       +1.000                       -0.189                  -0.144            -0.018                   -0.157                   +0.339
                         :     bjet_ChargedEmEnergyFraction:  -0.007    -0.025                           -0.266                           -0.063                       -0.189                       +1.000                  -0.042            +0.057                   -0.057                   -0.099
                         :          bjet_MuonEnergyFraction:  +0.008    -0.024                           -0.204                           -0.093                       -0.144                       -0.042                  +1.000            +0.126                   -0.045                   -0.078
                         :                fabs(bjet_charge):  +0.003    +0.227                           -0.309                           +0.318                       -0.018                       +0.057                  +0.126            +1.000                   -0.312                   -0.076
                         :         bjet_ChargedMultiplicity:  +0.282    -0.108                           +0.457                           -0.387                       -0.157                       -0.057                  -0.045            -0.312                   +1.000                   +0.043
                         :         bjet_NeutralMultiplicity:  +0.232    -0.353                           -0.175                           +0.009                       +0.339                       -0.099                  -0.078            -0.076                   +0.043                   +1.000
                         : ---------------------------------------------------------------------------------------------------------------------------------------------------------------------------------------------------------------------------------------------------------------------------
DataSetFactory           : [jet2017__5__64__1000__0.2] :  
                         : 
Factory                  : [jet2017__5__64__1000__0.2] : Create Transformation "I" with events from all classes.
                         : 
                         : Transformation, Variable selection : 
                         : Input : variable 'bjet_pt' <---> Output : variable 'bjet_pt'
                         : Input : variable 'bjet_aeta' <---> Output : variable 'bjet_aeta'
                         : Input : variable 'bjet_ChargedHadronEnergyFraction' <---> Output : variable 'bjet_ChargedHadronEnergyFraction'
                         : Input : variable 'bjet_NeutralHadronEnergyFraction' <---> Output : variable 'bjet_NeutralHadronEnergyFraction'
                         : Input : variable 'bjet_NeutralEmEnergyFraction' <---> Output : variable 'bjet_NeutralEmEnergyFraction'
                         : Input : variable 'bjet_ChargedEmEnergyFraction' <---> Output : variable 'bjet_ChargedEmEnergyFraction'
                         : Input : variable 'bjet_MuonEnergyFraction' <---> Output : variable 'bjet_MuonEnergyFraction'
                         : Input : variable 'fabs(bjet_charge)' <---> Output : variable 'fabs(bjet_charge)'
                         : Input : variable 'bjet_ChargedMultiplicity' <---> Output : variable 'bjet_ChargedMultiplicity'
                         : Input : variable 'bjet_NeutralMultiplicity' <---> Output : variable 'bjet_NeutralMultiplicity'
TFHandler_Factory        :                         Variable                                Mean                                RMS                        [        Min                                Max ]
                         : -----------------------------------------------------------------------------------------------------------------------------------------------------------------------------------
                         :                          bjet_pt:                            60.408                            35.156   [                            30.000                            1243.8 ]
                         :                        bjet_aeta:                            1.1670                           0.79746   [                        7.3675e-07                            3.7359 ]
                         : bjet_ChargedHadronEnergyFraction:                           0.55820                           0.21328   [                            0.0000                            1.0000 ]
                         : bjet_NeutralHadronEnergyFraction:                           0.12356                           0.15703   [                            0.0000                            1.0000 ]
                         :     bjet_NeutralEmEnergyFraction:                           0.25484                           0.15608   [                            0.0000                            1.0000 ]
                         :     bjet_ChargedEmEnergyFraction:                          0.034725                           0.10852   [                            0.0000                            1.0000 ]
                         :          bjet_MuonEnergyFraction:                          0.028672                          0.097278   [                            0.0000                           0.98958 ]
                         :                fabs(bjet_charge):                           0.26773                           0.21045   [                        4.2032e-08                            1.0000 ]
                         :         bjet_ChargedMultiplicity:                            11.397                            4.3769   [                            0.0000                            54.000 ]
                         :         bjet_NeutralMultiplicity:                            11.024                            5.5518   [                            0.0000                            56.000 ]
                         : -----------------------------------------------------------------------------------------------------------------------------------------------------------------------------------
                         : Ranking input variables (method unspecific)...
IdTransformation         : Ranking result (top variable is best ranked)
                         : ---------------------------------------------------------
                         : Rank : Variable                         : Separation
                         : ---------------------------------------------------------
                         :    1 : fabs(bjet_charge)                : 2.929e-02
                         :    2 : bjet_MuonEnergyFraction          : 3.179e-03
                         :    3 : bjet_NeutralHadronEnergyFraction : 2.474e-03
                         :    4 : bjet_aeta                        : 2.210e-03
                         :    5 : bjet_ChargedMultiplicity         : 1.674e-03
                         :    6 : bjet_ChargedEmEnergyFraction     : 1.298e-03
                         :    7 : bjet_ChargedHadronEnergyFraction : 1.152e-03
                         :    8 : bjet_NeutralEmEnergyFraction     : 7.183e-04
                         :    9 : bjet_NeutralMultiplicity         : 3.249e-04
                         :   10 : bjet_pt                          : 7.540e-05
                         : ---------------------------------------------------------
Factory                  : Train method: DNN for Classification
                         : 
                         : 
                         : [1m================================================================[0m
                         : [1mH e l p   f o r   M V A   m e t h o d   [ DNN ] :[0m
                         : 
                         : Keras is a high-level API for the Theano and Tensorflow packages.
                         : This method wraps the training and predictions steps of the Keras
                         : Python package for TMVA, so that dataloading, preprocessing and
                         : evaluation can be done within the TMVA system. To use this Keras
                         : interface, you have to generate a model with Keras first. Then,
                         : this model can be loaded and trained in TMVA.
                         : 
                         : 
                         : <Suppress this message by specifying "!H" in the booking option>
                         : [1m================================================================[0m
                         : 
                         : Preparing the Gaussian transformation...
TFHandler_DNN            :                         Variable                                Mean                                RMS                        [        Min                                Max ]
                         : -----------------------------------------------------------------------------------------------------------------------------------------------------------------------------------
                         :                          bjet_pt:                         0.0026091                           0.99576   [                           -3.1811                            5.7307 ]
                         :                        bjet_aeta:                         0.0026021                           0.99577   [                           -3.2675                            5.7307 ]
                         : bjet_ChargedHadronEnergyFraction:                        -0.0044374                            1.0097   [                           -3.2540                            3.4062 ]
                         : bjet_NeutralHadronEnergyFraction:                          -0.58457                            1.5340   [                           -3.2085                            5.7307 ]
                         :     bjet_NeutralEmEnergyFraction:                         -0.011021                            1.0182   [                           -3.2549                            5.7307 ]
                         :     bjet_ChargedEmEnergyFraction:                           -2.2701                            1.0388   [                           -2.6778                            5.7307 ]
                         :          bjet_MuonEnergyFraction:                           -2.2634                            1.0136   [                           -2.6507                            5.7307 ]
                         :                fabs(bjet_charge):                          0.061596                            1.1464   [                           -3.2052                            5.7307 ]
                         :         bjet_ChargedMultiplicity:                        -0.0086599                            1.0200   [                           -4.9895                            5.7307 ]
                         :         bjet_NeutralMultiplicity:                        -0.0022209                            1.0079   [                           -5.0980                            5.7307 ]
                         : -----------------------------------------------------------------------------------------------------------------------------------------------------------------------------------
                         : Option TriesEarlyStopping: Training will stop after 30 number of epochs with no improvement of validation loss
Train on 1769936 samples, validate on 1279663 samples
Epoch 1/300
 - 169s - loss: 0.8631 - acc: 0.5641 - val_loss: 0.6857 - val_acc: 0.5591
Epoch 2/300
 - 162s - loss: 0.8504 - acc: 0.5616 - val_loss: 0.6836 - val_acc: 0.5439
Epoch 3/300
 - 171s - loss: 0.8485 - acc: 0.5593 - val_loss: 0.6743 - val_acc: 0.5698
Epoch 4/300
 - 169s - loss: 0.8479 - acc: 0.5593 - val_loss: 0.6892 - val_acc: 0.5335
Epoch 5/300
 - 169s - loss: 0.8475 - acc: 0.5594 - val_loss: 0.6763 - val_acc: 0.5638
Epoch 6/300
 - 169s - loss: 0.8472 - acc: 0.5590 - val_loss: 0.6856 - val_acc: 0.5470
Epoch 7/300
 - 167s - loss: 0.8471 - acc: 0.5596 - val_loss: 0.6739 - val_acc: 0.5770
Epoch 8/300
 - 167s - loss: 0.8468 - acc: 0.5592 - val_loss: 0.6832 - val_acc: 0.5551
Epoch 9/300
 - 169s - loss: 0.8466 - acc: 0.5600 - val_loss: 0.6793 - val_acc: 0.5598
Epoch 10/300
 - 170s - loss: 0.8466 - acc: 0.5599 - val_loss: 0.6860 - val_acc: 0.5431
Epoch 11/300
 - 165s - loss: 0.8466 - acc: 0.5599 - val_loss: 0.6723 - val_acc: 0.5744
Epoch 12/300
 - 169s - loss: 0.8465 - acc: 0.5595 - val_loss: 0.6772 - val_acc: 0.5638
Epoch 13/300
 - 167s - loss: 0.8463 - acc: 0.5592 - val_loss: 0.6869 - val_acc: 0.5390
Epoch 14/300
 - 173s - loss: 0.8464 - acc: 0.5593 - val_loss: 0.6770 - val_acc: 0.5686
Epoch 15/300
 - 175s - loss: 0.8463 - acc: 0.5589 - val_loss: 0.6829 - val_acc: 0.5548
Epoch 16/300
 - 173s - loss: 0.8462 - acc: 0.5599 - val_loss: 0.6810 - val_acc: 0.5557
Epoch 17/300
 - 170s - loss: 0.8463 - acc: 0.5588 - val_loss: 0.6817 - val_acc: 0.5516
Epoch 18/300
 - 169s - loss: 0.8463 - acc: 0.5588 - val_loss: 0.6811 - val_acc: 0.5575
Epoch 19/300
 - 176s - loss: 0.8462 - acc: 0.5594 - val_loss: 0.6825 - val_acc: 0.5469
Epoch 20/300
 - 168s - loss: 0.8462 - acc: 0.5592 - val_loss: 0.6856 - val_acc: 0.5338
Epoch 21/300
 - 166s - loss: 0.8461 - acc: 0.5588 - val_loss: 0.6853 - val_acc: 0.5444
Epoch 22/300
 - 160s - loss: 0.8462 - acc: 0.5595 - val_loss: 0.6789 - val_acc: 0.5585
Epoch 23/300
 - 160s - loss: 0.8462 - acc: 0.5595 - val_loss: 0.6844 - val_acc: 0.5505
Epoch 24/300
 - 161s - loss: 0.8461 - acc: 0.5596 - val_loss: 0.6827 - val_acc: 0.5526
Epoch 25/300
 - 161s - loss: 0.8461 - acc: 0.5589 - val_loss: 0.6887 - val_acc: 0.5163
Epoch 26/300
 - 177s - loss: 0.8461 - acc: 0.5584 - val_loss: 0.6823 - val_acc: 0.5465
Epoch 27/300
 - 180s - loss: 0.8462 - acc: 0.5580 - val_loss: 0.6857 - val_acc: 0.5358
Epoch 28/300
 - 172s - loss: 0.8461 - acc: 0.5588 - val_loss: 0.6718 - val_acc: 0.5701
Epoch 29/300
 - 165s - loss: 0.8461 - acc: 0.5595 - val_loss: 0.6799 - val_acc: 0.5552
Epoch 30/300
 - 163s - loss: 0.8461 - acc: 0.5598 - val_loss: 0.6708 - val_acc: 0.5788
Epoch 31/300
 - 169s - loss: 0.8460 - acc: 0.5591 - val_loss: 0.6758 - val_acc: 0.5621
Epoch 32/300
 - 164s - loss: 0.8460 - acc: 0.5586 - val_loss: 0.6803 - val_acc: 0.5518
Epoch 33/300
 - 162s - loss: 0.8461 - acc: 0.5587 - val_loss: 0.6755 - val_acc: 0.5573
Epoch 34/300
 - 165s - loss: 0.8461 - acc: 0.5589 - val_loss: 0.6844 - val_acc: 0.5472
Epoch 35/300
 - 176s - loss: 0.8461 - acc: 0.5591 - val_loss: 0.6783 - val_acc: 0.5635
Epoch 36/300
 - 169s - loss: 0.8460 - acc: 0.5590 - val_loss: 0.6881 - val_acc: 0.5343
Epoch 37/300
 - 173s - loss: 0.8460 - acc: 0.5589 - val_loss: 0.6840 - val_acc: 0.5479
Epoch 38/300
 - 168s - loss: 0.8461 - acc: 0.5581 - val_loss: 0.6769 - val_acc: 0.5561
Epoch 39/300
 - 170s - loss: 0.8460 - acc: 0.5590 - val_loss: 0.6762 - val_acc: 0.5659
Epoch 40/300
 - 169s - loss: 0.8459 - acc: 0.5593 - val_loss: 0.6765 - val_acc: 0.5675
Epoch 41/300
 - 163s - loss: 0.8460 - acc: 0.5590 - val_loss: 0.6804 - val_acc: 0.5508
Epoch 42/300
 - 171s - loss: 0.8459 - acc: 0.5587 - val_loss: 0.6781 - val_acc: 0.5611
Epoch 43/300
 - 170s - loss: 0.8460 - acc: 0.5586 - val_loss: 0.6782 - val_acc: 0.5525
Epoch 44/300
 - 172s - loss: 0.8459 - acc: 0.5586 - val_loss: 0.6763 - val_acc: 0.5624
Epoch 45/300
 - 173s - loss: 0.8460 - acc: 0.5590 - val_loss: 0.6795 - val_acc: 0.5569
Epoch 46/300
 - 164s - loss: 0.8458 - acc: 0.5590 - val_loss: 0.6753 - val_acc: 0.5646
Epoch 47/300
 - 159s - loss: 0.8459 - acc: 0.5586 - val_loss: 0.6884 - val_acc: 0.5289
Epoch 48/300
 - 175s - loss: 0.8459 - acc: 0.5583 - val_loss: 0.6833 - val_acc: 0.5479
Epoch 49/300
 - 175s - loss: 0.8458 - acc: 0.5591 - val_loss: 0.6748 - val_acc: 0.5690
Epoch 50/300
 - 167s - loss: 0.8458 - acc: 0.5588 - val_loss: 0.6804 - val_acc: 0.5559
Epoch 51/300
 - 167s - loss: 0.8459 - acc: 0.5582 - val_loss: 0.6742 - val_acc: 0.5693
Epoch 52/300
 - 163s - loss: 0.8459 - acc: 0.5590 - val_loss: 0.6802 - val_acc: 0.5568
Epoch 53/300
 - 164s - loss: 0.8458 - acc: 0.5585 - val_loss: 0.6821 - val_acc: 0.5513
Epoch 54/300
 - 170s - loss: 0.8459 - acc: 0.5591 - val_loss: 0.6914 - val_acc: 0.5226
Epoch 55/300
 - 165s - loss: 0.8458 - acc: 0.5592 - val_loss: 0.6838 - val_acc: 0.5482
Epoch 56/300
 - 166s - loss: 0.8458 - acc: 0.5588 - val_loss: 0.6741 - val_acc: 0.5624
Epoch 57/300
 - 164s - loss: 0.8459 - acc: 0.5580 - val_loss: 0.6787 - val_acc: 0.5516
Epoch 58/300
 - 167s - loss: 0.8459 - acc: 0.5589 - val_loss: 0.6842 - val_acc: 0.5521
Epoch 59/300
 - 167s - loss: 0.8458 - acc: 0.5594 - val_loss: 0.6807 - val_acc: 0.5456
Epoch 60/300
 - 169s - loss: 0.8459 - acc: 0.5589 - val_loss: 0.6760 - val_acc: 0.5532
Epoch 00060: early stopping
                         : Trained model written to file: jet2017__5__64__1000__0.2/weights/TrainedModel_DNN.h5
                         : Elapsed time for training with 1769936 events: 1.01e+04 sec         
                         : Creating xml weight file: [0;36mjet2017__5__64__1000__0.2/weights/jet2017__5__64__1000__0.2_DNN.weights.xml[0m
                         : Creating standalone class: [0;36mjet2017__5__64__1000__0.2/weights/jet2017__5__64__1000__0.2_DNN.class.C[0m
Factory                  : Training finished
                         : 
                         : Ranking input variables (method specific)...
                         : No variable ranking supplied by classifier: DNN
Factory                  : === Destroy and recreate all methods via weight files for testing ===
                         : 
Factory                  : [1mTest all methods[0m
Factory                  : Test method: DNN for Classification performance
                         : 
                         : Load model from file: jet2017__5__64__1000__0.2/weights/TrainedModel_DNN.h5
Factory                  : [1mEvaluate all methods[0m
Factory                  : Evaluate classifier: DNN
                         : 
TFHandler_DNN            :                         Variable                                Mean                                RMS                        [        Min                                Max ]
                         : -----------------------------------------------------------------------------------------------------------------------------------------------------------------------------------
                         :                          bjet_pt:                          0.096723                            1.0249   [                           -3.1808                            5.7307 ]
                         :                        bjet_aeta:                         -0.011244                           0.99126   [                           -3.2677                            5.7307 ]
                         : bjet_ChargedHadronEnergyFraction:                          0.025510                            1.0106   [                           -3.2540                            3.4062 ]
                         : bjet_NeutralHadronEnergyFraction:                          -0.61033                            1.5234   [                           -3.2085                            5.7307 ]
                         :     bjet_NeutralEmEnergyFraction:                        -0.0072782                            1.0228   [                           -3.2549                            5.7307 ]
                         :     bjet_ChargedEmEnergyFraction:                           -2.2452                            1.0844   [                           -2.6778                            5.7307 ]
                         :          bjet_MuonEnergyFraction:                           -2.3453                           0.90584   [                           -2.6507                            5.7307 ]
                         :                fabs(bjet_charge):                          0.094476                            1.1343   [                           -3.2045                            5.7307 ]
                         :         bjet_ChargedMultiplicity:                          0.033690                            1.0328   [                           -4.9895                            5.7307 ]
                         :         bjet_NeutralMultiplicity:                          0.014983                            1.0207   [                           -5.0980                            5.7307 ]
                         : -----------------------------------------------------------------------------------------------------------------------------------------------------------------------------------
DNN                      : [jet2017__5__64__1000__0.2] : Loop over test events and fill histograms with classifier response...
                         : 
TFHandler_DNN            :                         Variable                                Mean                                RMS                        [        Min                                Max ]
                         : -----------------------------------------------------------------------------------------------------------------------------------------------------------------------------------
                         :                          bjet_pt:                          0.096723                            1.0249   [                           -3.1808                            5.7307 ]
                         :                        bjet_aeta:                         -0.011244                           0.99126   [                           -3.2677                            5.7307 ]
                         : bjet_ChargedHadronEnergyFraction:                          0.025510                            1.0106   [                           -3.2540                            3.4062 ]
                         : bjet_NeutralHadronEnergyFraction:                          -0.61033                            1.5234   [                           -3.2085                            5.7307 ]
                         :     bjet_NeutralEmEnergyFraction:                        -0.0072782                            1.0228   [                           -3.2549                            5.7307 ]
                         :     bjet_ChargedEmEnergyFraction:                           -2.2452                            1.0844   [                           -2.6778                            5.7307 ]
                         :          bjet_MuonEnergyFraction:                           -2.3453                           0.90584   [                           -2.6507                            5.7307 ]
                         :                fabs(bjet_charge):                          0.094476                            1.1343   [                           -3.2045                            5.7307 ]
                         :         bjet_ChargedMultiplicity:                          0.033690                            1.0328   [                           -4.9895                            5.7307 ]
                         :         bjet_NeutralMultiplicity:                          0.014983                            1.0207   [                           -5.0980                            5.7307 ]
                         : -----------------------------------------------------------------------------------------------------------------------------------------------------------------------------------
                         : 
                         : Evaluation results ranked by best signal efficiency and purity (area)
                         : -------------------------------------------------------------------------------------------------------------------
                         : DataSet       MVA                       
                         : Name:         Method:          ROC-integ
                         : jet2017__5__64__1000__0.2 DNN            : 0.604
                         : -------------------------------------------------------------------------------------------------------------------
                         : 
                         : Testing efficiency compared to training efficiency (overtraining check)
                         : -------------------------------------------------------------------------------------------------------------------
                         : DataSet              MVA              Signal efficiency: from test sample (from training sample) 
                         : Name:                Method:          @B=0.01             @B=0.10            @B=0.30   
                         : -------------------------------------------------------------------------------------------------------------------
                         : jet2017__5__64__1000__0.2 DNN            : 0.032 (0.032)       0.201 (0.203)      0.452 (0.456)
                         : -------------------------------------------------------------------------------------------------------------------
                         : 
Dataset:jet2017__5__64...: Created tree 'TestTree' with 1279663 events
                         : 
Dataset:jet2017__5__64...: Created tree 'TrainTree' with 1769936 events
                         : 
Factory                  : [1mThank you for using TMVA![0m
                         : [1mFor citation information, please visit: http://tmva.sf.net/citeTMVA.html[0m
ref.cut= DNN 0.466722751296
auc= 0.60413124601
myerr=0
[ntry=1]
