Submitting job(s)..................................................
50 job(s) submitted to cluster 2219231.
Submitting job(s)..................................................
50 job(s) submitted to cluster 2219232.
Submitting job(s)..................................................
50 job(s) submitted to cluster 2219233.
Submitting job(s)..................................................
50 job(s) submitted to cluster 2219234.
Submitting job(s)..................................................
50 job(s) submitted to cluster 2219235.
condor_submit WORKDIR_HADD/run.jds > WORKDIR_HADD/run.jid
condor_submit WORKDIR_HADD/run.jds > WORKDIR_HADD/run.jid
condor_submit WORKDIR_HADD/run.jds > WORKDIR_HADD/run.jid
condor_submit WORKDIR_HADD/run.jds > WORKDIR_HADD/run.jid
condor_submit WORKDIR_HADD/run.jds > WORKDIR_HADD/run.jid
##################################################
Submission Finished
- JobID = 228033
- Analyzer = TTsemilep_ChargeReliability
- Skim = 
- InputSamples = ['SingleElectron:B', 'SingleElectron:C', 'SingleElectron:D', 'SingleElectron:E', 'SingleElectron:F']
- NJobs = 50
- Era = 2017
- UserFlags = ['RunSyst', 'RunSoftElectron', 'RunHadronSide', 'RunReliab']
- RunDir = /data6/Users/jhchoi/SKFlatRunlog//2024_02_17_132532__228033__TTsemilep_ChargeReliability__Era2017__RunSyst__RunSoftElectron__RunHadronSide__RunReliab__TAMSA1/SingleElectron_periodF/
- output will be send to : /data6/Users/jhchoi/SKFlatOutput//Run2UltraLegacy_v3/TTsemilep_ChargeReliability/2017/RunSyst__RunSoftElectron__RunHadronSide__RunReliab__/DATA/
##################################################
submit hadd
<AFTER hadd fin. please rm remainings..>
rm /data6/Users/jhchoi/SKFlatRunlog//2024_02_17_132532__228033__TTsemilep_ChargeReliability__Era2017__RunSyst__RunSoftElectron__RunHadronSide__RunReliab__TAMSA1/SingleElectron_periodD//output/*.root
submit hadd
<AFTER hadd fin. please rm remainings..>
rm /data6/Users/jhchoi/SKFlatRunlog//2024_02_17_132532__228033__TTsemilep_ChargeReliability__Era2017__RunSyst__RunSoftElectron__RunHadronSide__RunReliab__TAMSA1/SingleElectron_periodB//output/*.root
submit hadd
<AFTER hadd fin. please rm remainings..>
rm /data6/Users/jhchoi/SKFlatRunlog//2024_02_17_132532__228033__TTsemilep_ChargeReliability__Era2017__RunSyst__RunSoftElectron__RunHadronSide__RunReliab__TAMSA1/SingleElectron_periodE//output/*.root
submit hadd
<AFTER hadd fin. please rm remainings..>
rm /data6/Users/jhchoi/SKFlatRunlog//2024_02_17_132532__228033__TTsemilep_ChargeReliability__Era2017__RunSyst__RunSoftElectron__RunHadronSide__RunReliab__TAMSA1/SingleElectron_periodC//output/*.root
submit hadd
<AFTER hadd fin. please rm remainings..>
rm /data6/Users/jhchoi/SKFlatRunlog//2024_02_17_132532__228033__TTsemilep_ChargeReliability__Era2017__RunSyst__RunSoftElectron__RunHadronSide__RunReliab__TAMSA1/SingleElectron_periodF//output/*.root
