Submitting job(s)..................................................
50 job(s) submitted to cluster 2219147.
Submitting job(s)..................................................
50 job(s) submitted to cluster 2219148.
Submitting job(s)..................................................
50 job(s) submitted to cluster 2219149.
Submitting job(s)..................................................
50 job(s) submitted to cluster 2219150.
Submitting job(s)..................................................
50 job(s) submitted to cluster 2219151.
condor_submit WORKDIR_HADD/run.jds > WORKDIR_HADD/run.jid
condor_submit WORKDIR_HADD/run.jds > WORKDIR_HADD/run.jid
condor_submit WORKDIR_HADD/run.jds > WORKDIR_HADD/run.jid
condor_submit WORKDIR_HADD/run.jds > WORKDIR_HADD/run.jid
condor_submit WORKDIR_HADD/run.jds > WORKDIR_HADD/run.jid
##################################################
Submission Finished
- JobID = 105363
- Analyzer = TTsemilep_ChargeReliability
- Skim = 
- InputSamples = ['SingleElectron:B', 'SingleElectron:C', 'SingleElectron:D', 'SingleElectron:E', 'SingleElectron:F']
- NJobs = 50
- Era = 2017
- UserFlags = ['RunSyst', 'RunSoftMuon', 'RunLeptonSide', 'RunReliab']
- RunDir = /data6/Users/jhchoi/SKFlatRunlog//2024_02_17_075012__105363__TTsemilep_ChargeReliability__Era2017__RunSyst__RunSoftMuon__RunLeptonSide__RunReliab__TAMSA1/SingleElectron_periodF/
- output will be send to : /data6/Users/jhchoi/SKFlatOutput//Run2UltraLegacy_v3/TTsemilep_ChargeReliability/2017/RunSyst__RunSoftMuon__RunLeptonSide__RunReliab__/DATA/
##################################################
submit hadd
<AFTER hadd fin. please rm remainings..>
rm /data6/Users/jhchoi/SKFlatRunlog//2024_02_17_075012__105363__TTsemilep_ChargeReliability__Era2017__RunSyst__RunSoftMuon__RunLeptonSide__RunReliab__TAMSA1/SingleElectron_periodD//output/*.root
submit hadd
<AFTER hadd fin. please rm remainings..>
rm /data6/Users/jhchoi/SKFlatRunlog//2024_02_17_075012__105363__TTsemilep_ChargeReliability__Era2017__RunSyst__RunSoftMuon__RunLeptonSide__RunReliab__TAMSA1/SingleElectron_periodB//output/*.root
submit hadd
<AFTER hadd fin. please rm remainings..>
rm /data6/Users/jhchoi/SKFlatRunlog//2024_02_17_075012__105363__TTsemilep_ChargeReliability__Era2017__RunSyst__RunSoftMuon__RunLeptonSide__RunReliab__TAMSA1/SingleElectron_periodC//output/*.root
submit hadd
<AFTER hadd fin. please rm remainings..>
rm /data6/Users/jhchoi/SKFlatRunlog//2024_02_17_075012__105363__TTsemilep_ChargeReliability__Era2017__RunSyst__RunSoftMuon__RunLeptonSide__RunReliab__TAMSA1/SingleElectron_periodE//output/*.root
submit hadd
<AFTER hadd fin. please rm remainings..>
rm /data6/Users/jhchoi/SKFlatRunlog//2024_02_17_075012__105363__TTsemilep_ChargeReliability__Era2017__RunSyst__RunSoftMuon__RunLeptonSide__RunReliab__TAMSA1/SingleElectron_periodF//output/*.root
