/home/condor/dir_3735085
DataSetInfo              : [FIN_BDT_2016postVFP] : Added class "Signal"
                         : Add Tree OutTree/sig of type Signal with 387726 events
                         : Add Tree OutTree/sig of type Signal with 440734 events
DataSetInfo              : [FIN_BDT_2016postVFP] : Added class "Background"
                         : Add Tree OutTree/bkg of type Background with 273702 events
                         : Add Tree OutTree/bkg of type Background with 310379 events
Factory                  : Booking method: [1mBDT[0m
                         : 
                         : Parsing option string: 
                         : ... "!H:V:NTrees=800:MinNodeSize=1%:MaxDepth=4:Shrinkage=0.005:BoostType=Grad:AdaBoostBeta=:UseBaggedBoost=True:BaggedSampleFraction=0.1:SeparationType=GiniIndex:nCuts=5:IgnoreNegWeightsInTraining=True:VarTransform=G"
                         : The following options are set:
                         : - By User:
                         :     <none>
                         : - Default:
                         :     Boost_num: "0" [Number of times the classifier will be boosted]
                         : Parsing option string: 
                         : ... "!H:V:NTrees=800:MinNodeSize=1%:MaxDepth=4:Shrinkage=0.005:BoostType=Grad:AdaBoostBeta=:UseBaggedBoost=True:BaggedSampleFraction=0.1:SeparationType=GiniIndex:nCuts=5:IgnoreNegWeightsInTraining=True:VarTransform=G"
                         : The following options are set:
                         : - By User:
                         :     V: "True" [Verbose output (short form of "VerbosityLevel" below - overrides the latter one)]
                         :     VarTransform: "G" [List of variable transformations performed before training, e.g., "D_Background,P_Signal,G,N_AllClasses" for: "Decorrelation, PCA-transformation, Gaussianisation, Normalisation, each for the given class of events ('AllClasses' denotes all events of all classes, if no class indication is given, 'All' is assumed)"]
                         :     H: "False" [Print method-specific help message]
                         :     IgnoreNegWeightsInTraining: "True" [Events with negative weights are ignored in the training (but are included for testing and performance evaluation)]
                         :     NTrees: "800" [Number of trees in the forest]
                         :     MaxDepth: "4" [Max depth of the decision tree allowed]
                         :     MinNodeSize: "1%" [Minimum percentage of training events required in a leaf node (default: Classification: 5%, Regression: 0.2%)]
                         :     nCuts: "5" [Number of grid points in variable range used in finding optimal cut in node splitting]
                         :     BoostType: "Grad" [Boosting type for the trees in the forest (note: AdaCost is still experimental)]
                         :     UseBaggedBoost: "True" [Use only a random subsample of all events for growing the trees in each boost iteration.]
                         :     Shrinkage: "5.000000e-03" [Learning rate for BoostType=Grad algorithm]
                         :     AdaBoostBeta: "5.000000e-01" [Learning rate  for AdaBoost algorithm]
                         :     BaggedSampleFraction: "1.000000e-01" [Relative size of bagged event sample to original size of the data sample (used whenever bagging is used (i.e. UseBaggedBoost, Bagging,)]
                         :     SeparationType: "GiniIndex" [Separation criterion for node splitting]
                         : - Default:
                         :     VerbosityLevel: "Default" [Verbosity level]
                         :     CreateMVAPdfs: "False" [Create PDFs for classifier outputs (signal and background)]
                         :     AdaBoostR2Loss: "Quadratic" [Type of Loss function in AdaBoostR2]
                         :     UseRandomisedTrees: "False" [Determine at each node splitting the cut variable only as the best out of a random subset of variables (like in RandomForests)]
                         :     UseNvars: "4" [Size of the subset of variables used with RandomisedTree option]
                         :     UsePoissonNvars: "True" [Interpret "UseNvars" not as fixed number but as mean of a Poisson distribution in each split with RandomisedTree option]
                         :     UseYesNoLeaf: "True" [Use Sig or Bkg categories, or the purity=S/(S+B) as classification of the leaf node -> Real-AdaBoost]
                         :     NegWeightTreatment: "InverseBoostNegWeights" [How to treat events with negative weights in the BDT training (particular the boosting) : IgnoreInTraining;  Boost With inverse boostweight; Pair events with negative and positive weights in training sample and *annihilate* them (experimental!)]
                         :     Css: "1.000000e+00" [AdaCost: cost of true signal selected signal]
                         :     Cts_sb: "1.000000e+00" [AdaCost: cost of true signal selected bkg]
                         :     Ctb_ss: "1.000000e+00" [AdaCost: cost of true bkg    selected signal]
                         :     Cbb: "1.000000e+00" [AdaCost: cost of true bkg    selected bkg ]
                         :     NodePurityLimit: "5.000000e-01" [In boosting/pruning, nodes with purity > NodePurityLimit are signal; background otherwise.]
                         :     RegressionLossFunctionBDTG: "Huber" [Loss function for BDTG regression.]
                         :     HuberQuantile: "7.000000e-01" [In the Huber loss function this is the quantile that separates the core from the tails in the residuals distribution.]
                         :     DoBoostMonitor: "False" [Create control plot with ROC integral vs tree number]
                         :     UseFisherCuts: "False" [Use multivariate splits using the Fisher criterion]
                         :     MinLinCorrForFisher: "8.000000e-01" [The minimum linear correlation between two variables demanded for use in Fisher criterion in node splitting]
                         :     UseExclusiveVars: "False" [Variables already used in fisher criterion are not anymore analysed individually for node splitting]
                         :     DoPreselection: "False" [and and apply automatic pre-selection for 100% efficient signal (bkg) cuts prior to training]
                         :     SigToBkgFraction: "1.000000e+00" [Sig to Bkg ratio used in Training (similar to NodePurityLimit, which cannot be used in real adaboost]
                         :     PruneMethod: "NoPruning" [Note: for BDTs use small trees (e.g.MaxDepth=3) and NoPruning:  Pruning: Method used for pruning (removal) of statistically insignificant branches ]
                         :     PruneStrength: "0.000000e+00" [Pruning strength]
                         :     PruningValFraction: "5.000000e-01" [Fraction of events to use for optimizing automatic pruning.]
                         :     SkipNormalization: "False" [Skip normalization at initialization, to keep expectation value of BDT output according to the fraction of events]
                         :     nEventsMin: "0" [deprecated: Use MinNodeSize (in % of training events) instead]
                         :     UseBaggedGrad: "False" [deprecated: Use *UseBaggedBoost* instead:  Use only a random subsample of all events for growing the trees in each iteration.]
                         :     GradBaggingFraction: "1.000000e-01" [deprecated: Use *BaggedSampleFraction* instead: Defines the fraction of events to be used in each iteration, e.g. when UseBaggedGrad=kTRUE. ]
                         :     UseNTrainEvents: "0" [deprecated: Use *BaggedSampleFraction* instead: Number of randomly picked training events used in randomised (and bagged) trees]
                         :     NNodesMax: "0" [deprecated: Use MaxDepth instead to limit the tree size]
BDT                      : [FIN_BDT_2016postVFP] : Create Transformation "G" with events from all classes.
                         : 
                         : Transformation, Variable selection : 
                         : Input : variable 'bmuon_nsip3d<10.?bmuon_nsip3d:10.' <---> Output : variable 'bmuon_nsip3d<10.?bmuon_nsip3d:10.'
                         : Input : variable 'bmuon_reliso<10.?bmuon_reliso:10.' <---> Output : variable 'bmuon_reliso<10.?bmuon_reliso:10.'
                         : Input : variable 'bmuon_dR_l_j' <---> Output : variable 'bmuon_dR_l_j'
                         : Input : variable 'bmuon_ptwrtbjet<10.?bmuon_ptwrtbjet:10.' <---> Output : variable 'bmuon_ptwrtbjet<10.?bmuon_ptwrtbjet:10.'
                         : Input : variable 'bmuon_P_jetrest<10.?bmuon_P_jetrest:10.' <---> Output : variable 'bmuon_P_jetrest<10.?bmuon_P_jetrest:10.'
                         : Input : variable 'bmuon_palongjet<50.?bmuon_palongjet:50.' <---> Output : variable 'bmuon_palongjet<50.?bmuon_palongjet:50.'
                         : Input : variable 'bjet_charge*bmuon_charge<0.6?bjet_charge*bmuon_charge:0.6' <---> Output : variable 'bjet_charge*bmuon_charge<0.6?bjet_charge*bmuon_charge:0.6'
                         : Input : variable 'bjet_ChargedHadronEnergyFraction>0.2?bjet_ChargedHadronEnergyFraction:0.2' <---> Output : variable 'bjet_ChargedHadronEnergyFraction>0.2?bjet_ChargedHadronEnergyFraction:0.2'
                         : Input : variable 'bjet_NeutralHadronEnergyFraction>0.06?bjet_NeutralHadronEnergyFraction:0.06' <---> Output : variable 'bjet_NeutralHadronEnergyFraction>0.06?bjet_NeutralHadronEnergyFraction:0.06'
                         : Input : variable 'bjet_NeutralEmEnergyFraction' <---> Output : variable 'bjet_NeutralEmEnergyFraction'
                         : Input : variable 'bjet_MuonEnergyFraction>0.08?bjet_MuonEnergyFraction:0.08' <---> Output : variable 'bjet_MuonEnergyFraction>0.08?bjet_MuonEnergyFraction:0.08'
                         : Input : variable '(bjet_ChargedMultiplicity>19)?20:(bjet_ChargedMultiplicity<11)?11:bjet_ChargedMultiplicity' <---> Output : variable '(bjet_ChargedMultiplicity>19)?20:(bjet_ChargedMultiplicity<11)?11:bjet_ChargedMultiplicity'
                         : Input : variable 'bjet_NeutralMultiplicity' <---> Output : variable 'bjet_NeutralMultiplicity'
                         : Input : variable 'fabs(bjet_charge)<0.6?fabs(bjet_charge):0.6' <---> Output : variable 'fabs(bjet_charge)<0.6?fabs(bjet_charge):0.6'
                         : the option NegWeightTreatment=InverseBoostNegWeights does not exist for BoostType=Grad
                         : --> change to new default NegWeightTreatment=Pray
                         : Rebuilding Dataset FIN_BDT_2016postVFP
                         : Building event vectors for type 1 Signal
                         : Dataset[FIN_BDT_2016postVFP] :  create input formulas for tree sig
                         : Dataset[FIN_BDT_2016postVFP] :  create input formulas for tree sig
                         : Dataset[FIN_BDT_2016postVFP] :  create input formulas for tree sig
                         : Building event vectors for type 0 Signal
                         : Dataset[FIN_BDT_2016postVFP] :  create input formulas for tree sig
                         : Dataset[FIN_BDT_2016postVFP] :  create input formulas for tree sig
                         : Building event vectors for type 1 Background
                         : Dataset[FIN_BDT_2016postVFP] :  create input formulas for tree bkg
                         : Dataset[FIN_BDT_2016postVFP] :  create input formulas for tree bkg
                         : Dataset[FIN_BDT_2016postVFP] :  create input formulas for tree bkg
                         : Building event vectors for type 0 Background
                         : Dataset[FIN_BDT_2016postVFP] :  create input formulas for tree bkg
                         : Dataset[FIN_BDT_2016postVFP] :  create input formulas for tree bkg
DataSetFactory           : [FIN_BDT_2016postVFP] : Number of events in input trees
                         : Dataset[FIN_BDT_2016postVFP] :     Signal     requirement: "(bmuon_charge*bjet_partonFlavour < 0)&&Has_bMuon"
                         : Dataset[FIN_BDT_2016postVFP] :     Signal          -- number of events passed: 42053  / sum of weights: 23218.3
                         : Dataset[FIN_BDT_2016postVFP] :     Signal          -- efficiency             : 0.0462812
                         : Dataset[FIN_BDT_2016postVFP] :     Background requirement: "(bmuon_charge*bjet_partonFlavour > 0)&&Has_bMuon"
                         : Dataset[FIN_BDT_2016postVFP] :     Background      -- number of events passed: 20185  / sum of weights: 11185.4
                         : Dataset[FIN_BDT_2016postVFP] :     Background      -- efficiency             : 0.0313111
                         : Dataset[FIN_BDT_2016postVFP] :  you have opted for interpreting the requested number of training/testing events
                         :  to be the number of events AFTER your preselection cuts
                         : 
                         : Dataset[FIN_BDT_2016postVFP] :  you have opted for interpreting the requested number of training/testing events
                         :  to be the number of events AFTER your preselection cuts
                         : 
                         : Dataset[FIN_BDT_2016postVFP] : Weight renormalisation mode: "EqualNumEvents": renormalises all event classes ...
                         : Dataset[FIN_BDT_2016postVFP] :  such that the effective (weighted) number of events in each class is the same 
                         : Dataset[FIN_BDT_2016postVFP] :  (and equals the number of events (entries) given for class=0 )
                         : Dataset[FIN_BDT_2016postVFP] : ... i.e. such that Sum[i=1..N_j]{w_i} = N_classA, j=classA, classB, ...
                         : Dataset[FIN_BDT_2016postVFP] : ... (note that N_j is the sum of TRAINING events
                         : Dataset[FIN_BDT_2016postVFP] :  ..... Testing events are not renormalised nor included in the renormalisation factor!)
                         : Number of training and testing events
                         : ---------------------------------------------------------------------------
                         : Signal     -- training events            : 17271
                         : Signal     -- testing events             : 24782
                         : Signal     -- training and testing events: 42053
                         : Dataset[FIN_BDT_2016postVFP] : Signal     -- due to the preselection a scaling factor has been applied to the numbers of requested events: 0.0507604
                         : Background -- training events            : 8200
                         : Background -- testing events             : 11985
                         : Background -- training and testing events: 20185
                         : Dataset[FIN_BDT_2016postVFP] : Background -- due to the preselection a scaling factor has been applied to the numbers of requested events: 0.0345586
                         : 
DataSetInfo              : Correlation matrix (Signal):
                         : -------------------------------------------------------------------------------------------------------------------------------------------------------------------------------------------------------------------------------------------------------------------------------------------------------------------------------------------------------------------------------------------------------------------------------------------------------------------------------------------------------------------------------------------------------------------------------------------------------------------------------------------------------------------------------------------------------------------------------------------------------------------------------
                         :                                                                                             bmuon_nsip3d_10._bmuon_nsip3d:10. bmuon_reliso_10._bmuon_reliso:10. bmuon_dR_l_j bmuon_ptwrtbjet_10._bmuon_ptwrtbjet:10. bmuon_P_jetrest_10._bmuon_P_jetrest:10. bmuon_palongjet_50._bmuon_palongjet:50. bjet_charge_T_bmuon_charge_0.6_bjet_charge_T_bmuon_charge:0.6 bjet_ChargedHadronEnergyFraction_0.2_bjet_ChargedHadronEnergyFraction:0.2 bjet_NeutralHadronEnergyFraction_0.06_bjet_NeutralHadronEnergyFraction:0.06 bjet_NeutralEmEnergyFraction bjet_MuonEnergyFraction_0.08_bjet_MuonEnergyFraction:0.08 _bjet_ChargedMultiplicity_19__20:_bjet_ChargedMultiplicity_11__11:bjet_ChargedMultiplicity bjet_NeutralMultiplicity fabs_bjet_charge__0.6_fabs_bjet_charge_:0.6
                         :                                                          bmuon_nsip3d_10._bmuon_nsip3d:10.:                            +1.000                            +0.169       +0.189                                  +0.070                                  -0.092                                  -0.137                                                        -0.143                                                                    +0.121                                                                      +0.039                       +0.095                                                    -0.237                                                                                     +0.034                   +0.080                                      -0.149
                         :                                                          bmuon_reliso_10._bmuon_reliso:10.:                            +0.169                            +1.000       +0.260                                  -0.167                                  -0.452                                  -0.482                                                        -0.387                                                                    +0.427                                                                      +0.160                       +0.303                                                    -0.717                                                                                     +0.183                   +0.233                                      -0.372
                         :                                                                               bmuon_dR_l_j:                            +0.189                            +0.260       +1.000                                  +0.524                                  +0.044                                  -0.429                                                        -0.195                                                                    +0.209                                                                      +0.118                       +0.097                                                    -0.442                                                                                     +0.043                   +0.042                                      -0.199
                         :                                                    bmuon_ptwrtbjet_10._bmuon_ptwrtbjet:10.:                            +0.070                            -0.167       +0.524                                  +1.000                                  +0.734                                  +0.112                                                        +0.114                                                                    -0.077                                                                      -0.003                       -0.052                                                    +0.049                                                                                     +0.144                   +0.072                                      +0.086
                         :                                                    bmuon_P_jetrest_10._bmuon_P_jetrest:10.:                            -0.092                            -0.452       +0.044                                  +0.734                                  +1.000                                  +0.475                                                        +0.347                                                                    -0.316                                                                      -0.102                       -0.182                                                    +0.490                                                                                     +0.158                   +0.092                                      +0.335
                         :                                                    bmuon_palongjet_50._bmuon_palongjet:50.:                            -0.137                            -0.482       -0.429                                  +0.112                                  +0.475                                  +1.000                                                        +0.325                                                                    -0.297                                                                      -0.074                       -0.232                                                    +0.555                                                                                     -0.011                   -0.186                                      +0.333
                         :                              bjet_charge_T_bmuon_charge_0.6_bjet_charge_T_bmuon_charge:0.6:                            -0.143                            -0.387       -0.195                                  +0.114                                  +0.347                                  +0.325                                                        +1.000                                                                    -0.351                                                                      -0.076                       -0.086                                                    +0.499                                                                                     -0.093                   -0.093                                      +0.787
                         :                  bjet_ChargedHadronEnergyFraction_0.2_bjet_ChargedHadronEnergyFraction:0.2:                            +0.121                            +0.427       +0.209                                  -0.077                                  -0.316                                  -0.297                                                        -0.351                                                                    +1.000                                                                      -0.233                       -0.276                                                    -0.572                                                                                     +0.256                   -0.136                                      -0.372
                         :                bjet_NeutralHadronEnergyFraction_0.06_bjet_NeutralHadronEnergyFraction:0.06:                            +0.039                            +0.160       +0.118                                  -0.003                                  -0.102                                  -0.074                                                        -0.076                                                                    -0.233                                                                      +1.000                       -0.098                                                    -0.208                                                                                     -0.078                   +0.131                                      -0.068
                         :                                                               bjet_NeutralEmEnergyFraction:                            +0.095                            +0.303       +0.097                                  -0.052                                  -0.182                                  -0.232                                                        -0.086                                                                    -0.276                                                                      -0.098                       +1.000                                                    -0.318                                                                                     -0.023                   +0.434                                      -0.084
                         :                                  bjet_MuonEnergyFraction_0.08_bjet_MuonEnergyFraction:0.08:                            -0.237                            -0.717       -0.442                                  +0.049                                  +0.490                                  +0.555                                                        +0.499                                                                    -0.572                                                                      -0.208                       -0.318                                                    +1.000                                                                                     -0.211                   -0.247                                      +0.506
                         : _bjet_ChargedMultiplicity_19__20:_bjet_ChargedMultiplicity_11__11:bjet_ChargedMultiplicity:                            +0.034                            +0.183       +0.043                                  +0.144                                  +0.158                                  -0.011                                                        -0.093                                                                    +0.256                                                                      -0.078                       -0.023                                                    -0.211                                                                                     +1.000                   +0.199                                      -0.136
                         :                                                                   bjet_NeutralMultiplicity:                            +0.080                            +0.233       +0.042                                  +0.072                                  +0.092                                  -0.186                                                        -0.093                                                                    -0.136                                                                      +0.131                       +0.434                                                    -0.247                                                                                     +0.199                   +1.000                                      -0.091
                         :                                                fabs_bjet_charge__0.6_fabs_bjet_charge_:0.6:                            -0.149                            -0.372       -0.199                                  +0.086                                  +0.335                                  +0.333                                                        +0.787                                                                    -0.372                                                                      -0.068                       -0.084                                                    +0.506                                                                                     -0.136                   -0.091                                      +1.000
                         : -------------------------------------------------------------------------------------------------------------------------------------------------------------------------------------------------------------------------------------------------------------------------------------------------------------------------------------------------------------------------------------------------------------------------------------------------------------------------------------------------------------------------------------------------------------------------------------------------------------------------------------------------------------------------------------------------------------------------------------------------------------------------------
DataSetInfo              : Correlation matrix (Background):
                         : -------------------------------------------------------------------------------------------------------------------------------------------------------------------------------------------------------------------------------------------------------------------------------------------------------------------------------------------------------------------------------------------------------------------------------------------------------------------------------------------------------------------------------------------------------------------------------------------------------------------------------------------------------------------------------------------------------------------------------------------------------------------------------
                         :                                                                                             bmuon_nsip3d_10._bmuon_nsip3d:10. bmuon_reliso_10._bmuon_reliso:10. bmuon_dR_l_j bmuon_ptwrtbjet_10._bmuon_ptwrtbjet:10. bmuon_P_jetrest_10._bmuon_P_jetrest:10. bmuon_palongjet_50._bmuon_palongjet:50. bjet_charge_T_bmuon_charge_0.6_bjet_charge_T_bmuon_charge:0.6 bjet_ChargedHadronEnergyFraction_0.2_bjet_ChargedHadronEnergyFraction:0.2 bjet_NeutralHadronEnergyFraction_0.06_bjet_NeutralHadronEnergyFraction:0.06 bjet_NeutralEmEnergyFraction bjet_MuonEnergyFraction_0.08_bjet_MuonEnergyFraction:0.08 _bjet_ChargedMultiplicity_19__20:_bjet_ChargedMultiplicity_11__11:bjet_ChargedMultiplicity bjet_NeutralMultiplicity fabs_bjet_charge__0.6_fabs_bjet_charge_:0.6
                         :                                                          bmuon_nsip3d_10._bmuon_nsip3d:10.:                            +1.000                            -0.034       +0.118                                  +0.140                                  +0.090                                  +0.035                                                        +0.011                                                                    -0.026                                                                      -0.006                       -0.016                                                    +0.016                                                                                     -0.017                   +0.068                                      +0.009
                         :                                                          bmuon_reliso_10._bmuon_reliso:10.:                            -0.034                            +1.000       +0.070                                  -0.259                                  -0.436                                  -0.415                                                        -0.355                                                                    +0.359                                                                      +0.144                       +0.243                                                    -0.663                                                                                     +0.220                   +0.276                                      -0.202
                         :                                                                               bmuon_dR_l_j:                            +0.118                            +0.070       +1.000                                  +0.522                                  +0.122                                  -0.326                                                        -0.105                                                                    +0.050                                                                      +0.091                       +0.011                                                    -0.251                                                                                     +0.017                   -0.026                                      -0.119
                         :                                                    bmuon_ptwrtbjet_10._bmuon_ptwrtbjet:10.:                            +0.140                            -0.259       +0.522                                  +1.000                                  +0.790                                  +0.210                                                        +0.209                                                                    -0.113                                                                      -0.029                       -0.058                                                    +0.224                                                                                     +0.070                   +0.041                                      +0.096
                         :                                                    bmuon_P_jetrest_10._bmuon_P_jetrest:10.:                            +0.090                            -0.436       +0.122                                  +0.790                                  +1.000                                  +0.499                                                        +0.371                                                                    -0.236                                                                      -0.085                       -0.104                                                    +0.518                                                                                     +0.117                   +0.084                                      +0.235
                         :                                                    bmuon_palongjet_50._bmuon_palongjet:50.:                            +0.035                            -0.415       -0.326                                  +0.210                                  +0.499                                  +1.000                                                        +0.335                                                                    -0.141                                                                      -0.087                       -0.156                                                    +0.485                                                                                     +0.009                   -0.171                                      +0.253
                         :                              bjet_charge_T_bmuon_charge_0.6_bjet_charge_T_bmuon_charge:0.6:                            +0.011                            -0.355       -0.105                                  +0.209                                  +0.371                                  +0.335                                                        +1.000                                                                    -0.291                                                                      +0.015                       +0.044                                                    +0.493                                                                                     -0.047                   -0.018                                      +0.409
                         :                  bjet_ChargedHadronEnergyFraction_0.2_bjet_ChargedHadronEnergyFraction:0.2:                            -0.026                            +0.359       +0.050                                  -0.113                                  -0.236                                  -0.141                                                        -0.291                                                                    +1.000                                                                      -0.312                       -0.352                                                    -0.472                                                                                     +0.282                   -0.144                                      -0.283
                         :                bjet_NeutralHadronEnergyFraction_0.06_bjet_NeutralHadronEnergyFraction:0.06:                            -0.006                            +0.144       +0.091                                  -0.029                                  -0.085                                  -0.087                                                        +0.015                                                                    -0.312                                                                      +1.000                       -0.074                                                    -0.151                                                                                     -0.097                   +0.108                                      +0.033
                         :                                                               bjet_NeutralEmEnergyFraction:                            -0.016                            +0.243       +0.011                                  -0.058                                  -0.104                                  -0.156                                                        +0.044                                                                    -0.352                                                                      -0.074                       +1.000                                                    -0.232                                                                                     -0.048                   +0.430                                      -0.015
                         :                                  bjet_MuonEnergyFraction_0.08_bjet_MuonEnergyFraction:0.08:                            +0.016                            -0.663       -0.251                                  +0.224                                  +0.518                                  +0.485                                                        +0.493                                                                    -0.472                                                                      -0.151                       -0.232                                                    +1.000                                                                                     -0.218                   -0.229                                      +0.353
                         : _bjet_ChargedMultiplicity_19__20:_bjet_ChargedMultiplicity_11__11:bjet_ChargedMultiplicity:                            -0.017                            +0.220       +0.017                                  +0.070                                  +0.117                                  +0.009                                                        -0.047                                                                    +0.282                                                                      -0.097                       -0.048                                                    -0.218                                                                                     +1.000                   +0.238                                      -0.158
                         :                                                                   bjet_NeutralMultiplicity:                            +0.068                            +0.276       -0.026                                  +0.041                                  +0.084                                  -0.171                                                        -0.018                                                                    -0.144                                                                      +0.108                       +0.430                                                    -0.229                                                                                     +0.238                   +1.000                                      -0.013
                         :                                                fabs_bjet_charge__0.6_fabs_bjet_charge_:0.6:                            +0.009                            -0.202       -0.119                                  +0.096                                  +0.235                                  +0.253                                                        +0.409                                                                    -0.283                                                                      +0.033                       -0.015                                                    +0.353                                                                                     -0.158                   -0.013                                      +1.000
                         : -------------------------------------------------------------------------------------------------------------------------------------------------------------------------------------------------------------------------------------------------------------------------------------------------------------------------------------------------------------------------------------------------------------------------------------------------------------------------------------------------------------------------------------------------------------------------------------------------------------------------------------------------------------------------------------------------------------------------------------------------------------------------------
DataSetFactory           : [FIN_BDT_2016postVFP] :  
                         : 
Factory                  : [1mTrain all methods[0m
Factory                  : [FIN_BDT_2016postVFP] : Create Transformation "I" with events from all classes.
                         : 
                         : Transformation, Variable selection : 
                         : Input : variable 'bmuon_nsip3d<10.?bmuon_nsip3d:10.' <---> Output : variable 'bmuon_nsip3d<10.?bmuon_nsip3d:10.'
                         : Input : variable 'bmuon_reliso<10.?bmuon_reliso:10.' <---> Output : variable 'bmuon_reliso<10.?bmuon_reliso:10.'
                         : Input : variable 'bmuon_dR_l_j' <---> Output : variable 'bmuon_dR_l_j'
                         : Input : variable 'bmuon_ptwrtbjet<10.?bmuon_ptwrtbjet:10.' <---> Output : variable 'bmuon_ptwrtbjet<10.?bmuon_ptwrtbjet:10.'
                         : Input : variable 'bmuon_P_jetrest<10.?bmuon_P_jetrest:10.' <---> Output : variable 'bmuon_P_jetrest<10.?bmuon_P_jetrest:10.'
                         : Input : variable 'bmuon_palongjet<50.?bmuon_palongjet:50.' <---> Output : variable 'bmuon_palongjet<50.?bmuon_palongjet:50.'
                         : Input : variable 'bjet_charge*bmuon_charge<0.6?bjet_charge*bmuon_charge:0.6' <---> Output : variable 'bjet_charge*bmuon_charge<0.6?bjet_charge*bmuon_charge:0.6'
                         : Input : variable 'bjet_ChargedHadronEnergyFraction>0.2?bjet_ChargedHadronEnergyFraction:0.2' <---> Output : variable 'bjet_ChargedHadronEnergyFraction>0.2?bjet_ChargedHadronEnergyFraction:0.2'
                         : Input : variable 'bjet_NeutralHadronEnergyFraction>0.06?bjet_NeutralHadronEnergyFraction:0.06' <---> Output : variable 'bjet_NeutralHadronEnergyFraction>0.06?bjet_NeutralHadronEnergyFraction:0.06'
                         : Input : variable 'bjet_NeutralEmEnergyFraction' <---> Output : variable 'bjet_NeutralEmEnergyFraction'
                         : Input : variable 'bjet_MuonEnergyFraction>0.08?bjet_MuonEnergyFraction:0.08' <---> Output : variable 'bjet_MuonEnergyFraction>0.08?bjet_MuonEnergyFraction:0.08'
                         : Input : variable '(bjet_ChargedMultiplicity>19)?20:(bjet_ChargedMultiplicity<11)?11:bjet_ChargedMultiplicity' <---> Output : variable '(bjet_ChargedMultiplicity>19)?20:(bjet_ChargedMultiplicity<11)?11:bjet_ChargedMultiplicity'
                         : Input : variable 'bjet_NeutralMultiplicity' <---> Output : variable 'bjet_NeutralMultiplicity'
                         : Input : variable 'fabs(bjet_charge)<0.6?fabs(bjet_charge):0.6' <---> Output : variable 'fabs(bjet_charge)<0.6?fabs(bjet_charge):0.6'
TFHandler_Factory        :                                                                                   Variable                                                                                          Mean                                                                                          RMS                                                                                  [        Min                                                                                          Max ]
                         : -------------------------------------------------------------------------------------------------------------------------------------------------------------------------------------------------------------------------------------------------------------------------------------------------------------------------------------------------------------------------------------------------------------------------------------------------------------------------------------
                         :                                                          bmuon_nsip3d<10.?bmuon_nsip3d:10.:                                                                                      6.4031                                                                                      3.6030   [                                                                                   0.0014549                                                                                      10.000 ]
                         :                                                          bmuon_reliso<10.?bmuon_reliso:10.:                                                                                      2.8418                                                                                      2.2618   [                                                                                      0.0000                                                                                      9.9992 ]
                         :                                                                               bmuon_dR_l_j:                                                                                    0.084306                                                                                    0.059675   [                                                                                  0.00079309                                                                                     0.39879 ]
                         :                                                    bmuon_ptwrtbjet<10.?bmuon_ptwrtbjet:10.:                                                                                     0.96439                                                                                     0.65760   [                                                                                   0.0085029                                                                                      10.000 ]
                         :                                                    bmuon_P_jetrest<10.?bmuon_P_jetrest:10.:                                                                                      1.3700                                                                                     0.76614   [                                                                                     0.18030                                                                                      10.000 ]
                         :                                                    bmuon_palongjet<50.?bmuon_palongjet:50.:                                                                                      24.273                                                                                      14.558   [                                                                                      4.8173                                                                                      50.000 ]
                         :                                  bjet_charge*bmuon_charge<0.6?bjet_charge*bmuon_charge:0.6:                                                                                     0.20183                                                                                     0.30394   [                                                                                    -0.98958                                                                                     0.60000 ]
                         :                  bjet_ChargedHadronEnergyFraction>0.2?bjet_ChargedHadronEnergyFraction:0.2:                                                                                     0.45057                                                                                     0.17804   [                                                                                     0.20000                                                                                      1.0000 ]
                         :                bjet_NeutralHadronEnergyFraction>0.06?bjet_NeutralHadronEnergyFraction:0.06:                                                                                     0.10472                                                                                    0.083554   [                                                                                    0.060000                                                                                     0.77320 ]
                         :                                                               bjet_NeutralEmEnergyFraction:                                                                                     0.19032                                                                                     0.13158   [                                                                                      0.0000                                                                                     0.89660 ]
                         :                                  bjet_MuonEnergyFraction>0.08?bjet_MuonEnergyFraction:0.08:                                                                                     0.25887                                                                                     0.15976   [                                                                                    0.080000                                                                                     0.94796 ]
                         : (bjet_ChargedMultiplicity>19)?20:(bjet_ChargedMultiplicity<11)?11:bjet_ChargedMultiplicity:                                                                                      11.978                                                                                      1.9348   [                                                                                      11.000                                                                                      20.000 ]
                         :                                                                   bjet_NeutralMultiplicity:                                                                                      8.8077                                                                                      4.5326   [                                                                                      0.0000                                                                                      38.000 ]
                         :                                                fabs(bjet_charge)<0.6?fabs(bjet_charge):0.6:                                                                                     0.30857                                                                                     0.19242   [                                                                                  3.5924e-05                                                                                     0.60000 ]
                         : -------------------------------------------------------------------------------------------------------------------------------------------------------------------------------------------------------------------------------------------------------------------------------------------------------------------------------------------------------------------------------------------------------------------------------------------------------------------------------------
                         : Ranking input variables (method unspecific)...
IdTransformation         : Ranking result (top variable is best ranked)
                         : -------------------------------------------------------------------------------------------------------------------
                         : Rank : Variable                                                                                   : Separation
                         : -------------------------------------------------------------------------------------------------------------------
                         :    1 : bjet_charge*bmuon_charge<0.6?bjet_charge*bmuon_charge:0.6                                  : 1.360e-01
                         :    2 : bmuon_P_jetrest<10.?bmuon_P_jetrest:10.                                                    : 1.099e-01
                         :    3 : bjet_MuonEnergyFraction>0.08?bjet_MuonEnergyFraction:0.08                                  : 7.882e-02
                         :    4 : bmuon_ptwrtbjet<10.?bmuon_ptwrtbjet:10.                                                    : 7.700e-02
                         :    5 : fabs(bjet_charge)<0.6?fabs(bjet_charge):0.6                                                : 7.320e-02
                         :    6 : bmuon_reliso<10.?bmuon_reliso:10.                                                          : 5.767e-02
                         :    7 : bmuon_palongjet<50.?bmuon_palongjet:50.                                                    : 2.649e-02
                         :    8 : bjet_ChargedHadronEnergyFraction>0.2?bjet_ChargedHadronEnergyFraction:0.2                  : 1.866e-02
                         :    9 : bmuon_nsip3d<10.?bmuon_nsip3d:10.                                                          : 1.301e-02
                         :   10 : bmuon_dR_l_j                                                                               : 1.104e-02
                         :   11 : bjet_NeutralEmEnergyFraction                                                               : 8.987e-03
                         :   12 : bjet_NeutralMultiplicity                                                                   : 7.458e-03
                         :   13 : (bjet_ChargedMultiplicity>19)?20:(bjet_ChargedMultiplicity<11)?11:bjet_ChargedMultiplicity : 5.017e-03
                         :   14 : bjet_NeutralHadronEnergyFraction>0.06?bjet_NeutralHadronEnergyFraction:0.06                : 4.458e-03
                         : -------------------------------------------------------------------------------------------------------------------
Factory                  : Train method: BDT for Classification
                         : 
                         : Preparing the Gaussian transformation...
TFHandler_BDT            :                                                                                   Variable                                                                                          Mean                                                                                          RMS                                                                                  [        Min                                                                                          Max ]
                         : -------------------------------------------------------------------------------------------------------------------------------------------------------------------------------------------------------------------------------------------------------------------------------------------------------------------------------------------------------------------------------------------------------------------------------------------------------------------------------------
                         :                                                          bmuon_nsip3d<10.?bmuon_nsip3d:10.:                                                                                      2.1992                                                                                      2.8927   [                                                                                     -3.1988                                                                                      5.7307 ]
                         :                                                          bmuon_reliso<10.?bmuon_reliso:10.:                                                                                   -0.020389                                                                                      1.0248   [                                                                                     -3.4235                                                                                      5.7307 ]
                         :                                                                               bmuon_dR_l_j:                                                                                   0.0040475                                                                                     0.99871   [                                                                                     -3.3105                                                                                      5.7307 ]
                         :                                                    bmuon_ptwrtbjet<10.?bmuon_ptwrtbjet:10.:                                                                                   0.0065645                                                                                      1.0028   [                                                                                     -3.3477                                                                                      5.7307 ]
                         :                                                    bmuon_P_jetrest<10.?bmuon_P_jetrest:10.:                                                                                   0.0076057                                                                                      1.0023   [                                                                                     -3.3527                                                                                      5.7307 ]
                         :                                                    bmuon_palongjet<50.?bmuon_palongjet:50.:                                                                                     0.77352                                                                                      2.1608   [                                                                                     -3.3768                                                                                      5.7307 ]
                         :                                  bjet_charge*bmuon_charge<0.6?bjet_charge*bmuon_charge:0.6:                                                                                     0.75094                                                                                      2.1371   [                                                                                     -3.3213                                                                                      5.7307 ]
                         :                  bjet_ChargedHadronEnergyFraction>0.2?bjet_ChargedHadronEnergyFraction:0.2:                                                                                    -0.33184                                                                                      1.3522   [                                                                                     -3.1226                                                                                      5.7307 ]
                         :                bjet_NeutralHadronEnergyFraction>0.06?bjet_NeutralHadronEnergyFraction:0.06:                                                                                     -1.6363                                                                                      1.5798   [                                                                                     -2.8975                                                                                      5.7307 ]
                         :                                                               bjet_NeutralEmEnergyFraction:                                                                                   -0.022312                                                                                      1.0366   [                                                                                     -3.3845                                                                                      5.7307 ]
                         :                                  bjet_MuonEnergyFraction>0.08?bjet_MuonEnergyFraction:0.08:                                                                                    -0.35884                                                                                      1.3829   [                                                                                     -3.1980                                                                                      5.7307 ]
                         : (bjet_ChargedMultiplicity>19)?20:(bjet_ChargedMultiplicity<11)?11:bjet_ChargedMultiplicity:                                                                                    -0.34957                                                                                      1.0693   [                                                                                    -0.88103                                                                                      5.7307 ]
                         :                                                                   bjet_NeutralMultiplicity:                                                                                  -0.0036628                                                                                      1.0150   [                                                                                     -4.9966                                                                                      5.7307 ]
                         :                                                fabs(bjet_charge)<0.6?fabs(bjet_charge):0.6:                                                                                     0.74155                                                                                      2.0728   [                                                                                     -3.1707                                                                                      5.4200 ]
                         : -------------------------------------------------------------------------------------------------------------------------------------------------------------------------------------------------------------------------------------------------------------------------------------------------------------------------------------------------------------------------------------------------------------------------------------------------------------------------------------
                         : Events with weight == 0 are going to be simply ignored 
BDT                      : #events: (reweighted) sig: 8771 bkg: 8771
                         : #events: (unweighted) sig: 11882 bkg: 5660
                         : Training 800 Decision Trees ... patience please
                         : Elapsed time for training with 25471 events: 6.87 sec         
BDT                      : [FIN_BDT_2016postVFP] : Evaluation of BDT on training sample (25471 events)
                         : Elapsed time for evaluation of 25471 events: 3.03 sec       
                         : Creating xml weight file: [0;36mFIN_BDT_2016postVFP/weights/FIN_BDT_2016postVFP_BDT.weights.xml[0m
                         : Creating standalone class: [0;36mFIN_BDT_2016postVFP/weights/FIN_BDT_2016postVFP_BDT.class.C[0m
                         : FIN_BDT_2016postVFP.root:/FIN_BDT_2016postVFP/Method_BDT/BDT
Factory                  : Training finished
                         : 
                         : Ranking input variables (method specific)...
BDT                      : Ranking result (top variable is best ranked)
                         : ----------------------------------------------------------------------------------------------------------------------------
                         : Rank : Variable                                                                                   : Variable Importance
                         : ----------------------------------------------------------------------------------------------------------------------------
                         :    1 : bjet_charge*bmuon_charge<0.6?bjet_charge*bmuon_charge:0.6                                  : 1.352e-01
                         :    2 : bmuon_P_jetrest<10.?bmuon_P_jetrest:10.                                                    : 1.052e-01
                         :    3 : bmuon_ptwrtbjet<10.?bmuon_ptwrtbjet:10.                                                    : 8.340e-02
                         :    4 : bmuon_nsip3d<10.?bmuon_nsip3d:10.                                                          : 7.143e-02
                         :    5 : bjet_MuonEnergyFraction>0.08?bjet_MuonEnergyFraction:0.08                                  : 7.123e-02
                         :    6 : bmuon_dR_l_j                                                                               : 7.084e-02
                         :    7 : fabs(bjet_charge)<0.6?fabs(bjet_charge):0.6                                                : 6.402e-02
                         :    8 : bmuon_reliso<10.?bmuon_reliso:10.                                                          : 6.242e-02
                         :    9 : bjet_ChargedHadronEnergyFraction>0.2?bjet_ChargedHadronEnergyFraction:0.2                  : 6.041e-02
                         :   10 : bjet_NeutralEmEnergyFraction                                                               : 5.942e-02
                         :   11 : bjet_NeutralMultiplicity                                                                   : 5.793e-02
                         :   12 : bjet_NeutralHadronEnergyFraction>0.06?bjet_NeutralHadronEnergyFraction:0.06                : 5.584e-02
                         :   13 : bmuon_palongjet<50.?bmuon_palongjet:50.                                                    : 5.501e-02
                         :   14 : (bjet_ChargedMultiplicity>19)?20:(bjet_ChargedMultiplicity<11)?11:bjet_ChargedMultiplicity : 4.766e-02
                         : ----------------------------------------------------------------------------------------------------------------------------
Factory                  : === Destroy and recreate all methods via weight files for testing ===
                         : 
                         : Reading weight file: [0;36mFIN_BDT_2016postVFP/weights/FIN_BDT_2016postVFP_BDT.weights.xml[0m
Factory                  : [1mTest all methods[0m
Factory                  : Test method: BDT for Classification performance
                         : 
BDT                      : [FIN_BDT_2016postVFP] : Evaluation of BDT on testing sample (36767 events)
                         : Elapsed time for evaluation of 36767 events: 3.43 sec       
Factory                  : [1mEvaluate all methods[0m
Factory                  : Evaluate classifier: BDT
                         : 
TFHandler_BDT            :                                                                                   Variable                                                                                          Mean                                                                                          RMS                                                                                  [        Min                                                                                          Max ]
                         : -------------------------------------------------------------------------------------------------------------------------------------------------------------------------------------------------------------------------------------------------------------------------------------------------------------------------------------------------------------------------------------------------------------------------------------------------------------------------------------
                         :                                                          bmuon_nsip3d<10.?bmuon_nsip3d:10.:                                                                                      2.1679                                                                                      2.9046   [                                                                                     -3.1251                                                                                      5.7307 ]
                         :                                                          bmuon_reliso<10.?bmuon_reliso:10.:                                                                                   -0.076495                                                                                      1.0321   [                                                                                     -3.4235                                                                                      5.7307 ]
                         :                                                                               bmuon_dR_l_j:                                                                                  -0.0078070                                                                                      1.0169   [                                                                                     -5.7307                                                                                      5.7307 ]
                         :                                                    bmuon_ptwrtbjet<10.?bmuon_ptwrtbjet:10.:                                                                                     0.10491                                                                                      1.0189   [                                                                                     -3.5825                                                                                      5.7307 ]
                         :                                                    bmuon_P_jetrest<10.?bmuon_P_jetrest:10.:                                                                                     0.14152                                                                                      1.0189   [                                                                                     -3.2942                                                                                      5.7307 ]
                         :                                                    bmuon_palongjet<50.?bmuon_palongjet:50.:                                                                                     0.93432                                                                                      2.2497   [                                                                                     -3.3489                                                                                      5.7307 ]
                         :                                  bjet_charge*bmuon_charge<0.6?bjet_charge*bmuon_charge:0.6:                                                                                     0.95380                                                                                      2.2234   [                                                                                     -3.3696                                                                                      5.7307 ]
                         :                  bjet_ChargedHadronEnergyFraction>0.2?bjet_ChargedHadronEnergyFraction:0.2:                                                                                    -0.39860                                                                                      1.3711   [                                                                                     -3.1226                                                                                      5.7307 ]
                         :                bjet_NeutralHadronEnergyFraction>0.06?bjet_NeutralHadronEnergyFraction:0.06:                                                                                     -1.6736                                                                                      1.5526   [                                                                                     -2.8975                                                                                      5.7307 ]
                         :                                                               bjet_NeutralEmEnergyFraction:                                                                                   -0.025121                                                                                      1.0576   [                                                                                     -3.3845                                                                                      5.7307 ]
                         :                                  bjet_MuonEnergyFraction>0.08?bjet_MuonEnergyFraction:0.08:                                                                                    -0.28459                                                                                      1.3984   [                                                                                     -3.1980                                                                                      5.7307 ]
                         : (bjet_ChargedMultiplicity>19)?20:(bjet_ChargedMultiplicity<11)?11:bjet_ChargedMultiplicity:                                                                                    -0.33232                                                                                      1.0955   [                                                                                    -0.88103                                                                                      5.7307 ]
                         :                                                                   bjet_NeutralMultiplicity:                                                                                    0.014227                                                                                      1.0322   [                                                                                     -4.9966                                                                                      3.7491 ]
                         :                                                fabs(bjet_charge)<0.6?fabs(bjet_charge):0.6:                                                                                     0.91365                                                                                      2.1607   [                                                                                     -3.2237                                                                                      5.4199 ]
                         : -------------------------------------------------------------------------------------------------------------------------------------------------------------------------------------------------------------------------------------------------------------------------------------------------------------------------------------------------------------------------------------------------------------------------------------------------------------------------------------
BDT                      : [FIN_BDT_2016postVFP] : Loop over test events and fill histograms with classifier response...
                         : 
TFHandler_BDT            :                                                                                   Variable                                                                                          Mean                                                                                          RMS                                                                                  [        Min                                                                                          Max ]
                         : -------------------------------------------------------------------------------------------------------------------------------------------------------------------------------------------------------------------------------------------------------------------------------------------------------------------------------------------------------------------------------------------------------------------------------------------------------------------------------------
                         :                                                          bmuon_nsip3d<10.?bmuon_nsip3d:10.:                                                                                      2.1679                                                                                      2.9046   [                                                                                     -3.1251                                                                                      5.7307 ]
                         :                                                          bmuon_reliso<10.?bmuon_reliso:10.:                                                                                   -0.076495                                                                                      1.0321   [                                                                                     -3.4235                                                                                      5.7307 ]
                         :                                                                               bmuon_dR_l_j:                                                                                  -0.0078070                                                                                      1.0169   [                                                                                     -5.7307                                                                                      5.7307 ]
                         :                                                    bmuon_ptwrtbjet<10.?bmuon_ptwrtbjet:10.:                                                                                     0.10491                                                                                      1.0189   [                                                                                     -3.5825                                                                                      5.7307 ]
                         :                                                    bmuon_P_jetrest<10.?bmuon_P_jetrest:10.:                                                                                     0.14152                                                                                      1.0189   [                                                                                     -3.2942                                                                                      5.7307 ]
                         :                                                    bmuon_palongjet<50.?bmuon_palongjet:50.:                                                                                     0.93432                                                                                      2.2497   [                                                                                     -3.3489                                                                                      5.7307 ]
                         :                                  bjet_charge*bmuon_charge<0.6?bjet_charge*bmuon_charge:0.6:                                                                                     0.95380                                                                                      2.2234   [                                                                                     -3.3696                                                                                      5.7307 ]
                         :                  bjet_ChargedHadronEnergyFraction>0.2?bjet_ChargedHadronEnergyFraction:0.2:                                                                                    -0.39860                                                                                      1.3711   [                                                                                     -3.1226                                                                                      5.7307 ]
                         :                bjet_NeutralHadronEnergyFraction>0.06?bjet_NeutralHadronEnergyFraction:0.06:                                                                                     -1.6736                                                                                      1.5526   [                                                                                     -2.8975                                                                                      5.7307 ]
                         :                                                               bjet_NeutralEmEnergyFraction:                                                                                   -0.025121                                                                                      1.0576   [                                                                                     -3.3845                                                                                      5.7307 ]
                         :                                  bjet_MuonEnergyFraction>0.08?bjet_MuonEnergyFraction:0.08:                                                                                    -0.28459                                                                                      1.3984   [                                                                                     -3.1980                                                                                      5.7307 ]
                         : (bjet_ChargedMultiplicity>19)?20:(bjet_ChargedMultiplicity<11)?11:bjet_ChargedMultiplicity:                                                                                    -0.33232                                                                                      1.0955   [                                                                                    -0.88103                                                                                      5.7307 ]
                         :                                                                   bjet_NeutralMultiplicity:                                                                                    0.014227                                                                                      1.0322   [                                                                                     -4.9966                                                                                      3.7491 ]
                         :                                                fabs(bjet_charge)<0.6?fabs(bjet_charge):0.6:                                                                                     0.91365                                                                                      2.1607   [                                                                                     -3.2237                                                                                      5.4199 ]
                         : -------------------------------------------------------------------------------------------------------------------------------------------------------------------------------------------------------------------------------------------------------------------------------------------------------------------------------------------------------------------------------------------------------------------------------------------------------------------------------------
                         : 
                         : Evaluation results ranked by best signal efficiency and purity (area)
                         : -------------------------------------------------------------------------------------------------------------------
                         : DataSet       MVA                       
                         : Name:         Method:          ROC-integ
                         : FIN_BDT_2016postVFP BDT            : 0.759
                         : -------------------------------------------------------------------------------------------------------------------
                         : 
                         : Testing efficiency compared to training efficiency (overtraining check)
                         : -------------------------------------------------------------------------------------------------------------------
                         : DataSet              MVA              Signal efficiency: from test sample (from training sample) 
                         : Name:                Method:          @B=0.01             @B=0.10            @B=0.30   
                         : -------------------------------------------------------------------------------------------------------------------
                         : FIN_BDT_2016postVFP  BDT            : 0.092 (0.100)       0.394 (0.397)      0.682 (0.714)
                         : -------------------------------------------------------------------------------------------------------------------
                         : 
Dataset:FIN_BDT_2016po...: Created tree 'TestTree' with 36767 events
                         : 
Dataset:FIN_BDT_2016po...: Created tree 'TrainTree' with 25471 events
                         : 
Factory                  : [1mThank you for using TMVA![0m
                         : [1mFor citation information, please visit: http://tmva.sf.net/citeTMVA.html[0m
['bmuon_nsip3d<10. ? bmuon_nsip3d : 10.', 'bmuon_reliso < 10. ? bmuon_reliso : 10. ', 'bmuon_dR_l_j', 'bmuon_ptwrtbjet < 10. ? bmuon_ptwrtbjet : 10.', 'bmuon_P_jetrest < 10. ? bmuon_P_jetrest : 10.', 'bmuon_palongjet < 50. ? bmuon_palongjet : 50.', 'bjet_charge*bmuon_charge < 0.6 ? bjet_charge*bmuon_charge : 0.6', 'bjet_ChargedHadronEnergyFraction > 0.2 ? bjet_ChargedHadronEnergyFraction : 0.2', 'bjet_NeutralHadronEnergyFraction > 0.06 ? bjet_NeutralHadronEnergyFraction : 0.06', 'bjet_NeutralEmEnergyFraction', 'bjet_MuonEnergyFraction > 0.08 ? bjet_MuonEnergyFraction : 0.08', '(bjet_ChargedMultiplicity > 19) ? 20 : (bjet_ChargedMultiplicity < 11) ? 11 : bjet_ChargedMultiplicity', 'bjet_NeutralMultiplicity', 'fabs(bjet_charge) < 0.6 ? fabs(bjet_charge) : 0.6'] ['belectron_nsip3d < 10. ? belectron_nsip3d : 10.', '(belectron_reliso < 1.) ? 1 : (belectron_reliso > 10 ) ? 10 : belectron_reliso', 'belectron_ptwrtbjet < 10. ? belectron_ptwrtbjet : 10.', 'belectron_P_jetrest < 10. ? belectron_P_jetrest : 10.', 'bjet_charge*belectron_charge < 0.4 ? bjet_charge*belectron_charge : 0.4', 'bjet_ChargedHadronEnergyFraction > 0.35 ? bjet_ChargedHadronEnergyFraction : 0.35', 'bjet_NeutralHadronEnergyFraction > 0.1 ? bjet_NeutralHadronEnergyFraction : 0.1', 'bjet_NeutralEmEnergyFraction > 0.1 ? bjet_NeutralEmEnergyFraction : 0.1', 'bjet_ChargedEmEnergyFraction < 0.3 ? bjet_ChargedEmEnergyFraction : 0.3', '(bjet_ChargedMultiplicity > 20) ? 21 : (bjet_ChargedMultiplicity < 15) ? 14 : bjet_ChargedMultiplicity', 'bjet_NeutralMultiplicity > 9 ? bjet_NeutralMultiplicity : 9', 'fabs(bjet_charge) < 0.5 ? fabs(bjet_charge) : 0.5'] ['bjet_ChargedHadronEnergyFraction', 'bjet_NeutralHadronEnergyFraction', 'bjet_NeutralEmEnergyFraction', '(bjet_ChargedMultiplicity > 19) ? 20 : (bjet_ChargedMultiplicity < 12) ? 11 : bjet_ChargedMultiplicity', 'bjet_NeutralMultiplicity > 4 ? bjet_NeutralMultiplicity : 4', 'fabs(bjet_charge) < 0.5 ? fabs(bjet_charge) : 0.5']
(bmuon_charge*bjet_partonFlavour < 0)&&Has_bMuon (bmuon_charge*bjet_partonFlavour > 0)&&Has_bMuon (belectron_charge*bjet_partonFlavour < 0)&&(Has_bElectron) (belectron_charge*bjet_partonFlavour > 0)&&(Has_bElectron) (bjet_charge*bjet_partonFlavour < 0)&&(!Has_bElectron)&&(!Has_bMuon) (bjet_charge*bjet_partonFlavour > 0)&&(!Has_bElectron)&&(!Has_bMuon)
sigcut= (bmuon_charge*bjet_partonFlavour < 0)&&Has_bMuon
bkgcut= (bmuon_charge*bjet_partonFlavour > 0)&&Has_bMuon
<sig cut>= (bmuon_charge*bjet_partonFlavour < 0)&&Has_bMuon
<bkg cut>= (bmuon_charge*bjet_partonFlavour > 0)&&Has_bMuon
---sig_test---
<self.testtree_sig> OutTree/sig
/pnfs/knu.ac.kr/data/cms/store/user/jhchoi/JetChargeTagScore/TMVA_TOOL/inputs/EEMu_MuMuE_Method/v2512.4/2016postVFP/EEMu_MuMuE_Method_DYJetsToEE_MiNNLO.root
/pnfs/knu.ac.kr/data/cms/store/user/jhchoi/JetChargeTagScore/TMVA_TOOL/inputs/EEMu_MuMuE_Method/v2512.4/2016postVFP/EEMu_MuMuE_Method_DYJetsToMuMu_MiNNLO.root
--bkg_test---
<self.testtree_bkg> OutTree/bkg
/pnfs/knu.ac.kr/data/cms/store/user/jhchoi/JetChargeTagScore/TMVA_TOOL/inputs/EEMu_MuMuE_Method/v2512.4/2016postVFP/EEMu_MuMuE_Method_DYJetsToEE_MiNNLO.root
/pnfs/knu.ac.kr/data/cms/store/user/jhchoi/JetChargeTagScore/TMVA_TOOL/inputs/EEMu_MuMuE_Method/v2512.4/2016postVFP/EEMu_MuMuE_Method_DYJetsToMuMu_MiNNLO.root
---sig_train---
<self.traintree_sig> OutTree/sig
/pnfs/knu.ac.kr/data/cms/store/user/jhchoi/JetChargeTagScore/TMVA_TOOL/inputs/EEMu_MuMuE_Method/v2512.4/2016postVFP/EEMu_MuMuE_Method_DYJets.root
---bkg_train---
<self.traintree_bkg> OutTree/bkg
/pnfs/knu.ac.kr/data/cms/store/user/jhchoi/JetChargeTagScore/TMVA_TOOL/inputs/EEMu_MuMuE_Method/v2512.4/2016postVFP/EEMu_MuMuE_Method_DYJets.root
>>>>self.dataloader.PrepareTrainingAndTestTree
Set sig cut -> (bmuon_charge*bjet_partonFlavour < 0)&&Has_bMuon
Set bkg cut -> (bmuon_charge*bjet_partonFlavour > 0)&&Has_bMuon
auc= 0.7586866699530506
END of RUNNING...run_single
FIN_BDT_2016postVFP
FIN_BDT_2016postVFP.root
_condor_stderr
_condor_stdout
run.sh
tmp
var
myerr=0
[ntry=1]
