/home/condor/dir_1834482
DataSetInfo              : [FIN_BDT_2018] : Added class "Signal"
                         : Add Tree OutTree/sig of type Signal with 1214414 events
                         : Add Tree OutTree/sig of type Signal with 1201196 events
DataSetInfo              : [FIN_BDT_2018] : Added class "Background"
                         : Add Tree OutTree/bkg of type Background with 797707 events
                         : Add Tree OutTree/bkg of type Background with 786930 events
Factory                  : Booking method: [1mBDT[0m
                         : 
                         : Parsing option string: 
                         : ... "!H:V:NTrees=500:MinNodeSize=1%:MaxDepth=3:Shrinkage=0.02:BoostType=Grad:AdaBoostBeta=:UseBaggedBoost=True:BaggedSampleFraction=0.4:SeparationType=GiniIndex:nCuts=20:IgnoreNegWeightsInTraining=True:VarTransform=G"
                         : The following options are set:
                         : - By User:
                         :     <none>
                         : - Default:
                         :     Boost_num: "0" [Number of times the classifier will be boosted]
                         : Parsing option string: 
                         : ... "!H:V:NTrees=500:MinNodeSize=1%:MaxDepth=3:Shrinkage=0.02:BoostType=Grad:AdaBoostBeta=:UseBaggedBoost=True:BaggedSampleFraction=0.4:SeparationType=GiniIndex:nCuts=20:IgnoreNegWeightsInTraining=True:VarTransform=G"
                         : The following options are set:
                         : - By User:
                         :     V: "True" [Verbose output (short form of "VerbosityLevel" below - overrides the latter one)]
                         :     VarTransform: "G" [List of variable transformations performed before training, e.g., "D_Background,P_Signal,G,N_AllClasses" for: "Decorrelation, PCA-transformation, Gaussianisation, Normalisation, each for the given class of events ('AllClasses' denotes all events of all classes, if no class indication is given, 'All' is assumed)"]
                         :     H: "False" [Print method-specific help message]
                         :     IgnoreNegWeightsInTraining: "True" [Events with negative weights are ignored in the training (but are included for testing and performance evaluation)]
                         :     NTrees: "500" [Number of trees in the forest]
                         :     MaxDepth: "3" [Max depth of the decision tree allowed]
                         :     MinNodeSize: "1%" [Minimum percentage of training events required in a leaf node (default: Classification: 5%, Regression: 0.2%)]
                         :     nCuts: "20" [Number of grid points in variable range used in finding optimal cut in node splitting]
                         :     BoostType: "Grad" [Boosting type for the trees in the forest (note: AdaCost is still experimental)]
                         :     UseBaggedBoost: "True" [Use only a random subsample of all events for growing the trees in each boost iteration.]
                         :     Shrinkage: "2.000000e-02" [Learning rate for BoostType=Grad algorithm]
                         :     AdaBoostBeta: "5.000000e-01" [Learning rate  for AdaBoost algorithm]
                         :     BaggedSampleFraction: "4.000000e-01" [Relative size of bagged event sample to original size of the data sample (used whenever bagging is used (i.e. UseBaggedBoost, Bagging,)]
                         :     SeparationType: "GiniIndex" [Separation criterion for node splitting]
                         : - Default:
                         :     VerbosityLevel: "Default" [Verbosity level]
                         :     CreateMVAPdfs: "False" [Create PDFs for classifier outputs (signal and background)]
                         :     AdaBoostR2Loss: "Quadratic" [Type of Loss function in AdaBoostR2]
                         :     UseRandomisedTrees: "False" [Determine at each node splitting the cut variable only as the best out of a random subset of variables (like in RandomForests)]
                         :     UseNvars: "4" [Size of the subset of variables used with RandomisedTree option]
                         :     UsePoissonNvars: "True" [Interpret "UseNvars" not as fixed number but as mean of a Poisson distribution in each split with RandomisedTree option]
                         :     UseYesNoLeaf: "True" [Use Sig or Bkg categories, or the purity=S/(S+B) as classification of the leaf node -> Real-AdaBoost]
                         :     NegWeightTreatment: "InverseBoostNegWeights" [How to treat events with negative weights in the BDT training (particular the boosting) : IgnoreInTraining;  Boost With inverse boostweight; Pair events with negative and positive weights in training sample and *annihilate* them (experimental!)]
                         :     Css: "1.000000e+00" [AdaCost: cost of true signal selected signal]
                         :     Cts_sb: "1.000000e+00" [AdaCost: cost of true signal selected bkg]
                         :     Ctb_ss: "1.000000e+00" [AdaCost: cost of true bkg    selected signal]
                         :     Cbb: "1.000000e+00" [AdaCost: cost of true bkg    selected bkg ]
                         :     NodePurityLimit: "5.000000e-01" [In boosting/pruning, nodes with purity > NodePurityLimit are signal; background otherwise.]
                         :     RegressionLossFunctionBDTG: "Huber" [Loss function for BDTG regression.]
                         :     HuberQuantile: "7.000000e-01" [In the Huber loss function this is the quantile that separates the core from the tails in the residuals distribution.]
                         :     DoBoostMonitor: "False" [Create control plot with ROC integral vs tree number]
                         :     UseFisherCuts: "False" [Use multivariate splits using the Fisher criterion]
                         :     MinLinCorrForFisher: "8.000000e-01" [The minimum linear correlation between two variables demanded for use in Fisher criterion in node splitting]
                         :     UseExclusiveVars: "False" [Variables already used in fisher criterion are not anymore analysed individually for node splitting]
                         :     DoPreselection: "False" [and and apply automatic pre-selection for 100% efficient signal (bkg) cuts prior to training]
                         :     SigToBkgFraction: "1.000000e+00" [Sig to Bkg ratio used in Training (similar to NodePurityLimit, which cannot be used in real adaboost]
                         :     PruneMethod: "NoPruning" [Note: for BDTs use small trees (e.g.MaxDepth=3) and NoPruning:  Pruning: Method used for pruning (removal) of statistically insignificant branches ]
                         :     PruneStrength: "0.000000e+00" [Pruning strength]
                         :     PruningValFraction: "5.000000e-01" [Fraction of events to use for optimizing automatic pruning.]
                         :     SkipNormalization: "False" [Skip normalization at initialization, to keep expectation value of BDT output according to the fraction of events]
                         :     nEventsMin: "0" [deprecated: Use MinNodeSize (in % of training events) instead]
                         :     UseBaggedGrad: "False" [deprecated: Use *UseBaggedBoost* instead:  Use only a random subsample of all events for growing the trees in each iteration.]
                         :     GradBaggingFraction: "4.000000e-01" [deprecated: Use *BaggedSampleFraction* instead: Defines the fraction of events to be used in each iteration, e.g. when UseBaggedGrad=kTRUE. ]
                         :     UseNTrainEvents: "0" [deprecated: Use *BaggedSampleFraction* instead: Number of randomly picked training events used in randomised (and bagged) trees]
                         :     NNodesMax: "0" [deprecated: Use MaxDepth instead to limit the tree size]
BDT                      : [FIN_BDT_2018] : Create Transformation "G" with events from all classes.
                         : 
                         : Transformation, Variable selection : 
                         : Input : variable 'belectron_nsip3d<10.?belectron_nsip3d:10.' <---> Output : variable 'belectron_nsip3d<10.?belectron_nsip3d:10.'
                         : Input : variable '(belectron_reliso<1.)?1:(belectron_reliso>10)?10:belectron_reliso' <---> Output : variable '(belectron_reliso<1.)?1:(belectron_reliso>10)?10:belectron_reliso'
                         : Input : variable 'belectron_ptwrtbjet<10.?belectron_ptwrtbjet:10.' <---> Output : variable 'belectron_ptwrtbjet<10.?belectron_ptwrtbjet:10.'
                         : Input : variable 'belectron_P_jetrest<10.?belectron_P_jetrest:10.' <---> Output : variable 'belectron_P_jetrest<10.?belectron_P_jetrest:10.'
                         : Input : variable 'bjet_charge*belectron_charge' <---> Output : variable 'bjet_charge*belectron_charge'
                         : Input : variable 'bjet_ChargedHadronEnergyFraction>0.35?bjet_ChargedHadronEnergyFraction:0.35' <---> Output : variable 'bjet_ChargedHadronEnergyFraction>0.35?bjet_ChargedHadronEnergyFraction:0.35'
                         : Input : variable 'bjet_NeutralHadronEnergyFraction>0.1?bjet_NeutralHadronEnergyFraction:0.1' <---> Output : variable 'bjet_NeutralHadronEnergyFraction>0.1?bjet_NeutralHadronEnergyFraction:0.1'
                         : Input : variable 'bjet_NeutralEmEnergyFraction>0.1?bjet_NeutralEmEnergyFraction:0.1' <---> Output : variable 'bjet_NeutralEmEnergyFraction>0.1?bjet_NeutralEmEnergyFraction:0.1'
                         : Input : variable 'bjet_ChargedEmEnergyFraction<0.3?bjet_ChargedEmEnergyFraction:0.3' <---> Output : variable 'bjet_ChargedEmEnergyFraction<0.3?bjet_ChargedEmEnergyFraction:0.3'
                         : Input : variable '(bjet_ChargedMultiplicity>20)?21:(bjet_ChargedMultiplicity<15)?14:bjet_ChargedMultiplicity' <---> Output : variable '(bjet_ChargedMultiplicity>20)?21:(bjet_ChargedMultiplicity<15)?14:bjet_ChargedMultiplicity'
                         : Input : variable 'bjet_NeutralMultiplicity>9?bjet_NeutralMultiplicity:9' <---> Output : variable 'bjet_NeutralMultiplicity>9?bjet_NeutralMultiplicity:9'
                         : Input : variable 'fabs(bjet_charge)' <---> Output : variable 'fabs(bjet_charge)'
                         : the option NegWeightTreatment=InverseBoostNegWeights does not exist for BoostType=Grad
                         : --> change to new default NegWeightTreatment=Pray
                         : Rebuilding Dataset FIN_BDT_2018
                         : Building event vectors for type 1 Signal
                         : Dataset[FIN_BDT_2018] :  create input formulas for tree sig
                         : Dataset[FIN_BDT_2018] :  create input formulas for tree sig
                         : Dataset[FIN_BDT_2018] :  create input formulas for tree sig
                         : Building event vectors for type 0 Signal
                         : Dataset[FIN_BDT_2018] :  create input formulas for tree sig
                         : Dataset[FIN_BDT_2018] :  create input formulas for tree sig
                         : Building event vectors for type 1 Background
                         : Dataset[FIN_BDT_2018] :  create input formulas for tree bkg
                         : Dataset[FIN_BDT_2018] :  create input formulas for tree bkg
                         : Dataset[FIN_BDT_2018] :  create input formulas for tree bkg
                         : Building event vectors for type 0 Background
                         : Dataset[FIN_BDT_2018] :  create input formulas for tree bkg
                         : Dataset[FIN_BDT_2018] :  create input formulas for tree bkg
DataSetFactory           : [FIN_BDT_2018] : Number of events in input trees
                         : Dataset[FIN_BDT_2018] :     Signal     requirement: "(belectron_charge*bjet_partonFlavour < 0)&&(Has_bElectron)"
                         : Dataset[FIN_BDT_2018] :     Signal          -- number of events passed: 113563  / sum of weights: 90014
                         : Dataset[FIN_BDT_2018] :     Signal          -- efficiency             : 0.0489855
                         : Dataset[FIN_BDT_2018] :     Background requirement: "(belectron_charge*bjet_partonFlavour > 0)&&(Has_bElectron)"
                         : Dataset[FIN_BDT_2018] :     Background      -- number of events passed: 65206  / sum of weights: 51997.9
                         : Dataset[FIN_BDT_2018] :     Background      -- efficiency             : 0.042731
                         : Dataset[FIN_BDT_2018] :  you have opted for interpreting the requested number of training/testing events
                         :  to be the number of events AFTER your preselection cuts
                         : 
                         : Dataset[FIN_BDT_2018] :  you have opted for interpreting the requested number of training/testing events
                         :  to be the number of events AFTER your preselection cuts
                         : 
                         : Dataset[FIN_BDT_2018] : Weight renormalisation mode: "EqualNumEvents": renormalises all event classes ...
                         : Dataset[FIN_BDT_2018] :  such that the effective (weighted) number of events in each class is the same 
                         : Dataset[FIN_BDT_2018] :  (and equals the number of events (entries) given for class=0 )
                         : Dataset[FIN_BDT_2018] : ... i.e. such that Sum[i=1..N_j]{w_i} = N_classA, j=classA, classB, ...
                         : Dataset[FIN_BDT_2018] : ... (note that N_j is the sum of TRAINING events
                         : Dataset[FIN_BDT_2018] :  ..... Testing events are not renormalised nor included in the renormalisation factor!)
                         : Number of training and testing events
                         : ---------------------------------------------------------------------------
                         : Signal     -- training events            : 50419
                         : Signal     -- testing events             : 63144
                         : Signal     -- training and testing events: 113563
                         : Dataset[FIN_BDT_2018] : Signal     -- due to the preselection a scaling factor has been applied to the numbers of requested events: 0.0470121
                         : Background -- training events            : 29224
                         : Background -- testing events             : 35982
                         : Background -- training and testing events: 65206
                         : Dataset[FIN_BDT_2018] : Background -- due to the preselection a scaling factor has been applied to the numbers of requested events: 0.0411489
                         : 
DataSetInfo              : Correlation matrix (Signal):
                         : ---------------------------------------------------------------------------------------------------------------------------------------------------------------------------------------------------------------------------------------------------------------------------------------------------------------------------------------------------------------------------------------------------------------------------------------------------------------------------------------------------------------------------------------------------------------------------------------------------------------------------------------------------------------------------------------------------------------------------------------------------------------------------------------------------
                         :                                                                                             belectron_nsip3d_10._belectron_nsip3d:10. _belectron_reliso_1.__1:_belectron_reliso_10__10:belectron_reliso belectron_ptwrtbjet_10._belectron_ptwrtbjet:10. belectron_P_jetrest_10._belectron_P_jetrest:10. bjet_charge_T_belectron_charge bjet_ChargedHadronEnergyFraction_0.35_bjet_ChargedHadronEnergyFraction:0.35 bjet_NeutralHadronEnergyFraction_0.1_bjet_NeutralHadronEnergyFraction:0.1 bjet_NeutralEmEnergyFraction_0.1_bjet_NeutralEmEnergyFraction:0.1 bjet_ChargedEmEnergyFraction_0.3_bjet_ChargedEmEnergyFraction:0.3 _bjet_ChargedMultiplicity_20__21:_bjet_ChargedMultiplicity_15__14:bjet_ChargedMultiplicity bjet_NeutralMultiplicity_9_bjet_NeutralMultiplicity:9 fabs_bjet_charge_
                         :                                                  belectron_nsip3d_10._belectron_nsip3d:10.:                                    +1.000                                                            +0.029                                          +0.097                                          +0.006                         -0.030                                                                      -0.028                                                                    +0.027                                                            -0.006                                                            +0.057                                                                                     -0.062                                                -0.005            -0.024
                         :                          _belectron_reliso_1.__1:_belectron_reliso_10__10:belectron_reliso:                                    +0.029                                                            +1.000                                          -0.199                                          -0.383                         -0.276                                                                      +0.204                                                                    +0.114                                                            +0.164                                                            -0.309                                                                                     +0.154                                                +0.247            -0.240
                         :                                            belectron_ptwrtbjet_10._belectron_ptwrtbjet:10.:                                    +0.097                                                            -0.199                                          +1.000                                          +0.716                         +0.032                                                                      -0.088                                                                    -0.007                                                            -0.000                                                            +0.087                                                                                     +0.123                                                +0.053            +0.064
                         :                                            belectron_P_jetrest_10._belectron_P_jetrest:10.:                                    +0.006                                                            -0.383                                          +0.716                                          +1.000                         +0.188                                                                      -0.182                                                                    -0.051                                                            -0.027                                                            +0.147                                                                                     +0.121                                                +0.078            +0.204
                         :                                                             bjet_charge_T_belectron_charge:                                    -0.030                                                            -0.276                                          +0.032                                          +0.188                         +1.000                                                                      -0.190                                                                    -0.048                                                            -0.058                                                            +0.233                                                                                     -0.136                                                -0.115            +0.778
                         :                bjet_ChargedHadronEnergyFraction_0.35_bjet_ChargedHadronEnergyFraction:0.35:                                    -0.028                                                            +0.204                                          -0.088                                          -0.182                         -0.190                                                                      +1.000                                                                    -0.274                                                            -0.119                                                            -0.633                                                                                     +0.224                                                -0.017            -0.223
                         :                  bjet_NeutralHadronEnergyFraction_0.1_bjet_NeutralHadronEnergyFraction:0.1:                                    +0.027                                                            +0.114                                          -0.007                                          -0.051                         -0.048                                                                      -0.274                                                                    +1.000                                                            -0.183                                                            +0.105                                                                                     -0.052                                                -0.005            -0.039
                         :                          bjet_NeutralEmEnergyFraction_0.1_bjet_NeutralEmEnergyFraction:0.1:                                    -0.006                                                            +0.164                                          -0.000                                          -0.027                         -0.058                                                                      -0.119                                                                    -0.183                                                            +1.000                                                            -0.471                                                                                     -0.026                                                +0.388            -0.078
                         :                          bjet_ChargedEmEnergyFraction_0.3_bjet_ChargedEmEnergyFraction:0.3:                                    +0.057                                                            -0.309                                          +0.087                                          +0.147                         +0.233                                                                      -0.633                                                                    +0.105                                                            -0.471                                                            +1.000                                                                                     -0.165                                                -0.272            +0.211
                         : _bjet_ChargedMultiplicity_20__21:_bjet_ChargedMultiplicity_15__14:bjet_ChargedMultiplicity:                                    -0.062                                                            +0.154                                          +0.123                                          +0.121                         -0.136                                                                      +0.224                                                                    -0.052                                                            -0.026                                                            -0.165                                                                                     +1.000                                                +0.134            -0.153
                         :                                      bjet_NeutralMultiplicity_9_bjet_NeutralMultiplicity:9:                                    -0.005                                                            +0.247                                          +0.053                                          +0.078                         -0.115                                                                      -0.017                                                                    -0.005                                                            +0.388                                                            -0.272                                                                                     +0.134                                                +1.000            -0.124
                         :                                                                          fabs_bjet_charge_:                                    -0.024                                                            -0.240                                          +0.064                                          +0.204                         +0.778                                                                      -0.223                                                                    -0.039                                                            -0.078                                                            +0.211                                                                                     -0.153                                                -0.124            +1.000
                         : ---------------------------------------------------------------------------------------------------------------------------------------------------------------------------------------------------------------------------------------------------------------------------------------------------------------------------------------------------------------------------------------------------------------------------------------------------------------------------------------------------------------------------------------------------------------------------------------------------------------------------------------------------------------------------------------------------------------------------------------------------------------------------------------------------
DataSetInfo              : Correlation matrix (Background):
                         : ---------------------------------------------------------------------------------------------------------------------------------------------------------------------------------------------------------------------------------------------------------------------------------------------------------------------------------------------------------------------------------------------------------------------------------------------------------------------------------------------------------------------------------------------------------------------------------------------------------------------------------------------------------------------------------------------------------------------------------------------------------------------------------------------------
                         :                                                                                             belectron_nsip3d_10._belectron_nsip3d:10. _belectron_reliso_1.__1:_belectron_reliso_10__10:belectron_reliso belectron_ptwrtbjet_10._belectron_ptwrtbjet:10. belectron_P_jetrest_10._belectron_P_jetrest:10. bjet_charge_T_belectron_charge bjet_ChargedHadronEnergyFraction_0.35_bjet_ChargedHadronEnergyFraction:0.35 bjet_NeutralHadronEnergyFraction_0.1_bjet_NeutralHadronEnergyFraction:0.1 bjet_NeutralEmEnergyFraction_0.1_bjet_NeutralEmEnergyFraction:0.1 bjet_ChargedEmEnergyFraction_0.3_bjet_ChargedEmEnergyFraction:0.3 _bjet_ChargedMultiplicity_20__21:_bjet_ChargedMultiplicity_15__14:bjet_ChargedMultiplicity bjet_NeutralMultiplicity_9_bjet_NeutralMultiplicity:9 fabs_bjet_charge_
                         :                                                  belectron_nsip3d_10._belectron_nsip3d:10.:                                    +1.000                                                            -0.012                                          +0.092                                          +0.021                         +0.019                                                                      -0.109                                                                    +0.042                                                            -0.036                                                            +0.158                                                                                     -0.060                                                -0.040            +0.049
                         :                          _belectron_reliso_1.__1:_belectron_reliso_10__10:belectron_reliso:                                    -0.012                                                            +1.000                                          -0.217                                          -0.396                         -0.257                                                                      +0.152                                                                    +0.101                                                            +0.094                                                            -0.237                                                                                     +0.100                                                +0.208            -0.069
                         :                                            belectron_ptwrtbjet_10._belectron_ptwrtbjet:10.:                                    +0.092                                                            -0.217                                          +1.000                                          +0.745                         +0.086                                                                      -0.095                                                                    -0.003                                                            -0.001                                                            +0.072                                                                                     +0.181                                                +0.042            +0.067
                         :                                            belectron_P_jetrest_10._belectron_P_jetrest:10.:                                    +0.021                                                            -0.396                                          +0.745                                          +1.000                         +0.201                                                                      -0.145                                                                    -0.015                                                            -0.007                                                            +0.131                                                                                     +0.193                                                +0.062            +0.099
                         :                                                             bjet_charge_T_belectron_charge:                                    +0.019                                                            -0.257                                          +0.086                                          +0.201                         +1.000                                                                      -0.094                                                                    +0.001                                                            +0.070                                                            +0.110                                                                                     +0.007                                                +0.003            +0.259
                         :                bjet_ChargedHadronEnergyFraction_0.35_bjet_ChargedHadronEnergyFraction:0.35:                                    -0.109                                                            +0.152                                          -0.095                                          -0.145                         -0.094                                                                      +1.000                                                                    -0.345                                                            -0.190                                                            -0.570                                                                                     +0.217                                                -0.069            -0.170
                         :                  bjet_NeutralHadronEnergyFraction_0.1_bjet_NeutralHadronEnergyFraction:0.1:                                    +0.042                                                            +0.101                                          -0.003                                          -0.015                         +0.001                                                                      -0.345                                                                    +1.000                                                            -0.214                                                            +0.176                                                                                     -0.086                                                -0.019            +0.045
                         :                          bjet_NeutralEmEnergyFraction_0.1_bjet_NeutralEmEnergyFraction:0.1:                                    -0.036                                                            +0.094                                          -0.001                                          -0.007                         +0.070                                                                      -0.190                                                                    -0.214                                                            +1.000                                                            -0.427                                                                                     -0.037                                                +0.362            -0.036
                         :                          bjet_ChargedEmEnergyFraction_0.3_bjet_ChargedEmEnergyFraction:0.3:                                    +0.158                                                            -0.237                                          +0.072                                          +0.131                         +0.110                                                                      -0.570                                                                    +0.176                                                            -0.427                                                            +1.000                                                                                     -0.136                                                -0.237            +0.070
                         : _bjet_ChargedMultiplicity_20__21:_bjet_ChargedMultiplicity_15__14:bjet_ChargedMultiplicity:                                    -0.060                                                            +0.100                                          +0.181                                          +0.193                         +0.007                                                                      +0.217                                                                    -0.086                                                            -0.037                                                            -0.136                                                                                     +1.000                                                +0.101            -0.101
                         :                                      bjet_NeutralMultiplicity_9_bjet_NeutralMultiplicity:9:                                    -0.040                                                            +0.208                                          +0.042                                          +0.062                         +0.003                                                                      -0.069                                                                    -0.019                                                            +0.362                                                            -0.237                                                                                     +0.101                                                +1.000            -0.048
                         :                                                                          fabs_bjet_charge_:                                    +0.049                                                            -0.069                                          +0.067                                          +0.099                         +0.259                                                                      -0.170                                                                    +0.045                                                            -0.036                                                            +0.070                                                                                     -0.101                                                -0.048            +1.000
                         : ---------------------------------------------------------------------------------------------------------------------------------------------------------------------------------------------------------------------------------------------------------------------------------------------------------------------------------------------------------------------------------------------------------------------------------------------------------------------------------------------------------------------------------------------------------------------------------------------------------------------------------------------------------------------------------------------------------------------------------------------------------------------------------------------------
DataSetFactory           : [FIN_BDT_2018] :  
                         : 
Factory                  : [1mTrain all methods[0m
Factory                  : [FIN_BDT_2018] : Create Transformation "I" with events from all classes.
                         : 
                         : Transformation, Variable selection : 
                         : Input : variable 'belectron_nsip3d<10.?belectron_nsip3d:10.' <---> Output : variable 'belectron_nsip3d<10.?belectron_nsip3d:10.'
                         : Input : variable '(belectron_reliso<1.)?1:(belectron_reliso>10)?10:belectron_reliso' <---> Output : variable '(belectron_reliso<1.)?1:(belectron_reliso>10)?10:belectron_reliso'
                         : Input : variable 'belectron_ptwrtbjet<10.?belectron_ptwrtbjet:10.' <---> Output : variable 'belectron_ptwrtbjet<10.?belectron_ptwrtbjet:10.'
                         : Input : variable 'belectron_P_jetrest<10.?belectron_P_jetrest:10.' <---> Output : variable 'belectron_P_jetrest<10.?belectron_P_jetrest:10.'
                         : Input : variable 'bjet_charge*belectron_charge' <---> Output : variable 'bjet_charge*belectron_charge'
                         : Input : variable 'bjet_ChargedHadronEnergyFraction>0.35?bjet_ChargedHadronEnergyFraction:0.35' <---> Output : variable 'bjet_ChargedHadronEnergyFraction>0.35?bjet_ChargedHadronEnergyFraction:0.35'
                         : Input : variable 'bjet_NeutralHadronEnergyFraction>0.1?bjet_NeutralHadronEnergyFraction:0.1' <---> Output : variable 'bjet_NeutralHadronEnergyFraction>0.1?bjet_NeutralHadronEnergyFraction:0.1'
                         : Input : variable 'bjet_NeutralEmEnergyFraction>0.1?bjet_NeutralEmEnergyFraction:0.1' <---> Output : variable 'bjet_NeutralEmEnergyFraction>0.1?bjet_NeutralEmEnergyFraction:0.1'
                         : Input : variable 'bjet_ChargedEmEnergyFraction<0.3?bjet_ChargedEmEnergyFraction:0.3' <---> Output : variable 'bjet_ChargedEmEnergyFraction<0.3?bjet_ChargedEmEnergyFraction:0.3'
                         : Input : variable '(bjet_ChargedMultiplicity>20)?21:(bjet_ChargedMultiplicity<15)?14:bjet_ChargedMultiplicity' <---> Output : variable '(bjet_ChargedMultiplicity>20)?21:(bjet_ChargedMultiplicity<15)?14:bjet_ChargedMultiplicity'
                         : Input : variable 'bjet_NeutralMultiplicity>9?bjet_NeutralMultiplicity:9' <---> Output : variable 'bjet_NeutralMultiplicity>9?bjet_NeutralMultiplicity:9'
                         : Input : variable 'fabs(bjet_charge)' <---> Output : variable 'fabs(bjet_charge)'
TFHandler_Factory        :                                                                                   Variable                                                                                          Mean                                                                                          RMS                                                                                  [        Min                                                                                          Max ]
                         : -------------------------------------------------------------------------------------------------------------------------------------------------------------------------------------------------------------------------------------------------------------------------------------------------------------------------------------------------------------------------------------------------------------------------------------------------------------------------------------
                         :                                                  belectron_nsip3d<10.?belectron_nsip3d:10.:                                                                                      5.7790                                                                                      3.6335   [                                                                                    0.010205                                                                                      10.000 ]
                         :                          (belectron_reliso<1.)?1:(belectron_reliso>10)?10:belectron_reliso:                                                                                      2.3521                                                                                      1.7721   [                                                                                      1.0000                                                                                      9.9997 ]
                         :                                            belectron_ptwrtbjet<10.?belectron_ptwrtbjet:10.:                                                                                      1.0276                                                                                     0.73298   [                                                                                  0.00093650                                                                                      10.000 ]
                         :                                            belectron_P_jetrest<10.?belectron_P_jetrest:10.:                                                                                      1.5635                                                                                     0.95168   [                                                                                     0.26281                                                                                      10.000 ]
                         :                                                               bjet_charge*belectron_charge:                                                                                     0.15289                                                                                     0.30094   [                                                                                    -0.99679                                                                                      1.0000 ]
                         :                bjet_ChargedHadronEnergyFraction>0.35?bjet_ChargedHadronEnergyFraction:0.35:                                                                                     0.51007                                                                                     0.15467   [                                                                                     0.35000                                                                                      1.0000 ]
                         :                  bjet_NeutralHadronEnergyFraction>0.1?bjet_NeutralHadronEnergyFraction:0.1:                                                                                     0.13167                                                                                    0.072649   [                                                                                     0.10000                                                                                     0.78763 ]
                         :                          bjet_NeutralEmEnergyFraction>0.1?bjet_NeutralEmEnergyFraction:0.1:                                                                                     0.22444                                                                                     0.13426   [                                                                                     0.10000                                                                                     0.97868 ]
                         :                          bjet_ChargedEmEnergyFraction<0.3?bjet_ChargedEmEnergyFraction:0.3:                                                                                     0.15309                                                                                     0.12390   [                                                                                      0.0000                                                                                     0.30000 ]
                         : (bjet_ChargedMultiplicity>20)?21:(bjet_ChargedMultiplicity<15)?14:bjet_ChargedMultiplicity:                                                                                      14.574                                                                                      1.4937   [                                                                                      14.000                                                                                      21.000 ]
                         :                                      bjet_NeutralMultiplicity>9?bjet_NeutralMultiplicity:9:                                                                                      11.407                                                                                      3.5362   [                                                                                      9.0000                                                                                      45.000 ]
                         :                                                                          fabs(bjet_charge):                                                                                     0.27358                                                                                     0.19773   [                                                                                  7.0209e-06                                                                                      1.0000 ]
                         : -------------------------------------------------------------------------------------------------------------------------------------------------------------------------------------------------------------------------------------------------------------------------------------------------------------------------------------------------------------------------------------------------------------------------------------------------------------------------------------
                         : Ranking input variables (method unspecific)...
IdTransformation         : Ranking result (top variable is best ranked)
                         : -------------------------------------------------------------------------------------------------------------------
                         : Rank : Variable                                                                                   : Separation
                         : -------------------------------------------------------------------------------------------------------------------
                         :    1 : bjet_charge*belectron_charge                                                               : 1.208e-01
                         :    2 : fabs(bjet_charge)                                                                          : 4.561e-02
                         :    3 : belectron_P_jetrest<10.?belectron_P_jetrest:10.                                            : 3.863e-02
                         :    4 : bjet_ChargedEmEnergyFraction<0.3?bjet_ChargedEmEnergyFraction:0.3                          : 3.614e-02
                         :    5 : (belectron_reliso<1.)?1:(belectron_reliso>10)?10:belectron_reliso                          : 2.759e-02
                         :    6 : belectron_ptwrtbjet<10.?belectron_ptwrtbjet:10.                                            : 2.515e-02
                         :    7 : bjet_ChargedHadronEnergyFraction>0.35?bjet_ChargedHadronEnergyFraction:0.35                : 9.998e-03
                         :    8 : bjet_NeutralEmEnergyFraction>0.1?bjet_NeutralEmEnergyFraction:0.1                          : 5.256e-03
                         :    9 : bjet_NeutralMultiplicity>9?bjet_NeutralMultiplicity:9                                      : 4.045e-03
                         :   10 : (bjet_ChargedMultiplicity>20)?21:(bjet_ChargedMultiplicity<15)?14:bjet_ChargedMultiplicity : 2.657e-03
                         :   11 : belectron_nsip3d<10.?belectron_nsip3d:10.                                                  : 1.899e-03
                         :   12 : bjet_NeutralHadronEnergyFraction>0.1?bjet_NeutralHadronEnergyFraction:0.1                  : 1.361e-03
                         : -------------------------------------------------------------------------------------------------------------------
Factory                  : Train method: BDT for Classification
                         : 
                         : Preparing the Gaussian transformation...
TFHandler_BDT            :                                                                                   Variable                                                                                          Mean                                                                                          RMS                                                                                  [        Min                                                                                          Max ]
                         : -------------------------------------------------------------------------------------------------------------------------------------------------------------------------------------------------------------------------------------------------------------------------------------------------------------------------------------------------------------------------------------------------------------------------------------------------------------------------------------
                         :                                                  belectron_nsip3d<10.?belectron_nsip3d:10.:                                                                                      1.8175                                                                                      2.7882   [                                                                                     -3.2264                                                                                      5.7307 ]
                         :                          (belectron_reliso<1.)?1:(belectron_reliso>10)?10:belectron_reliso:                                                                                    -0.95987                                                                                      1.6222   [                                                                                     -2.9929                                                                                      5.7307 ]
                         :                                            belectron_ptwrtbjet<10.?belectron_ptwrtbjet:10.:                                                                                   0.0048312                                                                                      1.0026   [                                                                                     -3.3225                                                                                      5.7307 ]
                         :                                            belectron_P_jetrest<10.?belectron_P_jetrest:10.:                                                                                   0.0090674                                                                                      1.0124   [                                                                                     -3.3372                                                                                      5.4200 ]
                         :                                                               bjet_charge*belectron_charge:                                                                                   0.0021473                                                                                     0.99613   [                                                                                     -3.3020                                                                                      5.7307 ]
                         :                bjet_ChargedHadronEnergyFraction>0.35?bjet_ChargedHadronEnergyFraction:0.35:                                                                                    -0.85297                                                                                      1.6152   [                                                                                     -3.0590                                                                                      5.7307 ]
                         :                  bjet_NeutralHadronEnergyFraction>0.1?bjet_NeutralHadronEnergyFraction:0.1:                                                                                     -1.8787                                                                                      1.3706   [                                                                                     -2.7154                                                                                      5.7307 ]
                         :                          bjet_NeutralEmEnergyFraction>0.1?bjet_NeutralEmEnergyFraction:0.1:                                                                                    -0.74692                                                                                      1.5662   [                                                                                     -3.0179                                                                                      5.7307 ]
                         :                          bjet_ChargedEmEnergyFraction<0.3?bjet_ChargedEmEnergyFraction:0.3:                                                                                     0.53126                                                                                      3.4676   [                                                                                     -3.0978                                                                                      5.7307 ]
                         : (bjet_ChargedMultiplicity>20)?21:(bjet_ChargedMultiplicity<15)?14:bjet_ChargedMultiplicity:                                                                                    -0.46889                                                                                      1.0984   [                                                                                    -0.84819                                                                                      5.7307 ]
                         :                                      bjet_NeutralMultiplicity>9?bjet_NeutralMultiplicity:9:                                                                                    -0.38466                                                                                     0.93953   [                                                                                     -1.1584                                                                                      5.7307 ]
                         :                                                                          fabs(bjet_charge):                                                                                   0.0020622                                                                                     0.99558   [                                                                                     -3.2146                                                                                      5.7307 ]
                         : -------------------------------------------------------------------------------------------------------------------------------------------------------------------------------------------------------------------------------------------------------------------------------------------------------------------------------------------------------------------------------------------------------------------------------------------------------------------------------------
                         : Events with weight == 0 are going to be simply ignored 
BDT                      : #events: (reweighted) sig: 27276.5 bkg: 27276.5
                         : #events: (unweighted) sig: 34511 bkg: 20042
                         : Training 500 Decision Trees ... patience please
                         : Elapsed time for training with 79643 events: 11.1 sec         
BDT                      : [FIN_BDT_2018] : Evaluation of BDT on training sample (79643 events)
                         : Elapsed time for evaluation of 79643 events: 2.13 sec       
                         : Creating xml weight file: [0;36mFIN_BDT_2018/weights/FIN_BDT_2018_BDT.weights.xml[0m
                         : Creating standalone class: [0;36mFIN_BDT_2018/weights/FIN_BDT_2018_BDT.class.C[0m
                         : FIN_BDT_2018.root:/FIN_BDT_2018/Method_BDT/BDT
Factory                  : Training finished
                         : 
                         : Ranking input variables (method specific)...
BDT                      : Ranking result (top variable is best ranked)
                         : ----------------------------------------------------------------------------------------------------------------------------
                         : Rank : Variable                                                                                   : Variable Importance
                         : ----------------------------------------------------------------------------------------------------------------------------
                         :    1 : bjet_charge*belectron_charge                                                               : 1.611e-01
                         :    2 : belectron_ptwrtbjet<10.?belectron_ptwrtbjet:10.                                            : 9.589e-02
                         :    3 : bjet_ChargedEmEnergyFraction<0.3?bjet_ChargedEmEnergyFraction:0.3                          : 9.039e-02
                         :    4 : belectron_nsip3d<10.?belectron_nsip3d:10.                                                  : 8.882e-02
                         :    5 : belectron_P_jetrest<10.?belectron_P_jetrest:10.                                            : 8.065e-02
                         :    6 : bjet_ChargedHadronEnergyFraction>0.35?bjet_ChargedHadronEnergyFraction:0.35                : 7.479e-02
                         :    7 : fabs(bjet_charge)                                                                          : 7.373e-02
                         :    8 : bjet_NeutralMultiplicity>9?bjet_NeutralMultiplicity:9                                      : 7.034e-02
                         :    9 : bjet_NeutralEmEnergyFraction>0.1?bjet_NeutralEmEnergyFraction:0.1                          : 6.774e-02
                         :   10 : bjet_NeutralHadronEnergyFraction>0.1?bjet_NeutralHadronEnergyFraction:0.1                  : 6.686e-02
                         :   11 : (belectron_reliso<1.)?1:(belectron_reliso>10)?10:belectron_reliso                          : 6.562e-02
                         :   12 : (bjet_ChargedMultiplicity>20)?21:(bjet_ChargedMultiplicity<15)?14:bjet_ChargedMultiplicity : 6.405e-02
                         : ----------------------------------------------------------------------------------------------------------------------------
Factory                  : === Destroy and recreate all methods via weight files for testing ===
                         : 
                         : Reading weight file: [0;36mFIN_BDT_2018/weights/FIN_BDT_2018_BDT.weights.xml[0m
Factory                  : [1mTest all methods[0m
Factory                  : Test method: BDT for Classification performance
                         : 
BDT                      : [FIN_BDT_2018] : Evaluation of BDT on testing sample (99126 events)
                         : Elapsed time for evaluation of 99126 events: 2.41 sec       
Factory                  : [1mEvaluate all methods[0m
Factory                  : Evaluate classifier: BDT
                         : 
TFHandler_BDT            :                                                                                   Variable                                                                                          Mean                                                                                          RMS                                                                                  [        Min                                                                                          Max ]
                         : -------------------------------------------------------------------------------------------------------------------------------------------------------------------------------------------------------------------------------------------------------------------------------------------------------------------------------------------------------------------------------------------------------------------------------------------------------------------------------------
                         :                                                  belectron_nsip3d<10.?belectron_nsip3d:10.:                                                                                      1.8034                                                                                      2.7873   [                                                                                     -3.1872                                                                                      5.7307 ]
                         :                          (belectron_reliso<1.)?1:(belectron_reliso>10)?10:belectron_reliso:                                                                                     -1.0032                                                                                      1.6252   [                                                                                     -2.9929                                                                                      5.7307 ]
                         :                                            belectron_ptwrtbjet<10.?belectron_ptwrtbjet:10.:                                                                                    0.072058                                                                                      1.0288   [                                                                                     -3.2274                                                                                      5.7307 ]
                         :                                            belectron_P_jetrest<10.?belectron_P_jetrest:10.:                                                                                     0.10283                                                                                      1.0324   [                                                                                     -5.7307                                                                                      5.4200 ]
                         :                                                               bjet_charge*belectron_charge:                                                                                    0.087899                                                                                     0.98191   [                                                                                     -3.2997                                                                                      5.7307 ]
                         :                bjet_ChargedHadronEnergyFraction>0.35?bjet_ChargedHadronEnergyFraction:0.35:                                                                                    -0.89312                                                                                      1.6248   [                                                                                     -3.0590                                                                                      5.7307 ]
                         :                  bjet_NeutralHadronEnergyFraction>0.1?bjet_NeutralHadronEnergyFraction:0.1:                                                                                     -1.8905                                                                                      1.3658   [                                                                                     -2.7154                                                                                      5.7307 ]
                         :                          bjet_NeutralEmEnergyFraction>0.1?bjet_NeutralEmEnergyFraction:0.1:                                                                                    -0.76940                                                                                      1.5810   [                                                                                     -3.0179                                                                                      5.7307 ]
                         :                          bjet_ChargedEmEnergyFraction<0.3?bjet_ChargedEmEnergyFraction:0.3:                                                                                     0.68494                                                                                      3.5228   [                                                                                     -3.0978                                                                                      5.7307 ]
                         : (bjet_ChargedMultiplicity>20)?21:(bjet_ChargedMultiplicity<15)?14:bjet_ChargedMultiplicity:                                                                                    -0.43543                                                                                      1.1686   [                                                                                    -0.84819                                                                                      5.7307 ]
                         :                                      bjet_NeutralMultiplicity>9?bjet_NeutralMultiplicity:9:                                                                                    -0.37047                                                                                     0.95116   [                                                                                     -1.1584                                                                                      5.7307 ]
                         :                                                                          fabs(bjet_charge):                                                                                    0.041052                                                                                      1.0040   [                                                                                     -3.2206                                                                                      5.7307 ]
                         : -------------------------------------------------------------------------------------------------------------------------------------------------------------------------------------------------------------------------------------------------------------------------------------------------------------------------------------------------------------------------------------------------------------------------------------------------------------------------------------
BDT                      : [FIN_BDT_2018] : Loop over test events and fill histograms with classifier response...
                         : 
TFHandler_BDT            :                                                                                   Variable                                                                                          Mean                                                                                          RMS                                                                                  [        Min                                                                                          Max ]
                         : -------------------------------------------------------------------------------------------------------------------------------------------------------------------------------------------------------------------------------------------------------------------------------------------------------------------------------------------------------------------------------------------------------------------------------------------------------------------------------------
                         :                                                  belectron_nsip3d<10.?belectron_nsip3d:10.:                                                                                      1.8034                                                                                      2.7873   [                                                                                     -3.1872                                                                                      5.7307 ]
                         :                          (belectron_reliso<1.)?1:(belectron_reliso>10)?10:belectron_reliso:                                                                                     -1.0032                                                                                      1.6252   [                                                                                     -2.9929                                                                                      5.7307 ]
                         :                                            belectron_ptwrtbjet<10.?belectron_ptwrtbjet:10.:                                                                                    0.072058                                                                                      1.0288   [                                                                                     -3.2274                                                                                      5.7307 ]
                         :                                            belectron_P_jetrest<10.?belectron_P_jetrest:10.:                                                                                     0.10283                                                                                      1.0324   [                                                                                     -5.7307                                                                                      5.4200 ]
                         :                                                               bjet_charge*belectron_charge:                                                                                    0.087899                                                                                     0.98191   [                                                                                     -3.2997                                                                                      5.7307 ]
                         :                bjet_ChargedHadronEnergyFraction>0.35?bjet_ChargedHadronEnergyFraction:0.35:                                                                                    -0.89312                                                                                      1.6248   [                                                                                     -3.0590                                                                                      5.7307 ]
                         :                  bjet_NeutralHadronEnergyFraction>0.1?bjet_NeutralHadronEnergyFraction:0.1:                                                                                     -1.8905                                                                                      1.3658   [                                                                                     -2.7154                                                                                      5.7307 ]
                         :                          bjet_NeutralEmEnergyFraction>0.1?bjet_NeutralEmEnergyFraction:0.1:                                                                                    -0.76940                                                                                      1.5810   [                                                                                     -3.0179                                                                                      5.7307 ]
                         :                          bjet_ChargedEmEnergyFraction<0.3?bjet_ChargedEmEnergyFraction:0.3:                                                                                     0.68494                                                                                      3.5228   [                                                                                     -3.0978                                                                                      5.7307 ]
                         : (bjet_ChargedMultiplicity>20)?21:(bjet_ChargedMultiplicity<15)?14:bjet_ChargedMultiplicity:                                                                                    -0.43543                                                                                      1.1686   [                                                                                    -0.84819                                                                                      5.7307 ]
                         :                                      bjet_NeutralMultiplicity>9?bjet_NeutralMultiplicity:9:                                                                                    -0.37047                                                                                     0.95116   [                                                                                     -1.1584                                                                                      5.7307 ]
                         :                                                                          fabs(bjet_charge):                                                                                    0.041052                                                                                      1.0040   [                                                                                     -3.2206                                                                                      5.7307 ]
                         : -------------------------------------------------------------------------------------------------------------------------------------------------------------------------------------------------------------------------------------------------------------------------------------------------------------------------------------------------------------------------------------------------------------------------------------------------------------------------------------
                         : 
                         : Evaluation results ranked by best signal efficiency and purity (area)
                         : -------------------------------------------------------------------------------------------------------------------
                         : DataSet       MVA                       
                         : Name:         Method:          ROC-integ
                         : FIN_BDT_2018  BDT            : 0.717
                         : -------------------------------------------------------------------------------------------------------------------
                         : 
                         : Testing efficiency compared to training efficiency (overtraining check)
                         : -------------------------------------------------------------------------------------------------------------------
                         : DataSet              MVA              Signal efficiency: from test sample (from training sample) 
                         : Name:                Method:          @B=0.01             @B=0.10            @B=0.30   
                         : -------------------------------------------------------------------------------------------------------------------
                         : FIN_BDT_2018         BDT            : 0.073 (0.075)       0.331 (0.348)      0.618 (0.636)
                         : -------------------------------------------------------------------------------------------------------------------
                         : 
Dataset:FIN_BDT_2018     : Created tree 'TestTree' with 99126 events
                         : 
Dataset:FIN_BDT_2018     : Created tree 'TrainTree' with 79643 events
                         : 
Factory                  : [1mThank you for using TMVA![0m
                         : [1mFor citation information, please visit: http://tmva.sf.net/citeTMVA.html[0m
['bmuon_nsip3d<10. ? bmuon_nsip3d : 10.', 'bmuon_reliso < 10. ? bmuon_reliso : 10. ', 'bmuon_dR_l_j', 'bmuon_ptwrtbjet < 10. ? bmuon_ptwrtbjet : 10.', 'bmuon_P_jetrest < 10. ? bmuon_P_jetrest : 10.', 'bmuon_palongjet < 50. ? bmuon_palongjet : 50.', 'bjet_charge*bmuon_charge', 'bjet_ChargedHadronEnergyFraction > 0.2 ? bjet_ChargedHadronEnergyFraction : 0.2', 'bjet_NeutralHadronEnergyFraction > 0.06 ? bjet_NeutralHadronEnergyFraction : 0.06', 'bjet_NeutralEmEnergyFraction', 'bjet_MuonEnergyFraction > 0.08 ? bjet_MuonEnergyFraction : 0.08', '(bjet_ChargedMultiplicity > 19) ? 20 : (bjet_ChargedMultiplicity < 11) ? 11 : bjet_ChargedMultiplicity', 'bjet_NeutralMultiplicity', 'fabs(bjet_charge)'] ['belectron_nsip3d < 10. ? belectron_nsip3d : 10.', '(belectron_reliso < 1.) ? 1 : (belectron_reliso > 10 ) ? 10 : belectron_reliso', 'belectron_ptwrtbjet < 10. ? belectron_ptwrtbjet : 10.', 'belectron_P_jetrest < 10. ? belectron_P_jetrest : 10.', 'bjet_charge*belectron_charge', 'bjet_ChargedHadronEnergyFraction > 0.35 ? bjet_ChargedHadronEnergyFraction : 0.35', 'bjet_NeutralHadronEnergyFraction > 0.1 ? bjet_NeutralHadronEnergyFraction : 0.1', 'bjet_NeutralEmEnergyFraction > 0.1 ? bjet_NeutralEmEnergyFraction : 0.1', 'bjet_ChargedEmEnergyFraction < 0.3 ? bjet_ChargedEmEnergyFraction : 0.3', '(bjet_ChargedMultiplicity > 20) ? 21 : (bjet_ChargedMultiplicity < 15) ? 14 : bjet_ChargedMultiplicity', 'bjet_NeutralMultiplicity > 9 ? bjet_NeutralMultiplicity : 9', 'fabs(bjet_charge)'] ['bjet_ChargedHadronEnergyFraction', 'bjet_NeutralHadronEnergyFraction', 'bjet_NeutralEmEnergyFraction', '(bjet_ChargedMultiplicity > 19) ? 20 : (bjet_ChargedMultiplicity < 12) ? 11 : bjet_ChargedMultiplicity', 'bjet_NeutralMultiplicity > 4 ? bjet_NeutralMultiplicity : 4', 'fabs(bjet_charge)']
(bmuon_charge*bjet_partonFlavour < 0)&&Has_bMuon (bmuon_charge*bjet_partonFlavour > 0)&&Has_bMuon (belectron_charge*bjet_partonFlavour < 0)&&(Has_bElectron) (belectron_charge*bjet_partonFlavour > 0)&&(Has_bElectron) (bjet_charge*bjet_partonFlavour < 0)&&(!Has_bElectron)&&(!Has_bMuon) (bjet_charge*bjet_partonFlavour > 0)&&(!Has_bElectron)&&(!Has_bMuon)
sigcut= (belectron_charge*bjet_partonFlavour < 0)&&(Has_bElectron)
bkgcut= (belectron_charge*bjet_partonFlavour > 0)&&(Has_bElectron)
<sig cut>= (belectron_charge*bjet_partonFlavour < 0)&&(Has_bElectron)
<bkg cut>= (belectron_charge*bjet_partonFlavour > 0)&&(Has_bElectron)
---sig_test---
<self.testtree_sig> OutTree/sig
/pnfs/knu.ac.kr/data/cms/store/user/jhchoi/JetChargeTagScore/TMVA_TOOL/inputs/EEMu_MuMuE_Method/v2512.3/2018/EEMu_MuMuE_Method_DYJetsToEE_MiNNLO.root
/pnfs/knu.ac.kr/data/cms/store/user/jhchoi/JetChargeTagScore/TMVA_TOOL/inputs/EEMu_MuMuE_Method/v2512.3/2018/EEMu_MuMuE_Method_DYJetsToMuMu_MiNNLO.root
--bkg_test---
<self.testtree_bkg> OutTree/bkg
/pnfs/knu.ac.kr/data/cms/store/user/jhchoi/JetChargeTagScore/TMVA_TOOL/inputs/EEMu_MuMuE_Method/v2512.3/2018/EEMu_MuMuE_Method_DYJetsToEE_MiNNLO.root
/pnfs/knu.ac.kr/data/cms/store/user/jhchoi/JetChargeTagScore/TMVA_TOOL/inputs/EEMu_MuMuE_Method/v2512.3/2018/EEMu_MuMuE_Method_DYJetsToMuMu_MiNNLO.root
---sig_train---
<self.traintree_sig> OutTree/sig
/pnfs/knu.ac.kr/data/cms/store/user/jhchoi/JetChargeTagScore/TMVA_TOOL/inputs/EEMu_MuMuE_Method/v2512.3/2018/EEMu_MuMuE_Method_DYJets.root
---bkg_train---
<self.traintree_bkg> OutTree/bkg
/pnfs/knu.ac.kr/data/cms/store/user/jhchoi/JetChargeTagScore/TMVA_TOOL/inputs/EEMu_MuMuE_Method/v2512.3/2018/EEMu_MuMuE_Method_DYJets.root
>>>>self.dataloader.PrepareTrainingAndTestTree
Set sig cut -> (belectron_charge*bjet_partonFlavour < 0)&&(Has_bElectron)
Set bkg cut -> (belectron_charge*bjet_partonFlavour > 0)&&(Has_bElectron)
auc= 0.7172978087485434
END of RUNNING...run_single
FIN_BDT_2018
FIN_BDT_2018.root
_condor_stderr
_condor_stdout
run.sh
tmp
var
myerr=0
[ntry=1]
