<sig cut>= (bjet_charge*bjet_partonFlavour < 0)&&(!Has_bElectron)&&(!Has_bMuon)
<bkg cut>= (bjet_charge*bjet_partonFlavour > 0)&&(!Has_bElectron)&&(!Has_bMuon)
_________________________________________________________________
Layer (type)                 Output Shape              Param #   
=================================================================
dense_1 (Dense)              (None, 64)                704       
_________________________________________________________________
batch_normalization_1 (Batch (None, 64)                256       
_________________________________________________________________
activation_1 (Activation)    (None, 64)                0         
_________________________________________________________________
dropout_1 (Dropout)          (None, 64)                0         
_________________________________________________________________
dense_2 (Dense)              (None, 64)                4160      
_________________________________________________________________
batch_normalization_2 (Batch (None, 64)                256       
_________________________________________________________________
activation_2 (Activation)    (None, 64)                0         
_________________________________________________________________
dropout_2 (Dropout)          (None, 64)                0         
_________________________________________________________________
dense_3 (Dense)              (None, 64)                4160      
_________________________________________________________________
batch_normalization_3 (Batch (None, 64)                256       
_________________________________________________________________
activation_3 (Activation)    (None, 64)                0         
_________________________________________________________________
dropout_3 (Dropout)          (None, 64)                0         
_________________________________________________________________
dense_4 (Dense)              (None, 64)                4160      
_________________________________________________________________
batch_normalization_4 (Batch (None, 64)                256       
_________________________________________________________________
activation_4 (Activation)    (None, 64)                0         
_________________________________________________________________
dropout_4 (Dropout)          (None, 64)                0         
_________________________________________________________________
dense_5 (Dense)              (None, 64)                4160      
_________________________________________________________________
batch_normalization_5 (Batch (None, 64)                256       
_________________________________________________________________
activation_5 (Activation)    (None, 64)                0         
_________________________________________________________________
dropout_5 (Dropout)          (None, 64)                0         
_________________________________________________________________
dense_6 (Dense)              (None, 2)                 130       
_________________________________________________________________
activation_6 (Activation)    (None, 2)                 0         
=================================================================
Total params: 18,754
Trainable params: 18,114
Non-trainable params: 640
_________________________________________________________________
---sig_test---
<self.testtree_sig> OutTree/sig
/data6/Users/jhchoi/TMVA/TMVA_TOOL/inputs/EEMu_MuMuE_Method/v2405.4.3/2018/EEMu_MuMuE_Method_DYJetsToEE_MiNNLO.root
/data6/Users/jhchoi/TMVA/TMVA_TOOL/inputs/EEMu_MuMuE_Method/v2405.4.3/2018/EEMu_MuMuE_Method_DYJetsToMuMu_MiNNLO.root
--bkg_test---
<self.testtree_bkg> OutTree/bkg
/data6/Users/jhchoi/TMVA/TMVA_TOOL/inputs/EEMu_MuMuE_Method/v2405.4.3/2018/EEMu_MuMuE_Method_DYJetsToEE_MiNNLO.root
/data6/Users/jhchoi/TMVA/TMVA_TOOL/inputs/EEMu_MuMuE_Method/v2405.4.3/2018/EEMu_MuMuE_Method_DYJetsToMuMu_MiNNLO.root
---sig_train---
<self.traintree_sig> OutTree/sig
/data6/Users/jhchoi/TMVA/TMVA_TOOL/inputs/EEMu_MuMuE_Method/v2405.4.3/2018/EEMu_MuMuE_Method_DYJets.root
---bkg_train---
<self.traintree_bkg> OutTree/bkg
/data6/Users/jhchoi/TMVA/TMVA_TOOL/inputs/EEMu_MuMuE_Method/v2405.4.3/2018/EEMu_MuMuE_Method_DYJets.root
DataSetInfo              : [jet2018__5__64__1000__0.2] : Added class "Signal"
                         : Add Tree OutTree/sig of type Signal with 1214414 events
                         : Add Tree OutTree/sig of type Signal with 1201196 events
DataSetInfo              : [jet2018__5__64__1000__0.2] : Added class "Background"
                         : Add Tree OutTree/bkg of type Background with 797707 events
                         : Add Tree OutTree/bkg of type Background with 786930 events
>>>>self.dataloader.PrepareTrainingAndTestTree
Set sig cut -> (bjet_charge*bjet_partonFlavour < 0)&&(!Has_bElectron)&&(!Has_bMuon)
Set bkg cut -> (bjet_charge*bjet_partonFlavour > 0)&&(!Has_bElectron)&&(!Has_bMuon)
Factory                  : Booking method: [1mDNN[0m
                         : 
DNN                      : [jet2018__5__64__1000__0.2] : Create Transformation "G" with events from all classes.
                         : 
                         : Transformation, Variable selection : 
                         : Input : variable 'bjet_pt' <---> Output : variable 'bjet_pt'
                         : Input : variable 'bjet_aeta' <---> Output : variable 'bjet_aeta'
                         : Input : variable 'bjet_ChargedHadronEnergyFraction' <---> Output : variable 'bjet_ChargedHadronEnergyFraction'
                         : Input : variable 'bjet_NeutralHadronEnergyFraction' <---> Output : variable 'bjet_NeutralHadronEnergyFraction'
                         : Input : variable 'bjet_NeutralEmEnergyFraction' <---> Output : variable 'bjet_NeutralEmEnergyFraction'
                         : Input : variable 'bjet_ChargedEmEnergyFraction' <---> Output : variable 'bjet_ChargedEmEnergyFraction'
                         : Input : variable 'bjet_MuonEnergyFraction' <---> Output : variable 'bjet_MuonEnergyFraction'
                         : Input : variable 'fabs(bjet_charge)' <---> Output : variable 'fabs(bjet_charge)'
                         : Input : variable 'bjet_ChargedMultiplicity' <---> Output : variable 'bjet_ChargedMultiplicity'
                         : Input : variable 'bjet_NeutralMultiplicity' <---> Output : variable 'bjet_NeutralMultiplicity'
                         : Load model from file: model.h5
Factory                  : [1mTrain all methods[0m
DataSetFactory           : [jet2018__5__64__1000__0.2] : Number of events in input trees
                         : Dataset[jet2018__5__64__1000__0.2] :     Signal     requirement: "(bjet_charge*bjet_partonFlavour < 0)&&(!Has_bElectron)&&(!Has_bMuon)"
                         : Dataset[jet2018__5__64__1000__0.2] :     Signal          -- number of events passed: 2169106  / sum of weights: 2.16911e+06
                         : Dataset[jet2018__5__64__1000__0.2] :     Signal          -- efficiency             : 0.897954
                         : Dataset[jet2018__5__64__1000__0.2] :     Background requirement: "(bjet_charge*bjet_partonFlavour > 0)&&(!Has_bElectron)&&(!Has_bMuon)"
                         : Dataset[jet2018__5__64__1000__0.2] :     Background      -- number of events passed: 1312594  / sum of weights: 1.31259e+06
                         : Dataset[jet2018__5__64__1000__0.2] :     Background      -- efficiency             : 0.828325
                         : Dataset[jet2018__5__64__1000__0.2] :  you have opted for interpreting the requested number of training/testing events
                         :  to be the number of events AFTER your preselection cuts
                         : 
                         : Dataset[jet2018__5__64__1000__0.2] :  you have opted for interpreting the requested number of training/testing events
                         :  to be the number of events AFTER your preselection cuts
                         : 
                         : Dataset[jet2018__5__64__1000__0.2] : Weight renormalisation mode: "EqualNumEvents": renormalises all event classes ...
                         : Dataset[jet2018__5__64__1000__0.2] :  such that the effective (weighted) number of events in each class is the same 
                         : Dataset[jet2018__5__64__1000__0.2] :  (and equals the number of events (entries) given for class=0 )
                         : Dataset[jet2018__5__64__1000__0.2] : ... i.e. such that Sum[i=1..N_j]{w_i} = N_classA, j=classA, classB, ...
                         : Dataset[jet2018__5__64__1000__0.2] : ... (note that N_j is the sum of TRAINING events
                         : Dataset[jet2018__5__64__1000__0.2] :  ..... Testing events are not renormalised nor included in the renormalisation factor!)
                         : Number of training and testing events
                         : ---------------------------------------------------------------------------
                         : Signal     -- training events            : 1104058
                         : Signal     -- testing events             : 1065048
                         : Signal     -- training and testing events: 2169106
                         : Dataset[jet2018__5__64__1000__0.2] : Signal     -- due to the preselection a scaling factor has been applied to the numbers of requested events: 0.897954
                         : Background -- training events            : 661505
                         : Background -- testing events             : 651089
                         : Background -- training and testing events: 1312594
                         : Dataset[jet2018__5__64__1000__0.2] : Background -- due to the preselection a scaling factor has been applied to the numbers of requested events: 0.828325
                         : 
DataSetInfo              : Correlation matrix (Signal):
                         : ---------------------------------------------------------------------------------------------------------------------------------------------------------------------------------------------------------------------------------------------------------------------------
                         :                                   bjet_pt bjet_aeta bjet_ChargedHadronEnergyFraction bjet_NeutralHadronEnergyFraction bjet_NeutralEmEnergyFraction bjet_ChargedEmEnergyFraction bjet_MuonEnergyFraction fabs(bjet_charge) bjet_ChargedMultiplicity bjet_NeutralMultiplicity
                         :                          bjet_pt:  +1.000    -0.075                           -0.006                           -0.040                       +0.074                       -0.023                  -0.015            +0.017                   +0.293                   +0.253
                         :                        bjet_aeta:  -0.075    +1.000                           -0.121                           +0.346                       -0.137                       -0.024                  -0.018            +0.118                   -0.045                   -0.376
                         : bjet_ChargedHadronEnergyFraction:  -0.006    -0.121                           +1.000                           -0.516                       -0.431                       -0.328                  -0.277            -0.228                   +0.409                   -0.175
                         : bjet_NeutralHadronEnergyFraction:  -0.040    +0.346                           -0.516                           +1.000                       -0.142                       -0.060                  -0.100            +0.170                   -0.303                   +0.014
                         :     bjet_NeutralEmEnergyFraction:  +0.074    -0.137                           -0.431                           -0.142                       +1.000                       -0.203                  -0.171            -0.052                   -0.149                   +0.392
                         :     bjet_ChargedEmEnergyFraction:  -0.023    -0.024                           -0.328                           -0.060                       -0.203                       +1.000                  -0.067            +0.097                   -0.087                   -0.116
                         :          bjet_MuonEnergyFraction:  -0.015    -0.018                           -0.277                           -0.100                       -0.171                       -0.067                  +1.000            +0.181                   -0.077                   -0.111
                         :                fabs(bjet_charge):  +0.017    +0.118                           -0.228                           +0.170                       -0.052                       +0.097                  +0.181            +1.000                   -0.300                   -0.088
                         :         bjet_ChargedMultiplicity:  +0.293    -0.045                           +0.409                           -0.303                       -0.149                       -0.087                  -0.077            -0.300                   +1.000                   +0.042
                         :         bjet_NeutralMultiplicity:  +0.253    -0.376                           -0.175                           +0.014                       +0.392                       -0.116                  -0.111            -0.088                   +0.042                   +1.000
                         : ---------------------------------------------------------------------------------------------------------------------------------------------------------------------------------------------------------------------------------------------------------------------------
DataSetInfo              : Correlation matrix (Background):
                         : ---------------------------------------------------------------------------------------------------------------------------------------------------------------------------------------------------------------------------------------------------------------------------
                         :                                   bjet_pt bjet_aeta bjet_ChargedHadronEnergyFraction bjet_NeutralHadronEnergyFraction bjet_NeutralEmEnergyFraction bjet_ChargedEmEnergyFraction bjet_MuonEnergyFraction fabs(bjet_charge) bjet_ChargedMultiplicity bjet_NeutralMultiplicity
                         :                          bjet_pt:  +1.000    -0.074                           -0.017                           -0.047                       +0.070                       -0.001                  +0.008            +0.005                   +0.286                   +0.248
                         :                        bjet_aeta:  -0.074    +1.000                           -0.201                           +0.410                       -0.134                       -0.027                  -0.022            +0.226                   -0.106                   -0.389
                         : bjet_ChargedHadronEnergyFraction:  -0.017    -0.201                           +1.000                           -0.594                       -0.450                       -0.271                  -0.209            -0.306                   +0.452                   -0.177
                         : bjet_NeutralHadronEnergyFraction:  -0.047    +0.410                           -0.594                           +1.000                       -0.164                       -0.066                  -0.092            +0.312                   -0.375                   -0.012
                         :     bjet_NeutralEmEnergyFraction:  +0.070    -0.134                           -0.450                           -0.164                       +1.000                       -0.184                  -0.141            -0.022                   -0.159                   +0.367
                         :     bjet_ChargedEmEnergyFraction:  -0.001    -0.027                           -0.271                           -0.066                       -0.184                       +1.000                  -0.042            +0.058                   -0.056                   -0.095
                         :          bjet_MuonEnergyFraction:  +0.008    -0.022                           -0.209                           -0.092                       -0.141                       -0.042                  +1.000            +0.126                   -0.047                   -0.085
                         :                fabs(bjet_charge):  +0.005    +0.226                           -0.306                           +0.312                       -0.022                       +0.058                  +0.126            +1.000                   -0.308                   -0.074
                         :         bjet_ChargedMultiplicity:  +0.286    -0.106                           +0.452                           -0.375                       -0.159                       -0.056                  -0.047            -0.308                   +1.000                   +0.035
                         :         bjet_NeutralMultiplicity:  +0.248    -0.389                           -0.177                           -0.012                       +0.367                       -0.095                  -0.085            -0.074                   +0.035                   +1.000
                         : ---------------------------------------------------------------------------------------------------------------------------------------------------------------------------------------------------------------------------------------------------------------------------
DataSetFactory           : [jet2018__5__64__1000__0.2] :  
                         : 
Factory                  : [jet2018__5__64__1000__0.2] : Create Transformation "I" with events from all classes.
                         : 
                         : Transformation, Variable selection : 
                         : Input : variable 'bjet_pt' <---> Output : variable 'bjet_pt'
                         : Input : variable 'bjet_aeta' <---> Output : variable 'bjet_aeta'
                         : Input : variable 'bjet_ChargedHadronEnergyFraction' <---> Output : variable 'bjet_ChargedHadronEnergyFraction'
                         : Input : variable 'bjet_NeutralHadronEnergyFraction' <---> Output : variable 'bjet_NeutralHadronEnergyFraction'
                         : Input : variable 'bjet_NeutralEmEnergyFraction' <---> Output : variable 'bjet_NeutralEmEnergyFraction'
                         : Input : variable 'bjet_ChargedEmEnergyFraction' <---> Output : variable 'bjet_ChargedEmEnergyFraction'
                         : Input : variable 'bjet_MuonEnergyFraction' <---> Output : variable 'bjet_MuonEnergyFraction'
                         : Input : variable 'fabs(bjet_charge)' <---> Output : variable 'fabs(bjet_charge)'
                         : Input : variable 'bjet_ChargedMultiplicity' <---> Output : variable 'bjet_ChargedMultiplicity'
                         : Input : variable 'bjet_NeutralMultiplicity' <---> Output : variable 'bjet_NeutralMultiplicity'
TFHandler_Factory        :                         Variable                                Mean                                RMS                        [        Min                                Max ]
                         : -----------------------------------------------------------------------------------------------------------------------------------------------------------------------------------
                         :                          bjet_pt:                            60.530                            35.198   [                            30.000                            1378.2 ]
                         :                        bjet_aeta:                            1.1668                           0.79692   [                        5.4463e-07                            3.6598 ]
                         : bjet_ChargedHadronEnergyFraction:                           0.56416                           0.21409   [                            0.0000                            1.0000 ]
                         : bjet_NeutralHadronEnergyFraction:                           0.12553                           0.15947   [                            0.0000                            1.0000 ]
                         :     bjet_NeutralEmEnergyFraction:                           0.24613                           0.15533   [                            0.0000                            1.0000 ]
                         :     bjet_ChargedEmEnergyFraction:                          0.035133                           0.10985   [                            0.0000                           0.99390 ]
                         :          bjet_MuonEnergyFraction:                          0.029041                          0.098092   [                            0.0000                           0.99423 ]
                         :                fabs(bjet_charge):                           0.26754                           0.20985   [                        3.5766e-08                            1.0000 ]
                         :         bjet_ChargedMultiplicity:                            11.315                            4.3059   [                            0.0000                            50.000 ]
                         :         bjet_NeutralMultiplicity:                            10.270                            5.1248   [                            0.0000                            53.000 ]
                         : -----------------------------------------------------------------------------------------------------------------------------------------------------------------------------------
                         : Ranking input variables (method unspecific)...
IdTransformation         : Ranking result (top variable is best ranked)
                         : ---------------------------------------------------------
                         : Rank : Variable                         : Separation
                         : ---------------------------------------------------------
                         :    1 : fabs(bjet_charge)                : 2.935e-02
                         :    2 : bjet_MuonEnergyFraction          : 3.137e-03
                         :    3 : bjet_NeutralHadronEnergyFraction : 2.562e-03
                         :    4 : bjet_aeta                        : 2.382e-03
                         :    5 : bjet_ChargedMultiplicity         : 1.565e-03
                         :    6 : bjet_ChargedEmEnergyFraction     : 1.316e-03
                         :    7 : bjet_ChargedHadronEnergyFraction : 1.050e-03
                         :    8 : bjet_NeutralEmEnergyFraction     : 6.087e-04
                         :    9 : bjet_NeutralMultiplicity         : 2.194e-04
                         :   10 : bjet_pt                          : 8.120e-05
                         : ---------------------------------------------------------
Factory                  : Train method: DNN for Classification
                         : 
                         : 
                         : [1m================================================================[0m
                         : [1mH e l p   f o r   M V A   m e t h o d   [ DNN ] :[0m
                         : 
                         : Keras is a high-level API for the Theano and Tensorflow packages.
                         : This method wraps the training and predictions steps of the Keras
                         : Python package for TMVA, so that dataloading, preprocessing and
                         : evaluation can be done within the TMVA system. To use this Keras
                         : interface, you have to generate a model with Keras first. Then,
                         : this model can be loaded and trained in TMVA.
                         : 
                         : 
                         : <Suppress this message by specifying "!H" in the booking option>
                         : [1m================================================================[0m
                         : 
                         : Preparing the Gaussian transformation...
TFHandler_DNN            :                         Variable                                Mean                                RMS                        [        Min                                Max ]
                         : -----------------------------------------------------------------------------------------------------------------------------------------------------------------------------------
                         :                          bjet_pt:                         0.0023852                           0.99537   [                           -3.1734                            5.7307 ]
                         :                        bjet_aeta:                         0.0024832                           0.99569   [                           -3.2680                            5.7307 ]
                         : bjet_ChargedHadronEnergyFraction:                        -0.0027987                            1.0096   [                           -3.2207                            3.3774 ]
                         : bjet_NeutralHadronEnergyFraction:                          -0.55832                            1.5097   [                           -3.1584                            5.7307 ]
                         :     bjet_NeutralEmEnergyFraction:                         -0.018776                            1.0268   [                           -3.2506                            5.7307 ]
                         :     bjet_ChargedEmEnergyFraction:                           -2.2727                            1.0323   [                           -2.6761                            5.7307 ]
                         :          bjet_MuonEnergyFraction:                           -2.2963                            1.0344   [                           -2.6962                            5.7307 ]
                         :                fabs(bjet_charge):                          0.056639                            1.1349   [                           -3.2090                            5.7307 ]
                         :         bjet_ChargedMultiplicity:                        -0.0073950                            1.0218   [                           -5.0039                            5.7307 ]
                         :         bjet_NeutralMultiplicity:                       -0.00097803                            1.0098   [                           -5.0598                            5.7307 ]
                         : -----------------------------------------------------------------------------------------------------------------------------------------------------------------------------------
                         : Option TriesEarlyStopping: Training will stop after 30 number of epochs with no improvement of validation loss
Train on 1765563 samples, validate on 1716137 samples
Epoch 1/300
 - 185s - loss: 0.8636 - acc: 0.5644 - val_loss: 0.6822 - val_acc: 0.5643
Epoch 2/300
 - 180s - loss: 0.8508 - acc: 0.5612 - val_loss: 0.6875 - val_acc: 0.5525
Epoch 3/300
 - 184s - loss: 0.8490 - acc: 0.5592 - val_loss: 0.6820 - val_acc: 0.5487
Epoch 4/300
 - 182s - loss: 0.8483 - acc: 0.5582 - val_loss: 0.6845 - val_acc: 0.5461
Epoch 5/300
 - 183s - loss: 0.8480 - acc: 0.5591 - val_loss: 0.6851 - val_acc: 0.5400
Epoch 6/300
 - 184s - loss: 0.8477 - acc: 0.5591 - val_loss: 0.6904 - val_acc: 0.5296
Epoch 7/300
 - 186s - loss: 0.8475 - acc: 0.5596 - val_loss: 0.6836 - val_acc: 0.5492
Epoch 8/300
 - 186s - loss: 0.8474 - acc: 0.5587 - val_loss: 0.6723 - val_acc: 0.5721
Epoch 9/300
 - 187s - loss: 0.8472 - acc: 0.5594 - val_loss: 0.6800 - val_acc: 0.5538
Epoch 10/300
 - 191s - loss: 0.8471 - acc: 0.5591 - val_loss: 0.6800 - val_acc: 0.5508
Epoch 11/300
 - 179s - loss: 0.8470 - acc: 0.5592 - val_loss: 0.6743 - val_acc: 0.5671
Epoch 12/300
 - 175s - loss: 0.8470 - acc: 0.5592 - val_loss: 0.6856 - val_acc: 0.5375
Epoch 13/300
 - 186s - loss: 0.8469 - acc: 0.5590 - val_loss: 0.6836 - val_acc: 0.5444
Epoch 14/300
 - 180s - loss: 0.8469 - acc: 0.5588 - val_loss: 0.6783 - val_acc: 0.5528
Epoch 15/300
 - 187s - loss: 0.8468 - acc: 0.5585 - val_loss: 0.6875 - val_acc: 0.5417
Epoch 16/300
 - 183s - loss: 0.8469 - acc: 0.5588 - val_loss: 0.6821 - val_acc: 0.5567
Epoch 17/300
 - 185s - loss: 0.8467 - acc: 0.5585 - val_loss: 0.6793 - val_acc: 0.5545
Epoch 18/300
 - 183s - loss: 0.8467 - acc: 0.5588 - val_loss: 0.6848 - val_acc: 0.5481
Epoch 19/300
 - 182s - loss: 0.8467 - acc: 0.5585 - val_loss: 0.6787 - val_acc: 0.5639
Epoch 20/300
 - 181s - loss: 0.8467 - acc: 0.5593 - val_loss: 0.6826 - val_acc: 0.5463
Epoch 21/300
 - 181s - loss: 0.8466 - acc: 0.5588 - val_loss: 0.6785 - val_acc: 0.5588
Epoch 22/300
 - 177s - loss: 0.8466 - acc: 0.5580 - val_loss: 0.6879 - val_acc: 0.5277
Epoch 23/300
 - 178s - loss: 0.8466 - acc: 0.5586 - val_loss: 0.6770 - val_acc: 0.5614
Epoch 24/300
 - 181s - loss: 0.8466 - acc: 0.5585 - val_loss: 0.6954 - val_acc: 0.5301
Epoch 25/300
 - 187s - loss: 0.8466 - acc: 0.5589 - val_loss: 0.6764 - val_acc: 0.5534
Epoch 26/300
 - 184s - loss: 0.8465 - acc: 0.5579 - val_loss: 0.6801 - val_acc: 0.5597
Epoch 27/300
 - 176s - loss: 0.8466 - acc: 0.5595 - val_loss: 0.6792 - val_acc: 0.5563
Epoch 28/300
 - 181s - loss: 0.8466 - acc: 0.5590 - val_loss: 0.6729 - val_acc: 0.5694
Epoch 29/300
 - 182s - loss: 0.8466 - acc: 0.5594 - val_loss: 0.6840 - val_acc: 0.5440
Epoch 30/300
 - 182s - loss: 0.8465 - acc: 0.5593 - val_loss: 0.6829 - val_acc: 0.5555
Epoch 31/300
 - 179s - loss: 0.8464 - acc: 0.5591 - val_loss: 0.6866 - val_acc: 0.5459
Epoch 32/300
 - 181s - loss: 0.8466 - acc: 0.5589 - val_loss: 0.6839 - val_acc: 0.5390
Epoch 33/300
 - 184s - loss: 0.8465 - acc: 0.5585 - val_loss: 0.6822 - val_acc: 0.5447
Epoch 34/300
 - 181s - loss: 0.8464 - acc: 0.5590 - val_loss: 0.6731 - val_acc: 0.5697
Epoch 35/300
 - 179s - loss: 0.8465 - acc: 0.5592 - val_loss: 0.6783 - val_acc: 0.5605
Epoch 36/300
 - 180s - loss: 0.8464 - acc: 0.5590 - val_loss: 0.6768 - val_acc: 0.5612
Epoch 37/300
 - 179s - loss: 0.8465 - acc: 0.5588 - val_loss: 0.6827 - val_acc: 0.5434
Epoch 38/300
 - 178s - loss: 0.8464 - acc: 0.5588 - val_loss: 0.6745 - val_acc: 0.5691
Epoch 00038: early stopping
                         : Trained model written to file: jet2018__5__64__1000__0.2/weights/TrainedModel_DNN.h5
                         : Elapsed time for training with 1765563 events: 6.96e+03 sec         
                         : Creating xml weight file: [0;36mjet2018__5__64__1000__0.2/weights/jet2018__5__64__1000__0.2_DNN.weights.xml[0m
                         : Creating standalone class: [0;36mjet2018__5__64__1000__0.2/weights/jet2018__5__64__1000__0.2_DNN.class.C[0m
Factory                  : Training finished
                         : 
                         : Ranking input variables (method specific)...
                         : No variable ranking supplied by classifier: DNN
Factory                  : === Destroy and recreate all methods via weight files for testing ===
                         : 
Factory                  : [1mTest all methods[0m
Factory                  : Test method: DNN for Classification performance
                         : 
                         : Load model from file: jet2018__5__64__1000__0.2/weights/TrainedModel_DNN.h5
Factory                  : [1mEvaluate all methods[0m
Factory                  : Evaluate classifier: DNN
                         : 
TFHandler_DNN            :                         Variable                                Mean                                RMS                        [        Min                                Max ]
                         : -----------------------------------------------------------------------------------------------------------------------------------------------------------------------------------
                         :                          bjet_pt:                          0.095058                            1.0246   [                           -3.1744                            5.7307 ]
                         :                        bjet_aeta:                         -0.010166                           0.99093   [                           -3.2681                            5.7307 ]
                         : bjet_ChargedHadronEnergyFraction:                          0.019215                            1.0110   [                           -3.2207                            3.3774 ]
                         : bjet_NeutralHadronEnergyFraction:                          -0.57664                            1.4992   [                           -3.1584                            5.7307 ]
                         :     bjet_NeutralEmEnergyFraction:                         -0.010376                            1.0314   [                           -3.2506                            5.7307 ]
                         :     bjet_ChargedEmEnergyFraction:                           -2.2524                            1.0719   [                           -2.6761                            5.7307 ]
                         :          bjet_MuonEnergyFraction:                           -2.3714                           0.93895   [                           -2.6962                            5.7307 ]
                         :                fabs(bjet_charge):                          0.091852                            1.1282   [                           -3.2089                            5.7307 ]
                         :         bjet_ChargedMultiplicity:                          0.028215                            1.0340   [                           -5.0039                            5.7307 ]
                         :         bjet_NeutralMultiplicity:                          0.023194                            1.0238   [                           -5.0598                            5.7307 ]
                         : -----------------------------------------------------------------------------------------------------------------------------------------------------------------------------------
DNN                      : [jet2018__5__64__1000__0.2] : Loop over test events and fill histograms with classifier response...
                         : 
TFHandler_DNN            :                         Variable                                Mean                                RMS                        [        Min                                Max ]
                         : -----------------------------------------------------------------------------------------------------------------------------------------------------------------------------------
                         :                          bjet_pt:                          0.095058                            1.0246   [                           -3.1744                            5.7307 ]
                         :                        bjet_aeta:                         -0.010166                           0.99093   [                           -3.2681                            5.7307 ]
                         : bjet_ChargedHadronEnergyFraction:                          0.019215                            1.0110   [                           -3.2207                            3.3774 ]
                         : bjet_NeutralHadronEnergyFraction:                          -0.57664                            1.4992   [                           -3.1584                            5.7307 ]
                         :     bjet_NeutralEmEnergyFraction:                         -0.010376                            1.0314   [                           -3.2506                            5.7307 ]
                         :     bjet_ChargedEmEnergyFraction:                           -2.2524                            1.0719   [                           -2.6761                            5.7307 ]
                         :          bjet_MuonEnergyFraction:                           -2.3714                           0.93895   [                           -2.6962                            5.7307 ]
                         :                fabs(bjet_charge):                          0.091852                            1.1282   [                           -3.2089                            5.7307 ]
                         :         bjet_ChargedMultiplicity:                          0.028215                            1.0340   [                           -5.0039                            5.7307 ]
                         :         bjet_NeutralMultiplicity:                          0.023194                            1.0238   [                           -5.0598                            5.7307 ]
                         : -----------------------------------------------------------------------------------------------------------------------------------------------------------------------------------
                         : 
                         : Evaluation results ranked by best signal efficiency and purity (area)
                         : -------------------------------------------------------------------------------------------------------------------
                         : DataSet       MVA                       
                         : Name:         Method:          ROC-integ
                         : jet2018__5__64__1000__0.2 DNN            : 0.604
                         : -------------------------------------------------------------------------------------------------------------------
                         : 
                         : Testing efficiency compared to training efficiency (overtraining check)
                         : -------------------------------------------------------------------------------------------------------------------
                         : DataSet              MVA              Signal efficiency: from test sample (from training sample) 
                         : Name:                Method:          @B=0.01             @B=0.10            @B=0.30   
                         : -------------------------------------------------------------------------------------------------------------------
                         : jet2018__5__64__1000__0.2 DNN            : 0.032 (0.030)       0.201 (0.202)      0.450 (0.455)
                         : -------------------------------------------------------------------------------------------------------------------
                         : 
Dataset:jet2018__5__64...: Created tree 'TestTree' with 1716137 events
                         : 
Dataset:jet2018__5__64...: Created tree 'TrainTree' with 1765563 events
                         : 
Factory                  : [1mThank you for using TMVA![0m
                         : [1mFor citation information, please visit: http://tmva.sf.net/citeTMVA.html[0m
ref.cut= DNN 0.489056334322
auc= 0.603642284864
myerr=0
[ntry=1]
