Submitting job(s)..................................................
50 job(s) submitted to cluster 2178515.
Submitting job(s)..................................................
50 job(s) submitted to cluster 2178520.
Submitting job(s)..................................................
50 job(s) submitted to cluster 2178523.
Submitting job(s)..................................................
50 job(s) submitted to cluster 2178527.
Submitting job(s)..................................................
50 job(s) submitted to cluster 2178531.
condor_submit WORKDIR_HADD/run.jds > WORKDIR_HADD/run.jid
condor_submit WORKDIR_HADD/run.jds > WORKDIR_HADD/run.jid
condor_submit WORKDIR_HADD/run.jds > WORKDIR_HADD/run.jid
condor_submit WORKDIR_HADD/run.jds > WORKDIR_HADD/run.jid
condor_submit WORKDIR_HADD/run.jds > WORKDIR_HADD/run.jid
##################################################
Submission Finished
- JobID = 302963
- Analyzer = LepJetChargeReliability_RECO
- Skim = SkimTree_Dilepton
- InputSamples = ['DoubleMuon:B', 'DoubleMuon:C', 'DoubleMuon:D', 'DoubleMuon:E', 'DoubleMuon:F']
- NJobs = 50
- Era = 2017
- UserFlags = []
- RunDir = /data6/Users/jhchoi/SKFlatRunlog//2023_12_14_164855__302963__LepJetChargeReliability_RECO__Era2017__SkimTree_Dilepton__TAMSA1/DoubleMuon_periodF/
- output will be send to : /data6/Users/jhchoi/SKFlatOutput//Run2UltraLegacy_v3/LepJetChargeReliability_RECO/2017//DATA/
##################################################
submit hadd
<AFTER hadd fin. please rm remainings..>
rm /data6/Users/jhchoi/SKFlatRunlog//2023_12_14_164855__302963__LepJetChargeReliability_RECO__Era2017__SkimTree_Dilepton__TAMSA1/DoubleMuon_periodB//output/*.root
submit hadd
<AFTER hadd fin. please rm remainings..>
rm /data6/Users/jhchoi/SKFlatRunlog//2023_12_14_164855__302963__LepJetChargeReliability_RECO__Era2017__SkimTree_Dilepton__TAMSA1/DoubleMuon_periodC//output/*.root
submit hadd
<AFTER hadd fin. please rm remainings..>
rm /data6/Users/jhchoi/SKFlatRunlog//2023_12_14_164855__302963__LepJetChargeReliability_RECO__Era2017__SkimTree_Dilepton__TAMSA1/DoubleMuon_periodD//output/*.root
submit hadd
<AFTER hadd fin. please rm remainings..>
rm /data6/Users/jhchoi/SKFlatRunlog//2023_12_14_164855__302963__LepJetChargeReliability_RECO__Era2017__SkimTree_Dilepton__TAMSA1/DoubleMuon_periodE//output/*.root
submit hadd
<AFTER hadd fin. please rm remainings..>
rm /data6/Users/jhchoi/SKFlatRunlog//2023_12_14_164855__302963__LepJetChargeReliability_RECO__Era2017__SkimTree_Dilepton__TAMSA1/DoubleMuon_periodF//output/*.root
