<sig cut>= (belectron_charge*bjet_partonFlavour < 0)&&(Has_bElectron)
<bkg cut>= (belectron_charge*bjet_partonFlavour > 0)&&(Has_bElectron)
_________________________________________________________________
Layer (type)                 Output Shape              Param #   
=================================================================
dense_1 (Dense)              (None, 128)               3200      
_________________________________________________________________
batch_normalization_1 (Batch (None, 128)               512       
_________________________________________________________________
activation_1 (Activation)    (None, 128)               0         
_________________________________________________________________
dropout_1 (Dropout)          (None, 128)               0         
_________________________________________________________________
dense_2 (Dense)              (None, 128)               16512     
_________________________________________________________________
batch_normalization_2 (Batch (None, 128)               512       
_________________________________________________________________
activation_2 (Activation)    (None, 128)               0         
_________________________________________________________________
dropout_2 (Dropout)          (None, 128)               0         
_________________________________________________________________
dense_3 (Dense)              (None, 128)               16512     
_________________________________________________________________
batch_normalization_3 (Batch (None, 128)               512       
_________________________________________________________________
activation_3 (Activation)    (None, 128)               0         
_________________________________________________________________
dropout_3 (Dropout)          (None, 128)               0         
_________________________________________________________________
dense_4 (Dense)              (None, 2)                 258       
_________________________________________________________________
activation_4 (Activation)    (None, 2)                 0         
=================================================================
Total params: 38,018
Trainable params: 37,250
Non-trainable params: 768
_________________________________________________________________
---sig_test---
<self.testtree_sig> OutTree/sig
/data6/Users/jhchoi/TMVA/TMVA_TOOL/inputs/EEMu_MuMuE_Method/v2405.2/2017/EEMu_MuMuE_Method_DYJetsToEE_MiNNLO.root
/data6/Users/jhchoi/TMVA/TMVA_TOOL/inputs/EEMu_MuMuE_Method/v2405.2/2017/EEMu_MuMuE_Method_DYJetsToMuMu_MiNNLO.root
--bkg_test---
<self.testtree_bkg> OutTree/bkg
/data6/Users/jhchoi/TMVA/TMVA_TOOL/inputs/EEMu_MuMuE_Method/v2405.2/2017/EEMu_MuMuE_Method_DYJetsToEE_MiNNLO.root
/data6/Users/jhchoi/TMVA/TMVA_TOOL/inputs/EEMu_MuMuE_Method/v2405.2/2017/EEMu_MuMuE_Method_DYJetsToMuMu_MiNNLO.root
---sig_train---
<self.traintree_sig> OutTree/sig
/data6/Users/jhchoi/TMVA/TMVA_TOOL/inputs/EEMu_MuMuE_Method/v2405.2/2017/EEMu_MuMuE_Method_DYJets.root
---bkg_train---
<self.traintree_bkg> OutTree/bkg
/data6/Users/jhchoi/TMVA/TMVA_TOOL/inputs/EEMu_MuMuE_Method/v2405.2/2017/EEMu_MuMuE_Method_DYJets.root
DataSetInfo              : [electron2017__3__50__100__0.1] : Added class "Signal"
                         : Add Tree OutTree/sig of type Signal with 903237 events
                         : Add Tree OutTree/sig of type Signal with 1201756 events
DataSetInfo              : [electron2017__3__50__100__0.1] : Added class "Background"
                         : Add Tree OutTree/bkg of type Background with 594513 events
                         : Add Tree OutTree/bkg of type Background with 789045 events
>>>>self.dataloader.PrepareTrainingAndTestTree
Set sig cut -> (belectron_charge*bjet_partonFlavour < 0)&&(Has_bElectron)
Set bkg cut -> (belectron_charge*bjet_partonFlavour > 0)&&(Has_bElectron)
Factory                  : Booking method: [1mDNN[0m
                         : 
DNN                      : [electron2017__3__50__100__0.1] : Create Transformation "N" with events from all classes.
                         : 
                         : Transformation, Variable selection : 
                         : Input : variable 'belectron_P_jetrest' <---> Output : variable 'belectron_P_jetrest'
                         : Input : variable 'belectron_ptwrtbjet' <---> Output : variable 'belectron_ptwrtbjet'
                         : Input : variable 'belectron_dR_l_j' <---> Output : variable 'belectron_dR_l_j'
                         : Input : variable 'belectron_nsip3d' <---> Output : variable 'belectron_nsip3d'
                         : Input : variable 'belectron_reltrkiso' <---> Output : variable 'belectron_reltrkiso'
                         : Input : variable 'belectron_reliso' <---> Output : variable 'belectron_reliso'
                         : Input : variable 'belectron_palongjet' <---> Output : variable 'belectron_palongjet'
                         : Input : variable 'belectron_palongjetratio' <---> Output : variable 'belectron_palongjetratio'
                         : Input : variable 'belectron_pt' <---> Output : variable 'belectron_pt'
                         : Input : variable 'belectron_aeta' <---> Output : variable 'belectron_aeta'
                         : Input : variable 'belectron_full5x5sigmaietaieta' <---> Output : variable 'belectron_full5x5sigmaietaieta'
                         : Input : variable 'fabs(belectron_detaseed)' <---> Output : variable 'fabs(belectron_detaseed)'
                         : Input : variable 'belectron_HoverE' <---> Output : variable 'belectron_HoverE'
                         : Input : variable 'belectron_InvEminusInvP' <---> Output : variable 'belectron_InvEminusInvP'
                         : Input : variable 'bjet_pt' <---> Output : variable 'bjet_pt'
                         : Input : variable 'bjet_aeta' <---> Output : variable 'bjet_aeta'
                         : Input : variable 'bjet_ChargedHadronEnergyFraction' <---> Output : variable 'bjet_ChargedHadronEnergyFraction'
                         : Input : variable 'bjet_NeutralHadronEnergyFraction' <---> Output : variable 'bjet_NeutralHadronEnergyFraction'
                         : Input : variable 'bjet_NeutralEmEnergyFraction' <---> Output : variable 'bjet_NeutralEmEnergyFraction'
                         : Input : variable 'bjet_ChargedEmEnergyFraction' <---> Output : variable 'bjet_ChargedEmEnergyFraction'
                         : Input : variable 'bjet_MuonEnergyFraction' <---> Output : variable 'bjet_MuonEnergyFraction'
                         : Input : variable 'fabs(bjet_charge)' <---> Output : variable 'fabs(bjet_charge)'
                         : Input : variable 'bjet_ChargedMultiplicity' <---> Output : variable 'bjet_ChargedMultiplicity'
                         : Input : variable 'bjet_NeutralMultiplicity' <---> Output : variable 'bjet_NeutralMultiplicity'
DNN                      : [electron2017__3__50__100__0.1] : Create Transformation "U" with events from all classes.
                         : 
                         : Transformation, Variable selection : 
                         : Input : variable 'belectron_P_jetrest' <---> Output : variable 'belectron_P_jetrest'
                         : Input : variable 'belectron_ptwrtbjet' <---> Output : variable 'belectron_ptwrtbjet'
                         : Input : variable 'belectron_dR_l_j' <---> Output : variable 'belectron_dR_l_j'
                         : Input : variable 'belectron_nsip3d' <---> Output : variable 'belectron_nsip3d'
                         : Input : variable 'belectron_reltrkiso' <---> Output : variable 'belectron_reltrkiso'
                         : Input : variable 'belectron_reliso' <---> Output : variable 'belectron_reliso'
                         : Input : variable 'belectron_palongjet' <---> Output : variable 'belectron_palongjet'
                         : Input : variable 'belectron_palongjetratio' <---> Output : variable 'belectron_palongjetratio'
                         : Input : variable 'belectron_pt' <---> Output : variable 'belectron_pt'
                         : Input : variable 'belectron_aeta' <---> Output : variable 'belectron_aeta'
                         : Input : variable 'belectron_full5x5sigmaietaieta' <---> Output : variable 'belectron_full5x5sigmaietaieta'
                         : Input : variable 'fabs(belectron_detaseed)' <---> Output : variable 'fabs(belectron_detaseed)'
                         : Input : variable 'belectron_HoverE' <---> Output : variable 'belectron_HoverE'
                         : Input : variable 'belectron_InvEminusInvP' <---> Output : variable 'belectron_InvEminusInvP'
                         : Input : variable 'bjet_pt' <---> Output : variable 'bjet_pt'
                         : Input : variable 'bjet_aeta' <---> Output : variable 'bjet_aeta'
                         : Input : variable 'bjet_ChargedHadronEnergyFraction' <---> Output : variable 'bjet_ChargedHadronEnergyFraction'
                         : Input : variable 'bjet_NeutralHadronEnergyFraction' <---> Output : variable 'bjet_NeutralHadronEnergyFraction'
                         : Input : variable 'bjet_NeutralEmEnergyFraction' <---> Output : variable 'bjet_NeutralEmEnergyFraction'
                         : Input : variable 'bjet_ChargedEmEnergyFraction' <---> Output : variable 'bjet_ChargedEmEnergyFraction'
                         : Input : variable 'bjet_MuonEnergyFraction' <---> Output : variable 'bjet_MuonEnergyFraction'
                         : Input : variable 'fabs(bjet_charge)' <---> Output : variable 'fabs(bjet_charge)'
                         : Input : variable 'bjet_ChargedMultiplicity' <---> Output : variable 'bjet_ChargedMultiplicity'
                         : Input : variable 'bjet_NeutralMultiplicity' <---> Output : variable 'bjet_NeutralMultiplicity'
DNN                      : [electron2017__3__50__100__0.1] : Create Transformation "G" with events from all classes.
                         : 
                         : Transformation, Variable selection : 
                         : Input : variable 'belectron_P_jetrest' <---> Output : variable 'belectron_P_jetrest'
                         : Input : variable 'belectron_ptwrtbjet' <---> Output : variable 'belectron_ptwrtbjet'
                         : Input : variable 'belectron_dR_l_j' <---> Output : variable 'belectron_dR_l_j'
                         : Input : variable 'belectron_nsip3d' <---> Output : variable 'belectron_nsip3d'
                         : Input : variable 'belectron_reltrkiso' <---> Output : variable 'belectron_reltrkiso'
                         : Input : variable 'belectron_reliso' <---> Output : variable 'belectron_reliso'
                         : Input : variable 'belectron_palongjet' <---> Output : variable 'belectron_palongjet'
                         : Input : variable 'belectron_palongjetratio' <---> Output : variable 'belectron_palongjetratio'
                         : Input : variable 'belectron_pt' <---> Output : variable 'belectron_pt'
                         : Input : variable 'belectron_aeta' <---> Output : variable 'belectron_aeta'
                         : Input : variable 'belectron_full5x5sigmaietaieta' <---> Output : variable 'belectron_full5x5sigmaietaieta'
                         : Input : variable 'fabs(belectron_detaseed)' <---> Output : variable 'fabs(belectron_detaseed)'
                         : Input : variable 'belectron_HoverE' <---> Output : variable 'belectron_HoverE'
                         : Input : variable 'belectron_InvEminusInvP' <---> Output : variable 'belectron_InvEminusInvP'
                         : Input : variable 'bjet_pt' <---> Output : variable 'bjet_pt'
                         : Input : variable 'bjet_aeta' <---> Output : variable 'bjet_aeta'
                         : Input : variable 'bjet_ChargedHadronEnergyFraction' <---> Output : variable 'bjet_ChargedHadronEnergyFraction'
                         : Input : variable 'bjet_NeutralHadronEnergyFraction' <---> Output : variable 'bjet_NeutralHadronEnergyFraction'
                         : Input : variable 'bjet_NeutralEmEnergyFraction' <---> Output : variable 'bjet_NeutralEmEnergyFraction'
                         : Input : variable 'bjet_ChargedEmEnergyFraction' <---> Output : variable 'bjet_ChargedEmEnergyFraction'
                         : Input : variable 'bjet_MuonEnergyFraction' <---> Output : variable 'bjet_MuonEnergyFraction'
                         : Input : variable 'fabs(bjet_charge)' <---> Output : variable 'fabs(bjet_charge)'
                         : Input : variable 'bjet_ChargedMultiplicity' <---> Output : variable 'bjet_ChargedMultiplicity'
                         : Input : variable 'bjet_NeutralMultiplicity' <---> Output : variable 'bjet_NeutralMultiplicity'
                         : Load model from file: model.h5
Factory                  : [1mTrain all methods[0m
DataSetFactory           : [electron2017__3__50__100__0.1] : Number of events in input trees
                         : Dataset[electron2017__3__50__100__0.1] :     Signal     requirement: "(belectron_charge*bjet_partonFlavour < 0)&&(Has_bElectron)"
                         : Dataset[electron2017__3__50__100__0.1] :     Signal          -- number of events passed: 93487  / sum of weights: 93487
                         : Dataset[electron2017__3__50__100__0.1] :     Signal          -- efficiency             : 0.044412
                         : Dataset[electron2017__3__50__100__0.1] :     Background requirement: "(belectron_charge*bjet_partonFlavour > 0)&&(Has_bElectron)"
                         : Dataset[electron2017__3__50__100__0.1] :     Background      -- number of events passed: 53888  / sum of weights: 53888
                         : Dataset[electron2017__3__50__100__0.1] :     Background      -- efficiency             : 0.0389489
                         : Dataset[electron2017__3__50__100__0.1] :  you have opted for interpreting the requested number of training/testing events
                         :  to be the number of events AFTER your preselection cuts
                         : 
                         : Dataset[electron2017__3__50__100__0.1] :  you have opted for interpreting the requested number of training/testing events
                         :  to be the number of events AFTER your preselection cuts
                         : 
                         : Dataset[electron2017__3__50__100__0.1] : Weight renormalisation mode: "EqualNumEvents": renormalises all event classes ...
                         : Dataset[electron2017__3__50__100__0.1] :  such that the effective (weighted) number of events in each class is the same 
                         : Dataset[electron2017__3__50__100__0.1] :  (and equals the number of events (entries) given for class=0 )
                         : Dataset[electron2017__3__50__100__0.1] : ... i.e. such that Sum[i=1..N_j]{w_i} = N_classA, j=classA, classB, ...
                         : Dataset[electron2017__3__50__100__0.1] : ... (note that N_j is the sum of TRAINING events
                         : Dataset[electron2017__3__50__100__0.1] :  ..... Testing events are not renormalised nor included in the renormalisation factor!)
                         : Number of training and testing events
                         : ---------------------------------------------------------------------------
                         : Signal     -- training events            : 49656
                         : Signal     -- testing events             : 43831
                         : Signal     -- training and testing events: 93487
                         : Dataset[electron2017__3__50__100__0.1] : Signal     -- due to the preselection a scaling factor has been applied to the numbers of requested events: 0.044412
                         : Background -- training events            : 28341
                         : Background -- testing events             : 25547
                         : Background -- training and testing events: 53888
                         : Dataset[electron2017__3__50__100__0.1] : Background -- due to the preselection a scaling factor has been applied to the numbers of requested events: 0.0389489
                         : 
DataSetInfo              : Correlation matrix (Signal):
                         : --------------------------------------------------------------------------------------------------------------------------------------------------------------------------------------------------------------------------------------------------------------------------------------------------------------------------------------------------------------------------------------------------------------------------------------------------------------------------------------------------------------------------------------------------------------------
                         :                                   belectron_P_jetrest belectron_ptwrtbjet belectron_dR_l_j belectron_nsip3d belectron_reltrkiso belectron_reliso belectron_palongjet belectron_palongjetratio belectron_pt belectron_aeta belectron_full5x5sigmaietaieta fabs(belectron_detaseed) belectron_HoverE belectron_InvEminusInvP bjet_pt bjet_aeta bjet_ChargedHadronEnergyFraction bjet_NeutralHadronEnergyFraction bjet_NeutralEmEnergyFraction bjet_ChargedEmEnergyFraction bjet_MuonEnergyFraction fabs(bjet_charge) bjet_ChargedMultiplicity bjet_NeutralMultiplicity
                         :              belectron_P_jetrest:              +1.000              +0.731           +0.015           +0.012              -0.353           -0.428              +0.625                   +0.535       +0.790         +0.001                         -0.043                   -0.048           -0.147                  -0.148  +0.533    +0.042                           -0.241                           -0.038                       -0.066                       +0.282                  +0.032            +0.209                   +0.108                   +0.035
                         :              belectron_ptwrtbjet:              +0.731              +1.000           +0.505           +0.045              -0.183           -0.213              +0.252                   +0.124       +0.311         +0.001                         -0.041                   -0.036           -0.095                  -0.070  +0.313    +0.022                           -0.107                           -0.001                       -0.035                       +0.077                  +0.120            +0.074                   +0.076                   +0.006
                         :                 belectron_dR_l_j:              +0.015              +0.505           +1.000           +0.092              +0.111           +0.160              -0.279                   -0.448       -0.376         +0.003                         +0.005                   -0.009           -0.026                  +0.058  -0.160    +0.017                           +0.121                           +0.055                       +0.006                       -0.218                  +0.167            -0.125                   +0.069                   -0.015
                         :                 belectron_nsip3d:              +0.012              +0.045           +0.092           +1.000              -0.044           +0.001              -0.023                   -0.034       -0.033         -0.003                         +0.002                   +0.014           +0.001                  +0.053  -0.019    -0.007                           +0.001                           +0.007                       +0.026                       -0.025                  +0.006            -0.022                   +0.008                   +0.016
                         :              belectron_reltrkiso:              -0.353              -0.183           +0.111           -0.044              +1.000           +0.656              -0.246                   -0.561       -0.294         -0.001                         +0.069                   +0.102           +0.359                  +0.179  +0.163    -0.068                           +0.386                           -0.043                       -0.099                       -0.361                  +0.187            -0.225                   +0.255                   +0.069
                         :                 belectron_reliso:              -0.428              -0.213           +0.160           +0.001              +0.656           +1.000              -0.340                   -0.688       -0.358         -0.002                         -0.027                   +0.065           +0.393                  +0.268  +0.194    -0.170                           +0.277                           +0.122                       +0.196                       -0.431                  -0.073            -0.276                   +0.216                   +0.268
                         :              belectron_palongjet:              +0.625              +0.252           -0.279           -0.023              -0.246           -0.340              +1.000                   +0.487       +0.736         +0.011                         +0.345                   +0.090           -0.043                  -0.169  +0.436    +0.478                           -0.169                           +0.007                       -0.090                       +0.239                  -0.038            +0.137                   +0.058                   -0.179
                         :         belectron_palongjetratio:              +0.535              +0.124           -0.448           -0.034              -0.561           -0.688              +0.487                   +1.000       +0.613         -0.006                         -0.098                   -0.117           -0.278                  -0.236  -0.049    +0.031                           -0.439                           -0.127                       -0.199                       +0.681                  -0.139            +0.384                   -0.310                   -0.251
                         :                     belectron_pt:              +0.790              +0.311           -0.376           -0.033              -0.294           -0.358              +0.736                   +0.613       +1.000         +0.003                         -0.055                   -0.048           -0.079                  -0.142  +0.644    +0.002                           -0.227                           -0.063                       -0.020                       +0.285                  -0.054            +0.228                   -0.002                   +0.021
                         :                   belectron_aeta:              +0.001              +0.001           +0.003           -0.003              -0.001           -0.002              +0.011                   -0.006       +0.003         +1.000                         +0.015                   +0.022           -0.003                  +0.004  +0.005    +0.010                           -0.005                           +0.017                       -0.001                       -0.005                  +0.005            -0.000                   -0.013                   -0.005
                         :   belectron_full5x5sigmaietaieta:              -0.043              -0.041           +0.005           +0.002              +0.069           -0.027              +0.345                   -0.098       -0.055         +0.015                         +1.000                   +0.335           +0.111                  -0.026  -0.002    +0.716                           +0.140                           +0.080                       -0.071                       -0.124                  +0.006            -0.117                   +0.204                   -0.306
                         :         fabs(belectron_detaseed):              -0.048              -0.036           -0.009           +0.014              +0.102           +0.065              +0.090                   -0.117       -0.048         +0.022                         +0.335                   +1.000           +0.074                  +0.251  +0.032    +0.255                           +0.111                           +0.051                       +0.084                       -0.193                  +0.008            -0.121                   +0.139                   +0.007
                         :                 belectron_HoverE:              -0.147              -0.095           -0.026           +0.001              +0.359           +0.393              -0.043                   -0.278       -0.079         -0.003                         +0.111                   +0.074           +1.000                  +0.097  +0.233    +0.059                           +0.085                           +0.272                       -0.102                       -0.129                  -0.014            -0.076                   +0.106                   +0.046
                         :          belectron_InvEminusInvP:              -0.148              -0.070           +0.058           +0.053              +0.179           +0.268              -0.169                   -0.236       -0.142         +0.004                         -0.026                   +0.251           +0.097                  +1.000  +0.012    -0.165                           +0.143                           -0.012                       +0.264                       -0.323                  +0.011            -0.181                   +0.115                   +0.176
                         :                          bjet_pt:              +0.533              +0.313           -0.160           -0.019              +0.163           +0.194              +0.436                   -0.049       +0.644         +0.005                         -0.002                   +0.032           +0.233                  +0.012  +1.000    -0.047                           +0.024                           +0.024                       +0.115                       -0.151                  +0.083            -0.001                   +0.316                   +0.292
                         :                        bjet_aeta:              +0.042              +0.022           +0.017           -0.007              -0.068           -0.170              +0.478                   +0.031       +0.002         +0.010                         +0.716                   +0.255           +0.059                  -0.165  -0.047    +1.000                           +0.009                           +0.121                       -0.167                       +0.046                  +0.017            -0.031                   +0.063                   -0.253
                         : bjet_ChargedHadronEnergyFraction:              -0.241              -0.107           +0.121           +0.001              +0.386           +0.277              -0.169                   -0.439       -0.227         -0.005                         +0.140                   +0.111           +0.085                  +0.143  +0.024    +0.009                           +1.000                           -0.335                       -0.076                       -0.660                  -0.215            -0.300                   +0.399                   -0.024
                         : bjet_NeutralHadronEnergyFraction:              -0.038              -0.001           +0.055           +0.007              -0.043           +0.122              +0.007                   -0.127       -0.063         +0.017                         +0.080                   +0.051           +0.272                  -0.012  +0.024    +0.121                           -0.335                           +1.000                       -0.198                       +0.031                  -0.079            -0.016                   -0.121                   +0.078
                         :     bjet_NeutralEmEnergyFraction:              -0.066              -0.035           +0.006           +0.026              -0.099           +0.196              -0.090                   -0.199       -0.020         -0.001                         -0.071                   +0.084           -0.102                  +0.264  +0.115    -0.167                           -0.076                           -0.198                       +1.000                       -0.483                  -0.136            -0.099                   -0.029                   +0.463
                         :     bjet_ChargedEmEnergyFraction:              +0.282              +0.077           -0.218           -0.025              -0.361           -0.431              +0.239                   +0.681       +0.285         -0.005                         -0.124                   -0.193           -0.129                  -0.323  -0.151    +0.046                           -0.660                           +0.031                       -0.483                       +1.000                  -0.088            +0.320                   -0.294                   -0.307
                         :          bjet_MuonEnergyFraction:              +0.032              +0.120           +0.167           +0.006              +0.187           -0.073              -0.038                   -0.139       -0.054         +0.005                         +0.006                   +0.008           -0.014                  +0.011  +0.083    +0.017                           -0.215                           -0.079                       -0.136                       -0.088                  +1.000            +0.105                   -0.029                   -0.079
                         :                fabs(bjet_charge):              +0.209              +0.074           -0.125           -0.022              -0.225           -0.276              +0.137                   +0.384       +0.228         -0.000                         -0.117                   -0.121           -0.076                  -0.181  -0.001    -0.031                           -0.300                           -0.016                       -0.099                       +0.320                  +0.105            +1.000                   -0.277                   -0.115
                         :         bjet_ChargedMultiplicity:              +0.108              +0.076           +0.069           +0.008              +0.255           +0.216              +0.058                   -0.310       -0.002         -0.013                         +0.204                   +0.139           +0.106                  +0.115  +0.316    +0.063                           +0.399                           -0.121                       -0.029                       -0.294                  -0.029            -0.277                   +1.000                   +0.139
                         :         bjet_NeutralMultiplicity:              +0.035              +0.006           -0.015           +0.016              +0.069           +0.268              -0.179                   -0.251       +0.021         -0.005                         -0.306                   +0.007           +0.046                  +0.176  +0.292    -0.253                           -0.024                           +0.078                       +0.463                       -0.307                  -0.079            -0.115                   +0.139                   +1.000
                         : --------------------------------------------------------------------------------------------------------------------------------------------------------------------------------------------------------------------------------------------------------------------------------------------------------------------------------------------------------------------------------------------------------------------------------------------------------------------------------------------------------------------------------------------------------------------
DataSetInfo              : Correlation matrix (Background):
                         : --------------------------------------------------------------------------------------------------------------------------------------------------------------------------------------------------------------------------------------------------------------------------------------------------------------------------------------------------------------------------------------------------------------------------------------------------------------------------------------------------------------------------------------------------------------------
                         :                                   belectron_P_jetrest belectron_ptwrtbjet belectron_dR_l_j belectron_nsip3d belectron_reltrkiso belectron_reliso belectron_palongjet belectron_palongjetratio belectron_pt belectron_aeta belectron_full5x5sigmaietaieta fabs(belectron_detaseed) belectron_HoverE belectron_InvEminusInvP bjet_pt bjet_aeta bjet_ChargedHadronEnergyFraction bjet_NeutralHadronEnergyFraction bjet_NeutralEmEnergyFraction bjet_ChargedEmEnergyFraction bjet_MuonEnergyFraction fabs(bjet_charge) bjet_ChargedMultiplicity bjet_NeutralMultiplicity
                         :              belectron_P_jetrest:              +1.000              +0.767           +0.101           +0.025              -0.359           -0.422              +0.656                   +0.569       +0.806         +0.003                         +0.019                   +0.054           -0.134                  -0.043  +0.511    +0.079                           -0.203                           -0.018                       +0.026                       +0.221                  +0.005            +0.107                   +0.134                   +0.067
                         :              belectron_ptwrtbjet:              +0.767              +1.000           +0.548           +0.064              -0.215           -0.237              +0.308                   +0.203       +0.365         +0.006                         +0.011                   +0.065           -0.101                  +0.022  +0.320    +0.063                           -0.124                           -0.008                       +0.014                       +0.081                  +0.091            +0.070                   +0.098                   +0.032
                         :                 belectron_dR_l_j:              +0.101              +0.548           +1.000           +0.135              +0.051           +0.093              -0.225                   -0.359       -0.314         +0.006                         +0.016                   +0.034           -0.052                  +0.080  -0.126    +0.045                           +0.054                           +0.015                       -0.020                       -0.150                  +0.157            +0.004                   +0.077                   -0.014
                         :                 belectron_nsip3d:              +0.025              +0.064           +0.135           +1.000              -0.075           -0.015              -0.030                   -0.028       -0.034         +0.006                         -0.013                   +0.007           -0.014                  +0.053  -0.025    -0.017                           -0.012                           -0.008                       +0.046                       -0.021                  +0.001            -0.009                   -0.006                   +0.031
                         :              belectron_reltrkiso:              -0.359              -0.215           +0.051           -0.075              +1.000           +0.614              -0.257                   -0.545       -0.292         -0.005                         +0.010                   +0.011           +0.288                  +0.078  +0.164    -0.088                           +0.320                           -0.082                       -0.193                       -0.277                  +0.199            -0.032                   +0.227                   +0.025
                         :                 belectron_reliso:              -0.422              -0.237           +0.093           -0.015              +0.614           +1.000              -0.354                   -0.669       -0.353         -0.001                         -0.099                   -0.027           +0.363                  +0.172  +0.207    -0.196                           +0.207                           +0.111                       +0.106                       -0.322                  -0.125            -0.105                   +0.197                   +0.246
                         :              belectron_palongjet:              +0.656              +0.308           -0.225           -0.030              -0.257           -0.354              +1.000                   +0.546       +0.750         +0.014                         +0.379                   +0.145           -0.031                  -0.147  +0.395    +0.487                           -0.154                           +0.032                       -0.038                       +0.221                  -0.047            +0.073                   +0.068                   -0.167
                         :         belectron_palongjetratio:              +0.569              +0.203           -0.359           -0.028              -0.545           -0.669              +0.546                   +1.000       +0.640         +0.001                         -0.005                   -0.014           -0.252                  -0.126  -0.055    +0.075                           -0.324                           -0.065                       -0.071                       +0.553                  -0.125            +0.167                   -0.265                   -0.213
                         :                     belectron_pt:              +0.806              +0.365           -0.314           -0.034              -0.292           -0.353              +0.750                   +0.640       +1.000         +0.004                         -0.016                   +0.001           -0.066                  -0.081  +0.603    +0.022                           -0.196                           -0.032                       +0.055                       +0.236                  -0.059            +0.103                   +0.022                   +0.048
                         :                   belectron_aeta:              +0.003              +0.006           +0.006           +0.006              -0.005           -0.001              +0.014                   +0.001       +0.004         +1.000                         +0.027                   +0.010           +0.008                  -0.003  -0.001    +0.018                           -0.017                           +0.018                       +0.004                       +0.006                  -0.001            +0.010                   -0.010                   -0.013
                         :   belectron_full5x5sigmaietaieta:              +0.019              +0.011           +0.016           -0.013              +0.010           -0.099              +0.379                   -0.005       -0.016         +0.027                         +1.000                   +0.313           +0.089                  -0.096  -0.021    +0.725                           +0.094                           +0.071                       -0.117                       -0.042                  -0.014            -0.037                   +0.173                   -0.345
                         :         fabs(belectron_detaseed):              +0.054              +0.065           +0.034           +0.007              +0.011           -0.027              +0.145                   -0.014       +0.001         +0.010                         +0.313                   +1.000           +0.041                  +0.255  +0.026    +0.279                           +0.060                           +0.029                       +0.030                       -0.098                  -0.025            -0.037                   +0.116                   -0.037
                         :                 belectron_HoverE:              -0.134              -0.101           -0.052           -0.014              +0.288           +0.363              -0.031                   -0.252       -0.066         +0.008                         +0.089                   +0.041           +1.000                  +0.045  +0.237    +0.070                           +0.019                           +0.306                       -0.156                       -0.051                  -0.035            -0.002                   +0.077                   +0.009
                         :          belectron_InvEminusInvP:              -0.043              +0.022           +0.080           +0.053              +0.078           +0.172              -0.147                   -0.126       -0.081         -0.003                         -0.096                   +0.255           +0.045                  +1.000  +0.013    -0.203                           +0.058                           -0.032                       +0.218                       -0.222                  -0.023            -0.055                   +0.080                   +0.144
                         :                          bjet_pt:              +0.511              +0.320           -0.126           -0.025              +0.164           +0.207              +0.395                   -0.055       +0.603         -0.001                         -0.021                   +0.026           +0.237                  +0.013  +1.000    -0.052                           -0.016                           +0.029                       +0.109                       -0.132                  +0.063            +0.030                   +0.335                   +0.317
                         :                        bjet_aeta:              +0.079              +0.063           +0.045           -0.017              -0.088           -0.196              +0.487                   +0.075       +0.022         +0.018                         +0.725                   +0.279           +0.070                  -0.203  -0.052    +1.000                           +0.000                           +0.121                       -0.170                       +0.070                  +0.006            +0.011                   +0.055                   -0.265
                         : bjet_ChargedHadronEnergyFraction:              -0.203              -0.124           +0.054           -0.012              +0.320           +0.207              -0.154                   -0.324       -0.196         -0.017                         +0.094                   +0.060           +0.019                  +0.058  -0.016    +0.000                           +1.000                           -0.406                       -0.164                       -0.594                  -0.300            -0.208                   +0.373                   -0.078
                         : bjet_NeutralHadronEnergyFraction:              -0.018              -0.008           +0.015           -0.008              -0.082           +0.111              +0.032                   -0.065       -0.032         +0.018                         +0.071                   +0.029           +0.306                  -0.032  +0.029    +0.121                           -0.406                           +1.000                       -0.235                       +0.131                  -0.095            +0.006                   -0.154                   +0.056
                         :     bjet_NeutralEmEnergyFraction:              +0.026              +0.014           -0.020           +0.046              -0.193           +0.106              -0.038                   -0.071       +0.055         +0.004                         -0.117                   +0.030           -0.156                  +0.218  +0.109    -0.170                           -0.164                           -0.235                       +1.000                       -0.417                  -0.183            -0.069                   -0.054                   +0.450
                         :     bjet_ChargedEmEnergyFraction:              +0.221              +0.081           -0.150           -0.021              -0.277           -0.322              +0.221                   +0.553       +0.236         +0.006                         -0.042                   -0.098           -0.051                  -0.222  -0.132    +0.070                           -0.594                           +0.131                       -0.417                       +1.000                  -0.048            +0.162                   -0.254                   -0.266
                         :          bjet_MuonEnergyFraction:              +0.005              +0.091           +0.157           +0.001              +0.199           -0.125              -0.047                   -0.125       -0.059         -0.001                         -0.014                   -0.025           -0.035                  -0.023  +0.063    +0.006                           -0.300                           -0.095                       -0.183                       -0.048                  +1.000            +0.222                   -0.065                   -0.105
                         :                fabs(bjet_charge):              +0.107              +0.070           +0.004           -0.009              -0.032           -0.105              +0.073                   +0.167       +0.103         +0.010                         -0.037                   -0.037           -0.002                  -0.055  +0.030    +0.011                           -0.208                           +0.006                       -0.069                       +0.162                  +0.222            +1.000                   -0.185                   -0.071
                         :         bjet_ChargedMultiplicity:              +0.134              +0.098           +0.077           -0.006              +0.227           +0.197              +0.068                   -0.265       +0.022         -0.010                         +0.173                   +0.116           +0.077                  +0.080  +0.335    +0.055                           +0.373                           -0.154                       -0.054                       -0.254                  -0.065            -0.185                   +1.000                   +0.131
                         :         bjet_NeutralMultiplicity:              +0.067              +0.032           -0.014           +0.031              +0.025           +0.246              -0.167                   -0.213       +0.048         -0.013                         -0.345                   -0.037           +0.009                  +0.144  +0.317    -0.265                           -0.078                           +0.056                       +0.450                       -0.266                  -0.105            -0.071                   +0.131                   +1.000
                         : --------------------------------------------------------------------------------------------------------------------------------------------------------------------------------------------------------------------------------------------------------------------------------------------------------------------------------------------------------------------------------------------------------------------------------------------------------------------------------------------------------------------------------------------------------------------
DataSetFactory           : [electron2017__3__50__100__0.1] :  
                         : 
Factory                  : [electron2017__3__50__100__0.1] : Create Transformation "I" with events from all classes.
                         : 
                         : Transformation, Variable selection : 
                         : Input : variable 'belectron_P_jetrest' <---> Output : variable 'belectron_P_jetrest'
                         : Input : variable 'belectron_ptwrtbjet' <---> Output : variable 'belectron_ptwrtbjet'
                         : Input : variable 'belectron_dR_l_j' <---> Output : variable 'belectron_dR_l_j'
                         : Input : variable 'belectron_nsip3d' <---> Output : variable 'belectron_nsip3d'
                         : Input : variable 'belectron_reltrkiso' <---> Output : variable 'belectron_reltrkiso'
                         : Input : variable 'belectron_reliso' <---> Output : variable 'belectron_reliso'
                         : Input : variable 'belectron_palongjet' <---> Output : variable 'belectron_palongjet'
                         : Input : variable 'belectron_palongjetratio' <---> Output : variable 'belectron_palongjetratio'
                         : Input : variable 'belectron_pt' <---> Output : variable 'belectron_pt'
                         : Input : variable 'belectron_aeta' <---> Output : variable 'belectron_aeta'
                         : Input : variable 'belectron_full5x5sigmaietaieta' <---> Output : variable 'belectron_full5x5sigmaietaieta'
                         : Input : variable 'fabs(belectron_detaseed)' <---> Output : variable 'fabs(belectron_detaseed)'
                         : Input : variable 'belectron_HoverE' <---> Output : variable 'belectron_HoverE'
                         : Input : variable 'belectron_InvEminusInvP' <---> Output : variable 'belectron_InvEminusInvP'
                         : Input : variable 'bjet_pt' <---> Output : variable 'bjet_pt'
                         : Input : variable 'bjet_aeta' <---> Output : variable 'bjet_aeta'
                         : Input : variable 'bjet_ChargedHadronEnergyFraction' <---> Output : variable 'bjet_ChargedHadronEnergyFraction'
                         : Input : variable 'bjet_NeutralHadronEnergyFraction' <---> Output : variable 'bjet_NeutralHadronEnergyFraction'
                         : Input : variable 'bjet_NeutralEmEnergyFraction' <---> Output : variable 'bjet_NeutralEmEnergyFraction'
                         : Input : variable 'bjet_ChargedEmEnergyFraction' <---> Output : variable 'bjet_ChargedEmEnergyFraction'
                         : Input : variable 'bjet_MuonEnergyFraction' <---> Output : variable 'bjet_MuonEnergyFraction'
                         : Input : variable 'fabs(bjet_charge)' <---> Output : variable 'fabs(bjet_charge)'
                         : Input : variable 'bjet_ChargedMultiplicity' <---> Output : variable 'bjet_ChargedMultiplicity'
                         : Input : variable 'bjet_NeutralMultiplicity' <---> Output : variable 'bjet_NeutralMultiplicity'
TFHandler_Factory        :                         Variable                                Mean                                RMS                        [        Min                                Max ]
                         : -----------------------------------------------------------------------------------------------------------------------------------------------------------------------------------
                         :              belectron_P_jetrest:                            1.5634                           0.95581   [                           0.23541                            33.040 ]
                         :              belectron_ptwrtbjet:                            1.0295                           0.74233   [                         0.0031914                            26.235 ]
                         :                 belectron_dR_l_j:                          0.081077                          0.058959   [                        0.00026109                           0.39982 ]
                         :                 belectron_nsip3d:                            21.366                            144.97   [                          0.015903                            7346.5 ]
                         :              belectron_reltrkiso:                            1.4446                            1.4518   [                            0.0000                            23.680 ]
                         :                 belectron_reliso:                            2.1938                            1.8795   [                            0.0000                            9.9992 ]
                         :              belectron_palongjet:                            31.654                            37.586   [                            4.7259                            1333.5 ]
                         :         belectron_palongjetratio:                           0.27509                           0.14934   [                          0.012035                            1.6216 ]
                         :                     belectron_pt:                            16.539                            15.157   [                            5.0005                            621.10 ]
                         :                   belectron_aeta:                        0.00023813                            1.1806   [                           -2.5403                            2.5628 ]
                         :   belectron_full5x5sigmaietaieta:                          0.018812                          0.011966   [                            0.0000                          0.079324 ]
                         :         fabs(belectron_detaseed):                         0.0069837                          0.011344   [                        4.6331e-08                           0.47791 ]
                         :                 belectron_HoverE:                           0.32951                           0.67486   [                            0.0000                            30.943 ]
                         :          belectron_InvEminusInvP:                          0.029922                          0.042740   [                        1.6754e-07                            2.0617 ]
                         :                          bjet_pt:                            60.718                            31.686   [                            30.000                            704.20 ]
                         :                        bjet_aeta:                           0.98235                           0.67006   [                        6.3001e-05                            2.7327 ]
                         : bjet_ChargedHadronEnergyFraction:                           0.47494                           0.19776   [                            0.0000                            1.0000 ]
                         : bjet_NeutralHadronEnergyFraction:                          0.083438                          0.098635   [                            0.0000                           0.83864 ]
                         :     bjet_NeutralEmEnergyFraction:                           0.21842                           0.14541   [                            0.0000                           0.98518 ]
                         :     bjet_ChargedEmEnergyFraction:                           0.19394                           0.19085   [                            0.0000                           0.97597 ]
                         :          bjet_MuonEnergyFraction:                          0.029260                          0.095920   [                            0.0000                           0.92965 ]
                         :                fabs(bjet_charge):                           0.27120                           0.19708   [                        5.4467e-06                            1.0000 ]
                         :         bjet_ChargedMultiplicity:                            11.189                            4.0706   [                            1.0000                            40.000 ]
                         :         bjet_NeutralMultiplicity:                            10.475                            5.2969   [                            0.0000                            47.000 ]
                         : -----------------------------------------------------------------------------------------------------------------------------------------------------------------------------------
                         : [32m
                         : <PlotVariables> Will not produce scatter plots ==> 
                         : |  The number of 24 input variables and 0 target values would require 276 two-dimensional
                         : |  histograms, which would occupy the computer's memory. Note that this
                         : |  suppression does not have any consequences for your analysis, other
                         : |  than not disposing of these scatter plots. You can modify the maximum
                         : |  number of input variables allowed to generate scatter plots in your
                         : |  script via the command line:
                         : |  "(TMVA::gConfig().GetVariablePlotting()).fMaxNumOfAllowedVariablesForScatterPlots = <some int>;"[0m
                         : 
                         : Some more output
                         : Ranking input variables (method unspecific)...
IdTransformation         : Ranking result (top variable is best ranked)
                         : ---------------------------------------------------------
                         : Rank : Variable                         : Separation
                         : ---------------------------------------------------------
                         :    1 : fabs(bjet_charge)                : 4.727e-02
                         :    2 : belectron_P_jetrest              : 3.812e-02
                         :    3 : bjet_ChargedEmEnergyFraction     : 3.763e-02
                         :    4 : belectron_palongjetratio         : 3.355e-02
                         :    5 : belectron_reliso                 : 2.751e-02
                         :    6 : belectron_InvEminusInvP          : 2.703e-02
                         :    7 : belectron_ptwrtbjet              : 2.592e-02
                         :    8 : belectron_reltrkiso              : 2.486e-02
                         :    9 : belectron_pt                     : 1.952e-02
                         :   10 : belectron_full5x5sigmaietaieta   : 1.837e-02
                         :   11 : fabs(belectron_detaseed)         : 1.446e-02
                         :   12 : belectron_palongjet              : 1.113e-02
                         :   13 : bjet_ChargedHadronEnergyFraction : 1.019e-02
                         :   14 : belectron_HoverE                 : 6.633e-03
                         :   15 : bjet_ChargedMultiplicity         : 4.068e-03
                         :   16 : bjet_NeutralMultiplicity         : 3.904e-03
                         :   17 : bjet_NeutralEmEnergyFraction     : 3.614e-03
                         :   18 : belectron_dR_l_j                 : 3.314e-03
                         :   19 : bjet_MuonEnergyFraction          : 2.970e-03
                         :   20 : bjet_pt                          : 2.371e-03
                         :   21 : bjet_NeutralHadronEnergyFraction : 1.220e-03
                         :   22 : belectron_nsip3d                 : 1.014e-03
                         :   23 : belectron_aeta                   : 5.930e-04
                         :   24 : bjet_aeta                        : 5.385e-04
                         : ---------------------------------------------------------
Factory                  : Train method: DNN for Classification
                         : 
                         : 
                         : [1m================================================================[0m
                         : [1mH e l p   f o r   M V A   m e t h o d   [ DNN ] :[0m
                         : 
                         : Keras is a high-level API for the Theano and Tensorflow packages.
                         : This method wraps the training and predictions steps of the Keras
                         : Python package for TMVA, so that dataloading, preprocessing and
                         : evaluation can be done within the TMVA system. To use this Keras
                         : interface, you have to generate a model with Keras first. Then,
                         : this model can be loaded and trained in TMVA.
                         : 
                         : 
                         : <Suppress this message by specifying "!H" in the booking option>
                         : [1m================================================================[0m
                         : 
                         : Preparing the Gaussian transformation...
                         : Preparing the Gaussian transformation...
TFHandler_DNN            :                         Variable                                Mean                                RMS                        [        Min                                Max ]
                         : -----------------------------------------------------------------------------------------------------------------------------------------------------------------------------------
                         :              belectron_P_jetrest:                         0.0034665                           0.99877   [                           -3.2906                            5.7307 ]
                         :              belectron_ptwrtbjet:                         0.0029760                           0.99692   [                           -3.2706                            5.7307 ]
                         :                 belectron_dR_l_j:                         0.0035936                           0.99986   [                           -3.2792                            5.7307 ]
                         :                 belectron_nsip3d:                         0.0036486                           0.99894   [                           -3.2972                            5.7307 ]
                         :              belectron_reltrkiso:                          -0.21998                            1.2627   [                           -3.2315                            5.7307 ]
                         :                 belectron_reliso:                         -0.015976                            1.0294   [                           -3.1810                            5.7307 ]
                         :              belectron_palongjet:                         0.0031616                           0.99691   [                           -3.2810                            5.7307 ]
                         :         belectron_palongjetratio:                         0.0031881                           0.99747   [                           -3.2957                            5.7307 ]
                         :                     belectron_pt:                         0.0032384                           0.99778   [                           -3.2505                            5.7307 ]
                         :                   belectron_aeta:                         0.0023159                           0.99681   [                           -3.2893                            5.7307 ]
                         :   belectron_full5x5sigmaietaieta:                        -0.0047249                            1.0094   [                           -3.2461                            5.7307 ]
                         :         fabs(belectron_detaseed):                         0.0022588                           0.99650   [                           -3.2779                            5.7307 ]
                         :                 belectron_HoverE:                          -0.82429                            1.6428   [                           -3.1963                            5.7307 ]
                         :          belectron_InvEminusInvP:                         0.0020986                           0.99638   [                           -3.2539                            5.7307 ]
                         :                          bjet_pt:                         0.0026173                           0.99723   [                           -3.2858                            5.7307 ]
                         :                        bjet_aeta:                         0.0030941                           0.99793   [                           -3.2761                            5.7307 ]
                         : bjet_ChargedHadronEnergyFraction:                         0.0035270                            1.0004   [                           -3.2662                            5.7307 ]
                         : bjet_NeutralHadronEnergyFraction:                          -0.74135                            1.6188   [                           -3.2330                            5.7307 ]
                         :     bjet_NeutralEmEnergyFraction:                         -0.012475                            1.0239   [                           -3.2496                            5.7307 ]
                         :     bjet_ChargedEmEnergyFraction:                           -1.0230                            1.6922   [                           -3.1603                            5.7307 ]
                         :          bjet_MuonEnergyFraction:                           -2.2961                            1.0233   [                           -2.6856                            5.7307 ]
                         :                fabs(bjet_charge):                         0.0043850                            1.0006   [                           -3.2567                            5.7307 ]
                         :         bjet_ChargedMultiplicity:                         0.0011246                            1.0116   [                           -4.1784                            5.7307 ]
                         :         bjet_NeutralMultiplicity:                        -0.0031814                            1.0148   [                           -4.0342                            5.7307 ]
                         : -----------------------------------------------------------------------------------------------------------------------------------------------------------------------------------
                         : Option TriesEarlyStopping: Training will stop after 30 number of epochs with no improvement of validation loss
Train on 77997 samples, validate on 69378 samples
Epoch 1/300
 - 24s - loss: 0.8667 - acc: 0.6080 - val_loss: 0.6895 - val_acc: 0.6088
Epoch 2/300
 - 20s - loss: 0.8512 - acc: 0.6093 - val_loss: 0.6764 - val_acc: 0.6107
Epoch 3/300
 - 19s - loss: 0.8401 - acc: 0.6106 - val_loss: 0.6562 - val_acc: 0.6162
Epoch 4/300
 - 19s - loss: 0.8336 - acc: 0.6105 - val_loss: 0.6564 - val_acc: 0.6116
Epoch 5/300
 - 18s - loss: 0.8292 - acc: 0.6114 - val_loss: 0.6547 - val_acc: 0.6066
Epoch 6/300
 - 18s - loss: 0.8242 - acc: 0.6118 - val_loss: 0.6494 - val_acc: 0.6122
Epoch 7/300
 - 19s - loss: 0.8236 - acc: 0.6117 - val_loss: 0.6467 - val_acc: 0.6130
Epoch 8/300
 - 17s - loss: 0.8214 - acc: 0.6123 - val_loss: 0.6493 - val_acc: 0.6131
Epoch 9/300
 - 18s - loss: 0.8198 - acc: 0.6115 - val_loss: 0.6411 - val_acc: 0.6140
Epoch 10/300
 - 18s - loss: 0.8182 - acc: 0.6142 - val_loss: 0.6483 - val_acc: 0.6139
Epoch 11/300
 - 17s - loss: 0.8168 - acc: 0.6143 - val_loss: 0.6639 - val_acc: 0.6006
Epoch 12/300
 - 18s - loss: 0.8165 - acc: 0.6121 - val_loss: 0.6437 - val_acc: 0.6119
Epoch 13/300
 - 19s - loss: 0.8148 - acc: 0.6126 - val_loss: 0.6504 - val_acc: 0.6009
Epoch 14/300
 - 18s - loss: 0.8151 - acc: 0.6131 - val_loss: 0.6455 - val_acc: 0.6011
Epoch 15/300
 - 18s - loss: 0.8138 - acc: 0.6128 - val_loss: 0.6437 - val_acc: 0.6105
Epoch 16/300
 - 18s - loss: 0.8133 - acc: 0.6146 - val_loss: 0.6585 - val_acc: 0.5956
Epoch 17/300
 - 21s - loss: 0.8131 - acc: 0.6142 - val_loss: 0.6432 - val_acc: 0.6119
Epoch 18/300
 - 19s - loss: 0.8123 - acc: 0.6149 - val_loss: 0.6503 - val_acc: 0.6094
Epoch 19/300
 - 19s - loss: 0.8116 - acc: 0.6142 - val_loss: 0.6410 - val_acc: 0.6127
Epoch 20/300
 - 19s - loss: 0.8116 - acc: 0.6146 - val_loss: 0.6358 - val_acc: 0.6216
Epoch 21/300
 - 20s - loss: 0.8117 - acc: 0.6147 - val_loss: 0.6460 - val_acc: 0.6136
Epoch 22/300
 - 20s - loss: 0.8127 - acc: 0.6132 - val_loss: 0.6615 - val_acc: 0.5953
Epoch 23/300
 - 20s - loss: 0.8116 - acc: 0.6145 - val_loss: 0.6383 - val_acc: 0.6120
Epoch 24/300
 - 19s - loss: 0.8106 - acc: 0.6159 - val_loss: 0.6370 - val_acc: 0.6127
Epoch 25/300
 - 19s - loss: 0.8108 - acc: 0.6156 - val_loss: 0.6414 - val_acc: 0.6153
Epoch 26/300
 - 20s - loss: 0.8107 - acc: 0.6148 - val_loss: 0.6370 - val_acc: 0.6201
Epoch 27/300
 - 18s - loss: 0.8106 - acc: 0.6142 - val_loss: 0.6390 - val_acc: 0.6151
Epoch 28/300
 - 20s - loss: 0.8105 - acc: 0.6152 - val_loss: 0.6384 - val_acc: 0.6201
Epoch 29/300
 - 19s - loss: 0.8116 - acc: 0.6143 - val_loss: 0.6459 - val_acc: 0.6130
Epoch 30/300
 - 18s - loss: 0.8106 - acc: 0.6157 - val_loss: 0.6302 - val_acc: 0.6237
Epoch 31/300
 - 20s - loss: 0.8104 - acc: 0.6154 - val_loss: 0.6353 - val_acc: 0.6229
Epoch 32/300
 - 18s - loss: 0.8097 - acc: 0.6173 - val_loss: 0.6436 - val_acc: 0.6093
Epoch 33/300
 - 20s - loss: 0.8104 - acc: 0.6159 - val_loss: 0.6339 - val_acc: 0.6217
Epoch 34/300
 - 19s - loss: 0.8109 - acc: 0.6171 - val_loss: 0.6348 - val_acc: 0.6203
Epoch 35/300
 - 19s - loss: 0.8102 - acc: 0.6153 - val_loss: 0.6478 - val_acc: 0.6093
Epoch 36/300
 - 19s - loss: 0.8091 - acc: 0.6155 - val_loss: 0.6346 - val_acc: 0.6164
Epoch 37/300
 - 18s - loss: 0.8095 - acc: 0.6164 - val_loss: 0.6519 - val_acc: 0.6084
Epoch 38/300
 - 20s - loss: 0.8095 - acc: 0.6175 - val_loss: 0.6288 - val_acc: 0.6230
Epoch 39/300
 - 20s - loss: 0.8104 - acc: 0.6148 - val_loss: 0.6320 - val_acc: 0.6216
Epoch 40/300
 - 19s - loss: 0.8092 - acc: 0.6178 - val_loss: 0.6354 - val_acc: 0.6165
Epoch 41/300
 - 19s - loss: 0.8085 - acc: 0.6172 - val_loss: 0.6347 - val_acc: 0.6178
Epoch 42/300
 - 20s - loss: 0.8083 - acc: 0.6189 - val_loss: 0.6403 - val_acc: 0.6111
Epoch 43/300
 - 19s - loss: 0.8088 - acc: 0.6179 - val_loss: 0.6418 - val_acc: 0.6143
Epoch 44/300
 - 20s - loss: 0.8082 - acc: 0.6186 - val_loss: 0.6215 - val_acc: 0.6317
Epoch 45/300
 - 19s - loss: 0.8091 - acc: 0.6169 - val_loss: 0.6304 - val_acc: 0.6251
Epoch 46/300
 - 19s - loss: 0.8087 - acc: 0.6188 - val_loss: 0.6281 - val_acc: 0.6261
Epoch 47/300
 - 19s - loss: 0.8091 - acc: 0.6185 - val_loss: 0.6385 - val_acc: 0.6139
Epoch 48/300
 - 19s - loss: 0.8090 - acc: 0.6169 - val_loss: 0.6409 - val_acc: 0.6157
Epoch 49/300
 - 18s - loss: 0.8085 - acc: 0.6178 - val_loss: 0.6336 - val_acc: 0.6208
Epoch 50/300
 - 18s - loss: 0.8091 - acc: 0.6169 - val_loss: 0.6307 - val_acc: 0.6237
Epoch 51/300
 - 18s - loss: 0.8086 - acc: 0.6175 - val_loss: 0.6342 - val_acc: 0.6211
Epoch 52/300
 - 18s - loss: 0.8090 - acc: 0.6170 - val_loss: 0.6451 - val_acc: 0.6081
Epoch 53/300
 - 18s - loss: 0.8080 - acc: 0.6162 - val_loss: 0.6375 - val_acc: 0.6150
Epoch 54/300
 - 19s - loss: 0.8093 - acc: 0.6163 - val_loss: 0.6410 - val_acc: 0.6095
Epoch 55/300
 - 21s - loss: 0.8082 - acc: 0.6172 - val_loss: 0.6380 - val_acc: 0.6197
Epoch 56/300
 - 19s - loss: 0.8086 - acc: 0.6178 - val_loss: 0.6270 - val_acc: 0.6282
Epoch 57/300
 - 18s - loss: 0.8079 - acc: 0.6197 - val_loss: 0.6395 - val_acc: 0.6195
Epoch 58/300
 - 18s - loss: 0.8095 - acc: 0.6172 - val_loss: 0.6415 - val_acc: 0.6103
Epoch 59/300
 - 19s - loss: 0.8086 - acc: 0.6174 - val_loss: 0.6486 - val_acc: 0.6053
Epoch 60/300
 - 19s - loss: 0.8084 - acc: 0.6176 - val_loss: 0.6427 - val_acc: 0.6119
Epoch 61/300
 - 18s - loss: 0.8081 - acc: 0.6184 - val_loss: 0.6346 - val_acc: 0.6218
Epoch 62/300
 - 19s - loss: 0.8075 - acc: 0.6182 - val_loss: 0.6328 - val_acc: 0.6201
Epoch 63/300
 - 19s - loss: 0.8077 - acc: 0.6194 - val_loss: 0.6338 - val_acc: 0.6214
Epoch 64/300
 - 18s - loss: 0.8072 - acc: 0.6182 - val_loss: 0.6459 - val_acc: 0.6109
Epoch 65/300
 - 21s - loss: 0.8074 - acc: 0.6195 - val_loss: 0.6391 - val_acc: 0.6182
Epoch 66/300
 - 20s - loss: 0.8080 - acc: 0.6161 - val_loss: 0.6391 - val_acc: 0.6154
Epoch 67/300
 - 19s - loss: 0.8077 - acc: 0.6202 - val_loss: 0.6406 - val_acc: 0.6140
Epoch 68/300
 - 20s - loss: 0.8074 - acc: 0.6181 - val_loss: 0.6378 - val_acc: 0.6161
Epoch 69/300
 - 18s - loss: 0.8077 - acc: 0.6182 - val_loss: 0.6440 - val_acc: 0.6133
Epoch 70/300
 - 19s - loss: 0.8070 - acc: 0.6191 - val_loss: 0.6471 - val_acc: 0.6057
Epoch 71/300
 - 17s - loss: 0.8072 - acc: 0.6188 - val_loss: 0.6314 - val_acc: 0.6229
Epoch 72/300
 - 19s - loss: 0.8074 - acc: 0.6178 - val_loss: 0.6336 - val_acc: 0.6184
Epoch 73/300
 - 18s - loss: 0.8077 - acc: 0.6182 - val_loss: 0.6281 - val_acc: 0.6242
Epoch 74/300
 - 18s - loss: 0.8067 - acc: 0.6189 - val_loss: 0.6326 - val_acc: 0.6217
Epoch 00074: early stopping
                         : Trained model written to file: electron2017__3__50__100__0.1/weights/TrainedModel_DNN.h5
                         : Elapsed time for training with 77997 events: 1.41e+03 sec         
                         : Creating xml weight file: [0;36melectron2017__3__50__100__0.1/weights/electron2017__3__50__100__0.1_DNN.weights.xml[0m
                         : Creating standalone class: [0;36melectron2017__3__50__100__0.1/weights/electron2017__3__50__100__0.1_DNN.class.C[0m
Factory                  : Training finished
                         : 
                         : Ranking input variables (method specific)...
                         : No variable ranking supplied by classifier: DNN
Factory                  : === Destroy and recreate all methods via weight files for testing ===
                         : 
Factory                  : [1mTest all methods[0m
Factory                  : Test method: DNN for Classification performance
                         : 
                         : Load model from file: electron2017__3__50__100__0.1/weights/TrainedModel_DNN.h5
Factory                  : [1mEvaluate all methods[0m
Factory                  : Evaluate classifier: DNN
                         : 
TFHandler_DNN            :                         Variable                                Mean                                RMS                        [        Min                                Max ]
                         : -----------------------------------------------------------------------------------------------------------------------------------------------------------------------------------
                         :              belectron_P_jetrest:                          0.094052                            1.0159   [                           -3.2054                            5.7307 ]
                         :              belectron_ptwrtbjet:                          0.067876                            1.0129   [                           -3.3078                            5.7307 ]
                         :                 belectron_dR_l_j:                        -0.0069817                            1.0188   [                           -3.4047                            5.7307 ]
                         :                 belectron_nsip3d:                        -0.0061745                           0.99485   [                           -3.4140                            5.7307 ]
                         :              belectron_reltrkiso:                          -0.24184                            1.2528   [                           -3.2315                            5.7307 ]
                         :                 belectron_reliso:                         -0.039111                            1.0397   [                           -3.1810                            5.7307 ]
                         :              belectron_palongjet:                          0.060920                            1.0059   [                           -3.2476                            5.7307 ]
                         :         belectron_palongjetratio:                          0.041887                            1.0271   [                           -3.3739                            5.7307 ]
                         :                     belectron_pt:                          0.089045                            1.0217   [                           -3.2697                            5.7307 ]
                         :                   belectron_aeta:                         0.0067649                           0.98773   [                           -3.3280                            5.7307 ]
                         :   belectron_full5x5sigmaietaieta:                         -0.025683                            1.0114   [                           -3.2461                            5.7307 ]
                         :         fabs(belectron_detaseed):                         -0.031434                           0.98971   [                           -3.2438                            5.7307 ]
                         :                 belectron_HoverE:                          -0.78454                            1.6395   [                           -3.1963                            5.7307 ]
                         :          belectron_InvEminusInvP:                         -0.041931                            1.0044   [                           -3.2536                            5.7307 ]
                         :                          bjet_pt:                          0.079347                            1.0281   [                           -3.2865                            5.7307 ]
                         :                        bjet_aeta:                         -0.015792                            1.0012   [                           -3.3015                            5.7307 ]
                         : bjet_ChargedHadronEnergyFraction:                         -0.023247                            1.0038   [                           -3.2662                            5.7307 ]
                         : bjet_NeutralHadronEnergyFraction:                          -0.74409                            1.6138   [                           -3.2330                            5.7307 ]
                         :     bjet_NeutralEmEnergyFraction:                         -0.020515                            1.0409   [                           -3.2496                            5.7307 ]
                         :     bjet_ChargedEmEnergyFraction:                          -0.96089                            1.7087   [                           -3.1603                            5.7307 ]
                         :          bjet_MuonEnergyFraction:                           -2.3159                           0.99154   [                           -2.6856                            5.7307 ]
                         :                fabs(bjet_charge):                          0.061160                            1.0094   [                           -3.2511                            5.7307 ]
                         :         bjet_ChargedMultiplicity:                          0.019997                            1.0323   [                           -4.1784                            5.7307 ]
                         :         bjet_NeutralMultiplicity:                         0.0070846                            1.0244   [                           -4.0342                            5.7307 ]
                         : -----------------------------------------------------------------------------------------------------------------------------------------------------------------------------------
DNN                      : [electron2017__3__50__100__0.1] : Loop over test events and fill histograms with classifier response...
                         : 
TFHandler_DNN            :                         Variable                                Mean                                RMS                        [        Min                                Max ]
                         : -----------------------------------------------------------------------------------------------------------------------------------------------------------------------------------
                         :              belectron_P_jetrest:                          0.094052                            1.0159   [                           -3.2054                            5.7307 ]
                         :              belectron_ptwrtbjet:                          0.067876                            1.0129   [                           -3.3078                            5.7307 ]
                         :                 belectron_dR_l_j:                        -0.0069817                            1.0188   [                           -3.4047                            5.7307 ]
                         :                 belectron_nsip3d:                        -0.0061745                           0.99485   [                           -3.4140                            5.7307 ]
                         :              belectron_reltrkiso:                          -0.24184                            1.2528   [                           -3.2315                            5.7307 ]
                         :                 belectron_reliso:                         -0.039111                            1.0397   [                           -3.1810                            5.7307 ]
                         :              belectron_palongjet:                          0.060920                            1.0059   [                           -3.2476                            5.7307 ]
                         :         belectron_palongjetratio:                          0.041887                            1.0271   [                           -3.3739                            5.7307 ]
                         :                     belectron_pt:                          0.089045                            1.0217   [                           -3.2697                            5.7307 ]
                         :                   belectron_aeta:                         0.0067649                           0.98773   [                           -3.3280                            5.7307 ]
                         :   belectron_full5x5sigmaietaieta:                         -0.025683                            1.0114   [                           -3.2461                            5.7307 ]
                         :         fabs(belectron_detaseed):                         -0.031434                           0.98971   [                           -3.2438                            5.7307 ]
                         :                 belectron_HoverE:                          -0.78454                            1.6395   [                           -3.1963                            5.7307 ]
                         :          belectron_InvEminusInvP:                         -0.041931                            1.0044   [                           -3.2536                            5.7307 ]
                         :                          bjet_pt:                          0.079347                            1.0281   [                           -3.2865                            5.7307 ]
                         :                        bjet_aeta:                         -0.015792                            1.0012   [                           -3.3015                            5.7307 ]
                         : bjet_ChargedHadronEnergyFraction:                         -0.023247                            1.0038   [                           -3.2662                            5.7307 ]
                         : bjet_NeutralHadronEnergyFraction:                          -0.74409                            1.6138   [                           -3.2330                            5.7307 ]
                         :     bjet_NeutralEmEnergyFraction:                         -0.020515                            1.0409   [                           -3.2496                            5.7307 ]
                         :     bjet_ChargedEmEnergyFraction:                          -0.96089                            1.7087   [                           -3.1603                            5.7307 ]
                         :          bjet_MuonEnergyFraction:                           -2.3159                           0.99154   [                           -2.6856                            5.7307 ]
                         :                fabs(bjet_charge):                          0.061160                            1.0094   [                           -3.2511                            5.7307 ]
                         :         bjet_ChargedMultiplicity:                          0.019997                            1.0323   [                           -4.1784                            5.7307 ]
                         :         bjet_NeutralMultiplicity:                         0.0070846                            1.0244   [                           -4.0342                            5.7307 ]
                         : -----------------------------------------------------------------------------------------------------------------------------------------------------------------------------------
                         : [32m
                         : <PlotVariables> Will not produce scatter plots ==> 
                         : |  The number of 24 input variables and 0 target values would require 276 two-dimensional
                         : |  histograms, which would occupy the computer's memory. Note that this
                         : |  suppression does not have any consequences for your analysis, other
                         : |  than not disposing of these scatter plots. You can modify the maximum
                         : |  number of input variables allowed to generate scatter plots in your
                         : |  script via the command line:
                         : |  "(TMVA::gConfig().GetVariablePlotting()).fMaxNumOfAllowedVariablesForScatterPlots = <some int>;"[0m
                         : 
                         : Some more output
                         : 
                         : Evaluation results ranked by best signal efficiency and purity (area)
                         : -------------------------------------------------------------------------------------------------------------------
                         : DataSet       MVA                       
                         : Name:         Method:          ROC-integ
                         : electron2017__3__50__100__0.1 DNN            : 0.689
                         : -------------------------------------------------------------------------------------------------------------------
                         : 
                         : Testing efficiency compared to training efficiency (overtraining check)
                         : -------------------------------------------------------------------------------------------------------------------
                         : DataSet              MVA              Signal efficiency: from test sample (from training sample) 
                         : Name:                Method:          @B=0.01             @B=0.10            @B=0.30   
                         : -------------------------------------------------------------------------------------------------------------------
                         : electron2017__3__50__100__0.1 DNN            : 0.082 (0.087)       0.343 (0.357)      0.587 (0.598)
                         : -------------------------------------------------------------------------------------------------------------------
                         : 
Dataset:electron2017__...: Created tree 'TestTree' with 69378 events
                         : 
Dataset:electron2017__...: Created tree 'TrainTree' with 77997 events
                         : 
Factory                  : [1mThank you for using TMVA![0m
                         : [1mFor citation information, please visit: http://tmva.sf.net/citeTMVA.html[0m
ref.cut= DNN 0.442203305368
myerr=0
[ntry=1]
