Submitting job(s)..................................................
50 job(s) submitted to cluster 2234067.
Submitting job(s)..................................................
50 job(s) submitted to cluster 2234073.
Submitting job(s)..................................................
50 job(s) submitted to cluster 2234078.
Submitting job(s)..................................................
50 job(s) submitted to cluster 2234082.
Submitting job(s)..................................................
50 job(s) submitted to cluster 2234086.
condor_submit WORKDIR_HADD/run.jds > WORKDIR_HADD/run.jid
condor_submit WORKDIR_HADD/run.jds > WORKDIR_HADD/run.jid
condor_submit WORKDIR_HADD/run.jds > WORKDIR_HADD/run.jid
condor_submit WORKDIR_HADD/run.jds > WORKDIR_HADD/run.jid
condor_submit WORKDIR_HADD/run.jds > WORKDIR_HADD/run.jid
##################################################
Submission Finished
- JobID = 965225
- Analyzer = DiLeptonAnalyzer
- Skim = SkimTree_Dilepton
- InputSamples = ['DoubleEG:B', 'DoubleEG:C', 'DoubleEG:D', 'DoubleEG:E', 'DoubleEG:F']
- NJobs = 50
- Era = 2017
- UserFlags = []
- RunDir = /data6/Users/jhchoi/SKFlatRunlog//2024_03_22_045836__965225__DiLeptonAnalyzer__Era2017__SkimTree_Dilepton__TAMSA1/DoubleEG_periodF/
- output will be send to : /data6/Users/jhchoi/SKFlatOutput//Run2UltraLegacy_v3/DiLeptonAnalyzer/2017//DATA/
##################################################
submit hadd
CheckOutputSize...
<AFTER hadd fin. please rm remainings..>
rm /data6/Users/jhchoi/SKFlatRunlog//2024_03_22_045836__965225__DiLeptonAnalyzer__Era2017__SkimTree_Dilepton__TAMSA1/DoubleEG_periodB//output/*.root
submit hadd
CheckOutputSize...
<AFTER hadd fin. please rm remainings..>
rm /data6/Users/jhchoi/SKFlatRunlog//2024_03_22_045836__965225__DiLeptonAnalyzer__Era2017__SkimTree_Dilepton__TAMSA1/DoubleEG_periodD//output/*.root
submit hadd
CheckOutputSize...
<AFTER hadd fin. please rm remainings..>
rm /data6/Users/jhchoi/SKFlatRunlog//2024_03_22_045836__965225__DiLeptonAnalyzer__Era2017__SkimTree_Dilepton__TAMSA1/DoubleEG_periodC//output/*.root
submit hadd
CheckOutputSize...
<AFTER hadd fin. please rm remainings..>
rm /data6/Users/jhchoi/SKFlatRunlog//2024_03_22_045836__965225__DiLeptonAnalyzer__Era2017__SkimTree_Dilepton__TAMSA1/DoubleEG_periodE//output/*.root
submit hadd
CheckOutputSize...
<AFTER hadd fin. please rm remainings..>
rm /data6/Users/jhchoi/SKFlatRunlog//2024_03_22_045836__965225__DiLeptonAnalyzer__Era2017__SkimTree_Dilepton__TAMSA1/DoubleEG_periodF//output/*.root
