<sig cut>= (bmuon_charge*bjet_partonFlavour < 0)&&Has_bMuon
<bkg cut>= (bmuon_charge*bjet_partonFlavour > 0)&&Has_bMuon
_________________________________________________________________
Layer (type)                 Output Shape              Param #   
=================================================================
dense_1 (Dense)              (None, 64)                896       
_________________________________________________________________
batch_normalization_1 (Batch (None, 64)                256       
_________________________________________________________________
activation_1 (Activation)    (None, 64)                0         
_________________________________________________________________
dropout_1 (Dropout)          (None, 64)                0         
_________________________________________________________________
dense_2 (Dense)              (None, 64)                4160      
_________________________________________________________________
batch_normalization_2 (Batch (None, 64)                256       
_________________________________________________________________
activation_2 (Activation)    (None, 64)                0         
_________________________________________________________________
dropout_2 (Dropout)          (None, 64)                0         
_________________________________________________________________
dense_3 (Dense)              (None, 64)                4160      
_________________________________________________________________
batch_normalization_3 (Batch (None, 64)                256       
_________________________________________________________________
activation_3 (Activation)    (None, 64)                0         
_________________________________________________________________
dropout_3 (Dropout)          (None, 64)                0         
_________________________________________________________________
dense_4 (Dense)              (None, 64)                4160      
_________________________________________________________________
batch_normalization_4 (Batch (None, 64)                256       
_________________________________________________________________
activation_4 (Activation)    (None, 64)                0         
_________________________________________________________________
dropout_4 (Dropout)          (None, 64)                0         
_________________________________________________________________
dense_5 (Dense)              (None, 64)                4160      
_________________________________________________________________
batch_normalization_5 (Batch (None, 64)                256       
_________________________________________________________________
activation_5 (Activation)    (None, 64)                0         
_________________________________________________________________
dropout_5 (Dropout)          (None, 64)                0         
_________________________________________________________________
dense_6 (Dense)              (None, 64)                4160      
_________________________________________________________________
batch_normalization_6 (Batch (None, 64)                256       
_________________________________________________________________
activation_6 (Activation)    (None, 64)                0         
_________________________________________________________________
dropout_6 (Dropout)          (None, 64)                0         
_________________________________________________________________
dense_7 (Dense)              (None, 64)                4160      
_________________________________________________________________
batch_normalization_7 (Batch (None, 64)                256       
_________________________________________________________________
activation_7 (Activation)    (None, 64)                0         
_________________________________________________________________
dropout_7 (Dropout)          (None, 64)                0         
_________________________________________________________________
dense_8 (Dense)              (None, 64)                4160      
_________________________________________________________________
batch_normalization_8 (Batch (None, 64)                256       
_________________________________________________________________
activation_8 (Activation)    (None, 64)                0         
_________________________________________________________________
dropout_8 (Dropout)          (None, 64)                0         
_________________________________________________________________
dense_9 (Dense)              (None, 64)                4160      
_________________________________________________________________
batch_normalization_9 (Batch (None, 64)                256       
_________________________________________________________________
activation_9 (Activation)    (None, 64)                0         
_________________________________________________________________
dropout_9 (Dropout)          (None, 64)                0         
_________________________________________________________________
dense_10 (Dense)             (None, 64)                4160      
_________________________________________________________________
batch_normalization_10 (Batc (None, 64)                256       
_________________________________________________________________
activation_10 (Activation)   (None, 64)                0         
_________________________________________________________________
dropout_10 (Dropout)         (None, 64)                0         
_________________________________________________________________
dense_11 (Dense)             (None, 2)                 130       
_________________________________________________________________
activation_11 (Activation)   (None, 2)                 0         
=================================================================
Total params: 41,026
Trainable params: 39,746
Non-trainable params: 1,280
_________________________________________________________________
---sig_test---
<self.testtree_sig> OutTree/sig
/data6/Users/jhchoi/TMVA/TMVA_TOOL/inputs/EEMu_MuMuE_Method/v2409.2/2017/EEMu_MuMuE_Method_DYJetsToEE_MiNNLO.root
/data6/Users/jhchoi/TMVA/TMVA_TOOL/inputs/EEMu_MuMuE_Method/v2409.2/2017/EEMu_MuMuE_Method_DYJetsToMuMu_MiNNLO.root
--bkg_test---
<self.testtree_bkg> OutTree/bkg
/data6/Users/jhchoi/TMVA/TMVA_TOOL/inputs/EEMu_MuMuE_Method/v2409.2/2017/EEMu_MuMuE_Method_DYJetsToEE_MiNNLO.root
/data6/Users/jhchoi/TMVA/TMVA_TOOL/inputs/EEMu_MuMuE_Method/v2409.2/2017/EEMu_MuMuE_Method_DYJetsToMuMu_MiNNLO.root
---sig_train---
<self.traintree_sig> OutTree/sig
/data6/Users/jhchoi/TMVA/TMVA_TOOL/inputs/EEMu_MuMuE_Method/v2409.2/2017/EEMu_MuMuE_Method_DYJets.root
---bkg_train---
<self.traintree_bkg> OutTree/bkg
/data6/Users/jhchoi/TMVA/TMVA_TOOL/inputs/EEMu_MuMuE_Method/v2409.2/2017/EEMu_MuMuE_Method_DYJets.root
DataSetInfo              : [muon2017__10__64__1000__0.2] : Added class "Signal"
                         : Add Tree OutTree/sig of type Signal with 903237 events
                         : Add Tree OutTree/sig of type Signal with 1201756 events
DataSetInfo              : [muon2017__10__64__1000__0.2] : Added class "Background"
                         : Add Tree OutTree/bkg of type Background with 594513 events
                         : Add Tree OutTree/bkg of type Background with 789045 events
>>>>self.dataloader.PrepareTrainingAndTestTree
Set sig cut -> (bmuon_charge*bjet_partonFlavour < 0)&&Has_bMuon
Set bkg cut -> (bmuon_charge*bjet_partonFlavour > 0)&&Has_bMuon
Factory                  : Booking method: [1mDNN[0m
                         : 
DNN                      : [muon2017__10__64__1000__0.2] : Create Transformation "G" with events from all classes.
                         : 
                         : Transformation, Variable selection : 
                         : Input : variable 'bmuon_nsip3d' <---> Output : variable 'bmuon_nsip3d'
                         : Input : variable 'bmuon_reliso' <---> Output : variable 'bmuon_reliso'
                         : Input : variable 'bmuon_ptwrtbjet' <---> Output : variable 'bmuon_ptwrtbjet'
                         : Input : variable 'bmuon_P_jetrest' <---> Output : variable 'bmuon_P_jetrest'
                         : Input : variable 'bjet_charge*bmuon_charge' <---> Output : variable 'bjet_charge*bmuon_charge'
                         : Input : variable 'bjet_ChargedHadronEnergyFraction' <---> Output : variable 'bjet_ChargedHadronEnergyFraction'
                         : Input : variable 'bjet_NeutralHadronEnergyFraction' <---> Output : variable 'bjet_NeutralHadronEnergyFraction'
                         : Input : variable 'bjet_NeutralEmEnergyFraction' <---> Output : variable 'bjet_NeutralEmEnergyFraction'
                         : Input : variable 'bjet_ChargedEmEnergyFraction' <---> Output : variable 'bjet_ChargedEmEnergyFraction'
                         : Input : variable 'bjet_MuonEnergyFraction' <---> Output : variable 'bjet_MuonEnergyFraction'
                         : Input : variable 'bjet_ChargedMultiplicity' <---> Output : variable 'bjet_ChargedMultiplicity'
                         : Input : variable 'bjet_NeutralMultiplicity' <---> Output : variable 'bjet_NeutralMultiplicity'
                         : Input : variable 'fabs(bjet_charge)' <---> Output : variable 'fabs(bjet_charge)'
                         : Load model from file: model.h5
Factory                  : [1mTrain all methods[0m
DataSetFactory           : [muon2017__10__64__1000__0.2] : Number of events in input trees
                         : Dataset[muon2017__10__64__1000__0.2] :     Signal     requirement: "(bmuon_charge*bjet_partonFlavour < 0)&&Has_bMuon"
                         : Dataset[muon2017__10__64__1000__0.2] :     Signal          -- number of events passed: 111973  / sum of weights: 57156.5
                         : Dataset[muon2017__10__64__1000__0.2] :     Signal          -- efficiency             : 0.0447985
                         : Dataset[muon2017__10__64__1000__0.2] :     Background requirement: "(bmuon_charge*bjet_partonFlavour > 0)&&Has_bMuon"
                         : Dataset[muon2017__10__64__1000__0.2] :     Background      -- number of events passed: 54422  / sum of weights: 28288.5
                         : Dataset[muon2017__10__64__1000__0.2] :     Background      -- efficiency             : 0.0332606
                         : Dataset[muon2017__10__64__1000__0.2] :  you have opted for interpreting the requested number of training/testing events
                         :  to be the number of events AFTER your preselection cuts
                         : 
                         : Dataset[muon2017__10__64__1000__0.2] :  you have opted for interpreting the requested number of training/testing events
                         :  to be the number of events AFTER your preselection cuts
                         : 
                         : Dataset[muon2017__10__64__1000__0.2] : Weight renormalisation mode: "EqualNumEvents": renormalises all event classes ...
                         : Dataset[muon2017__10__64__1000__0.2] :  such that the effective (weighted) number of events in each class is the same 
                         : Dataset[muon2017__10__64__1000__0.2] :  (and equals the number of events (entries) given for class=0 )
                         : Dataset[muon2017__10__64__1000__0.2] : ... i.e. such that Sum[i=1..N_j]{w_i} = N_classA, j=classA, classB, ...
                         : Dataset[muon2017__10__64__1000__0.2] : ... (note that N_j is the sum of TRAINING events
                         : Dataset[muon2017__10__64__1000__0.2] :  ..... Testing events are not renormalised nor included in the renormalisation factor!)
                         : Number of training and testing events
                         : ---------------------------------------------------------------------------
                         : Signal     -- training events            : 46020
                         : Signal     -- testing events             : 65953
                         : Signal     -- training and testing events: 111973
                         : Dataset[muon2017__10__64__1000__0.2] : Signal     -- due to the preselection a scaling factor has been applied to the numbers of requested events: 0.053194
                         : Background -- training events            : 22429
                         : Background -- testing events             : 31993
                         : Background -- training and testing events: 54422
                         : Dataset[muon2017__10__64__1000__0.2] : Background -- due to the preselection a scaling factor has been applied to the numbers of requested events: 0.0393348
                         : 
DataSetInfo              : Correlation matrix (Signal):
                         : --------------------------------------------------------------------------------------------------------------------------------------------------------------------------------------------------------------------------------------------------------------------------------------------------------------------------------------------
                         :                                   bmuon_nsip3d bmuon_reliso bmuon_ptwrtbjet bmuon_P_jetrest bjet_charge*bmuon_charge bjet_ChargedHadronEnergyFraction bjet_NeutralHadronEnergyFraction bjet_NeutralEmEnergyFraction bjet_ChargedEmEnergyFraction bjet_MuonEnergyFraction bjet_ChargedMultiplicity bjet_NeutralMultiplicity fabs(bjet_charge)
                         :                     bmuon_nsip3d:       +1.000       -0.030          +0.023          -0.006                   -0.016                           -0.013                           +0.014                       +0.048                       -0.002                  -0.027                   -0.008                   +0.032            -0.018
                         :                     bmuon_reliso:       -0.030       +1.000          -0.192          -0.397                   -0.393                           +0.397                           +0.149                       +0.303                       -0.076                  -0.679                   +0.200                   +0.242            -0.354
                         :                  bmuon_ptwrtbjet:       +0.023       -0.192          +1.000          +0.733                   +0.098                           -0.099                           +0.003                       -0.064                       +0.090                  +0.101                   +0.046                   +0.023            +0.090
                         :                  bmuon_P_jetrest:       -0.006       -0.397          +0.733          +1.000                   +0.294                           -0.260                           -0.065                       -0.155                       +0.016                  +0.414                   +0.087                   +0.051            +0.294
                         :         bjet_charge*bmuon_charge:       -0.016       -0.393          +0.098          +0.294                   +1.000                           -0.361                           -0.045                       -0.068                       -0.110                  +0.514                   -0.207                   -0.051            +0.812
                         : bjet_ChargedHadronEnergyFraction:       -0.013       +0.397          -0.099          -0.260                   -0.361                           +1.000                           -0.261                       -0.284                       -0.256                  -0.578                   +0.418                   -0.145            -0.390
                         : bjet_NeutralHadronEnergyFraction:       +0.014       +0.149          +0.003          -0.065                   -0.045                           -0.261                           +1.000                       -0.086                       -0.005                  -0.181                   -0.116                   +0.153            -0.047
                         :     bjet_NeutralEmEnergyFraction:       +0.048       +0.303          -0.064          -0.155                   -0.068                           -0.284                           -0.086                       +1.000                       -0.161                  -0.298                   -0.083                   +0.453            -0.085
                         :     bjet_ChargedEmEnergyFraction:       -0.002       -0.076          +0.090          +0.016                   -0.110                           -0.256                           -0.005                       -0.161                       +1.000                  -0.142                   -0.034                   -0.073            -0.009
                         :          bjet_MuonEnergyFraction:       -0.027       -0.679          +0.101          +0.414                   +0.514                           -0.578                           -0.181                       -0.298                       -0.142                  +1.000                   -0.304                   -0.217            +0.504
                         :         bjet_ChargedMultiplicity:       -0.008       +0.200          +0.046          +0.087                   -0.207                           +0.418                           -0.116                       -0.083                       -0.034                  -0.304                   +1.000                   +0.093            -0.252
                         :         bjet_NeutralMultiplicity:       +0.032       +0.242          +0.023          +0.051                   -0.051                           -0.145                           +0.153                       +0.453                       -0.073                  -0.217                   +0.093                   +1.000            -0.053
                         :                fabs(bjet_charge):       -0.018       -0.354          +0.090          +0.294                   +0.812                           -0.390                           -0.047                       -0.085                       -0.009                  +0.504                   -0.252                   -0.053            +1.000
                         : --------------------------------------------------------------------------------------------------------------------------------------------------------------------------------------------------------------------------------------------------------------------------------------------------------------------------------------------
DataSetInfo              : Correlation matrix (Background):
                         : --------------------------------------------------------------------------------------------------------------------------------------------------------------------------------------------------------------------------------------------------------------------------------------------------------------------------------------------
                         :                                   bmuon_nsip3d bmuon_reliso bmuon_ptwrtbjet bmuon_P_jetrest bjet_charge*bmuon_charge bjet_ChargedHadronEnergyFraction bjet_NeutralHadronEnergyFraction bjet_NeutralEmEnergyFraction bjet_ChargedEmEnergyFraction bjet_MuonEnergyFraction bjet_ChargedMultiplicity bjet_NeutralMultiplicity fabs(bjet_charge)
                         :                     bmuon_nsip3d:       +1.000       -0.062          +0.063          +0.042                   +0.019                           -0.037                           +0.009                       +0.036                       +0.009                  +0.001                   -0.017                   +0.032            +0.000
                         :                     bmuon_reliso:       -0.062       +1.000          -0.251          -0.422                   -0.371                           +0.293                           +0.120                       +0.265                       -0.146                  -0.598                   +0.193                   +0.245            -0.182
                         :                  bmuon_ptwrtbjet:       +0.063       -0.251          +1.000          +0.812                   +0.189                           -0.134                           -0.021                       -0.087                       +0.066                  +0.219                   +0.007                   -0.023            +0.131
                         :                  bmuon_P_jetrest:       +0.042       -0.422          +0.812          +1.000                   +0.365                           -0.227                           -0.063                       -0.137                       -0.005                  +0.475                   +0.056                   +0.021            +0.256
                         :         bjet_charge*bmuon_charge:       +0.019       -0.371          +0.189          +0.365                   +1.000                           -0.304                           +0.033                       +0.033                       -0.147                  +0.464                   -0.081                   +0.014            +0.411
                         : bjet_ChargedHadronEnergyFraction:       -0.037       +0.293          -0.134          -0.227                   -0.304                           +1.000                           -0.333                       -0.351                       -0.352                  -0.481                   +0.390                   -0.183            -0.259
                         : bjet_NeutralHadronEnergyFraction:       +0.009       +0.120          -0.021          -0.063                   +0.033                           -0.333                           +1.000                       -0.116                       -0.032                  -0.119                   -0.154                   +0.143            -0.005
                         :     bjet_NeutralEmEnergyFraction:       +0.036       +0.265          -0.087          -0.137                   +0.033                           -0.351                           -0.116                       +1.000                       -0.220                  -0.209                   -0.082                   +0.444            -0.060
                         :     bjet_ChargedEmEnergyFraction:       +0.009       -0.146          +0.066          -0.005                   -0.147                           -0.352                           -0.032                       -0.220                       +1.000                  -0.112                   -0.063                   -0.114            +0.083
                         :          bjet_MuonEnergyFraction:       +0.001       -0.598          +0.219          +0.475                   +0.464                           -0.481                           -0.119                       -0.209                       -0.112                  +1.000                   -0.283                   -0.177            +0.335
                         :         bjet_ChargedMultiplicity:       -0.017       +0.193          +0.007          +0.056                   -0.081                           +0.390                           -0.154                       -0.082                       -0.063                  -0.283                   +1.000                   +0.069            -0.201
                         :         bjet_NeutralMultiplicity:       +0.032       +0.245          -0.023          +0.021                   +0.014                           -0.183                           +0.143                       +0.444                       -0.114                  -0.177                   +0.069                   +1.000            -0.023
                         :                fabs(bjet_charge):       +0.000       -0.182          +0.131          +0.256                   +0.411                           -0.259                           -0.005                       -0.060                       +0.083                  +0.335                   -0.201                   -0.023            +1.000
                         : --------------------------------------------------------------------------------------------------------------------------------------------------------------------------------------------------------------------------------------------------------------------------------------------------------------------------------------------
DataSetFactory           : [muon2017__10__64__1000__0.2] :  
                         : 
Factory                  : [muon2017__10__64__1000__0.2] : Create Transformation "I" with events from all classes.
                         : 
                         : Transformation, Variable selection : 
                         : Input : variable 'bmuon_nsip3d' <---> Output : variable 'bmuon_nsip3d'
                         : Input : variable 'bmuon_reliso' <---> Output : variable 'bmuon_reliso'
                         : Input : variable 'bmuon_ptwrtbjet' <---> Output : variable 'bmuon_ptwrtbjet'
                         : Input : variable 'bmuon_P_jetrest' <---> Output : variable 'bmuon_P_jetrest'
                         : Input : variable 'bjet_charge*bmuon_charge' <---> Output : variable 'bjet_charge*bmuon_charge'
                         : Input : variable 'bjet_ChargedHadronEnergyFraction' <---> Output : variable 'bjet_ChargedHadronEnergyFraction'
                         : Input : variable 'bjet_NeutralHadronEnergyFraction' <---> Output : variable 'bjet_NeutralHadronEnergyFraction'
                         : Input : variable 'bjet_NeutralEmEnergyFraction' <---> Output : variable 'bjet_NeutralEmEnergyFraction'
                         : Input : variable 'bjet_ChargedEmEnergyFraction' <---> Output : variable 'bjet_ChargedEmEnergyFraction'
                         : Input : variable 'bjet_MuonEnergyFraction' <---> Output : variable 'bjet_MuonEnergyFraction'
                         : Input : variable 'bjet_ChargedMultiplicity' <---> Output : variable 'bjet_ChargedMultiplicity'
                         : Input : variable 'bjet_NeutralMultiplicity' <---> Output : variable 'bjet_NeutralMultiplicity'
                         : Input : variable 'fabs(bjet_charge)' <---> Output : variable 'fabs(bjet_charge)'
TFHandler_Factory        :                         Variable                                Mean                                RMS                        [        Min                                Max ]
                         : -----------------------------------------------------------------------------------------------------------------------------------------------------------------------------------
                         :                     bmuon_nsip3d:                            33.048                            179.70   [                         0.0062385                            9714.9 ]
                         :                     bmuon_reliso:                            2.7621                            2.2452   [                            0.0000                            9.9994 ]
                         :                  bmuon_ptwrtbjet:                           0.96966                           0.69321   [                         0.0034248                            49.439 ]
                         :                  bmuon_P_jetrest:                            1.4007                           0.87076   [                           0.20012                            85.693 ]
                         :         bjet_charge*bmuon_charge:                           0.20070                           0.31591   [                           -1.0000                            1.0000 ]
                         : bjet_ChargedHadronEnergyFraction:                           0.45121                           0.18943   [                            0.0000                            1.0000 ]
                         : bjet_NeutralHadronEnergyFraction:                          0.081255                          0.095844   [                            0.0000                           0.76395 ]
                         :     bjet_NeutralEmEnergyFraction:                           0.19421                           0.13125   [                            0.0000                           0.84859 ]
                         :     bjet_ChargedEmEnergyFraction:                          0.034102                           0.10531   [                            0.0000                           0.93359 ]
                         :          bjet_MuonEnergyFraction:                           0.23922                           0.16666   [                            0.0000                           0.94143 ]
                         :         bjet_ChargedMultiplicity:                            10.990                            3.9784   [                            1.0000                            38.000 ]
                         :         bjet_NeutralMultiplicity:                            9.9328                            5.1513   [                            0.0000                            41.000 ]
                         :                fabs(bjet_charge):                           0.30735                           0.21357   [                        5.1672e-06                            1.0000 ]
                         : -----------------------------------------------------------------------------------------------------------------------------------------------------------------------------------
                         : Ranking input variables (method unspecific)...
IdTransformation         : Ranking result (top variable is best ranked)
                         : ---------------------------------------------------------
                         : Rank : Variable                         : Separation
                         : ---------------------------------------------------------
                         :    1 : bjet_charge*bmuon_charge         : 1.346e-01
                         :    2 : bmuon_P_jetrest                  : 1.076e-01
                         :    3 : bjet_MuonEnergyFraction          : 8.240e-02
                         :    4 : bmuon_ptwrtbjet                  : 7.440e-02
                         :    5 : fabs(bjet_charge)                : 6.909e-02
                         :    6 : bmuon_reliso                     : 5.591e-02
                         :    7 : bjet_ChargedHadronEnergyFraction : 1.655e-02
                         :    8 : bjet_ChargedMultiplicity         : 6.467e-03
                         :    9 : bjet_NeutralEmEnergyFraction     : 6.085e-03
                         :   10 : bjet_ChargedEmEnergyFraction     : 5.520e-03
                         :   11 : bjet_NeutralMultiplicity         : 4.144e-03
                         :   12 : bjet_NeutralHadronEnergyFraction : 3.198e-03
                         :   13 : bmuon_nsip3d                     : 2.979e-03
                         : ---------------------------------------------------------
Factory                  : Train method: DNN for Classification
                         : 
                         : 
                         : [1m================================================================[0m
                         : [1mH e l p   f o r   M V A   m e t h o d   [ DNN ] :[0m
                         : 
                         : Keras is a high-level API for the Theano and Tensorflow packages.
                         : This method wraps the training and predictions steps of the Keras
                         : Python package for TMVA, so that dataloading, preprocessing and
                         : evaluation can be done within the TMVA system. To use this Keras
                         : interface, you have to generate a model with Keras first. Then,
                         : this model can be loaded and trained in TMVA.
                         : 
                         : 
                         : <Suppress this message by specifying "!H" in the booking option>
                         : [1m================================================================[0m
                         : 
                         : Preparing the Gaussian transformation...
TFHandler_DNN            :                         Variable                                Mean                                RMS                        [        Min                                Max ]
                         : -----------------------------------------------------------------------------------------------------------------------------------------------------------------------------------
                         :                     bmuon_nsip3d:                         -0.015615                            1.0636   [                           -5.7307                            5.7307 ]
                         :                     bmuon_reliso:                         -0.025678                            1.0361   [                           -3.1432                            5.7307 ]
                         :                  bmuon_ptwrtbjet:                         0.0032384                           0.99592   [                           -3.3526                            5.7307 ]
                         :                  bmuon_P_jetrest:                         0.0043815                           0.99580   [                           -3.2927                            5.7307 ]
                         :         bjet_charge*bmuon_charge:                         0.0057896                            1.0004   [                           -3.3134                            5.7307 ]
                         : bjet_ChargedHadronEnergyFraction:                         0.0034676                            1.0005   [                           -3.3318                            5.7307 ]
                         : bjet_NeutralHadronEnergyFraction:                          -0.75702                            1.6156   [                           -3.1950                            5.7307 ]
                         :     bjet_NeutralEmEnergyFraction:                         -0.021733                            1.0295   [                           -3.2649                            5.7307 ]
                         :     bjet_ChargedEmEnergyFraction:                           -2.2833                            1.0210   [                           -2.6764                            5.7307 ]
                         :          bjet_MuonEnergyFraction:                          -0.33341                            1.3759   [                           -3.2909                            5.7307 ]
                         :         bjet_ChargedMultiplicity:                         0.0026464                           0.98830   [                           -5.5993                            5.7307 ]
                         :         bjet_NeutralMultiplicity:                        -0.0066211                            1.0231   [                           -5.0111                            5.7307 ]
                         :                fabs(bjet_charge):                         0.0043715                           0.99935   [                           -3.2277                            5.7307 ]
                         : -----------------------------------------------------------------------------------------------------------------------------------------------------------------------------------
                         : Option TriesEarlyStopping: Training will stop after 30 number of epochs with no improvement of validation loss
Train on 68449 samples, validate on 97946 samples
Epoch 1/300
 - 24s - loss: 2.3177 - acc: 0.6521 - val_loss: 0.3182 - val_acc: 0.6686
Epoch 2/300
 - 14s - loss: 2.2643 - acc: 0.6736 - val_loss: 0.2914 - val_acc: 0.6778
Epoch 3/300
 - 16s - loss: 2.2472 - acc: 0.6791 - val_loss: 0.2818 - val_acc: 0.6919
Epoch 4/300
 - 15s - loss: 2.2376 - acc: 0.6818 - val_loss: 0.2814 - val_acc: 0.6890
Epoch 5/300
 - 15s - loss: 2.2254 - acc: 0.6833 - val_loss: 0.2848 - val_acc: 0.6779
Epoch 6/300
 - 14s - loss: 2.2234 - acc: 0.6847 - val_loss: 0.2839 - val_acc: 0.6848
Epoch 7/300
 - 15s - loss: 2.2216 - acc: 0.6843 - val_loss: 0.2820 - val_acc: 0.6888
Epoch 8/300
 - 14s - loss: 2.2128 - acc: 0.6876 - val_loss: 0.2817 - val_acc: 0.6838
Epoch 9/300
 - 16s - loss: 2.2120 - acc: 0.6848 - val_loss: 0.2776 - val_acc: 0.6874
Epoch 10/300
 - 16s - loss: 2.2025 - acc: 0.6843 - val_loss: 0.2823 - val_acc: 0.6856
Epoch 11/300
 - 16s - loss: 2.2083 - acc: 0.6856 - val_loss: 0.2778 - val_acc: 0.6727
Epoch 12/300
 - 17s - loss: 2.2004 - acc: 0.6898 - val_loss: 0.2767 - val_acc: 0.6933
Epoch 13/300
 - 17s - loss: 2.1987 - acc: 0.6886 - val_loss: 0.2774 - val_acc: 0.6841
Epoch 14/300
 - 18s - loss: 2.1985 - acc: 0.6858 - val_loss: 0.2759 - val_acc: 0.6940
Epoch 15/300
 - 16s - loss: 2.1978 - acc: 0.6866 - val_loss: 0.2753 - val_acc: 0.6876
Epoch 16/300
 - 16s - loss: 2.1938 - acc: 0.6864 - val_loss: 0.2762 - val_acc: 0.6843
Epoch 17/300
 - 16s - loss: 2.1921 - acc: 0.6875 - val_loss: 0.2712 - val_acc: 0.6973
Epoch 18/300
 - 17s - loss: 2.1894 - acc: 0.6906 - val_loss: 0.2757 - val_acc: 0.6864
Epoch 19/300
 - 16s - loss: 2.1886 - acc: 0.6882 - val_loss: 0.2762 - val_acc: 0.6700
Epoch 20/300
 - 18s - loss: 2.1867 - acc: 0.6864 - val_loss: 0.2715 - val_acc: 0.6912
Epoch 21/300
 - 17s - loss: 2.1863 - acc: 0.6887 - val_loss: 0.2707 - val_acc: 0.6907
Epoch 22/300
 - 15s - loss: 2.1853 - acc: 0.6903 - val_loss: 0.2695 - val_acc: 0.6913
Epoch 23/300
 - 16s - loss: 2.1815 - acc: 0.6875 - val_loss: 0.2700 - val_acc: 0.6909
Epoch 24/300
 - 17s - loss: 2.1795 - acc: 0.6900 - val_loss: 0.2692 - val_acc: 0.6881
Epoch 25/300
 - 17s - loss: 2.1797 - acc: 0.6906 - val_loss: 0.2678 - val_acc: 0.6964
Epoch 26/300
 - 17s - loss: 2.1796 - acc: 0.6901 - val_loss: 0.2721 - val_acc: 0.6801
Epoch 27/300
 - 17s - loss: 2.1811 - acc: 0.6879 - val_loss: 0.2665 - val_acc: 0.6929
Epoch 28/300
 - 15s - loss: 2.1763 - acc: 0.6896 - val_loss: 0.2683 - val_acc: 0.6807
Epoch 29/300
 - 16s - loss: 2.1782 - acc: 0.6878 - val_loss: 0.2678 - val_acc: 0.6884
Epoch 30/300
 - 16s - loss: 2.1764 - acc: 0.6899 - val_loss: 0.2624 - val_acc: 0.7037
Epoch 31/300
 - 17s - loss: 2.1733 - acc: 0.6905 - val_loss: 0.2657 - val_acc: 0.6841
Epoch 32/300
 - 15s - loss: 2.1747 - acc: 0.6898 - val_loss: 0.2668 - val_acc: 0.6886
Epoch 33/300
 - 16s - loss: 2.1717 - acc: 0.6882 - val_loss: 0.2697 - val_acc: 0.6789
Epoch 34/300
 - 16s - loss: 2.1734 - acc: 0.6915 - val_loss: 0.2631 - val_acc: 0.6877
Epoch 35/300
 - 15s - loss: 2.1713 - acc: 0.6894 - val_loss: 0.2614 - val_acc: 0.6876
Epoch 36/300
 - 16s - loss: 2.1691 - acc: 0.6869 - val_loss: 0.2612 - val_acc: 0.6958
Epoch 37/300
 - 16s - loss: 2.1730 - acc: 0.6917 - val_loss: 0.2604 - val_acc: 0.6945
Epoch 38/300
 - 15s - loss: 2.1686 - acc: 0.6908 - val_loss: 0.2616 - val_acc: 0.6921
Epoch 39/300
 - 15s - loss: 2.1673 - acc: 0.6893 - val_loss: 0.2603 - val_acc: 0.6927
Epoch 40/300
 - 16s - loss: 2.1632 - acc: 0.6898 - val_loss: 0.2680 - val_acc: 0.6768
Epoch 41/300
 - 15s - loss: 2.1659 - acc: 0.6909 - val_loss: 0.2615 - val_acc: 0.6811
Epoch 42/300
 - 16s - loss: 2.1668 - acc: 0.6891 - val_loss: 0.2614 - val_acc: 0.6891
Epoch 43/300
 - 15s - loss: 2.1612 - acc: 0.6901 - val_loss: 0.2549 - val_acc: 0.7014
Epoch 44/300
 - 15s - loss: 2.1649 - acc: 0.6894 - val_loss: 0.2617 - val_acc: 0.6789
Epoch 45/300
 - 16s - loss: 2.1662 - acc: 0.6878 - val_loss: 0.2574 - val_acc: 0.6872
Epoch 46/300
 - 15s - loss: 2.1585 - acc: 0.6920 - val_loss: 0.2565 - val_acc: 0.6909
Epoch 47/300
 - 16s - loss: 2.1614 - acc: 0.6902 - val_loss: 0.2537 - val_acc: 0.7008
Epoch 48/300
 - 15s - loss: 2.1632 - acc: 0.6909 - val_loss: 0.2602 - val_acc: 0.6869
Epoch 49/300
 - 16s - loss: 2.1597 - acc: 0.6927 - val_loss: 0.2614 - val_acc: 0.6715
Epoch 50/300
 - 15s - loss: 2.1588 - acc: 0.6899 - val_loss: 0.2537 - val_acc: 0.6946
Epoch 51/300
 - 14s - loss: 2.1568 - acc: 0.6890 - val_loss: 0.2550 - val_acc: 0.6944
Epoch 52/300
 - 15s - loss: 2.1561 - acc: 0.6928 - val_loss: 0.2564 - val_acc: 0.6855
Epoch 53/300
 - 14s - loss: 2.1579 - acc: 0.6883 - val_loss: 0.2529 - val_acc: 0.6997
Epoch 54/300
 - 15s - loss: 2.1543 - acc: 0.6901 - val_loss: 0.2514 - val_acc: 0.6948
Epoch 55/300
 - 16s - loss: 2.1551 - acc: 0.6902 - val_loss: 0.2542 - val_acc: 0.6916
Epoch 56/300
 - 16s - loss: 2.1548 - acc: 0.6900 - val_loss: 0.2511 - val_acc: 0.7014
Epoch 57/300
 - 16s - loss: 2.1570 - acc: 0.6901 - val_loss: 0.2515 - val_acc: 0.6892
Epoch 58/300
 - 15s - loss: 2.1513 - acc: 0.6903 - val_loss: 0.2527 - val_acc: 0.6958
Epoch 59/300
 - 15s - loss: 2.1502 - acc: 0.6914 - val_loss: 0.2525 - val_acc: 0.6868
Epoch 60/300
 - 14s - loss: 2.1552 - acc: 0.6862 - val_loss: 0.2499 - val_acc: 0.6957
Epoch 61/300
 - 16s - loss: 2.1524 - acc: 0.6925 - val_loss: 0.2537 - val_acc: 0.6804
Epoch 62/300
 - 16s - loss: 2.1496 - acc: 0.6902 - val_loss: 0.2502 - val_acc: 0.6860
Epoch 63/300
 - 16s - loss: 2.1478 - acc: 0.6893 - val_loss: 0.2500 - val_acc: 0.6941
Epoch 64/300
 - 16s - loss: 2.1486 - acc: 0.6908 - val_loss: 0.2538 - val_acc: 0.6814
Epoch 65/300
 - 15s - loss: 2.1472 - acc: 0.6915 - val_loss: 0.2480 - val_acc: 0.7024
Epoch 66/300
 - 16s - loss: 2.1516 - acc: 0.6908 - val_loss: 0.2525 - val_acc: 0.6925
Epoch 67/300
 - 16s - loss: 2.1496 - acc: 0.6900 - val_loss: 0.2503 - val_acc: 0.6930
Epoch 68/300
 - 16s - loss: 2.1460 - acc: 0.6917 - val_loss: 0.2526 - val_acc: 0.6807
Epoch 69/300
 - 15s - loss: 2.1487 - acc: 0.6922 - val_loss: 0.2521 - val_acc: 0.6841
Epoch 70/300
 - 16s - loss: 2.1462 - acc: 0.6913 - val_loss: 0.2549 - val_acc: 0.6743
Epoch 71/300
 - 16s - loss: 2.1489 - acc: 0.6898 - val_loss: 0.2494 - val_acc: 0.6868
Epoch 72/300
 - 17s - loss: 2.1486 - acc: 0.6893 - val_loss: 0.2525 - val_acc: 0.6837
Epoch 73/300
 - 16s - loss: 2.1432 - acc: 0.6944 - val_loss: 0.2574 - val_acc: 0.6780
Epoch 74/300
 - 14s - loss: 2.1481 - acc: 0.6913 - val_loss: 0.2519 - val_acc: 0.6805
Epoch 75/300
 - 16s - loss: 2.1460 - acc: 0.6894 - val_loss: 0.2482 - val_acc: 0.6971
Epoch 76/300
 - 16s - loss: 2.1473 - acc: 0.6924 - val_loss: 0.2498 - val_acc: 0.6876
Epoch 77/300
 - 15s - loss: 2.1473 - acc: 0.6924 - val_loss: 0.2460 - val_acc: 0.6946
Epoch 78/300
 - 15s - loss: 2.1426 - acc: 0.6919 - val_loss: 0.2493 - val_acc: 0.6919
Epoch 79/300
 - 15s - loss: 2.1423 - acc: 0.6917 - val_loss: 0.2527 - val_acc: 0.6621
Epoch 80/300
 - 16s - loss: 2.1478 - acc: 0.6906 - val_loss: 0.2511 - val_acc: 0.6820
Epoch 81/300
 - 15s - loss: 2.1429 - acc: 0.6907 - val_loss: 0.2493 - val_acc: 0.6810
Epoch 82/300
 - 15s - loss: 2.1398 - acc: 0.6925 - val_loss: 0.2481 - val_acc: 0.6766
Epoch 83/300
 - 14s - loss: 2.1426 - acc: 0.6926 - val_loss: 0.2496 - val_acc: 0.6913
Epoch 84/300
 - 15s - loss: 2.1423 - acc: 0.6925 - val_loss: 0.2461 - val_acc: 0.6898
Epoch 85/300
 - 16s - loss: 2.1395 - acc: 0.6924 - val_loss: 0.2490 - val_acc: 0.6762
Epoch 86/300
 - 16s - loss: 2.1415 - acc: 0.6923 - val_loss: 0.2475 - val_acc: 0.6874
Epoch 87/300
 - 15s - loss: 2.1431 - acc: 0.6902 - val_loss: 0.2461 - val_acc: 0.6956
Epoch 88/300
 - 15s - loss: 2.1388 - acc: 0.6941 - val_loss: 0.2478 - val_acc: 0.6919
Epoch 89/300
 - 15s - loss: 2.1410 - acc: 0.6948 - val_loss: 0.2423 - val_acc: 0.6964
Epoch 90/300
 - 15s - loss: 2.1437 - acc: 0.6937 - val_loss: 0.2456 - val_acc: 0.6934
Epoch 91/300
 - 15s - loss: 2.1370 - acc: 0.6930 - val_loss: 0.2459 - val_acc: 0.7011
Epoch 92/300
 - 15s - loss: 2.1387 - acc: 0.6945 - val_loss: 0.2449 - val_acc: 0.6909
Epoch 93/300
 - 15s - loss: 2.1394 - acc: 0.6912 - val_loss: 0.2445 - val_acc: 0.6953
Epoch 94/300
 - 15s - loss: 2.1392 - acc: 0.6960 - val_loss: 0.2492 - val_acc: 0.6794
Epoch 95/300
 - 15s - loss: 2.1395 - acc: 0.6917 - val_loss: 0.2475 - val_acc: 0.6863
Epoch 96/300
 - 15s - loss: 2.1367 - acc: 0.6923 - val_loss: 0.2496 - val_acc: 0.6727
Epoch 97/300
 - 17s - loss: 2.1380 - acc: 0.6911 - val_loss: 0.2434 - val_acc: 0.6925
Epoch 98/300
 - 16s - loss: 2.1357 - acc: 0.6904 - val_loss: 0.2411 - val_acc: 0.6974
Epoch 99/300
 - 15s - loss: 2.1368 - acc: 0.6927 - val_loss: 0.2459 - val_acc: 0.6851
Epoch 100/300
 - 16s - loss: 2.1379 - acc: 0.6936 - val_loss: 0.2462 - val_acc: 0.6933
Epoch 101/300
 - 17s - loss: 2.1410 - acc: 0.6976 - val_loss: 0.2500 - val_acc: 0.6691
Epoch 102/300
 - 15s - loss: 2.1393 - acc: 0.6902 - val_loss: 0.2476 - val_acc: 0.6747
Epoch 103/300
 - 14s - loss: 2.1382 - acc: 0.6924 - val_loss: 0.2427 - val_acc: 0.7000
Epoch 104/300
 - 16s - loss: 2.1330 - acc: 0.6938 - val_loss: 0.2452 - val_acc: 0.6850
Epoch 105/300
 - 15s - loss: 2.1320 - acc: 0.6951 - val_loss: 0.2481 - val_acc: 0.6794
Epoch 106/300
 - 15s - loss: 2.1370 - acc: 0.6918 - val_loss: 0.2425 - val_acc: 0.6847
Epoch 107/300
 - 15s - loss: 2.1340 - acc: 0.6912 - val_loss: 0.2413 - val_acc: 0.7008
Epoch 108/300
 - 16s - loss: 2.1344 - acc: 0.6915 - val_loss: 0.2417 - val_acc: 0.6982
Epoch 109/300
 - 15s - loss: 2.1364 - acc: 0.6907 - val_loss: 0.2428 - val_acc: 0.6927
Epoch 110/300
 - 15s - loss: 2.1310 - acc: 0.6958 - val_loss: 0.2461 - val_acc: 0.6846
Epoch 111/300
 - 16s - loss: 2.1320 - acc: 0.6942 - val_loss: 0.2475 - val_acc: 0.6756
Epoch 112/300
 - 16s - loss: 2.1330 - acc: 0.6927 - val_loss: 0.2451 - val_acc: 0.6748
Epoch 113/300
 - 17s - loss: 2.1339 - acc: 0.6923 - val_loss: 0.2413 - val_acc: 0.7012
Epoch 114/300
 - 16s - loss: 2.1334 - acc: 0.6936 - val_loss: 0.2485 - val_acc: 0.6850
Epoch 115/300
 - 16s - loss: 2.1335 - acc: 0.6937 - val_loss: 0.2442 - val_acc: 0.6971
Epoch 116/300
 - 17s - loss: 2.1320 - acc: 0.6938 - val_loss: 0.2408 - val_acc: 0.7004
Epoch 117/300
 - 16s - loss: 2.1367 - acc: 0.6940 - val_loss: 0.2448 - val_acc: 0.6829
Epoch 118/300
 - 15s - loss: 2.1300 - acc: 0.6955 - val_loss: 0.2453 - val_acc: 0.6881
Epoch 119/300
 - 16s - loss: 2.1378 - acc: 0.6960 - val_loss: 0.2422 - val_acc: 0.6847
Epoch 120/300
 - 15s - loss: 2.1366 - acc: 0.6926 - val_loss: 0.2472 - val_acc: 0.6888
Epoch 121/300
 - 15s - loss: 2.1327 - acc: 0.6941 - val_loss: 0.2453 - val_acc: 0.6814
Epoch 122/300
 - 15s - loss: 2.1316 - acc: 0.6937 - val_loss: 0.2436 - val_acc: 0.6847
Epoch 123/300
 - 16s - loss: 2.1327 - acc: 0.6932 - val_loss: 0.2462 - val_acc: 0.6918
Epoch 124/300
 - 16s - loss: 2.1319 - acc: 0.6936 - val_loss: 0.2485 - val_acc: 0.6855
Epoch 125/300
 - 16s - loss: 2.1304 - acc: 0.6917 - val_loss: 0.2442 - val_acc: 0.6910
Epoch 126/300
 - 15s - loss: 2.1298 - acc: 0.6953 - val_loss: 0.2462 - val_acc: 0.6830
Epoch 127/300
 - 16s - loss: 2.1294 - acc: 0.6929 - val_loss: 0.2418 - val_acc: 0.6912
Epoch 128/300
 - 16s - loss: 2.1310 - acc: 0.6910 - val_loss: 0.2430 - val_acc: 0.6972
Epoch 129/300
 - 15s - loss: 2.1345 - acc: 0.6982 - val_loss: 0.2412 - val_acc: 0.6904
Epoch 130/300
 - 17s - loss: 2.1305 - acc: 0.6927 - val_loss: 0.2469 - val_acc: 0.6789
Epoch 131/300
 - 15s - loss: 2.1312 - acc: 0.6914 - val_loss: 0.2402 - val_acc: 0.6920
Epoch 132/300
 - 15s - loss: 2.1293 - acc: 0.6946 - val_loss: 0.2418 - val_acc: 0.6976
Epoch 133/300
 - 15s - loss: 2.1274 - acc: 0.6976 - val_loss: 0.2427 - val_acc: 0.6846
Epoch 134/300
 - 15s - loss: 2.1273 - acc: 0.6925 - val_loss: 0.2415 - val_acc: 0.6892
Epoch 135/300
 - 16s - loss: 2.1286 - acc: 0.6924 - val_loss: 0.2446 - val_acc: 0.6855
Epoch 136/300
 - 15s - loss: 2.1287 - acc: 0.6924 - val_loss: 0.2427 - val_acc: 0.6896
Epoch 137/300
 - 16s - loss: 2.1318 - acc: 0.6932 - val_loss: 0.2405 - val_acc: 0.6961
Epoch 138/300
 - 15s - loss: 2.1303 - acc: 0.6914 - val_loss: 0.2413 - val_acc: 0.6899
Epoch 139/300
 - 16s - loss: 2.1263 - acc: 0.6955 - val_loss: 0.2400 - val_acc: 0.6917
Epoch 140/300
 - 14s - loss: 2.1290 - acc: 0.6949 - val_loss: 0.2413 - val_acc: 0.6900
Epoch 141/300
 - 15s - loss: 2.1261 - acc: 0.6969 - val_loss: 0.2517 - val_acc: 0.6678
Epoch 142/300
 - 15s - loss: 2.1275 - acc: 0.6950 - val_loss: 0.2414 - val_acc: 0.6951
Epoch 143/300
 - 16s - loss: 2.1305 - acc: 0.6933 - val_loss: 0.2432 - val_acc: 0.6927
Epoch 144/300
 - 17s - loss: 2.1273 - acc: 0.6938 - val_loss: 0.2378 - val_acc: 0.7055
Epoch 145/300
 - 17s - loss: 2.1293 - acc: 0.6935 - val_loss: 0.2467 - val_acc: 0.6796
Epoch 146/300
 - 17s - loss: 2.1304 - acc: 0.6921 - val_loss: 0.2432 - val_acc: 0.6868
Epoch 147/300
 - 15s - loss: 2.1267 - acc: 0.6955 - val_loss: 0.2420 - val_acc: 0.6915
Epoch 148/300
 - 16s - loss: 2.1268 - acc: 0.6935 - val_loss: 0.2440 - val_acc: 0.6859
Epoch 149/300
 - 15s - loss: 2.1305 - acc: 0.6930 - val_loss: 0.2385 - val_acc: 0.6999
Epoch 150/300
 - 15s - loss: 2.1282 - acc: 0.6952 - val_loss: 0.2429 - val_acc: 0.6834
Epoch 151/300
 - 16s - loss: 2.1296 - acc: 0.6917 - val_loss: 0.2422 - val_acc: 0.6962
Epoch 152/300
 - 15s - loss: 2.1292 - acc: 0.6931 - val_loss: 0.2433 - val_acc: 0.6863
Epoch 153/300
 - 16s - loss: 2.1329 - acc: 0.6933 - val_loss: 0.2442 - val_acc: 0.6908
Epoch 154/300
 - 17s - loss: 2.1249 - acc: 0.6947 - val_loss: 0.2417 - val_acc: 0.7043
Epoch 155/300
 - 16s - loss: 2.1265 - acc: 0.6931 - val_loss: 0.2415 - val_acc: 0.6990
Epoch 156/300
 - 17s - loss: 2.1243 - acc: 0.6941 - val_loss: 0.2389 - val_acc: 0.7043
Epoch 157/300
 - 16s - loss: 2.1251 - acc: 0.6961 - val_loss: 0.2407 - val_acc: 0.7016
Epoch 158/300
 - 17s - loss: 2.1251 - acc: 0.6937 - val_loss: 0.2422 - val_acc: 0.6931
Epoch 159/300
 - 17s - loss: 2.1309 - acc: 0.6923 - val_loss: 0.2397 - val_acc: 0.6985
Epoch 160/300
 - 17s - loss: 2.1288 - acc: 0.6960 - val_loss: 0.2474 - val_acc: 0.6671
Epoch 161/300
 - 16s - loss: 2.1261 - acc: 0.6929 - val_loss: 0.2401 - val_acc: 0.6962
Epoch 162/300
 - 18s - loss: 2.1241 - acc: 0.6976 - val_loss: 0.2463 - val_acc: 0.6821
Epoch 163/300
 - 17s - loss: 2.1244 - acc: 0.6981 - val_loss: 0.2417 - val_acc: 0.6884
Epoch 164/300
 - 15s - loss: 2.1254 - acc: 0.6970 - val_loss: 0.2423 - val_acc: 0.6768
Epoch 165/300
 - 16s - loss: 2.1281 - acc: 0.6944 - val_loss: 0.2391 - val_acc: 0.6961
Epoch 166/300
 - 15s - loss: 2.1226 - acc: 0.6974 - val_loss: 0.2397 - val_acc: 0.6995
Epoch 167/300
 - 14s - loss: 2.1208 - acc: 0.6956 - val_loss: 0.2454 - val_acc: 0.6799
Epoch 168/300
 - 15s - loss: 2.1234 - acc: 0.6973 - val_loss: 0.2439 - val_acc: 0.6864
Epoch 169/300
 - 15s - loss: 2.1260 - acc: 0.6940 - val_loss: 0.2425 - val_acc: 0.6922
Epoch 170/300
 - 15s - loss: 2.1241 - acc: 0.6965 - val_loss: 0.2459 - val_acc: 0.6876
Epoch 171/300
 - 15s - loss: 2.1256 - acc: 0.6987 - val_loss: 0.2395 - val_acc: 0.6889
Epoch 172/300
 - 17s - loss: 2.1241 - acc: 0.6965 - val_loss: 0.2425 - val_acc: 0.6917
Epoch 173/300
 - 16s - loss: 2.1244 - acc: 0.6929 - val_loss: 0.2469 - val_acc: 0.6793
Epoch 174/300
 - 16s - loss: 2.1239 - acc: 0.6960 - val_loss: 0.2359 - val_acc: 0.7061
Epoch 175/300
 - 15s - loss: 2.1261 - acc: 0.6961 - val_loss: 0.2416 - val_acc: 0.6897
Epoch 176/300
 - 15s - loss: 2.1282 - acc: 0.6962 - val_loss: 0.2368 - val_acc: 0.6945
Epoch 177/300
 - 16s - loss: 2.1212 - acc: 0.6930 - val_loss: 0.2362 - val_acc: 0.7006
Epoch 178/300
 - 15s - loss: 2.1250 - acc: 0.6968 - val_loss: 0.2399 - val_acc: 0.6907
Epoch 179/300
 - 16s - loss: 2.1231 - acc: 0.6942 - val_loss: 0.2444 - val_acc: 0.6849
Epoch 180/300
 - 15s - loss: 2.1255 - acc: 0.6970 - val_loss: 0.2456 - val_acc: 0.6719
Epoch 181/300
 - 15s - loss: 2.1247 - acc: 0.6935 - val_loss: 0.2402 - val_acc: 0.6944
Epoch 182/300
 - 17s - loss: 2.1208 - acc: 0.6916 - val_loss: 0.2401 - val_acc: 0.6982
Epoch 183/300
 - 15s - loss: 2.1206 - acc: 0.6971 - val_loss: 0.2398 - val_acc: 0.6935
Epoch 184/300
 - 15s - loss: 2.1197 - acc: 0.6966 - val_loss: 0.2402 - val_acc: 0.6902
Epoch 185/300
 - 14s - loss: 2.1264 - acc: 0.6969 - val_loss: 0.2511 - val_acc: 0.6686
Epoch 186/300
 - 15s - loss: 2.1224 - acc: 0.6968 - val_loss: 0.2383 - val_acc: 0.6944
Epoch 187/300
 - 16s - loss: 2.1224 - acc: 0.6937 - val_loss: 0.2388 - val_acc: 0.6950
Epoch 188/300
 - 16s - loss: 2.1212 - acc: 0.6955 - val_loss: 0.2364 - val_acc: 0.6978
Epoch 189/300
 - 15s - loss: 2.1224 - acc: 0.6962 - val_loss: 0.2415 - val_acc: 0.6808
Epoch 190/300
 - 15s - loss: 2.1258 - acc: 0.6923 - val_loss: 0.2414 - val_acc: 0.6840
Epoch 191/300
 - 15s - loss: 2.1229 - acc: 0.6960 - val_loss: 0.2404 - val_acc: 0.6881
Epoch 192/300
 - 16s - loss: 2.1222 - acc: 0.6949 - val_loss: 0.2491 - val_acc: 0.6538
Epoch 193/300
 - 15s - loss: 2.1239 - acc: 0.6936 - val_loss: 0.2404 - val_acc: 0.6992
Epoch 194/300
 - 16s - loss: 2.1214 - acc: 0.6992 - val_loss: 0.2496 - val_acc: 0.6670
Epoch 195/300
 - 14s - loss: 2.1237 - acc: 0.6959 - val_loss: 0.2428 - val_acc: 0.6915
Epoch 196/300
 - 16s - loss: 2.1239 - acc: 0.6964 - val_loss: 0.2496 - val_acc: 0.6607
Epoch 197/300
 - 16s - loss: 2.1228 - acc: 0.6948 - val_loss: 0.2374 - val_acc: 0.7005
Epoch 198/300
 - 16s - loss: 2.1226 - acc: 0.6958 - val_loss: 0.2418 - val_acc: 0.6823
Epoch 199/300
 - 15s - loss: 2.1254 - acc: 0.6946 - val_loss: 0.2397 - val_acc: 0.6931
Epoch 200/300
 - 16s - loss: 2.1184 - acc: 0.6965 - val_loss: 0.2398 - val_acc: 0.6927
Epoch 201/300
 - 16s - loss: 2.1239 - acc: 0.6971 - val_loss: 0.2408 - val_acc: 0.6860
Epoch 202/300
 - 15s - loss: 2.1227 - acc: 0.6920 - val_loss: 0.2413 - val_acc: 0.6945
Epoch 203/300
 - 16s - loss: 2.1249 - acc: 0.6953 - val_loss: 0.2397 - val_acc: 0.7014
Epoch 204/300
 - 15s - loss: 2.1201 - acc: 0.6972 - val_loss: 0.2417 - val_acc: 0.6986
Epoch 00204: early stopping
                         : Trained model written to file: muon2017__10__64__1000__0.2/weights/TrainedModel_DNN.h5
                         : Elapsed time for training with 68449 events: 3.21e+03 sec         
                         : Creating xml weight file: [0;36mmuon2017__10__64__1000__0.2/weights/muon2017__10__64__1000__0.2_DNN.weights.xml[0m
                         : Creating standalone class: [0;36mmuon2017__10__64__1000__0.2/weights/muon2017__10__64__1000__0.2_DNN.class.C[0m
Factory                  : Training finished
                         : 
                         : Ranking input variables (method specific)...
                         : No variable ranking supplied by classifier: DNN
Factory                  : === Destroy and recreate all methods via weight files for testing ===
                         : 
Factory                  : [1mTest all methods[0m
Factory                  : Test method: DNN for Classification performance
                         : 
                         : Load model from file: muon2017__10__64__1000__0.2/weights/TrainedModel_DNN.h5
Factory                  : [1mEvaluate all methods[0m
Factory                  : Evaluate classifier: DNN
                         : 
TFHandler_DNN            :                         Variable                                Mean                                RMS                        [        Min                                Max ]
                         : -----------------------------------------------------------------------------------------------------------------------------------------------------------------------------------
                         :                     bmuon_nsip3d:                         -0.031625                            1.0755   [                           -5.7307                            5.7307 ]
                         :                     bmuon_reliso:                         -0.073786                            1.0367   [                           -3.1432                            5.7307 ]
                         :                  bmuon_ptwrtbjet:                          0.093386                            1.0080   [                           -3.5165                            5.7307 ]
                         :                  bmuon_P_jetrest:                           0.12366                            1.0047   [                           -4.0264                            5.7307 ]
                         :         bjet_charge*bmuon_charge:                           0.11571                           0.99612   [                           -3.3093                            5.7307 ]
                         : bjet_ChargedHadronEnergyFraction:                         -0.023421                            1.0063   [                           -3.3318                            5.7307 ]
                         : bjet_NeutralHadronEnergyFraction:                          -0.80306                            1.6127   [                           -3.1950                            5.7307 ]
                         :     bjet_NeutralEmEnergyFraction:                         -0.034121                            1.0282   [                           -3.2649                            5.7307 ]
                         :     bjet_ChargedEmEnergyFraction:                           -2.2938                            1.0014   [                           -2.6764                            5.7307 ]
                         :          bjet_MuonEnergyFraction:                          -0.26033                            1.3906   [                           -3.2909                            5.7307 ]
                         :         bjet_ChargedMultiplicity:                         0.0073967                            1.0116   [                           -5.5993                            5.7307 ]
                         :         bjet_NeutralMultiplicity:                        -0.0038325                            1.0272   [                           -5.0111                            5.7307 ]
                         :                fabs(bjet_charge):                          0.080782                            1.0117   [                           -3.2253                            5.7307 ]
                         : -----------------------------------------------------------------------------------------------------------------------------------------------------------------------------------
DNN                      : [muon2017__10__64__1000__0.2] : Loop over test events and fill histograms with classifier response...
                         : 
TFHandler_DNN            :                         Variable                                Mean                                RMS                        [        Min                                Max ]
                         : -----------------------------------------------------------------------------------------------------------------------------------------------------------------------------------
                         :                     bmuon_nsip3d:                         -0.031625                            1.0755   [                           -5.7307                            5.7307 ]
                         :                     bmuon_reliso:                         -0.073786                            1.0367   [                           -3.1432                            5.7307 ]
                         :                  bmuon_ptwrtbjet:                          0.093386                            1.0080   [                           -3.5165                            5.7307 ]
                         :                  bmuon_P_jetrest:                           0.12366                            1.0047   [                           -4.0264                            5.7307 ]
                         :         bjet_charge*bmuon_charge:                           0.11571                           0.99612   [                           -3.3093                            5.7307 ]
                         : bjet_ChargedHadronEnergyFraction:                         -0.023421                            1.0063   [                           -3.3318                            5.7307 ]
                         : bjet_NeutralHadronEnergyFraction:                          -0.80306                            1.6127   [                           -3.1950                            5.7307 ]
                         :     bjet_NeutralEmEnergyFraction:                         -0.034121                            1.0282   [                           -3.2649                            5.7307 ]
                         :     bjet_ChargedEmEnergyFraction:                           -2.2938                            1.0014   [                           -2.6764                            5.7307 ]
                         :          bjet_MuonEnergyFraction:                          -0.26033                            1.3906   [                           -3.2909                            5.7307 ]
                         :         bjet_ChargedMultiplicity:                         0.0073967                            1.0116   [                           -5.5993                            5.7307 ]
                         :         bjet_NeutralMultiplicity:                        -0.0038325                            1.0272   [                           -5.0111                            5.7307 ]
                         :                fabs(bjet_charge):                          0.080782                            1.0117   [                           -3.2253                            5.7307 ]
                         : -----------------------------------------------------------------------------------------------------------------------------------------------------------------------------------
                         : 
                         : Evaluation results ranked by best signal efficiency and purity (area)
                         : -------------------------------------------------------------------------------------------------------------------
                         : DataSet       MVA                       
                         : Name:         Method:          ROC-integ
                         : muon2017__10__64__1000__0.2 DNN            : 0.762
                         : -------------------------------------------------------------------------------------------------------------------
                         : 
                         : Testing efficiency compared to training efficiency (overtraining check)
                         : -------------------------------------------------------------------------------------------------------------------
                         : DataSet              MVA              Signal efficiency: from test sample (from training sample) 
                         : Name:                Method:          @B=0.01             @B=0.10            @B=0.30   
                         : -------------------------------------------------------------------------------------------------------------------
                         : muon2017__10__64__1000__0.2 DNN            : 0.094 (0.095)       0.401 (0.411)      0.684 (0.691)
                         : -------------------------------------------------------------------------------------------------------------------
                         : 
Dataset:muon2017__10__...: Created tree 'TestTree' with 97946 events
                         : 
Dataset:muon2017__10__...: Created tree 'TrainTree' with 68449 events
                         : 
Factory                  : [1mThank you for using TMVA![0m
                         : [1mFor citation information, please visit: http://tmva.sf.net/citeTMVA.html[0m
ref.cut= DNN 0.515912470481
auc= 0.761591037587
myerr=0
[ntry=1]
