<sig cut>= (bmuon_charge*bjet_partonFlavour < 0)&&Has_bMuon
<bkg cut>= (bmuon_charge*bjet_partonFlavour > 0)&&Has_bMuon
_________________________________________________________________
Layer (type)                 Output Shape              Param #   
=================================================================
dense_1 (Dense)              (None, 128)               1792      
_________________________________________________________________
batch_normalization_1 (Batch (None, 128)               512       
_________________________________________________________________
activation_1 (Activation)    (None, 128)               0         
_________________________________________________________________
dropout_1 (Dropout)          (None, 128)               0         
_________________________________________________________________
dense_2 (Dense)              (None, 128)               16512     
_________________________________________________________________
batch_normalization_2 (Batch (None, 128)               512       
_________________________________________________________________
activation_2 (Activation)    (None, 128)               0         
_________________________________________________________________
dropout_2 (Dropout)          (None, 128)               0         
_________________________________________________________________
dense_3 (Dense)              (None, 128)               16512     
_________________________________________________________________
batch_normalization_3 (Batch (None, 128)               512       
_________________________________________________________________
activation_3 (Activation)    (None, 128)               0         
_________________________________________________________________
dropout_3 (Dropout)          (None, 128)               0         
_________________________________________________________________
dense_4 (Dense)              (None, 128)               16512     
_________________________________________________________________
batch_normalization_4 (Batch (None, 128)               512       
_________________________________________________________________
activation_4 (Activation)    (None, 128)               0         
_________________________________________________________________
dropout_4 (Dropout)          (None, 128)               0         
_________________________________________________________________
dense_5 (Dense)              (None, 128)               16512     
_________________________________________________________________
batch_normalization_5 (Batch (None, 128)               512       
_________________________________________________________________
activation_5 (Activation)    (None, 128)               0         
_________________________________________________________________
dropout_5 (Dropout)          (None, 128)               0         
_________________________________________________________________
dense_6 (Dense)              (None, 2)                 258       
_________________________________________________________________
activation_6 (Activation)    (None, 2)                 0         
=================================================================
Total params: 70,658
Trainable params: 69,378
Non-trainable params: 1,280
_________________________________________________________________
---sig_test---
<self.testtree_sig> OutTree/sig
/data6/Users/jhchoi/TMVA/TMVA_TOOL/inputs/EEMu_MuMuE_Method/v2409.2/2016postVFP/EEMu_MuMuE_Method_DYJetsToEE_MiNNLO.root
/data6/Users/jhchoi/TMVA/TMVA_TOOL/inputs/EEMu_MuMuE_Method/v2409.2/2016postVFP/EEMu_MuMuE_Method_DYJetsToMuMu_MiNNLO.root
--bkg_test---
<self.testtree_bkg> OutTree/bkg
/data6/Users/jhchoi/TMVA/TMVA_TOOL/inputs/EEMu_MuMuE_Method/v2409.2/2016postVFP/EEMu_MuMuE_Method_DYJetsToEE_MiNNLO.root
/data6/Users/jhchoi/TMVA/TMVA_TOOL/inputs/EEMu_MuMuE_Method/v2409.2/2016postVFP/EEMu_MuMuE_Method_DYJetsToMuMu_MiNNLO.root
---sig_train---
<self.traintree_sig> OutTree/sig
/data6/Users/jhchoi/TMVA/TMVA_TOOL/inputs/EEMu_MuMuE_Method/v2409.2/2016postVFP/EEMu_MuMuE_Method_DYJets.root
---bkg_train---
<self.traintree_bkg> OutTree/bkg
/data6/Users/jhchoi/TMVA/TMVA_TOOL/inputs/EEMu_MuMuE_Method/v2409.2/2016postVFP/EEMu_MuMuE_Method_DYJets.root
DataSetInfo              : [muon2016postVFP__5__128__1000__0.4] : Added class "Signal"
                         : Add Tree OutTree/sig of type Signal with 387726 events
                         : Add Tree OutTree/sig of type Signal with 440734 events
DataSetInfo              : [muon2016postVFP__5__128__1000__0.4] : Added class "Background"
                         : Add Tree OutTree/bkg of type Background with 273702 events
                         : Add Tree OutTree/bkg of type Background with 310379 events
>>>>self.dataloader.PrepareTrainingAndTestTree
Set sig cut -> (bmuon_charge*bjet_partonFlavour < 0)&&Has_bMuon
Set bkg cut -> (bmuon_charge*bjet_partonFlavour > 0)&&Has_bMuon
Factory                  : Booking method: [1mDNN[0m
                         : 
DNN                      : [muon2016postVFP__5__128__1000__0.4] : Create Transformation "U" with events from all classes.
                         : 
                         : Transformation, Variable selection : 
                         : Input : variable 'bmuon_nsip3d' <---> Output : variable 'bmuon_nsip3d'
                         : Input : variable 'bmuon_reliso' <---> Output : variable 'bmuon_reliso'
                         : Input : variable 'bmuon_ptwrtbjet' <---> Output : variable 'bmuon_ptwrtbjet'
                         : Input : variable 'bmuon_P_jetrest' <---> Output : variable 'bmuon_P_jetrest'
                         : Input : variable 'bjet_charge*bmuon_charge' <---> Output : variable 'bjet_charge*bmuon_charge'
                         : Input : variable 'bjet_ChargedHadronEnergyFraction' <---> Output : variable 'bjet_ChargedHadronEnergyFraction'
                         : Input : variable 'bjet_NeutralHadronEnergyFraction' <---> Output : variable 'bjet_NeutralHadronEnergyFraction'
                         : Input : variable 'bjet_NeutralEmEnergyFraction' <---> Output : variable 'bjet_NeutralEmEnergyFraction'
                         : Input : variable 'bjet_ChargedEmEnergyFraction' <---> Output : variable 'bjet_ChargedEmEnergyFraction'
                         : Input : variable 'bjet_MuonEnergyFraction' <---> Output : variable 'bjet_MuonEnergyFraction'
                         : Input : variable 'bjet_ChargedMultiplicity' <---> Output : variable 'bjet_ChargedMultiplicity'
                         : Input : variable 'bjet_NeutralMultiplicity' <---> Output : variable 'bjet_NeutralMultiplicity'
                         : Input : variable 'fabs(bjet_charge)' <---> Output : variable 'fabs(bjet_charge)'
                         : Load model from file: model.h5
Factory                  : [1mTrain all methods[0m
DataSetFactory           : [muon2016postVFP__5__128__1000__0.4] : Number of events in input trees
                         : Dataset[muon2016postVFP__5__128__1000__0.4] :     Signal     requirement: "(bmuon_charge*bjet_partonFlavour < 0)&&Has_bMuon"
                         : Dataset[muon2016postVFP__5__128__1000__0.4] :     Signal          -- number of events passed: 42053  / sum of weights: 23218.3
                         : Dataset[muon2016postVFP__5__128__1000__0.4] :     Signal          -- efficiency             : 0.0462812
                         : Dataset[muon2016postVFP__5__128__1000__0.4] :     Background requirement: "(bmuon_charge*bjet_partonFlavour > 0)&&Has_bMuon"
                         : Dataset[muon2016postVFP__5__128__1000__0.4] :     Background      -- number of events passed: 20185  / sum of weights: 11185.4
                         : Dataset[muon2016postVFP__5__128__1000__0.4] :     Background      -- efficiency             : 0.0313111
                         : Dataset[muon2016postVFP__5__128__1000__0.4] :  you have opted for interpreting the requested number of training/testing events
                         :  to be the number of events AFTER your preselection cuts
                         : 
                         : Dataset[muon2016postVFP__5__128__1000__0.4] :  you have opted for interpreting the requested number of training/testing events
                         :  to be the number of events AFTER your preselection cuts
                         : 
                         : Dataset[muon2016postVFP__5__128__1000__0.4] : Weight renormalisation mode: "EqualNumEvents": renormalises all event classes ...
                         : Dataset[muon2016postVFP__5__128__1000__0.4] :  such that the effective (weighted) number of events in each class is the same 
                         : Dataset[muon2016postVFP__5__128__1000__0.4] :  (and equals the number of events (entries) given for class=0 )
                         : Dataset[muon2016postVFP__5__128__1000__0.4] : ... i.e. such that Sum[i=1..N_j]{w_i} = N_classA, j=classA, classB, ...
                         : Dataset[muon2016postVFP__5__128__1000__0.4] : ... (note that N_j is the sum of TRAINING events
                         : Dataset[muon2016postVFP__5__128__1000__0.4] :  ..... Testing events are not renormalised nor included in the renormalisation factor!)
                         : Number of training and testing events
                         : ---------------------------------------------------------------------------
                         : Signal     -- training events            : 17271
                         : Signal     -- testing events             : 24782
                         : Signal     -- training and testing events: 42053
                         : Dataset[muon2016postVFP__5__128__1000__0.4] : Signal     -- due to the preselection a scaling factor has been applied to the numbers of requested events: 0.0507604
                         : Background -- training events            : 8200
                         : Background -- testing events             : 11985
                         : Background -- training and testing events: 20185
                         : Dataset[muon2016postVFP__5__128__1000__0.4] : Background -- due to the preselection a scaling factor has been applied to the numbers of requested events: 0.0345586
                         : 
DataSetInfo              : Correlation matrix (Signal):
                         : --------------------------------------------------------------------------------------------------------------------------------------------------------------------------------------------------------------------------------------------------------------------------------------------------------------------------------------------
                         :                                   bmuon_nsip3d bmuon_reliso bmuon_ptwrtbjet bmuon_P_jetrest bjet_charge*bmuon_charge bjet_ChargedHadronEnergyFraction bjet_NeutralHadronEnergyFraction bjet_NeutralEmEnergyFraction bjet_ChargedEmEnergyFraction bjet_MuonEnergyFraction bjet_ChargedMultiplicity bjet_NeutralMultiplicity fabs(bjet_charge)
                         :                     bmuon_nsip3d:       +1.000       -0.010          +0.035          +0.002                   -0.018                           +0.007                           +0.016                       +0.034                       +0.007                  -0.044                   -0.005                   +0.043            -0.015
                         :                     bmuon_reliso:       -0.010       +1.000          -0.149          -0.129                   -0.401                           +0.416                           +0.171                       +0.300                       -0.066                  -0.705                   +0.228                   +0.252            -0.365
                         :                  bmuon_ptwrtbjet:       +0.035       -0.149          +1.000          +0.476                   +0.077                           -0.049                           -0.008                       -0.044                       +0.071                  +0.049                   +0.067                   +0.035            +0.063
                         :                  bmuon_P_jetrest:       +0.002       -0.129          +0.476          +1.000                   +0.092                           -0.052                           -0.030                       -0.050                       +0.001                  +0.106                   +0.034                   +0.018            +0.089
                         :         bjet_charge*bmuon_charge:       -0.018       -0.401          +0.077          +0.092                   +1.000                           -0.365                           -0.060                       -0.071                       -0.095                  +0.511                   -0.196                   -0.097            +0.814
                         : bjet_ChargedHadronEnergyFraction:       +0.007       +0.416          -0.049          -0.052                   -0.365                           +1.000                           -0.243                       -0.272                       -0.259                  -0.572                   +0.398                   -0.101            -0.389
                         : bjet_NeutralHadronEnergyFraction:       +0.016       +0.171          -0.008          -0.030                   -0.060                           -0.243                           +1.000                       -0.102                       +0.001                  -0.208                   -0.128                   +0.144            -0.052
                         :     bjet_NeutralEmEnergyFraction:       +0.034       +0.300          -0.044          -0.050                   -0.071                           -0.272                           -0.102                       +1.000                       -0.157                  -0.306                   -0.054                   +0.434            -0.080
                         :     bjet_ChargedEmEnergyFraction:       +0.007       -0.066          +0.071          +0.001                   -0.095                           -0.259                           +0.001                       -0.157                       +1.000                  -0.143                   -0.025                   -0.079            -0.027
                         :          bjet_MuonEnergyFraction:       -0.044       -0.705          +0.049          +0.106                   +0.511                           -0.572                           -0.208                       -0.306                       -0.143                  +1.000                   -0.291                   -0.246            +0.502
                         :         bjet_ChargedMultiplicity:       -0.005       +0.228          +0.067          +0.034                   -0.196                           +0.398                           -0.128                       -0.054                       -0.025                  -0.291                   +1.000                   +0.232            -0.248
                         :         bjet_NeutralMultiplicity:       +0.043       +0.252          +0.035          +0.018                   -0.097                           -0.101                           +0.144                       +0.434                       -0.079                  -0.246                   +0.232                   +1.000            -0.101
                         :                fabs(bjet_charge):       -0.015       -0.365          +0.063          +0.089                   +0.814                           -0.389                           -0.052                       -0.080                       -0.027                  +0.502                   -0.248                   -0.101            +1.000
                         : --------------------------------------------------------------------------------------------------------------------------------------------------------------------------------------------------------------------------------------------------------------------------------------------------------------------------------------------
DataSetInfo              : Correlation matrix (Background):
                         : --------------------------------------------------------------------------------------------------------------------------------------------------------------------------------------------------------------------------------------------------------------------------------------------------------------------------------------------
                         :                                   bmuon_nsip3d bmuon_reliso bmuon_ptwrtbjet bmuon_P_jetrest bjet_charge*bmuon_charge bjet_ChargedHadronEnergyFraction bjet_NeutralHadronEnergyFraction bjet_NeutralEmEnergyFraction bjet_ChargedEmEnergyFraction bjet_MuonEnergyFraction bjet_ChargedMultiplicity bjet_NeutralMultiplicity fabs(bjet_charge)
                         :                     bmuon_nsip3d:       +1.000       -0.060          +0.043          +0.019                   +0.032                           -0.027                           +0.019                       +0.022                       -0.011                  +0.010                   -0.020                   +0.032            +0.012
                         :                     bmuon_reliso:       -0.060       +1.000          -0.233          -0.325                   -0.366                           +0.342                           +0.135                       +0.239                       -0.157                  -0.630                   +0.250                   +0.270            -0.194
                         :                  bmuon_ptwrtbjet:       +0.043       -0.233          +1.000          +0.822                   +0.174                           -0.095                           -0.029                       -0.066                       +0.038                  +0.173                   +0.053                   +0.023            +0.108
                         :                  bmuon_P_jetrest:       +0.019       -0.325          +0.822          +1.000                   +0.279                           -0.149                           -0.063                       -0.086                       -0.020                  +0.330                   +0.087                   +0.050            +0.199
                         :         bjet_charge*bmuon_charge:       +0.032       -0.366          +0.174          +0.279                   +1.000                           -0.304                           +0.018                       +0.044                       -0.159                  +0.466                   -0.076                   -0.014            +0.453
                         : bjet_ChargedHadronEnergyFraction:       -0.027       +0.342          -0.095          -0.149                   -0.304                           +1.000                           -0.329                       -0.342                       -0.362                  -0.482                   +0.397                   -0.126            -0.277
                         : bjet_NeutralHadronEnergyFraction:       +0.019       +0.135          -0.029          -0.063                   +0.018                           -0.329                           +1.000                       -0.108                       -0.023                  -0.148                   -0.166                   +0.138            +0.004
                         :     bjet_NeutralEmEnergyFraction:       +0.022       +0.239          -0.066          -0.086                   +0.044                           -0.342                           -0.108                       +1.000                       -0.210                  -0.215                   -0.070                   +0.410            -0.036
                         :     bjet_ChargedEmEnergyFraction:       -0.011       -0.157          +0.038          -0.020                   -0.159                           -0.362                           -0.023                       -0.210                       +1.000                  -0.101                   -0.085                   -0.113            +0.056
                         :          bjet_MuonEnergyFraction:       +0.010       -0.630          +0.173          +0.330                   +0.466                           -0.482                           -0.148                       -0.215                       -0.101                  +1.000                   -0.272                   -0.213            +0.345
                         :         bjet_ChargedMultiplicity:       -0.020       +0.250          +0.053          +0.087                   -0.076                           +0.397                           -0.166                       -0.070                       -0.085                  -0.272                   +1.000                   +0.230            -0.200
                         :         bjet_NeutralMultiplicity:       +0.032       +0.270          +0.023          +0.050                   -0.014                           -0.126                           +0.138                       +0.410                       -0.113                  -0.213                   +0.230                   +1.000            -0.045
                         :                fabs(bjet_charge):       +0.012       -0.194          +0.108          +0.199                   +0.453                           -0.277                           +0.004                       -0.036                       +0.056                  +0.345                   -0.200                   -0.045            +1.000
                         : --------------------------------------------------------------------------------------------------------------------------------------------------------------------------------------------------------------------------------------------------------------------------------------------------------------------------------------------
DataSetFactory           : [muon2016postVFP__5__128__1000__0.4] :  
                         : 
Factory                  : [muon2016postVFP__5__128__1000__0.4] : Create Transformation "I" with events from all classes.
                         : 
                         : Transformation, Variable selection : 
                         : Input : variable 'bmuon_nsip3d' <---> Output : variable 'bmuon_nsip3d'
                         : Input : variable 'bmuon_reliso' <---> Output : variable 'bmuon_reliso'
                         : Input : variable 'bmuon_ptwrtbjet' <---> Output : variable 'bmuon_ptwrtbjet'
                         : Input : variable 'bmuon_P_jetrest' <---> Output : variable 'bmuon_P_jetrest'
                         : Input : variable 'bjet_charge*bmuon_charge' <---> Output : variable 'bjet_charge*bmuon_charge'
                         : Input : variable 'bjet_ChargedHadronEnergyFraction' <---> Output : variable 'bjet_ChargedHadronEnergyFraction'
                         : Input : variable 'bjet_NeutralHadronEnergyFraction' <---> Output : variable 'bjet_NeutralHadronEnergyFraction'
                         : Input : variable 'bjet_NeutralEmEnergyFraction' <---> Output : variable 'bjet_NeutralEmEnergyFraction'
                         : Input : variable 'bjet_ChargedEmEnergyFraction' <---> Output : variable 'bjet_ChargedEmEnergyFraction'
                         : Input : variable 'bjet_MuonEnergyFraction' <---> Output : variable 'bjet_MuonEnergyFraction'
                         : Input : variable 'bjet_ChargedMultiplicity' <---> Output : variable 'bjet_ChargedMultiplicity'
                         : Input : variable 'bjet_NeutralMultiplicity' <---> Output : variable 'bjet_NeutralMultiplicity'
                         : Input : variable 'fabs(bjet_charge)' <---> Output : variable 'fabs(bjet_charge)'
TFHandler_Factory        :                         Variable                                Mean                                RMS                        [        Min                                Max ]
                         : -----------------------------------------------------------------------------------------------------------------------------------------------------------------------------------
                         :                     bmuon_nsip3d:                            17.780                            74.794   [                         0.0014549                            3469.9 ]
                         :                     bmuon_reliso:                            2.8418                            2.2618   [                            0.0000                            9.9992 ]
                         :                  bmuon_ptwrtbjet:                           0.96892                           0.77747   [                         0.0085029                            48.035 ]
                         :                  bmuon_P_jetrest:                            1.3909                            2.2079   [                           0.18030                            302.45 ]
                         :         bjet_charge*bmuon_charge:                           0.21762                           0.32805   [                          -0.98958                            1.0000 ]
                         : bjet_ChargedHadronEnergyFraction:                           0.44324                           0.18994   [                            0.0000                            1.0000 ]
                         : bjet_NeutralHadronEnergyFraction:                          0.080737                          0.098882   [                            0.0000                           0.77320 ]
                         :     bjet_NeutralEmEnergyFraction:                           0.19032                           0.13158   [                            0.0000                           0.89660 ]
                         :     bjet_ChargedEmEnergyFraction:                          0.034527                           0.10501   [                            0.0000                           0.91448 ]
                         :          bjet_MuonEnergyFraction:                           0.25118                           0.16975   [                            0.0000                           0.94796 ]
                         :         bjet_ChargedMultiplicity:                            10.040                            3.6236   [                            1.0000                            38.000 ]
                         :         bjet_NeutralMultiplicity:                            8.8077                            4.5326   [                            0.0000                            38.000 ]
                         :                fabs(bjet_charge):                           0.32498                           0.22219   [                        3.5924e-05                            1.0000 ]
                         : -----------------------------------------------------------------------------------------------------------------------------------------------------------------------------------
                         : Ranking input variables (method unspecific)...
IdTransformation         : Ranking result (top variable is best ranked)
                         : ---------------------------------------------------------
                         : Rank : Variable                         : Separation
                         : ---------------------------------------------------------
                         :    1 : bjet_charge*bmuon_charge         : 1.368e-01
                         :    2 : bmuon_P_jetrest                  : 1.026e-01
                         :    3 : bjet_MuonEnergyFraction          : 8.044e-02
                         :    4 : bmuon_ptwrtbjet                  : 7.628e-02
                         :    5 : fabs(bjet_charge)                : 7.409e-02
                         :    6 : bmuon_reliso                     : 5.767e-02
                         :    7 : bjet_ChargedHadronEnergyFraction : 1.856e-02
                         :    8 : bjet_ChargedMultiplicity         : 9.287e-03
                         :    9 : bjet_NeutralEmEnergyFraction     : 8.987e-03
                         :   10 : bjet_NeutralMultiplicity         : 7.458e-03
                         :   11 : bjet_ChargedEmEnergyFraction     : 6.040e-03
                         :   12 : bmuon_nsip3d                     : 5.377e-03
                         :   13 : bjet_NeutralHadronEnergyFraction : 4.401e-03
                         : ---------------------------------------------------------
Factory                  : Train method: DNN for Classification
                         : 
                         : 
                         : [1m================================================================[0m
                         : [1mH e l p   f o r   M V A   m e t h o d   [ DNN ] :[0m
                         : 
                         : Keras is a high-level API for the Theano and Tensorflow packages.
                         : This method wraps the training and predictions steps of the Keras
                         : Python package for TMVA, so that dataloading, preprocessing and
                         : evaluation can be done within the TMVA system. To use this Keras
                         : interface, you have to generate a model with Keras first. Then,
                         : this model can be loaded and trained in TMVA.
                         : 
                         : 
                         : <Suppress this message by specifying "!H" in the booking option>
                         : [1m================================================================[0m
                         : 
                         : Preparing the Gaussian transformation...
TFHandler_DNN            :                         Variable                                Mean                                RMS                        [        Min                                Max ]
                         : -----------------------------------------------------------------------------------------------------------------------------------------------------------------------------------
                         :                     bmuon_nsip3d:                           0.49969                           0.28858   [                        1.0000e-09                            1.0000 ]
                         :                     bmuon_reliso:                           0.49660                           0.28992   [                        0.00030919                            1.0000 ]
                         :                  bmuon_ptwrtbjet:                           0.50112                           0.28866   [                        0.00040743                            1.0000 ]
                         :                  bmuon_P_jetrest:                           0.50143                           0.28841   [                        0.00040012                            1.0000 ]
                         :         bjet_charge*bmuon_charge:                           0.50211                           0.28874   [                        0.00039042                            1.0000 ]
                         : bjet_ChargedHadronEnergyFraction:                           0.49962                           0.28880   [                        9.4555e-06                            1.0000 ]
                         : bjet_NeutralHadronEnergyFraction:                           0.37428                           0.33056   [                        0.00069900                            1.0000 ]
                         :     bjet_NeutralEmEnergyFraction:                           0.49655                           0.29075   [                        0.00035651                            1.0000 ]
                         :     bjet_ChargedEmEnergyFraction:                          0.077491                           0.20911   [                         0.0037065                            1.0000 ]
                         :          bjet_MuonEnergyFraction:                           0.45605                           0.31023   [                        0.00059149                            1.0000 ]
                         :         bjet_ChargedMultiplicity:                           0.50127                           0.28705   [                        2.5294e-08                            1.0000 ]
                         :         bjet_NeutralMultiplicity:                           0.49937                           0.28789   [                        2.9169e-07                            1.0000 ]
                         :                fabs(bjet_charge):                           0.50162                           0.28864   [                        0.00065814                            1.0000 ]
                         : -----------------------------------------------------------------------------------------------------------------------------------------------------------------------------------
                         : Option TriesEarlyStopping: Training will stop after 30 number of epochs with no improvement of validation loss
Train on 25471 samples, validate on 36767 samples
Epoch 1/300
 - 9s - loss: 2.3605 - acc: 0.6375 - val_loss: 0.3168 - val_acc: 0.6780
Epoch 2/300
 - 6s - loss: 2.2711 - acc: 0.6667 - val_loss: 0.3179 - val_acc: 0.6824
Epoch 3/300
 - 6s - loss: 2.2542 - acc: 0.6718 - val_loss: 0.3201 - val_acc: 0.6877
Epoch 4/300
 - 5s - loss: 2.2464 - acc: 0.6767 - val_loss: 0.3203 - val_acc: 0.6894
Epoch 5/300
 - 6s - loss: 2.2367 - acc: 0.6815 - val_loss: 0.3090 - val_acc: 0.6909
Epoch 6/300
 - 6s - loss: 2.2265 - acc: 0.6805 - val_loss: 0.3157 - val_acc: 0.6939
Epoch 7/300
 - 6s - loss: 2.2323 - acc: 0.6789 - val_loss: 0.3151 - val_acc: 0.6880
Epoch 8/300
 - 6s - loss: 2.2343 - acc: 0.6760 - val_loss: 0.3020 - val_acc: 0.6982
Epoch 9/300
 - 6s - loss: 2.2311 - acc: 0.6818 - val_loss: 0.3073 - val_acc: 0.6903
Epoch 10/300
 - 6s - loss: 2.2252 - acc: 0.6796 - val_loss: 0.3024 - val_acc: 0.6951
Epoch 11/300
 - 6s - loss: 2.2112 - acc: 0.6832 - val_loss: 0.3039 - val_acc: 0.6882
Epoch 12/300
 - 6s - loss: 2.2132 - acc: 0.6817 - val_loss: 0.3069 - val_acc: 0.6879
Epoch 13/300
 - 6s - loss: 2.2146 - acc: 0.6828 - val_loss: 0.3094 - val_acc: 0.6918
Epoch 14/300
 - 6s - loss: 2.2143 - acc: 0.6855 - val_loss: 0.3059 - val_acc: 0.6831
Epoch 15/300
 - 6s - loss: 2.2104 - acc: 0.6811 - val_loss: 0.3061 - val_acc: 0.6949
Epoch 16/300
 - 6s - loss: 2.2116 - acc: 0.6832 - val_loss: 0.3001 - val_acc: 0.6948
Epoch 17/300
 - 6s - loss: 2.2138 - acc: 0.6803 - val_loss: 0.2986 - val_acc: 0.7004
Epoch 18/300
 - 6s - loss: 2.2090 - acc: 0.6835 - val_loss: 0.3005 - val_acc: 0.6898
Epoch 19/300
 - 6s - loss: 2.2063 - acc: 0.6810 - val_loss: 0.2988 - val_acc: 0.6929
Epoch 20/300
 - 6s - loss: 2.2048 - acc: 0.6807 - val_loss: 0.3064 - val_acc: 0.6871
Epoch 21/300
 - 6s - loss: 2.2037 - acc: 0.6821 - val_loss: 0.3030 - val_acc: 0.6837
Epoch 22/300
 - 6s - loss: 2.1987 - acc: 0.6838 - val_loss: 0.3008 - val_acc: 0.6961
Epoch 23/300
 - 6s - loss: 2.1990 - acc: 0.6851 - val_loss: 0.3026 - val_acc: 0.6899
Epoch 24/300
 - 6s - loss: 2.1960 - acc: 0.6810 - val_loss: 0.2978 - val_acc: 0.6922
Epoch 25/300
 - 6s - loss: 2.2039 - acc: 0.6826 - val_loss: 0.2995 - val_acc: 0.6865
Epoch 26/300
 - 6s - loss: 2.1950 - acc: 0.6830 - val_loss: 0.3056 - val_acc: 0.6911
Epoch 27/300
 - 6s - loss: 2.1931 - acc: 0.6851 - val_loss: 0.3086 - val_acc: 0.6792
Epoch 28/300
 - 6s - loss: 2.1948 - acc: 0.6784 - val_loss: 0.3027 - val_acc: 0.6909
Epoch 29/300
 - 6s - loss: 2.1923 - acc: 0.6824 - val_loss: 0.2999 - val_acc: 0.6918
Epoch 30/300
 - 6s - loss: 2.1959 - acc: 0.6847 - val_loss: 0.3042 - val_acc: 0.6813
Epoch 31/300
 - 6s - loss: 2.1933 - acc: 0.6838 - val_loss: 0.2988 - val_acc: 0.6890
Epoch 32/300
 - 6s - loss: 2.1897 - acc: 0.6827 - val_loss: 0.2977 - val_acc: 0.6871
Epoch 33/300
 - 6s - loss: 2.1949 - acc: 0.6842 - val_loss: 0.2955 - val_acc: 0.6975
Epoch 34/300
 - 6s - loss: 2.1858 - acc: 0.6855 - val_loss: 0.2976 - val_acc: 0.6869
Epoch 35/300
 - 6s - loss: 2.1858 - acc: 0.6814 - val_loss: 0.3000 - val_acc: 0.6860
Epoch 36/300
 - 6s - loss: 2.1823 - acc: 0.6844 - val_loss: 0.2964 - val_acc: 0.6895
Epoch 37/300
 - 6s - loss: 2.1883 - acc: 0.6840 - val_loss: 0.2999 - val_acc: 0.6824
Epoch 38/300
 - 6s - loss: 2.1869 - acc: 0.6841 - val_loss: 0.2948 - val_acc: 0.6912
Epoch 39/300
 - 6s - loss: 2.1874 - acc: 0.6812 - val_loss: 0.2970 - val_acc: 0.6826
Epoch 40/300
 - 6s - loss: 2.1820 - acc: 0.6854 - val_loss: 0.2964 - val_acc: 0.6853
Epoch 41/300
 - 6s - loss: 2.1754 - acc: 0.6861 - val_loss: 0.2949 - val_acc: 0.6893
Epoch 42/300
 - 6s - loss: 2.1857 - acc: 0.6843 - val_loss: 0.2962 - val_acc: 0.6856
Epoch 43/300
 - 6s - loss: 2.1812 - acc: 0.6835 - val_loss: 0.2953 - val_acc: 0.6797
Epoch 44/300
 - 6s - loss: 2.1802 - acc: 0.6844 - val_loss: 0.2923 - val_acc: 0.6897
Epoch 45/300
 - 6s - loss: 2.1816 - acc: 0.6876 - val_loss: 0.2929 - val_acc: 0.6836
Epoch 46/300
 - 6s - loss: 2.1783 - acc: 0.6838 - val_loss: 0.2931 - val_acc: 0.6866
Epoch 47/300
 - 6s - loss: 2.1784 - acc: 0.6854 - val_loss: 0.2990 - val_acc: 0.6669
Epoch 48/300
 - 6s - loss: 2.1705 - acc: 0.6846 - val_loss: 0.2897 - val_acc: 0.6915
Epoch 49/300
 - 6s - loss: 2.1737 - acc: 0.6842 - val_loss: 0.2917 - val_acc: 0.6909
Epoch 50/300
 - 6s - loss: 2.1799 - acc: 0.6845 - val_loss: 0.2916 - val_acc: 0.6844
Epoch 51/300
 - 6s - loss: 2.1714 - acc: 0.6822 - val_loss: 0.2942 - val_acc: 0.6692
Epoch 52/300
 - 6s - loss: 2.1711 - acc: 0.6838 - val_loss: 0.2884 - val_acc: 0.6900
Epoch 53/300
 - 6s - loss: 2.1705 - acc: 0.6849 - val_loss: 0.2881 - val_acc: 0.6853
Epoch 54/300
 - 6s - loss: 2.1659 - acc: 0.6821 - val_loss: 0.2924 - val_acc: 0.6824
Epoch 55/300
 - 6s - loss: 2.1698 - acc: 0.6828 - val_loss: 0.2884 - val_acc: 0.6868
Epoch 56/300
 - 6s - loss: 2.1763 - acc: 0.6831 - val_loss: 0.2886 - val_acc: 0.6840
Epoch 57/300
 - 6s - loss: 2.1794 - acc: 0.6829 - val_loss: 0.2906 - val_acc: 0.6807
Epoch 58/300
 - 6s - loss: 2.1652 - acc: 0.6869 - val_loss: 0.2876 - val_acc: 0.6911
Epoch 59/300
 - 6s - loss: 2.1634 - acc: 0.6853 - val_loss: 0.2885 - val_acc: 0.6850
Epoch 60/300
 - 6s - loss: 2.1601 - acc: 0.6837 - val_loss: 0.2902 - val_acc: 0.6843
Epoch 61/300
 - 6s - loss: 2.1631 - acc: 0.6865 - val_loss: 0.2865 - val_acc: 0.6831
Epoch 62/300
 - 6s - loss: 2.1595 - acc: 0.6878 - val_loss: 0.2884 - val_acc: 0.6770
Epoch 63/300
 - 6s - loss: 2.1631 - acc: 0.6821 - val_loss: 0.2908 - val_acc: 0.6634
Epoch 64/300
 - 6s - loss: 2.1591 - acc: 0.6878 - val_loss: 0.2877 - val_acc: 0.6795
Epoch 65/300
 - 6s - loss: 2.1595 - acc: 0.6854 - val_loss: 0.2834 - val_acc: 0.6938
Epoch 66/300
 - 6s - loss: 2.1585 - acc: 0.6822 - val_loss: 0.2941 - val_acc: 0.6814
Epoch 67/300
 - 6s - loss: 2.1563 - acc: 0.6863 - val_loss: 0.2868 - val_acc: 0.6796
Epoch 68/300
 - 6s - loss: 2.1621 - acc: 0.6803 - val_loss: 0.2864 - val_acc: 0.6747
Epoch 69/300
 - 6s - loss: 2.1594 - acc: 0.6841 - val_loss: 0.2830 - val_acc: 0.6910
Epoch 70/300
 - 6s - loss: 2.1577 - acc: 0.6873 - val_loss: 0.2820 - val_acc: 0.6917
Epoch 71/300
 - 6s - loss: 2.1576 - acc: 0.6843 - val_loss: 0.2808 - val_acc: 0.6949
Epoch 72/300
 - 6s - loss: 2.1574 - acc: 0.6839 - val_loss: 0.2821 - val_acc: 0.6909
Epoch 73/300
 - 6s - loss: 2.1591 - acc: 0.6823 - val_loss: 0.2802 - val_acc: 0.6984
Epoch 74/300
 - 6s - loss: 2.1545 - acc: 0.6872 - val_loss: 0.2816 - val_acc: 0.6901
Epoch 75/300
 - 6s - loss: 2.1504 - acc: 0.6851 - val_loss: 0.2841 - val_acc: 0.6855
Epoch 76/300
 - 6s - loss: 2.1515 - acc: 0.6815 - val_loss: 0.2841 - val_acc: 0.6861
Epoch 77/300
 - 6s - loss: 2.1544 - acc: 0.6869 - val_loss: 0.2842 - val_acc: 0.6743
Epoch 78/300
 - 6s - loss: 2.1566 - acc: 0.6842 - val_loss: 0.2805 - val_acc: 0.6877
Epoch 79/300
 - 6s - loss: 2.1532 - acc: 0.6863 - val_loss: 0.2801 - val_acc: 0.6819
Epoch 80/300
 - 6s - loss: 2.1514 - acc: 0.6869 - val_loss: 0.2866 - val_acc: 0.6770
Epoch 81/300
 - 6s - loss: 2.1513 - acc: 0.6847 - val_loss: 0.2812 - val_acc: 0.6891
Epoch 82/300
 - 6s - loss: 2.1515 - acc: 0.6851 - val_loss: 0.2778 - val_acc: 0.6950
Epoch 83/300
 - 6s - loss: 2.1457 - acc: 0.6900 - val_loss: 0.2816 - val_acc: 0.6770
Epoch 84/300
 - 6s - loss: 2.1457 - acc: 0.6845 - val_loss: 0.2814 - val_acc: 0.6750
Epoch 85/300
 - 6s - loss: 2.1484 - acc: 0.6841 - val_loss: 0.2856 - val_acc: 0.6725
Epoch 86/300
 - 6s - loss: 2.1524 - acc: 0.6833 - val_loss: 0.2785 - val_acc: 0.6885
Epoch 87/300
 - 6s - loss: 2.1425 - acc: 0.6844 - val_loss: 0.2780 - val_acc: 0.6850
Epoch 88/300
 - 6s - loss: 2.1416 - acc: 0.6835 - val_loss: 0.2812 - val_acc: 0.6758
Epoch 89/300
 - 6s - loss: 2.1446 - acc: 0.6891 - val_loss: 0.2821 - val_acc: 0.6819
Epoch 90/300
 - 6s - loss: 2.1435 - acc: 0.6881 - val_loss: 0.2813 - val_acc: 0.6822
Epoch 91/300
 - 6s - loss: 2.1464 - acc: 0.6854 - val_loss: 0.2769 - val_acc: 0.6890
Epoch 92/300
 - 6s - loss: 2.1520 - acc: 0.6851 - val_loss: 0.2783 - val_acc: 0.6810
Epoch 93/300
 - 6s - loss: 2.1466 - acc: 0.6875 - val_loss: 0.2763 - val_acc: 0.6875
Epoch 94/300
 - 6s - loss: 2.1426 - acc: 0.6837 - val_loss: 0.2812 - val_acc: 0.6707
Epoch 95/300
 - 6s - loss: 2.1401 - acc: 0.6891 - val_loss: 0.2778 - val_acc: 0.6828
Epoch 96/300
 - 6s - loss: 2.1432 - acc: 0.6850 - val_loss: 0.2760 - val_acc: 0.6816
Epoch 97/300
 - 6s - loss: 2.1411 - acc: 0.6846 - val_loss: 0.2738 - val_acc: 0.6875
Epoch 98/300
 - 6s - loss: 2.1449 - acc: 0.6849 - val_loss: 0.2715 - val_acc: 0.6928
Epoch 99/300
 - 6s - loss: 2.1477 - acc: 0.6826 - val_loss: 0.2695 - val_acc: 0.7006
Epoch 100/300
 - 6s - loss: 2.1344 - acc: 0.6896 - val_loss: 0.2766 - val_acc: 0.6879
Epoch 101/300
 - 6s - loss: 2.1387 - acc: 0.6881 - val_loss: 0.2795 - val_acc: 0.6693
Epoch 102/300
 - 6s - loss: 2.1446 - acc: 0.6818 - val_loss: 0.2707 - val_acc: 0.6972
Epoch 103/300
 - 6s - loss: 2.1432 - acc: 0.6875 - val_loss: 0.2746 - val_acc: 0.6818
Epoch 104/300
 - 6s - loss: 2.1464 - acc: 0.6826 - val_loss: 0.2784 - val_acc: 0.6882
Epoch 105/300
 - 6s - loss: 2.1405 - acc: 0.6829 - val_loss: 0.2723 - val_acc: 0.6919
Epoch 106/300
 - 6s - loss: 2.1428 - acc: 0.6845 - val_loss: 0.2771 - val_acc: 0.6760
Epoch 107/300
 - 6s - loss: 2.1478 - acc: 0.6821 - val_loss: 0.2737 - val_acc: 0.6850
Epoch 108/300
 - 6s - loss: 2.1431 - acc: 0.6809 - val_loss: 0.2718 - val_acc: 0.6944
Epoch 109/300
 - 6s - loss: 2.1429 - acc: 0.6876 - val_loss: 0.2733 - val_acc: 0.6857
Epoch 110/300
 - 6s - loss: 2.1425 - acc: 0.6852 - val_loss: 0.2740 - val_acc: 0.6892
Epoch 111/300
 - 6s - loss: 2.1380 - acc: 0.6864 - val_loss: 0.2776 - val_acc: 0.6795
Epoch 112/300
 - 6s - loss: 2.1383 - acc: 0.6877 - val_loss: 0.2764 - val_acc: 0.6871
Epoch 113/300
 - 6s - loss: 2.1321 - acc: 0.6863 - val_loss: 0.2778 - val_acc: 0.6869
Epoch 114/300
 - 6s - loss: 2.1400 - acc: 0.6840 - val_loss: 0.2691 - val_acc: 0.6962
Epoch 115/300
 - 6s - loss: 2.1392 - acc: 0.6898 - val_loss: 0.2714 - val_acc: 0.6926
Epoch 116/300
 - 6s - loss: 2.1337 - acc: 0.6834 - val_loss: 0.2684 - val_acc: 0.7011
Epoch 117/300
 - 6s - loss: 2.1394 - acc: 0.6875 - val_loss: 0.2727 - val_acc: 0.6925
Epoch 118/300
 - 6s - loss: 2.1362 - acc: 0.6853 - val_loss: 0.2716 - val_acc: 0.6901
Epoch 119/300
 - 6s - loss: 2.1371 - acc: 0.6858 - val_loss: 0.2708 - val_acc: 0.6903
Epoch 120/300
 - 6s - loss: 2.1386 - acc: 0.6872 - val_loss: 0.2720 - val_acc: 0.6841
Epoch 121/300
 - 6s - loss: 2.1364 - acc: 0.6836 - val_loss: 0.2726 - val_acc: 0.6917
Epoch 122/300
 - 6s - loss: 2.1349 - acc: 0.6891 - val_loss: 0.2743 - val_acc: 0.6772
Epoch 123/300
 - 6s - loss: 2.1337 - acc: 0.6845 - val_loss: 0.2692 - val_acc: 0.6939
Epoch 124/300
 - 6s - loss: 2.1353 - acc: 0.6882 - val_loss: 0.2711 - val_acc: 0.6836
Epoch 125/300
 - 6s - loss: 2.1390 - acc: 0.6840 - val_loss: 0.2694 - val_acc: 0.6908
Epoch 126/300
 - 6s - loss: 2.1270 - acc: 0.6868 - val_loss: 0.2705 - val_acc: 0.6854
Epoch 127/300
 - 6s - loss: 2.1275 - acc: 0.6854 - val_loss: 0.2699 - val_acc: 0.6916
Epoch 128/300
 - 6s - loss: 2.1386 - acc: 0.6880 - val_loss: 0.2783 - val_acc: 0.6831
Epoch 129/300
 - 6s - loss: 2.1340 - acc: 0.6845 - val_loss: 0.2720 - val_acc: 0.6891
Epoch 130/300
 - 6s - loss: 2.1324 - acc: 0.6892 - val_loss: 0.2705 - val_acc: 0.6849
Epoch 131/300
 - 6s - loss: 2.1294 - acc: 0.6845 - val_loss: 0.2725 - val_acc: 0.6825
Epoch 132/300
 - 6s - loss: 2.1343 - acc: 0.6848 - val_loss: 0.2694 - val_acc: 0.6899
Epoch 133/300
 - 6s - loss: 2.1319 - acc: 0.6869 - val_loss: 0.2726 - val_acc: 0.6840
Epoch 134/300
 - 6s - loss: 2.1338 - acc: 0.6882 - val_loss: 0.2761 - val_acc: 0.6729
Epoch 135/300
 - 6s - loss: 2.1294 - acc: 0.6846 - val_loss: 0.2715 - val_acc: 0.6807
Epoch 136/300
 - 6s - loss: 2.1321 - acc: 0.6867 - val_loss: 0.2666 - val_acc: 0.7053
Epoch 137/300
 - 6s - loss: 2.1352 - acc: 0.6858 - val_loss: 0.2709 - val_acc: 0.6808
Epoch 138/300
 - 6s - loss: 2.1298 - acc: 0.6849 - val_loss: 0.2710 - val_acc: 0.6835
Epoch 139/300
 - 6s - loss: 2.1288 - acc: 0.6860 - val_loss: 0.2691 - val_acc: 0.6861
Epoch 140/300
 - 6s - loss: 2.1306 - acc: 0.6904 - val_loss: 0.2718 - val_acc: 0.6876
Epoch 141/300
 - 6s - loss: 2.1345 - acc: 0.6804 - val_loss: 0.2678 - val_acc: 0.6914
Epoch 142/300
 - 6s - loss: 2.1281 - acc: 0.6910 - val_loss: 0.2682 - val_acc: 0.6922
Epoch 143/300
 - 6s - loss: 2.1248 - acc: 0.6852 - val_loss: 0.2714 - val_acc: 0.6849
Epoch 144/300
 - 6s - loss: 2.1259 - acc: 0.6856 - val_loss: 0.2724 - val_acc: 0.6808
Epoch 145/300
 - 6s - loss: 2.1291 - acc: 0.6851 - val_loss: 0.2737 - val_acc: 0.6801
Epoch 146/300
 - 6s - loss: 2.1337 - acc: 0.6880 - val_loss: 0.2714 - val_acc: 0.6838
Epoch 147/300
 - 6s - loss: 2.1292 - acc: 0.6868 - val_loss: 0.2700 - val_acc: 0.6824
Epoch 148/300
 - 6s - loss: 2.1237 - acc: 0.6885 - val_loss: 0.2710 - val_acc: 0.6868
Epoch 149/300
 - 6s - loss: 2.1246 - acc: 0.6857 - val_loss: 0.2703 - val_acc: 0.6799
Epoch 150/300
 - 6s - loss: 2.1318 - acc: 0.6882 - val_loss: 0.2773 - val_acc: 0.6763
Epoch 151/300
 - 6s - loss: 2.1295 - acc: 0.6857 - val_loss: 0.2726 - val_acc: 0.6790
Epoch 152/300
 - 6s - loss: 2.1288 - acc: 0.6882 - val_loss: 0.2740 - val_acc: 0.6653
Epoch 153/300
 - 6s - loss: 2.1288 - acc: 0.6814 - val_loss: 0.2687 - val_acc: 0.6826
Epoch 154/300
 - 5s - loss: 2.1286 - acc: 0.6869 - val_loss: 0.2708 - val_acc: 0.6787
Epoch 155/300
 - 6s - loss: 2.1211 - acc: 0.6853 - val_loss: 0.2662 - val_acc: 0.6922
Epoch 156/300
 - 5s - loss: 2.1302 - acc: 0.6862 - val_loss: 0.2657 - val_acc: 0.6927
Epoch 157/300
 - 5s - loss: 2.1275 - acc: 0.6846 - val_loss: 0.2731 - val_acc: 0.6778
Epoch 158/300
 - 5s - loss: 2.1239 - acc: 0.6867 - val_loss: 0.2695 - val_acc: 0.6863
Epoch 159/300
 - 5s - loss: 2.1305 - acc: 0.6840 - val_loss: 0.2691 - val_acc: 0.6855
Epoch 160/300
 - 5s - loss: 2.1246 - acc: 0.6842 - val_loss: 0.2679 - val_acc: 0.6828
Epoch 161/300
 - 5s - loss: 2.1255 - acc: 0.6840 - val_loss: 0.2702 - val_acc: 0.6793
Epoch 162/300
 - 5s - loss: 2.1216 - acc: 0.6858 - val_loss: 0.2656 - val_acc: 0.6881
Epoch 163/300
 - 5s - loss: 2.1226 - acc: 0.6892 - val_loss: 0.2686 - val_acc: 0.6825
Epoch 164/300
 - 5s - loss: 2.1259 - acc: 0.6842 - val_loss: 0.2677 - val_acc: 0.6902
Epoch 165/300
 - 5s - loss: 2.1307 - acc: 0.6847 - val_loss: 0.2673 - val_acc: 0.6853
Epoch 166/300
 - 5s - loss: 2.1253 - acc: 0.6861 - val_loss: 0.2693 - val_acc: 0.6794
Epoch 167/300
 - 5s - loss: 2.1219 - acc: 0.6884 - val_loss: 0.2675 - val_acc: 0.6909
Epoch 168/300
 - 5s - loss: 2.1235 - acc: 0.6851 - val_loss: 0.2700 - val_acc: 0.6850
Epoch 169/300
 - 5s - loss: 2.1213 - acc: 0.6880 - val_loss: 0.2681 - val_acc: 0.6877
Epoch 170/300
 - 5s - loss: 2.1256 - acc: 0.6857 - val_loss: 0.2652 - val_acc: 0.6936
Epoch 171/300
 - 5s - loss: 2.1227 - acc: 0.6905 - val_loss: 0.2710 - val_acc: 0.6756
Epoch 172/300
 - 5s - loss: 2.1183 - acc: 0.6871 - val_loss: 0.2666 - val_acc: 0.6871
Epoch 173/300
 - 5s - loss: 2.1190 - acc: 0.6871 - val_loss: 0.2643 - val_acc: 0.6963
Epoch 174/300
 - 5s - loss: 2.1207 - acc: 0.6906 - val_loss: 0.2680 - val_acc: 0.6793
Epoch 175/300
 - 5s - loss: 2.1225 - acc: 0.6822 - val_loss: 0.2670 - val_acc: 0.6882
Epoch 176/300
 - 5s - loss: 2.1193 - acc: 0.6896 - val_loss: 0.2643 - val_acc: 0.6930
Epoch 177/300
 - 5s - loss: 2.1234 - acc: 0.6826 - val_loss: 0.2699 - val_acc: 0.6717
Epoch 178/300
 - 5s - loss: 2.1185 - acc: 0.6845 - val_loss: 0.2639 - val_acc: 0.6968
Epoch 179/300
 - 5s - loss: 2.1141 - acc: 0.6879 - val_loss: 0.2673 - val_acc: 0.6869
Epoch 180/300
 - 5s - loss: 2.1221 - acc: 0.6875 - val_loss: 0.2679 - val_acc: 0.6864
Epoch 181/300
 - 5s - loss: 2.1224 - acc: 0.6877 - val_loss: 0.2663 - val_acc: 0.6900
Epoch 182/300
 - 5s - loss: 2.1274 - acc: 0.6857 - val_loss: 0.2718 - val_acc: 0.6822
Epoch 183/300
 - 5s - loss: 2.1246 - acc: 0.6870 - val_loss: 0.2677 - val_acc: 0.6864
Epoch 184/300
 - 5s - loss: 2.1235 - acc: 0.6846 - val_loss: 0.2661 - val_acc: 0.6877
Epoch 185/300
 - 4s - loss: 2.1219 - acc: 0.6868 - val_loss: 0.2652 - val_acc: 0.6945
Epoch 186/300
 - 4s - loss: 2.1195 - acc: 0.6912 - val_loss: 0.2714 - val_acc: 0.6746
Epoch 187/300
 - 4s - loss: 2.1220 - acc: 0.6860 - val_loss: 0.2728 - val_acc: 0.6664
Epoch 188/300
 - 4s - loss: 2.1170 - acc: 0.6852 - val_loss: 0.2625 - val_acc: 0.6958
Epoch 189/300
 - 4s - loss: 2.1230 - acc: 0.6865 - val_loss: 0.2629 - val_acc: 0.6947
Epoch 190/300
 - 4s - loss: 2.1164 - acc: 0.6901 - val_loss: 0.2674 - val_acc: 0.6843
Epoch 191/300
 - 4s - loss: 2.1242 - acc: 0.6828 - val_loss: 0.2699 - val_acc: 0.6794
Epoch 192/300
 - 4s - loss: 2.1192 - acc: 0.6832 - val_loss: 0.2681 - val_acc: 0.6803
Epoch 193/300
 - 4s - loss: 2.1154 - acc: 0.6908 - val_loss: 0.2638 - val_acc: 0.6917
Epoch 194/300
 - 4s - loss: 2.1145 - acc: 0.6884 - val_loss: 0.2672 - val_acc: 0.6844
Epoch 195/300
 - 4s - loss: 2.1228 - acc: 0.6880 - val_loss: 0.2640 - val_acc: 0.6919
Epoch 196/300
 - 4s - loss: 2.1226 - acc: 0.6863 - val_loss: 0.2672 - val_acc: 0.6852
Epoch 197/300
 - 4s - loss: 2.1177 - acc: 0.6880 - val_loss: 0.2670 - val_acc: 0.6869
Epoch 198/300
 - 4s - loss: 2.1201 - acc: 0.6880 - val_loss: 0.2673 - val_acc: 0.6788
Epoch 199/300
 - 4s - loss: 2.1156 - acc: 0.6871 - val_loss: 0.2684 - val_acc: 0.6794
Epoch 200/300
 - 4s - loss: 2.1087 - acc: 0.6884 - val_loss: 0.2715 - val_acc: 0.6675
Epoch 201/300
 - 4s - loss: 2.1201 - acc: 0.6844 - val_loss: 0.2645 - val_acc: 0.6915
Epoch 202/300
 - 4s - loss: 2.1109 - acc: 0.6877 - val_loss: 0.2660 - val_acc: 0.6834
Epoch 203/300
 - 4s - loss: 2.1094 - acc: 0.6860 - val_loss: 0.2641 - val_acc: 0.6923
Epoch 204/300
 - 4s - loss: 2.1214 - acc: 0.6876 - val_loss: 0.2691 - val_acc: 0.6795
Epoch 205/300
 - 4s - loss: 2.1151 - acc: 0.6859 - val_loss: 0.2652 - val_acc: 0.6928
Epoch 206/300
 - 4s - loss: 2.1129 - acc: 0.6891 - val_loss: 0.2704 - val_acc: 0.6803
Epoch 207/300
 - 4s - loss: 2.1117 - acc: 0.6896 - val_loss: 0.2672 - val_acc: 0.6825
Epoch 208/300
 - 4s - loss: 2.1175 - acc: 0.6854 - val_loss: 0.2682 - val_acc: 0.6796
Epoch 209/300
 - 4s - loss: 2.1194 - acc: 0.6837 - val_loss: 0.2672 - val_acc: 0.6817
Epoch 210/300
 - 3s - loss: 2.1168 - acc: 0.6874 - val_loss: 0.2704 - val_acc: 0.6814
Epoch 211/300
 - 3s - loss: 2.1115 - acc: 0.6883 - val_loss: 0.2672 - val_acc: 0.6857
Epoch 212/300
 - 4s - loss: 2.1144 - acc: 0.6919 - val_loss: 0.2674 - val_acc: 0.6820
Epoch 213/300
 - 3s - loss: 2.1131 - acc: 0.6835 - val_loss: 0.2683 - val_acc: 0.6804
Epoch 214/300
 - 3s - loss: 2.1180 - acc: 0.6839 - val_loss: 0.2666 - val_acc: 0.6851
Epoch 215/300
 - 3s - loss: 2.1165 - acc: 0.6845 - val_loss: 0.2674 - val_acc: 0.6842
Epoch 216/300
 - 3s - loss: 2.1133 - acc: 0.6909 - val_loss: 0.2714 - val_acc: 0.6785
Epoch 217/300
 - 3s - loss: 2.1168 - acc: 0.6831 - val_loss: 0.2707 - val_acc: 0.6742
Epoch 218/300
 - 3s - loss: 2.1189 - acc: 0.6856 - val_loss: 0.2698 - val_acc: 0.6817
Epoch 00218: early stopping
                         : Trained model written to file: muon2016postVFP__5__128__1000__0.4/weights/TrainedModel_DNN.h5
                         : Elapsed time for training with 25471 events: 1.17e+03 sec         
                         : Creating xml weight file: [0;36mmuon2016postVFP__5__128__1000__0.4/weights/muon2016postVFP__5__128__1000__0.4_DNN.weights.xml[0m
                         : Creating standalone class: [0;36mmuon2016postVFP__5__128__1000__0.4/weights/muon2016postVFP__5__128__1000__0.4_DNN.class.C[0m
Factory                  : Training finished
                         : 
                         : Ranking input variables (method specific)...
                         : No variable ranking supplied by classifier: DNN
Factory                  : === Destroy and recreate all methods via weight files for testing ===
                         : 
Factory                  : [1mTest all methods[0m
Factory                  : Test method: DNN for Classification performance
                         : 
                         : Load model from file: muon2016postVFP__5__128__1000__0.4/weights/TrainedModel_DNN.h5
Factory                  : [1mEvaluate all methods[0m
Factory                  : Evaluate classifier: DNN
                         : 
TFHandler_DNN            :                         Variable                                Mean                                RMS                        [        Min                                Max ]
                         : -----------------------------------------------------------------------------------------------------------------------------------------------------------------------------------
                         :                     bmuon_nsip3d:                           0.49464                           0.29034   [                        1.0000e-09                            1.0000 ]
                         :                     bmuon_reliso:                           0.48007                           0.29107   [                        0.00030919                            1.0000 ]
                         :                  bmuon_ptwrtbjet:                           0.52984                           0.29007   [                        0.00017018                            1.0000 ]
                         :                  bmuon_P_jetrest:                           0.53992                           0.28785   [                        0.00049348                            1.0000 ]
                         :         bjet_charge*bmuon_charge:                           0.53316                           0.28777   [                        0.00032799                            1.0000 ]
                         : bjet_ChargedHadronEnergyFraction:                           0.48553                           0.28883   [                        9.4555e-06                            1.0000 ]
                         : bjet_NeutralHadronEnergyFraction:                           0.36846                           0.32636   [                        0.00069900                            1.0000 ]
                         :     bjet_NeutralEmEnergyFraction:                           0.49617                           0.29145   [                        0.00035651                            1.0000 ]
                         :     bjet_ChargedEmEnergyFraction:                          0.077126                           0.20856   [                         0.0037065                            1.0000 ]
                         :          bjet_MuonEnergyFraction:                           0.47586                           0.31541   [                        0.00059149                            1.0000 ]
                         :         bjet_ChargedMultiplicity:                           0.49996                           0.29046   [                        2.5294e-08                            1.0000 ]
                         :         bjet_NeutralMultiplicity:                           0.50507                           0.28947   [                        2.9169e-07                           0.99991 ]
                         :                fabs(bjet_charge):                           0.52609                           0.29107   [                        0.00054755                            1.0000 ]
                         : -----------------------------------------------------------------------------------------------------------------------------------------------------------------------------------
DNN                      : [muon2016postVFP__5__128__1000__0.4] : Loop over test events and fill histograms with classifier response...
                         : 
TFHandler_DNN            :                         Variable                                Mean                                RMS                        [        Min                                Max ]
                         : -----------------------------------------------------------------------------------------------------------------------------------------------------------------------------------
                         :                     bmuon_nsip3d:                           0.49464                           0.29034   [                        1.0000e-09                            1.0000 ]
                         :                     bmuon_reliso:                           0.48007                           0.29107   [                        0.00030919                            1.0000 ]
                         :                  bmuon_ptwrtbjet:                           0.52984                           0.29007   [                        0.00017018                            1.0000 ]
                         :                  bmuon_P_jetrest:                           0.53992                           0.28785   [                        0.00049348                            1.0000 ]
                         :         bjet_charge*bmuon_charge:                           0.53316                           0.28777   [                        0.00032799                            1.0000 ]
                         : bjet_ChargedHadronEnergyFraction:                           0.48553                           0.28883   [                        9.4555e-06                            1.0000 ]
                         : bjet_NeutralHadronEnergyFraction:                           0.36846                           0.32636   [                        0.00069900                            1.0000 ]
                         :     bjet_NeutralEmEnergyFraction:                           0.49617                           0.29145   [                        0.00035651                            1.0000 ]
                         :     bjet_ChargedEmEnergyFraction:                          0.077126                           0.20856   [                         0.0037065                            1.0000 ]
                         :          bjet_MuonEnergyFraction:                           0.47586                           0.31541   [                        0.00059149                            1.0000 ]
                         :         bjet_ChargedMultiplicity:                           0.49996                           0.29046   [                        2.5294e-08                            1.0000 ]
                         :         bjet_NeutralMultiplicity:                           0.50507                           0.28947   [                        2.9169e-07                           0.99991 ]
                         :                fabs(bjet_charge):                           0.52609                           0.29107   [                        0.00054755                            1.0000 ]
                         : -----------------------------------------------------------------------------------------------------------------------------------------------------------------------------------
                         : 
                         : Evaluation results ranked by best signal efficiency and purity (area)
                         : -------------------------------------------------------------------------------------------------------------------
                         : DataSet       MVA                       
                         : Name:         Method:          ROC-integ
                         : muon2016postVFP__5__128__1000__0.4 DNN            : 0.764
                         : -------------------------------------------------------------------------------------------------------------------
                         : 
                         : Testing efficiency compared to training efficiency (overtraining check)
                         : -------------------------------------------------------------------------------------------------------------------
                         : DataSet              MVA              Signal efficiency: from test sample (from training sample) 
                         : Name:                Method:          @B=0.01             @B=0.10            @B=0.30   
                         : -------------------------------------------------------------------------------------------------------------------
                         : muon2016postVFP__5__128__1000__0.4 DNN            : 0.105 (0.104)       0.411 (0.408)      0.689 (0.699)
                         : -------------------------------------------------------------------------------------------------------------------
                         : 
Dataset:muon2016postVF...: Created tree 'TestTree' with 36767 events
                         : 
Dataset:muon2016postVF...: Created tree 'TrainTree' with 25471 events
                         : 
Factory                  : [1mThank you for using TMVA![0m
                         : [1mFor citation information, please visit: http://tmva.sf.net/citeTMVA.html[0m
ref.cut= DNN 0.468130789811
auc= 0.763540962691
myerr=0
[ntry=1]
