<sig cut>= (bjet_charge*bjet_partonFlavour < 0)&&(!Has_bElectron)&&(!Has_bMuon)
<bkg cut>= (bjet_charge*bjet_partonFlavour > 0)&&(!Has_bElectron)&&(!Has_bMuon)
Model: "sequential"
_________________________________________________________________
 Layer (type)                Output Shape              Param #   
=================================================================
 dense (Dense)               (None, 64)                576       
                                                                 
 batch_normalization (BatchN  (None, 64)               256       
 ormalization)                                                   
                                                                 
 activation (Activation)     (None, 64)                0         
                                                                 
 dropout (Dropout)           (None, 64)                0         
                                                                 
 dense_1 (Dense)             (None, 64)                4160      
                                                                 
 batch_normalization_1 (Batc  (None, 64)               256       
 hNormalization)                                                 
                                                                 
 activation_1 (Activation)   (None, 64)                0         
                                                                 
 dropout_1 (Dropout)         (None, 64)                0         
                                                                 
 dense_2 (Dense)             (None, 64)                4160      
                                                                 
 batch_normalization_2 (Batc  (None, 64)               256       
 hNormalization)                                                 
                                                                 
 activation_2 (Activation)   (None, 64)                0         
                                                                 
 dropout_2 (Dropout)         (None, 64)                0         
                                                                 
 dense_3 (Dense)             (None, 64)                4160      
                                                                 
 batch_normalization_3 (Batc  (None, 64)               256       
 hNormalization)                                                 
                                                                 
 activation_3 (Activation)   (None, 64)                0         
                                                                 
 dropout_3 (Dropout)         (None, 64)                0         
                                                                 
 dense_4 (Dense)             (None, 64)                4160      
                                                                 
 batch_normalization_4 (Batc  (None, 64)               256       
 hNormalization)                                                 
                                                                 
 activation_4 (Activation)   (None, 64)                0         
                                                                 
 dropout_4 (Dropout)         (None, 64)                0         
                                                                 
 dense_5 (Dense)             (None, 2)                 130       
                                                                 
 activation_5 (Activation)   (None, 2)                 0         
                                                                 
=================================================================
Total params: 18,626
Trainable params: 17,986
Non-trainable params: 640
_________________________________________________________________
DataSetInfo              : [jet2016postVFP__5__64__1000__0.2] : Added class "Signal"
                         : Add Tree OutTree/sig of type Signal with 378754 events
                         : Add Tree OutTree/sig of type Signal with 434766 events
DataSetInfo              : [jet2016postVFP__5__64__1000__0.2] : Added class "Background"
                         : Add Tree OutTree/bkg of type Background with 274025 events
                         : Add Tree OutTree/bkg of type Background with 310784 events
Factory                  : Booking method: [1mDNN[0m
                         : 
DNN                      : [jet2016postVFP__5__64__1000__0.2] : Create Transformation "N" with events from all classes.
                         : 
                         : Transformation, Variable selection : 
                         : Input : variable 'bjet_ChargedHadronEnergyFraction' <---> Output : variable 'bjet_ChargedHadronEnergyFraction'
                         : Input : variable 'bjet_NeutralHadronEnergyFraction' <---> Output : variable 'bjet_NeutralHadronEnergyFraction'
                         : Input : variable 'bjet_NeutralEmEnergyFraction' <---> Output : variable 'bjet_NeutralEmEnergyFraction'
                         : Input : variable 'bjet_ChargedEmEnergyFraction' <---> Output : variable 'bjet_ChargedEmEnergyFraction'
                         : Input : variable 'bjet_MuonEnergyFraction' <---> Output : variable 'bjet_MuonEnergyFraction'
                         : Input : variable 'bjet_ChargedMultiplicity' <---> Output : variable 'bjet_ChargedMultiplicity'
                         : Input : variable 'bjet_NeutralMultiplicity' <---> Output : variable 'bjet_NeutralMultiplicity'
                         : Input : variable 'fabs(bjet_charge)' <---> Output : variable 'fabs(bjet_charge)'
                         : Setting up tf.keras
                         : Using TensorFlow version 2
                         : Use Keras version from TensorFlow : tf.keras
                         :  Loading Keras Model 
                         : Loaded model from file: model.h5
Factory                  : [1mTrain all methods[0m
                         : Rebuilding Dataset jet2016postVFP__5__64__1000__0.2
                         : Building event vectors for type 1 Signal
                         : Dataset[jet2016postVFP__5__64__1000__0.2] :  create input formulas for tree sig
                         : Dataset[jet2016postVFP__5__64__1000__0.2] :  create input formulas for tree sig
                         : Dataset[jet2016postVFP__5__64__1000__0.2] :  create input formulas for tree sig
                         : Building event vectors for type 0 Signal
                         : Dataset[jet2016postVFP__5__64__1000__0.2] :  create input formulas for tree sig
                         : Dataset[jet2016postVFP__5__64__1000__0.2] :  create input formulas for tree sig
                         : Building event vectors for type 1 Background
                         : Dataset[jet2016postVFP__5__64__1000__0.2] :  create input formulas for tree bkg
                         : Dataset[jet2016postVFP__5__64__1000__0.2] :  create input formulas for tree bkg
                         : Dataset[jet2016postVFP__5__64__1000__0.2] :  create input formulas for tree bkg
                         : Building event vectors for type 0 Background
                         : Dataset[jet2016postVFP__5__64__1000__0.2] :  create input formulas for tree bkg
                         : Dataset[jet2016postVFP__5__64__1000__0.2] :  create input formulas for tree bkg
DataSetFactory           : [jet2016postVFP__5__64__1000__0.2] : Number of events in input trees
                         : Dataset[jet2016postVFP__5__64__1000__0.2] :     Signal     requirement: "(bjet_charge*bjet_partonFlavour < 0)&&(!Has_bElectron)&&(!Has_bMuon)"
                         : Dataset[jet2016postVFP__5__64__1000__0.2] :     Signal          -- number of events passed: 703924  / sum of weights: 430743
                         : Dataset[jet2016postVFP__5__64__1000__0.2] :     Signal          -- efficiency             : 0.873759
                         : Dataset[jet2016postVFP__5__64__1000__0.2] :     Background requirement: "(bjet_charge*bjet_partonFlavour > 0)&&(!Has_bElectron)&&(!Has_bMuon)"
                         : Dataset[jet2016postVFP__5__64__1000__0.2] :     Background      -- number of events passed: 426861  / sum of weights: 259043
                         : Dataset[jet2016postVFP__5__64__1000__0.2] :     Background      -- efficiency             : 0.724045
                         : Dataset[jet2016postVFP__5__64__1000__0.2] :  you have opted for interpreting the requested number of training/testing events
                         :  to be the number of events AFTER your preselection cuts
                         : 
                         : Dataset[jet2016postVFP__5__64__1000__0.2] :  you have opted for interpreting the requested number of training/testing events
                         :  to be the number of events AFTER your preselection cuts
                         : 
                         : Dataset[jet2016postVFP__5__64__1000__0.2] : Weight renormalisation mode: "EqualNumEvents": renormalises all event classes ...
                         : Dataset[jet2016postVFP__5__64__1000__0.2] :  such that the effective (weighted) number of events in each class is the same 
                         : Dataset[jet2016postVFP__5__64__1000__0.2] :  (and equals the number of events (entries) given for class=0 )
                         : Dataset[jet2016postVFP__5__64__1000__0.2] : ... i.e. such that Sum[i=1..N_j]{w_i} = N_classA, j=classA, classB, ...
                         : Dataset[jet2016postVFP__5__64__1000__0.2] : ... (note that N_j is the sum of TRAINING events
                         : Dataset[jet2016postVFP__5__64__1000__0.2] :  ..... Testing events are not renormalised nor included in the renormalisation factor!)
                         : Number of training and testing events
                         : ---------------------------------------------------------------------------
                         : Signal     -- training events            : 388062
                         : Signal     -- testing events             : 315862
                         : Signal     -- training and testing events: 703924
                         : Dataset[jet2016postVFP__5__64__1000__0.2] : Signal     -- due to the preselection a scaling factor has been applied to the numbers of requested events: 0.865282
                         : Background -- training events            : 232866
                         : Background -- testing events             : 193995
                         : Background -- training and testing events: 426861
                         : Dataset[jet2016postVFP__5__64__1000__0.2] : Background -- due to the preselection a scaling factor has been applied to the numbers of requested events: 0.729915
                         : 
DataSetInfo              : Correlation matrix (Signal):
                         : ---------------------------------------------------------------------------------------------------------------------------------------------------------------------------------------------------------------------------------------------------------
                         :                                   bjet_ChargedHadronEnergyFraction bjet_NeutralHadronEnergyFraction bjet_NeutralEmEnergyFraction bjet_ChargedEmEnergyFraction bjet_MuonEnergyFraction bjet_ChargedMultiplicity bjet_NeutralMultiplicity fabs_bjet_charge_
                         : bjet_ChargedHadronEnergyFraction:                           +1.000                           -0.506                       -0.491                       -0.328                  -0.271                   +0.452                   -0.120            -0.259
                         : bjet_NeutralHadronEnergyFraction:                           -0.506                           +1.000                       -0.048                       -0.055                  -0.101                   -0.354                   +0.021            +0.172
                         :     bjet_NeutralEmEnergyFraction:                           -0.491                           -0.048                       +1.000                       -0.222                  -0.182                   -0.198                   +0.341            +0.022
                         :     bjet_ChargedEmEnergyFraction:                           -0.328                           -0.055                       -0.222                       +1.000                  -0.071                   -0.083                   -0.139            +0.086
                         :          bjet_MuonEnergyFraction:                           -0.271                           -0.101                       -0.182                       -0.071                  +1.000                   -0.076                   -0.131            +0.170
                         :         bjet_ChargedMultiplicity:                           +0.452                           -0.354                       -0.198                       -0.083                  -0.076                   +1.000                   +0.228            -0.345
                         :         bjet_NeutralMultiplicity:                           -0.120                           +0.021                       +0.341                       -0.139                  -0.131                   +0.228                   +1.000            -0.121
                         :                fabs_bjet_charge_:                           -0.259                           +0.172                       +0.022                       +0.086                  +0.170                   -0.345                   -0.121            +1.000
                         : ---------------------------------------------------------------------------------------------------------------------------------------------------------------------------------------------------------------------------------------------------------
DataSetInfo              : Correlation matrix (Background):
                         : ---------------------------------------------------------------------------------------------------------------------------------------------------------------------------------------------------------------------------------------------------------
                         :                                   bjet_ChargedHadronEnergyFraction bjet_NeutralHadronEnergyFraction bjet_NeutralEmEnergyFraction bjet_ChargedEmEnergyFraction bjet_MuonEnergyFraction bjet_ChargedMultiplicity bjet_NeutralMultiplicity fabs_bjet_charge_
                         : bjet_ChargedHadronEnergyFraction:                           +1.000                           -0.587                       -0.550                       -0.272                  -0.196                   +0.513                   -0.110            -0.351
                         : bjet_NeutralHadronEnergyFraction:                           -0.587                           +1.000                       -0.025                       -0.061                  -0.089                   -0.432                   -0.024            +0.313
                         :     bjet_NeutralEmEnergyFraction:                           -0.550                           -0.025                       +1.000                       -0.209                  -0.153                   -0.250                   +0.302            +0.105
                         :     bjet_ChargedEmEnergyFraction:                           -0.272                           -0.061                       -0.209                       +1.000                  -0.043                   -0.053                   -0.116            +0.052
                         :          bjet_MuonEnergyFraction:                           -0.196                           -0.089                       -0.153                       -0.043                  +1.000                   -0.043                   -0.097            +0.105
                         :         bjet_ChargedMultiplicity:                           +0.513                           -0.432                       -0.250                       -0.053                  -0.043                   +1.000                   +0.239            -0.372
                         :         bjet_NeutralMultiplicity:                           -0.110                           -0.024                       +0.302                       -0.116                  -0.097                   +0.239                   +1.000            -0.116
                         :                fabs_bjet_charge_:                           -0.351                           +0.313                       +0.105                       +0.052                  +0.105                   -0.372                   -0.116            +1.000
                         : ---------------------------------------------------------------------------------------------------------------------------------------------------------------------------------------------------------------------------------------------------------
DataSetFactory           : [jet2016postVFP__5__64__1000__0.2] :  
                         : 
Factory                  : [jet2016postVFP__5__64__1000__0.2] : Create Transformation "I" with events from all classes.
                         : 
                         : Transformation, Variable selection : 
                         : Input : variable 'bjet_ChargedHadronEnergyFraction' <---> Output : variable 'bjet_ChargedHadronEnergyFraction'
                         : Input : variable 'bjet_NeutralHadronEnergyFraction' <---> Output : variable 'bjet_NeutralHadronEnergyFraction'
                         : Input : variable 'bjet_NeutralEmEnergyFraction' <---> Output : variable 'bjet_NeutralEmEnergyFraction'
                         : Input : variable 'bjet_ChargedEmEnergyFraction' <---> Output : variable 'bjet_ChargedEmEnergyFraction'
                         : Input : variable 'bjet_MuonEnergyFraction' <---> Output : variable 'bjet_MuonEnergyFraction'
                         : Input : variable 'bjet_ChargedMultiplicity' <---> Output : variable 'bjet_ChargedMultiplicity'
                         : Input : variable 'bjet_NeutralMultiplicity' <---> Output : variable 'bjet_NeutralMultiplicity'
                         : Input : variable 'fabs(bjet_charge)' <---> Output : variable 'fabs(bjet_charge)'
TFHandler_Factory        :                         Variable                                Mean                                RMS                        [        Min                                Max ]
                         : -----------------------------------------------------------------------------------------------------------------------------------------------------------------------------------
                         : bjet_ChargedHadronEnergyFraction:                           0.55464                           0.22056   [                            0.0000                            1.0000 ]
                         : bjet_NeutralHadronEnergyFraction:                           0.11819                           0.14298   [                            0.0000                            1.0000 ]
                         :     bjet_NeutralEmEnergyFraction:                           0.26028                           0.16164   [                            0.0000                            1.0000 ]
                         :     bjet_ChargedEmEnergyFraction:                          0.038010                           0.11517   [                            0.0000                            1.0000 ]
                         :          bjet_MuonEnergyFraction:                          0.028882                          0.099281   [                            0.0000                            1.0000 ]
                         :         bjet_ChargedMultiplicity:                            10.327                            4.1579   [                            0.0000                            44.000 ]
                         :         bjet_NeutralMultiplicity:                            10.072                            4.8659   [                            0.0000                            49.000 ]
                         :                fabs(bjet_charge):                           0.28901                           0.22676   [                        4.4078e-06                            1.0000 ]
                         : -----------------------------------------------------------------------------------------------------------------------------------------------------------------------------------
                         : Ranking input variables (method unspecific)...
IdTransformation         : Ranking result (top variable is best ranked)
                         : ---------------------------------------------------------
                         : Rank : Variable                         : Separation
                         : ---------------------------------------------------------
                         :    1 : fabs(bjet_charge)                : 3.013e-02
                         :    2 : bjet_MuonEnergyFraction          : 3.587e-03
                         :    3 : bjet_ChargedMultiplicity         : 2.661e-03
                         :    4 : bjet_NeutralHadronEnergyFraction : 2.534e-03
                         :    5 : bjet_ChargedHadronEnergyFraction : 1.953e-03
                         :    6 : bjet_NeutralEmEnergyFraction     : 1.538e-03
                         :    7 : bjet_ChargedEmEnergyFraction     : 1.154e-03
                         :    8 : bjet_NeutralMultiplicity         : 5.028e-04
                         : ---------------------------------------------------------
Factory                  : Train method: DNN for Classification
                         : 
                         : 
                         : [1m================================================================[0m
                         : [1mH e l p   f o r   M V A   m e t h o d   [ DNN ] :[0m
                         : 
                         : Keras is a high-level API for the Theano and Tensorflow packages.
                         : This method wraps the training and predictions steps of the Keras
                         : Python package for TMVA, so that dataloading, preprocessing and
                         : evaluation can be done within the TMVA system. To use this Keras
                         : interface, you have to generate a model with Keras first. Then,
                         : this model can be loaded and trained in TMVA.
                         : 
                         : 
                         : <Suppress this message by specifying "!H" in the booking option>
                         : [1m================================================================[0m
                         : 
TFHandler_DNN            :                         Variable                                Mean                                RMS                        [        Min                                Max ]
                         : -----------------------------------------------------------------------------------------------------------------------------------------------------------------------------------
                         : bjet_ChargedHadronEnergyFraction:                           0.10929                           0.44112   [                           -1.0000                            1.0000 ]
                         : bjet_NeutralHadronEnergyFraction:                          -0.76362                           0.28597   [                           -1.0000                            1.0000 ]
                         :     bjet_NeutralEmEnergyFraction:                          -0.47945                           0.32328   [                           -1.0000                            1.0000 ]
                         :     bjet_ChargedEmEnergyFraction:                          -0.92398                           0.23033   [                           -1.0000                            1.0000 ]
                         :          bjet_MuonEnergyFraction:                          -0.94224                           0.19856   [                           -1.0000                            1.0000 ]
                         :         bjet_ChargedMultiplicity:                          -0.53059                           0.18900   [                           -1.0000                            1.0000 ]
                         :         bjet_NeutralMultiplicity:                          -0.58891                           0.19861   [                           -1.0000                            1.0000 ]
                         :                fabs(bjet_charge):                          -0.42199                           0.45353   [                           -1.0000                            1.0000 ]
                         : -----------------------------------------------------------------------------------------------------------------------------------------------------------------------------------
TFHandler_DNN            :                         Variable                                Mean                                RMS                        [        Min                                Max ]
                         : -----------------------------------------------------------------------------------------------------------------------------------------------------------------------------------
                         : bjet_ChargedHadronEnergyFraction:                           0.10929                           0.44112   [                           -1.0000                            1.0000 ]
                         : bjet_NeutralHadronEnergyFraction:                          -0.76362                           0.28597   [                           -1.0000                            1.0000 ]
                         :     bjet_NeutralEmEnergyFraction:                          -0.47945                           0.32328   [                           -1.0000                            1.0000 ]
                         :     bjet_ChargedEmEnergyFraction:                          -0.92398                           0.23033   [                           -1.0000                            1.0000 ]
                         :          bjet_MuonEnergyFraction:                          -0.94224                           0.19856   [                           -1.0000                            1.0000 ]
                         :         bjet_ChargedMultiplicity:                          -0.53059                           0.18900   [                           -1.0000                            1.0000 ]
                         :         bjet_NeutralMultiplicity:                          -0.58891                           0.19861   [                           -1.0000                            1.0000 ]
                         :                fabs(bjet_charge):                          -0.42199                           0.45353   [                           -1.0000                            1.0000 ]
                         : -----------------------------------------------------------------------------------------------------------------------------------------------------------------------------------
                         : Split TMVA training data in 496743 training events and 124185 validation events
                         : Training Model Summary
---sig_test---
<self.testtree_sig> OutTree/sig
/data9/Users/jhchoi/TMVA/el9/TMVA_TOOL/inputs/EEMu_MuMuE_Method/v2503.2/2016postVFP/EEMu_MuMuE_Method_DYJetsToEE_MiNNLO.root
/data9/Users/jhchoi/TMVA/el9/TMVA_TOOL/inputs/EEMu_MuMuE_Method/v2503.2/2016postVFP/EEMu_MuMuE_Method_DYJetsToMuMu_MiNNLO.root
--bkg_test---
<self.testtree_bkg> OutTree/bkg
/data9/Users/jhchoi/TMVA/el9/TMVA_TOOL/inputs/EEMu_MuMuE_Method/v2503.2/2016postVFP/EEMu_MuMuE_Method_DYJetsToEE_MiNNLO.root
/data9/Users/jhchoi/TMVA/el9/TMVA_TOOL/inputs/EEMu_MuMuE_Method/v2503.2/2016postVFP/EEMu_MuMuE_Method_DYJetsToMuMu_MiNNLO.root
---sig_train---
<self.traintree_sig> OutTree/sig
/data9/Users/jhchoi/TMVA/el9/TMVA_TOOL/inputs/EEMu_MuMuE_Method/v2503.2/2016postVFP/EEMu_MuMuE_Method_DYJets.root
---bkg_train---
<self.traintree_bkg> OutTree/bkg
/data9/Users/jhchoi/TMVA/el9/TMVA_TOOL/inputs/EEMu_MuMuE_Method/v2503.2/2016postVFP/EEMu_MuMuE_Method_DYJets.root
>>>>self.dataloader.PrepareTrainingAndTestTree
Set sig cut -> (bjet_charge*bjet_partonFlavour < 0)&&(!Has_bElectron)&&(!Has_bMuon)
Set bkg cut -> (bjet_charge*bjet_partonFlavour > 0)&&(!Has_bElectron)&&(!Has_bMuon)
Model: "sequential"
_________________________________________________________________
 Layer (type)                Output Shape              Param #   
=================================================================
 dense (Dense)               (None, 64)                576       
                                                                 
 batch_normalization (BatchN  (None, 64)               256       
 ormalization)                                                   
                                                                 
 activation (Activation)     (None, 64)                0         
                                                                 
 dropout (Dropout)           (None, 64)                0         
                                                                 
 dense_1 (Dense)             (None, 64)                4160      
                                                                 
 batch_normalization_1 (Batc  (None, 64)               256       
 hNormalization)                                                 
                                                                 
 activation_1 (Activation)   (None, 64)                0         
                                                                 
 dropout_1 (Dropout)         (None, 64)                0         
                                                                 
 dense_2 (Dense)             (None, 64)                4160      
                                                                 
 batch_normalization_2 (Batc  (None, 64)               256       
 hNormalization)                                                 
                                                                 
 activation_2 (Activation)   (None, 64)                0         
                                                                 
 dropout_2 (Dropout)         (None, 64)                0         
                                                                 
 dense_3 (Dense)             (None, 64)                4160      
                                                                 
 batch_normalization_3 (Batc  (None, 64)               256       
 hNormalization)                                                 
                                                                 
 activation_3 (Activation)   (None, 64)                0         
                                                                 
 dropout_3 (Dropout)         (None, 64)                0         
                                                                 
 dense_4 (Dense)             (None, 64)                4160      
                                                                 
 batch_normalization_4 (Batc  (None, 64)               256       
 hNormalization)                                                 
                                                                 
 activation_4 (Activation)   (None, 64)                0         
                                                                 
 dropout_4 (Dropout)         (None, 64)                0         
                                                                 
 dense_5 (Dense)             (None, 2)                 130       
                                                                 
 activation_5 (Activation)   (None, 2)                 0         
                                                                 
=================================================================
Total params: 18,626
Trainable params: 17,986
Non-trainable params: 640
_________________________________________________________________
                         : Option TriesEarlyStopping: Training will stop after 30 number of epochs with no improvement of validation loss
Epoch 1/300
497/497 - 110s - loss: 1.5996 - accuracy: 0.5588 - weighted_accuracy: 0.5726 - val_loss: 1.6037 - val_accuracy: 0.5558 - val_weighted_accuracy: 0.5760 - 110s/epoch - 221ms/step
Epoch 2/300
497/497 - 17s - loss: 1.5910 - accuracy: 0.5585 - weighted_accuracy: 0.5763 - val_loss: 1.5884 - val_accuracy: 0.5603 - val_weighted_accuracy: 0.5767 - 17s/epoch - 34ms/step
Epoch 3/300
497/497 - 17s - loss: 1.5847 - accuracy: 0.5588 - weighted_accuracy: 0.5770 - val_loss: 1.5810 - val_accuracy: 0.5635 - val_weighted_accuracy: 0.5785 - 17s/epoch - 33ms/step
Epoch 4/300
497/497 - 16s - loss: 1.5796 - accuracy: 0.5586 - weighted_accuracy: 0.5771 - val_loss: 1.5774 - val_accuracy: 0.5573 - val_weighted_accuracy: 0.5781 - 16s/epoch - 33ms/step
Epoch 5/300
497/497 - 16s - loss: 1.5756 - accuracy: 0.5584 - weighted_accuracy: 0.5778 - val_loss: 1.5772 - val_accuracy: 0.5606 - val_weighted_accuracy: 0.5781 - 16s/epoch - 33ms/step
Epoch 6/300
497/497 - 17s - loss: 1.5728 - accuracy: 0.5585 - weighted_accuracy: 0.5772 - val_loss: 1.5715 - val_accuracy: 0.5519 - val_weighted_accuracy: 0.5784 - 17s/epoch - 33ms/step
Epoch 7/300
497/497 - 17s - loss: 1.5707 - accuracy: 0.5590 - weighted_accuracy: 0.5783 - val_loss: 1.5713 - val_accuracy: 0.5570 - val_weighted_accuracy: 0.5783 - 17s/epoch - 33ms/step
Epoch 8/300
497/497 - 16s - loss: 1.5689 - accuracy: 0.5580 - weighted_accuracy: 0.5781 - val_loss: 1.5697 - val_accuracy: 0.5724 - val_weighted_accuracy: 0.5795 - 16s/epoch - 33ms/step
Epoch 9/300
497/497 - 17s - loss: 1.5680 - accuracy: 0.5576 - weighted_accuracy: 0.5776 - val_loss: 1.5685 - val_accuracy: 0.5549 - val_weighted_accuracy: 0.5782 - 17s/epoch - 34ms/step
Epoch 10/300
497/497 - 16s - loss: 1.5670 - accuracy: 0.5585 - weighted_accuracy: 0.5777 - val_loss: 1.5702 - val_accuracy: 0.5680 - val_weighted_accuracy: 0.5780 - 16s/epoch - 33ms/step
Epoch 11/300
497/497 - 17s - loss: 1.5666 - accuracy: 0.5591 - weighted_accuracy: 0.5785 - val_loss: 1.5692 - val_accuracy: 0.5709 - val_weighted_accuracy: 0.5792 - 17s/epoch - 34ms/step
Epoch 12/300
497/497 - 17s - loss: 1.5662 - accuracy: 0.5588 - weighted_accuracy: 0.5784 - val_loss: 1.5687 - val_accuracy: 0.5569 - val_weighted_accuracy: 0.5787 - 17s/epoch - 33ms/step
Epoch 13/300
497/497 - 16s - loss: 1.5657 - accuracy: 0.5601 - weighted_accuracy: 0.5790 - val_loss: 1.5658 - val_accuracy: 0.5640 - val_weighted_accuracy: 0.5788 - 16s/epoch - 33ms/step
Epoch 14/300
497/497 - 17s - loss: 1.5656 - accuracy: 0.5581 - weighted_accuracy: 0.5782 - val_loss: 1.5664 - val_accuracy: 0.5622 - val_weighted_accuracy: 0.5778 - 17s/epoch - 33ms/step
Epoch 15/300
497/497 - 16s - loss: 1.5654 - accuracy: 0.5575 - weighted_accuracy: 0.5781 - val_loss: 1.5696 - val_accuracy: 0.5847 - val_weighted_accuracy: 0.5765 - 16s/epoch - 33ms/step
Epoch 16/300
497/497 - 16s - loss: 1.5650 - accuracy: 0.5586 - weighted_accuracy: 0.5790 - val_loss: 1.5671 - val_accuracy: 0.5676 - val_weighted_accuracy: 0.5788 - 16s/epoch - 33ms/step
Epoch 17/300
497/497 - 17s - loss: 1.5653 - accuracy: 0.5585 - weighted_accuracy: 0.5785 - val_loss: 1.5647 - val_accuracy: 0.5586 - val_weighted_accuracy: 0.5796 - 17s/epoch - 33ms/step
Epoch 18/300
497/497 - 16s - loss: 1.5648 - accuracy: 0.5579 - weighted_accuracy: 0.5782 - val_loss: 1.5686 - val_accuracy: 0.5619 - val_weighted_accuracy: 0.5755 - 16s/epoch - 33ms/step
Epoch 19/300
497/497 - 16s - loss: 1.5651 - accuracy: 0.5558 - weighted_accuracy: 0.5773 - val_loss: 1.5658 - val_accuracy: 0.5554 - val_weighted_accuracy: 0.5779 - 16s/epoch - 33ms/step
Epoch 20/300
497/497 - 16s - loss: 1.5647 - accuracy: 0.5576 - weighted_accuracy: 0.5777 - val_loss: 1.5668 - val_accuracy: 0.5379 - val_weighted_accuracy: 0.5784 - 16s/epoch - 33ms/step
Epoch 21/300
497/497 - 17s - loss: 1.5649 - accuracy: 0.5565 - weighted_accuracy: 0.5779 - val_loss: 1.5664 - val_accuracy: 0.5756 - val_weighted_accuracy: 0.5793 - 17s/epoch - 34ms/step
Epoch 22/300
497/497 - 17s - loss: 1.5640 - accuracy: 0.5569 - weighted_accuracy: 0.5790 - val_loss: 1.5657 - val_accuracy: 0.5707 - val_weighted_accuracy: 0.5793 - 17s/epoch - 34ms/step
Epoch 23/300
497/497 - 17s - loss: 1.5646 - accuracy: 0.5554 - weighted_accuracy: 0.5784 - val_loss: 1.5655 - val_accuracy: 0.5635 - val_weighted_accuracy: 0.5797 - 17s/epoch - 33ms/step
Epoch 24/300
497/497 - 16s - loss: 1.5646 - accuracy: 0.5568 - weighted_accuracy: 0.5778 - val_loss: 1.5654 - val_accuracy: 0.5553 - val_weighted_accuracy: 0.5791 - 16s/epoch - 33ms/step
Epoch 25/300
497/497 - 16s - loss: 1.5645 - accuracy: 0.5565 - weighted_accuracy: 0.5789 - val_loss: 1.5649 - val_accuracy: 0.5572 - val_weighted_accuracy: 0.5788 - 16s/epoch - 33ms/step
Epoch 26/300
497/497 - 16s - loss: 1.5644 - accuracy: 0.5561 - weighted_accuracy: 0.5780 - val_loss: 1.5659 - val_accuracy: 0.5458 - val_weighted_accuracy: 0.5790 - 16s/epoch - 32ms/step
Epoch 27/300
497/497 - 16s - loss: 1.5643 - accuracy: 0.5572 - weighted_accuracy: 0.5789 - val_loss: 1.5643 - val_accuracy: 0.5544 - val_weighted_accuracy: 0.5799 - 16s/epoch - 32ms/step
Epoch 28/300
497/497 - 16s - loss: 1.5641 - accuracy: 0.5580 - weighted_accuracy: 0.5791 - val_loss: 1.5652 - val_accuracy: 0.5633 - val_weighted_accuracy: 0.5798 - 16s/epoch - 33ms/step
Epoch 29/300
497/497 - 16s - loss: 1.5640 - accuracy: 0.5563 - weighted_accuracy: 0.5783 - val_loss: 1.5669 - val_accuracy: 0.5704 - val_weighted_accuracy: 0.5772 - 16s/epoch - 32ms/step
Epoch 30/300
497/497 - 16s - loss: 1.5640 - accuracy: 0.5575 - weighted_accuracy: 0.5786 - val_loss: 1.5656 - val_accuracy: 0.5324 - val_weighted_accuracy: 0.5768 - 16s/epoch - 32ms/step
Epoch 31/300
497/497 - 16s - loss: 1.5639 - accuracy: 0.5574 - weighted_accuracy: 0.5788 - val_loss: 1.5647 - val_accuracy: 0.5651 - val_weighted_accuracy: 0.5787 - 16s/epoch - 32ms/step
Epoch 32/300
497/497 - 16s - loss: 1.5639 - accuracy: 0.5568 - weighted_accuracy: 0.5779 - val_loss: 1.5659 - val_accuracy: 0.5776 - val_weighted_accuracy: 0.5785 - 16s/epoch - 33ms/step
Epoch 33/300
497/497 - 16s - loss: 1.5638 - accuracy: 0.5570 - weighted_accuracy: 0.5782 - val_loss: 1.5649 - val_accuracy: 0.5617 - val_weighted_accuracy: 0.5787 - 16s/epoch - 33ms/step
Epoch 34/300
497/497 - 16s - loss: 1.5638 - accuracy: 0.5574 - weighted_accuracy: 0.5786 - val_loss: 1.5641 - val_accuracy: 0.5491 - val_weighted_accuracy: 0.5797 - 16s/epoch - 32ms/step
Epoch 35/300
497/497 - 16s - loss: 1.5635 - accuracy: 0.5566 - weighted_accuracy: 0.5784 - val_loss: 1.5639 - val_accuracy: 0.5562 - val_weighted_accuracy: 0.5800 - 16s/epoch - 32ms/step
Epoch 36/300
497/497 - 16s - loss: 1.5635 - accuracy: 0.5565 - weighted_accuracy: 0.5782 - val_loss: 1.5664 - val_accuracy: 0.5329 - val_weighted_accuracy: 0.5776 - 16s/epoch - 32ms/step
Epoch 37/300
497/497 - 16s - loss: 1.5637 - accuracy: 0.5574 - weighted_accuracy: 0.5789 - val_loss: 1.5671 - val_accuracy: 0.5692 - val_weighted_accuracy: 0.5806 - 16s/epoch - 32ms/step
Epoch 38/300
497/497 - 16s - loss: 1.5638 - accuracy: 0.5573 - weighted_accuracy: 0.5780 - val_loss: 1.5662 - val_accuracy: 0.5592 - val_weighted_accuracy: 0.5803 - 16s/epoch - 32ms/step
Epoch 39/300
497/497 - 16s - loss: 1.5641 - accuracy: 0.5571 - weighted_accuracy: 0.5783 - val_loss: 1.5649 - val_accuracy: 0.5618 - val_weighted_accuracy: 0.5796 - 16s/epoch - 32ms/step
Epoch 40/300
497/497 - 16s - loss: 1.5638 - accuracy: 0.5576 - weighted_accuracy: 0.5784 - val_loss: 1.5645 - val_accuracy: 0.5431 - val_weighted_accuracy: 0.5785 - 16s/epoch - 32ms/step
Epoch 41/300
497/497 - 16s - loss: 1.5635 - accuracy: 0.5577 - weighted_accuracy: 0.5786 - val_loss: 1.5638 - val_accuracy: 0.5530 - val_weighted_accuracy: 0.5797 - 16s/epoch - 32ms/step
Epoch 42/300
497/497 - 16s - loss: 1.5636 - accuracy: 0.5564 - weighted_accuracy: 0.5781 - val_loss: 1.5639 - val_accuracy: 0.5569 - val_weighted_accuracy: 0.5792 - 16s/epoch - 32ms/step
Epoch 43/300
497/497 - 16s - loss: 1.5637 - accuracy: 0.5575 - weighted_accuracy: 0.5783 - val_loss: 1.5694 - val_accuracy: 0.5767 - val_weighted_accuracy: 0.5785 - 16s/epoch - 33ms/step
Epoch 44/300
497/497 - 16s - loss: 1.5636 - accuracy: 0.5578 - weighted_accuracy: 0.5781 - val_loss: 1.5654 - val_accuracy: 0.5451 - val_weighted_accuracy: 0.5796 - 16s/epoch - 32ms/step
Epoch 45/300
497/497 - 16s - loss: 1.5639 - accuracy: 0.5574 - weighted_accuracy: 0.5785 - val_loss: 1.5654 - val_accuracy: 0.5418 - val_weighted_accuracy: 0.5783 - 16s/epoch - 33ms/step
Epoch 46/300
497/497 - 16s - loss: 1.5632 - accuracy: 0.5570 - weighted_accuracy: 0.5787 - val_loss: 1.5644 - val_accuracy: 0.5649 - val_weighted_accuracy: 0.5792 - 16s/epoch - 32ms/step
Epoch 47/300
497/497 - 16s - loss: 1.5635 - accuracy: 0.5588 - weighted_accuracy: 0.5786 - val_loss: 1.5637 - val_accuracy: 0.5546 - val_weighted_accuracy: 0.5799 - 16s/epoch - 32ms/step
Epoch 48/300
497/497 - 16s - loss: 1.5633 - accuracy: 0.5567 - weighted_accuracy: 0.5786 - val_loss: 1.5651 - val_accuracy: 0.5333 - val_weighted_accuracy: 0.5773 - 16s/epoch - 32ms/step
Epoch 49/300
497/497 - 16s - loss: 1.5637 - accuracy: 0.5579 - weighted_accuracy: 0.5788 - val_loss: 1.5635 - val_accuracy: 0.5605 - val_weighted_accuracy: 0.5795 - 16s/epoch - 32ms/step
Epoch 50/300
497/497 - 16s - loss: 1.5633 - accuracy: 0.5573 - weighted_accuracy: 0.5783 - val_loss: 1.5647 - val_accuracy: 0.5557 - val_weighted_accuracy: 0.5802 - 16s/epoch - 33ms/step
Epoch 51/300
497/497 - 16s - loss: 1.5633 - accuracy: 0.5590 - weighted_accuracy: 0.5792 - val_loss: 1.5666 - val_accuracy: 0.5218 - val_weighted_accuracy: 0.5737 - 16s/epoch - 32ms/step
Epoch 52/300
497/497 - 17s - loss: 1.5636 - accuracy: 0.5572 - weighted_accuracy: 0.5785 - val_loss: 1.5640 - val_accuracy: 0.5523 - val_weighted_accuracy: 0.5788 - 17s/epoch - 34ms/step
Epoch 53/300
497/497 - 16s - loss: 1.5636 - accuracy: 0.5580 - weighted_accuracy: 0.5784 - val_loss: 1.5648 - val_accuracy: 0.5712 - val_weighted_accuracy: 0.5796 - 16s/epoch - 32ms/step
Epoch 54/300
497/497 - 16s - loss: 1.5632 - accuracy: 0.5582 - weighted_accuracy: 0.5791 - val_loss: 1.5652 - val_accuracy: 0.5531 - val_weighted_accuracy: 0.5785 - 16s/epoch - 32ms/step
Epoch 55/300
497/497 - 16s - loss: 1.5635 - accuracy: 0.5573 - weighted_accuracy: 0.5786 - val_loss: 1.5651 - val_accuracy: 0.5653 - val_weighted_accuracy: 0.5801 - 16s/epoch - 33ms/step
Epoch 56/300
497/497 - 16s - loss: 1.5633 - accuracy: 0.5579 - weighted_accuracy: 0.5784 - val_loss: 1.5665 - val_accuracy: 0.5489 - val_weighted_accuracy: 0.5792 - 16s/epoch - 32ms/step
Epoch 57/300
497/497 - 16s - loss: 1.5636 - accuracy: 0.5582 - weighted_accuracy: 0.5783 - val_loss: 1.5659 - val_accuracy: 0.5496 - val_weighted_accuracy: 0.5787 - 16s/epoch - 32ms/step
Epoch 58/300
497/497 - 16s - loss: 1.5633 - accuracy: 0.5577 - weighted_accuracy: 0.5787 - val_loss: 1.5645 - val_accuracy: 0.5552 - val_weighted_accuracy: 0.5796 - 16s/epoch - 32ms/step
Epoch 59/300
497/497 - 17s - loss: 1.5634 - accuracy: 0.5585 - weighted_accuracy: 0.5785 - val_loss: 1.5638 - val_accuracy: 0.5517 - val_weighted_accuracy: 0.5793 - 17s/epoch - 34ms/step
Epoch 60/300
497/497 - 16s - loss: 1.5634 - accuracy: 0.5570 - weighted_accuracy: 0.5784 - val_loss: 1.5645 - val_accuracy: 0.5634 - val_weighted_accuracy: 0.5792 - 16s/epoch - 32ms/step
Epoch 61/300
497/497 - 16s - loss: 1.5630 - accuracy: 0.5589 - weighted_accuracy: 0.5782 - val_loss: 1.5636 - val_accuracy: 0.5548 - val_weighted_accuracy: 0.5805 - 16s/epoch - 32ms/step
Epoch 62/300
497/497 - 16s - loss: 1.5632 - accuracy: 0.5580 - weighted_accuracy: 0.5784 - val_loss: 1.5635 - val_accuracy: 0.5486 - val_weighted_accuracy: 0.5789 - 16s/epoch - 32ms/step
Epoch 63/300
497/497 - 16s - loss: 1.5633 - accuracy: 0.5583 - weighted_accuracy: 0.5779 - val_loss: 1.5690 - val_accuracy: 0.5881 - val_weighted_accuracy: 0.5748 - 16s/epoch - 31ms/step
Epoch 64/300
497/497 - 15s - loss: 1.5634 - accuracy: 0.5582 - weighted_accuracy: 0.5780 - val_loss: 1.5633 - val_accuracy: 0.5641 - val_weighted_accuracy: 0.5799 - 15s/epoch - 31ms/step
Epoch 65/300
497/497 - 16s - loss: 1.5634 - accuracy: 0.5581 - weighted_accuracy: 0.5784 - val_loss: 1.5639 - val_accuracy: 0.5579 - val_weighted_accuracy: 0.5802 - 16s/epoch - 31ms/step
Epoch 66/300
497/497 - 16s - loss: 1.5630 - accuracy: 0.5569 - weighted_accuracy: 0.5788 - val_loss: 1.5638 - val_accuracy: 0.5418 - val_weighted_accuracy: 0.5782 - 16s/epoch - 32ms/step
Epoch 67/300
497/497 - 16s - loss: 1.5633 - accuracy: 0.5571 - weighted_accuracy: 0.5786 - val_loss: 1.5644 - val_accuracy: 0.5744 - val_weighted_accuracy: 0.5793 - 16s/epoch - 32ms/step
Epoch 68/300
497/497 - 16s - loss: 1.5633 - accuracy: 0.5558 - weighted_accuracy: 0.5780 - val_loss: 1.5682 - val_accuracy: 0.5303 - val_weighted_accuracy: 0.5760 - 16s/epoch - 32ms/step
Epoch 69/300
497/497 - 16s - loss: 1.5633 - accuracy: 0.5561 - weighted_accuracy: 0.5781 - val_loss: 1.5636 - val_accuracy: 0.5734 - val_weighted_accuracy: 0.5796 - 16s/epoch - 32ms/step
Epoch 70/300
497/497 - 16s - loss: 1.5634 - accuracy: 0.5580 - weighted_accuracy: 0.5781 - val_loss: 1.5637 - val_accuracy: 0.5616 - val_weighted_accuracy: 0.5794 - 16s/epoch - 32ms/step
Epoch 71/300
497/497 - 16s - loss: 1.5631 - accuracy: 0.5586 - weighted_accuracy: 0.5786 - val_loss: 1.5640 - val_accuracy: 0.5489 - val_weighted_accuracy: 0.5789 - 16s/epoch - 32ms/step
Epoch 72/300
497/497 - 16s - loss: 1.5629 - accuracy: 0.5582 - weighted_accuracy: 0.5787 - val_loss: 1.5647 - val_accuracy: 0.5427 - val_weighted_accuracy: 0.5788 - 16s/epoch - 33ms/step
Epoch 73/300
497/497 - 16s - loss: 1.5629 - accuracy: 0.5584 - weighted_accuracy: 0.5789 - val_loss: 1.5655 - val_accuracy: 0.5563 - val_weighted_accuracy: 0.5804 - 16s/epoch - 32ms/step
Epoch 74/300
497/497 - 16s - loss: 1.5634 - accuracy: 0.5579 - weighted_accuracy: 0.5788 - val_loss: 1.5635 - val_accuracy: 0.5522 - val_weighted_accuracy: 0.5799 - 16s/epoch - 32ms/step
Epoch 75/300
497/497 - 16s - loss: 1.5629 - accuracy: 0.5580 - weighted_accuracy: 0.5786 - val_loss: 1.5637 - val_accuracy: 0.5446 - val_weighted_accuracy: 0.5792 - 16s/epoch - 32ms/step
Epoch 76/300
497/497 - 16s - loss: 1.5631 - accuracy: 0.5574 - weighted_accuracy: 0.5784 - val_loss: 1.5643 - val_accuracy: 0.5515 - val_weighted_accuracy: 0.5796 - 16s/epoch - 32ms/step
Epoch 77/300
497/497 - 16s - loss: 1.5631 - accuracy: 0.5581 - weighted_accuracy: 0.5784 - val_loss: 1.5636 - val_accuracy: 0.5611 - val_weighted_accuracy: 0.5788 - 16s/epoch - 32ms/step
Epoch 78/300
497/497 - 16s - loss: 1.5630 - accuracy: 0.5588 - weighted_accuracy: 0.5786 - val_loss: 1.5654 - val_accuracy: 0.5666 - val_weighted_accuracy: 0.5797 - 16s/epoch - 32ms/step
Epoch 79/300
497/497 - 16s - loss: 1.5632 - accuracy: 0.5585 - weighted_accuracy: 0.5782 - val_loss: 1.5636 - val_accuracy: 0.5454 - val_weighted_accuracy: 0.5784 - 16s/epoch - 32ms/step
Epoch 80/300
497/497 - 16s - loss: 1.5630 - accuracy: 0.5573 - weighted_accuracy: 0.5789 - val_loss: 1.5655 - val_accuracy: 0.5648 - val_weighted_accuracy: 0.5802 - 16s/epoch - 32ms/step
Epoch 81/300
497/497 - 16s - loss: 1.5633 - accuracy: 0.5568 - weighted_accuracy: 0.5785 - val_loss: 1.5633 - val_accuracy: 0.5625 - val_weighted_accuracy: 0.5794 - 16s/epoch - 32ms/step
Epoch 82/300
497/497 - 16s - loss: 1.5631 - accuracy: 0.5587 - weighted_accuracy: 0.5791 - val_loss: 1.5642 - val_accuracy: 0.5550 - val_weighted_accuracy: 0.5803 - 16s/epoch - 32ms/step
Epoch 83/300
497/497 - 16s - loss: 1.5628 - accuracy: 0.5587 - weighted_accuracy: 0.5796 - val_loss: 1.5633 - val_accuracy: 0.5484 - val_weighted_accuracy: 0.5793 - 16s/epoch - 32ms/step
Epoch 84/300
497/497 - 16s - loss: 1.5630 - accuracy: 0.5582 - weighted_accuracy: 0.5794 - val_loss: 1.5636 - val_accuracy: 0.5629 - val_weighted_accuracy: 0.5790 - 16s/epoch - 32ms/step
Epoch 85/300
497/497 - 16s - loss: 1.5632 - accuracy: 0.5591 - weighted_accuracy: 0.5789 - val_loss: 1.5642 - val_accuracy: 0.5671 - val_weighted_accuracy: 0.5801 - 16s/epoch - 33ms/step
Epoch 86/300
497/497 - 16s - loss: 1.5631 - accuracy: 0.5577 - weighted_accuracy: 0.5782 - val_loss: 1.5648 - val_accuracy: 0.5701 - val_weighted_accuracy: 0.5797 - 16s/epoch - 33ms/step
Epoch 87/300
497/497 - 16s - loss: 1.5628 - accuracy: 0.5569 - weighted_accuracy: 0.5787 - val_loss: 1.5647 - val_accuracy: 0.5456 - val_weighted_accuracy: 0.5791 - 16s/epoch - 32ms/step
Epoch 88/300
497/497 - 16s - loss: 1.5626 - accuracy: 0.5564 - weighted_accuracy: 0.5779 - val_loss: 1.5643 - val_accuracy: 0.5399 - val_weighted_accuracy: 0.5782 - 16s/epoch - 32ms/step
Epoch 89/300
497/497 - 16s - loss: 1.5627 - accuracy: 0.5577 - weighted_accuracy: 0.5787 - val_loss: 1.5648 - val_accuracy: 0.5516 - val_weighted_accuracy: 0.5797 - 16s/epoch - 32ms/step
Epoch 90/300
497/497 - 16s - loss: 1.5628 - accuracy: 0.5572 - weighted_accuracy: 0.5788 - val_loss: 1.5646 - val_accuracy: 0.5509 - val_weighted_accuracy: 0.5802 - 16s/epoch - 32ms/step
Epoch 91/300
497/497 - 16s - loss: 1.5629 - accuracy: 0.5581 - weighted_accuracy: 0.5787 - val_loss: 1.5641 - val_accuracy: 0.5681 - val_weighted_accuracy: 0.5795 - 16s/epoch - 32ms/step
Epoch 92/300
497/497 - 16s - loss: 1.5631 - accuracy: 0.5576 - weighted_accuracy: 0.5784 - val_loss: 1.5643 - val_accuracy: 0.5543 - val_weighted_accuracy: 0.5801 - 16s/epoch - 31ms/step
Epoch 93/300
497/497 - 16s - loss: 1.5628 - accuracy: 0.5564 - weighted_accuracy: 0.5785 - val_loss: 1.5633 - val_accuracy: 0.5634 - val_weighted_accuracy: 0.5810 - 16s/epoch - 32ms/step
Epoch 94/300
497/497 - 15s - loss: 1.5629 - accuracy: 0.5575 - weighted_accuracy: 0.5784 - val_loss: 1.5642 - val_accuracy: 0.5538 - val_weighted_accuracy: 0.5805 - 15s/epoch - 31ms/step
Epoch 95/300
497/497 - 16s - loss: 1.5629 - accuracy: 0.5573 - weighted_accuracy: 0.5788 - val_loss: 1.5631 - val_accuracy: 0.5596 - val_weighted_accuracy: 0.5804 - 16s/epoch - 32ms/step
Epoch 96/300
497/497 - 16s - loss: 1.5625 - accuracy: 0.5577 - weighted_accuracy: 0.5785 - val_loss: 1.5630 - val_accuracy: 0.5612 - val_weighted_accuracy: 0.5798 - 16s/epoch - 33ms/step
Epoch 97/300
497/497 - 16s - loss: 1.5628 - accuracy: 0.5567 - weighted_accuracy: 0.5786 - val_loss: 1.5639 - val_accuracy: 0.5684 - val_weighted_accuracy: 0.5803 - 16s/epoch - 32ms/step
Epoch 98/300
497/497 - 16s - loss: 1.5629 - accuracy: 0.5583 - weighted_accuracy: 0.5787 - val_loss: 1.5651 - val_accuracy: 0.5667 - val_weighted_accuracy: 0.5786 - 16s/epoch - 33ms/step
Epoch 99/300
497/497 - 16s - loss: 1.5627 - accuracy: 0.5580 - weighted_accuracy: 0.5790 - val_loss: 1.5651 - val_accuracy: 0.5352 - val_weighted_accuracy: 0.5775 - 16s/epoch - 32ms/step
Epoch 100/300
497/497 - 17s - loss: 1.5629 - accuracy: 0.5577 - weighted_accuracy: 0.5788 - val_loss: 1.5643 - val_accuracy: 0.5555 - val_weighted_accuracy: 0.5801 - 17s/epoch - 33ms/step
Epoch 101/300
497/497 - 16s - loss: 1.5629 - accuracy: 0.5580 - weighted_accuracy: 0.5790 - val_loss: 1.5638 - val_accuracy: 0.5602 - val_weighted_accuracy: 0.5802 - 16s/epoch - 31ms/step
Epoch 102/300
497/497 - 16s - loss: 1.5626 - accuracy: 0.5574 - weighted_accuracy: 0.5779 - val_loss: 1.5636 - val_accuracy: 0.5632 - val_weighted_accuracy: 0.5806 - 16s/epoch - 32ms/step
Epoch 103/300
497/497 - 16s - loss: 1.5631 - accuracy: 0.5579 - weighted_accuracy: 0.5781 - val_loss: 1.5639 - val_accuracy: 0.5601 - val_weighted_accuracy: 0.5806 - 16s/epoch - 32ms/step
Epoch 104/300
497/497 - 16s - loss: 1.5626 - accuracy: 0.5582 - weighted_accuracy: 0.5785 - val_loss: 1.5666 - val_accuracy: 0.5747 - val_weighted_accuracy: 0.5791 - 16s/epoch - 32ms/step
Epoch 105/300
497/497 - 16s - loss: 1.5628 - accuracy: 0.5581 - weighted_accuracy: 0.5783 - val_loss: 1.5664 - val_accuracy: 0.5538 - val_weighted_accuracy: 0.5786 - 16s/epoch - 32ms/step
Epoch 106/300
497/497 - 16s - loss: 1.5630 - accuracy: 0.5571 - weighted_accuracy: 0.5783 - val_loss: 1.5647 - val_accuracy: 0.5502 - val_weighted_accuracy: 0.5791 - 16s/epoch - 31ms/step
Epoch 107/300
497/497 - 16s - loss: 1.5624 - accuracy: 0.5584 - weighted_accuracy: 0.5788 - val_loss: 1.5636 - val_accuracy: 0.5606 - val_weighted_accuracy: 0.5801 - 16s/epoch - 32ms/step
Epoch 108/300
497/497 - 16s - loss: 1.5628 - accuracy: 0.5561 - weighted_accuracy: 0.5784 - val_loss: 1.5630 - val_accuracy: 0.5481 - val_weighted_accuracy: 0.5798 - 16s/epoch - 32ms/step
Epoch 109/300
497/497 - 16s - loss: 1.5627 - accuracy: 0.5567 - weighted_accuracy: 0.5787 - val_loss: 1.5632 - val_accuracy: 0.5663 - val_weighted_accuracy: 0.5796 - 16s/epoch - 32ms/step
Epoch 110/300
497/497 - 16s - loss: 1.5630 - accuracy: 0.5584 - weighted_accuracy: 0.5782 - val_loss: 1.5642 - val_accuracy: 0.5441 - val_weighted_accuracy: 0.5784 - 16s/epoch - 32ms/step
Epoch 111/300
497/497 - 16s - loss: 1.5629 - accuracy: 0.5570 - weighted_accuracy: 0.5781 - val_loss: 1.5650 - val_accuracy: 0.5826 - val_weighted_accuracy: 0.5771 - 16s/epoch - 32ms/step
Epoch 112/300
497/497 - 16s - loss: 1.5629 - accuracy: 0.5586 - weighted_accuracy: 0.5788 - val_loss: 1.5643 - val_accuracy: 0.5601 - val_weighted_accuracy: 0.5803 - 16s/epoch - 33ms/step
Epoch 113/300
497/497 - 16s - loss: 1.5629 - accuracy: 0.5586 - weighted_accuracy: 0.5783 - val_loss: 1.5640 - val_accuracy: 0.5387 - val_weighted_accuracy: 0.5774 - 16s/epoch - 32ms/step
Epoch 114/300
497/497 - 16s - loss: 1.5628 - accuracy: 0.5576 - weighted_accuracy: 0.5782 - val_loss: 1.5629 - val_accuracy: 0.5466 - val_weighted_accuracy: 0.5793 - 16s/epoch - 32ms/step
Epoch 115/300
497/497 - 16s - loss: 1.5630 - accuracy: 0.5577 - weighted_accuracy: 0.5786 - val_loss: 1.5637 - val_accuracy: 0.5683 - val_weighted_accuracy: 0.5796 - 16s/epoch - 33ms/step
Epoch 116/300
497/497 - 16s - loss: 1.5627 - accuracy: 0.5586 - weighted_accuracy: 0.5788 - val_loss: 1.5630 - val_accuracy: 0.5620 - val_weighted_accuracy: 0.5803 - 16s/epoch - 32ms/step
Epoch 117/300
497/497 - 16s - loss: 1.5627 - accuracy: 0.5570 - weighted_accuracy: 0.5782 - val_loss: 1.5629 - val_accuracy: 0.5535 - val_weighted_accuracy: 0.5797 - 16s/epoch - 32ms/step
Epoch 118/300
497/497 - 16s - loss: 1.5626 - accuracy: 0.5578 - weighted_accuracy: 0.5788 - val_loss: 1.5642 - val_accuracy: 0.5574 - val_weighted_accuracy: 0.5799 - 16s/epoch - 32ms/step
Epoch 119/300
497/497 - 16s - loss: 1.5626 - accuracy: 0.5581 - weighted_accuracy: 0.5783 - val_loss: 1.5638 - val_accuracy: 0.5382 - val_weighted_accuracy: 0.5784 - 16s/epoch - 32ms/step
Epoch 120/300
497/497 - 16s - loss: 1.5626 - accuracy: 0.5559 - weighted_accuracy: 0.5783 - val_loss: 1.5631 - val_accuracy: 0.5621 - val_weighted_accuracy: 0.5799 - 16s/epoch - 32ms/step
Epoch 121/300
497/497 - 16s - loss: 1.5629 - accuracy: 0.5580 - weighted_accuracy: 0.5790 - val_loss: 1.5647 - val_accuracy: 0.5549 - val_weighted_accuracy: 0.5798 - 16s/epoch - 32ms/step
Epoch 122/300
497/497 - 16s - loss: 1.5628 - accuracy: 0.5580 - weighted_accuracy: 0.5787 - val_loss: 1.5633 - val_accuracy: 0.5614 - val_weighted_accuracy: 0.5807 - 16s/epoch - 32ms/step
Epoch 123/300
497/497 - 16s - loss: 1.5624 - accuracy: 0.5574 - weighted_accuracy: 0.5785 - val_loss: 1.5652 - val_accuracy: 0.5833 - val_weighted_accuracy: 0.5767 - 16s/epoch - 33ms/step
Epoch 124/300
497/497 - 16s - loss: 1.5631 - accuracy: 0.5595 - weighted_accuracy: 0.5791 - val_loss: 1.5649 - val_accuracy: 0.5623 - val_weighted_accuracy: 0.5792 - 16s/epoch - 33ms/step
Epoch 125/300
497/497 - 16s - loss: 1.5628 - accuracy: 0.5587 - weighted_accuracy: 0.5786 - val_loss: 1.5654 - val_accuracy: 0.5310 - val_weighted_accuracy: 0.5760 - 16s/epoch - 33ms/step
Epoch 126/300
497/497 - 17s - loss: 1.5629 - accuracy: 0.5582 - weighted_accuracy: 0.5785 - val_loss: 1.5637 - val_accuracy: 0.5622 - val_weighted_accuracy: 0.5795 - 17s/epoch - 33ms/step
Epoch 127/300
497/497 - 16s - loss: 1.5626 - accuracy: 0.5597 - weighted_accuracy: 0.5784 - val_loss: 1.5693 - val_accuracy: 0.5125 - val_weighted_accuracy: 0.5713 - 16s/epoch - 32ms/step
Epoch 128/300
497/497 - 16s - loss: 1.5629 - accuracy: 0.5586 - weighted_accuracy: 0.5786 - val_loss: 1.5638 - val_accuracy: 0.5575 - val_weighted_accuracy: 0.5801 - 16s/epoch - 33ms/step
Epoch 129/300
497/497 - 16s - loss: 1.5628 - accuracy: 0.5573 - weighted_accuracy: 0.5783 - val_loss: 1.5648 - val_accuracy: 0.5286 - val_weighted_accuracy: 0.5765 - 16s/epoch - 32ms/step
Epoch 130/300
497/497 - 16s - loss: 1.5629 - accuracy: 0.5561 - weighted_accuracy: 0.5778 - val_loss: 1.5632 - val_accuracy: 0.5633 - val_weighted_accuracy: 0.5794 - 16s/epoch - 33ms/step
Epoch 131/300
497/497 - 16s - loss: 1.5629 - accuracy: 0.5589 - weighted_accuracy: 0.5788 - val_loss: 1.5645 - val_accuracy: 0.5543 - val_weighted_accuracy: 0.5806 - 16s/epoch - 32ms/step
Epoch 132/300
497/497 - 16s - loss: 1.5625 - accuracy: 0.5599 - weighted_accuracy: 0.5791 - val_loss: 1.5630 - val_accuracy: 0.5586 - val_weighted_accuracy: 0.5808 - 16s/epoch - 32ms/step
Epoch 133/300
497/497 - 16s - loss: 1.5625 - accuracy: 0.5580 - weighted_accuracy: 0.5783 - val_loss: 1.5636 - val_accuracy: 0.5430 - val_weighted_accuracy: 0.5788 - 16s/epoch - 33ms/step
Epoch 134/300
497/497 - 16s - loss: 1.5629 - accuracy: 0.5576 - weighted_accuracy: 0.5778 - val_loss: 1.5631 - val_accuracy: 0.5654 - val_weighted_accuracy: 0.5805 - 16s/epoch - 32ms/step
Epoch 135/300
497/497 - 16s - loss: 1.5628 - accuracy: 0.5587 - weighted_accuracy: 0.5785 - val_loss: 1.5632 - val_accuracy: 0.5707 - val_weighted_accuracy: 0.5801 - 16s/epoch - 32ms/step
Epoch 136/300
497/497 - 16s - loss: 1.5627 - accuracy: 0.5584 - weighted_accuracy: 0.5784 - val_loss: 1.5660 - val_accuracy: 0.5847 - val_weighted_accuracy: 0.5758 - 16s/epoch - 32ms/step
Epoch 137/300
497/497 - 16s - loss: 1.5630 - accuracy: 0.5585 - weighted_accuracy: 0.5789 - val_loss: 1.5634 - val_accuracy: 0.5680 - val_weighted_accuracy: 0.5794 - 16s/epoch - 32ms/step
Epoch 138/300
497/497 - 16s - loss: 1.5627 - accuracy: 0.5576 - weighted_accuracy: 0.5786 - val_loss: 1.5636 - val_accuracy: 0.5571 - val_weighted_accuracy: 0.5807 - 16s/epoch - 32ms/step
Epoch 139/300
497/497 - 16s - loss: 1.5628 - accuracy: 0.5562 - weighted_accuracy: 0.5786 - val_loss: 1.5634 - val_accuracy: 0.5525 - val_weighted_accuracy: 0.5795 - 16s/epoch - 32ms/step
Epoch 140/300
497/497 - 16s - loss: 1.5628 - accuracy: 0.5577 - weighted_accuracy: 0.5787 - val_loss: 1.5632 - val_accuracy: 0.5477 - val_weighted_accuracy: 0.5792 - 16s/epoch - 32ms/step
Epoch 141/300
497/497 - 16s - loss: 1.5626 - accuracy: 0.5572 - weighted_accuracy: 0.5789 - val_loss: 1.5653 - val_accuracy: 0.5751 - val_weighted_accuracy: 0.5787 - 16s/epoch - 32ms/step
Epoch 142/300
497/497 - 16s - loss: 1.5625 - accuracy: 0.5582 - weighted_accuracy: 0.5791 - val_loss: 1.5636 - val_accuracy: 0.5677 - val_weighted_accuracy: 0.5791 - 16s/epoch - 33ms/step
Epoch 143/300
497/497 - 16s - loss: 1.5625 - accuracy: 0.5580 - weighted_accuracy: 0.5787 - val_loss: 1.5635 - val_accuracy: 0.5713 - val_weighted_accuracy: 0.5790 - 16s/epoch - 32ms/step
Epoch 144/300
497/497 - 16s - loss: 1.5627 - accuracy: 0.5590 - weighted_accuracy: 0.5789 - val_loss: 1.5648 - val_accuracy: 0.5391 - val_weighted_accuracy: 0.5784 - 16s/epoch - 33ms/step
Epoch 144: early stopping
                         : Getting training history for item:0 name = 'loss'
                         : Getting training history for item:1 name = 'accuracy'
                         : Getting training history for item:2 name = 'weighted_accuracy'
                         : Getting training history for item:3 name = 'val_loss'
                         : Getting training history for item:4 name = 'val_accuracy'
                         : Getting training history for item:5 name = 'val_weighted_accuracy'
                         : Trained model written to file: jet2016postVFP__5__64__1000__0.2/weights/TrainedModel_DNN.h5
                         : Elapsed time for training with 620928 events: 2.75e+03 sec         
                         : Setting up tf.keras
                         : Using TensorFlow version 2
                         : Use Keras version from TensorFlow : tf.keras
                         : Disabled TF eager execution when evaluating model 
                         :  Loading Keras Model 
                         : Loaded model from file: jet2016postVFP__5__64__1000__0.2/weights/TrainedModel_DNN.h5
DNN                      : [jet2016postVFP__5__64__1000__0.2] : Evaluation of DNN on training sample (620928 events)
                         : Elapsed time for evaluation of 620928 events: 32.1 sec       
                         : Creating xml weight file: [0;36mjet2016postVFP__5__64__1000__0.2/weights/jet2016postVFP__5__64__1000__0.2_DNN.weights.xml[0m
                         : Creating standalone class: [0;36mjet2016postVFP__5__64__1000__0.2/weights/jet2016postVFP__5__64__1000__0.2_DNN.class.C[0m
Factory                  : Training finished
                         : 
                         : Ranking input variables (method specific)...
                         : No variable ranking supplied by classifier: DNN
TH1.Print Name  = TrainingHistory_DNN_'accuracy', Entries= 0, Total sum= 80.3163
TH1.Print Name  = TrainingHistory_DNN_'loss', Entries= 0, Total sum= 225.266
TH1.Print Name  = TrainingHistory_DNN_'val_accuracy', Entries= 0, Total sum= 80.2534
TH1.Print Name  = TrainingHistory_DNN_'val_loss', Entries= 0, Total sum= 225.455
TH1.Print Name  = TrainingHistory_DNN_'val_weighted_accuracy', Entries= 0, Total sum= 83.3709
TH1.Print Name  = TrainingHistory_DNN_'weighted_accuracy', Entries= 0, Total sum= 83.2905
Factory                  : === Destroy and recreate all methods via weight files for testing ===
                         : 
                         : Reading weight file: [0;36mjet2016postVFP__5__64__1000__0.2/weights/jet2016postVFP__5__64__1000__0.2_DNN.weights.xml[0m
Factory                  : [1mTest all methods[0m
Factory                  : Test method: DNN for Classification performance
                         : 
                         : Setting up tf.keras
                         : Using TensorFlow version 2
                         : Use Keras version from TensorFlow : tf.keras
                         : Disabled TF eager execution when evaluating model 
                         :  Loading Keras Model 
                         : Loaded model from file: jet2016postVFP__5__64__1000__0.2/weights/TrainedModel_DNN.h5
DNN                      : [jet2016postVFP__5__64__1000__0.2] : Evaluation of DNN on testing sample (509857 events)
                         : Elapsed time for evaluation of 509857 events: 27.8 sec       
Factory                  : [1mEvaluate all methods[0m
Factory                  : Evaluate classifier: DNN
                         : 
TFHandler_DNN            :                         Variable                                Mean                                RMS                        [        Min                                Max ]
                         : -----------------------------------------------------------------------------------------------------------------------------------------------------------------------------------
                         : bjet_ChargedHadronEnergyFraction:                           0.11593                           0.43960   [                           -1.0000                            1.0000 ]
                         : bjet_NeutralHadronEnergyFraction:                          -0.76631                           0.28265   [                           -1.0000                            1.0000 ]
                         :     bjet_NeutralEmEnergyFraction:                          -0.47606                           0.32391   [                           -1.0000                            1.0000 ]
                         :     bjet_ChargedEmEnergyFraction:                          -0.92643                           0.23454   [                           -1.0000                            1.0000 ]
                         :          bjet_MuonEnergyFraction:                          -0.94713                           0.19747   [                           -1.0000                            1.0000 ]
                         :         bjet_ChargedMultiplicity:                          -0.52537                           0.19196   [                           -1.0000                            1.1364 ]
                         :         bjet_NeutralMultiplicity:                          -0.58272                           0.20254   [                           -1.0000                            1.0000 ]
                         :                fabs(bjet_charge):                          -0.40756                           0.45593   [                           -1.0000                            1.0000 ]
                         : -----------------------------------------------------------------------------------------------------------------------------------------------------------------------------------
DNN                      : [jet2016postVFP__5__64__1000__0.2] : Loop over test events and fill histograms with classifier response...
                         : 
TFHandler_DNN            :                         Variable                                Mean                                RMS                        [        Min                                Max ]
                         : -----------------------------------------------------------------------------------------------------------------------------------------------------------------------------------
                         : bjet_ChargedHadronEnergyFraction:                           0.11593                           0.43960   [                           -1.0000                            1.0000 ]
                         : bjet_NeutralHadronEnergyFraction:                          -0.76631                           0.28265   [                           -1.0000                            1.0000 ]
                         :     bjet_NeutralEmEnergyFraction:                          -0.47606                           0.32391   [                           -1.0000                            1.0000 ]
                         :     bjet_ChargedEmEnergyFraction:                          -0.92643                           0.23454   [                           -1.0000                            1.0000 ]
                         :          bjet_MuonEnergyFraction:                          -0.94713                           0.19747   [                           -1.0000                            1.0000 ]
                         :         bjet_ChargedMultiplicity:                          -0.52537                           0.19196   [                           -1.0000                            1.1364 ]
                         :         bjet_NeutralMultiplicity:                          -0.58272                           0.20254   [                           -1.0000                            1.0000 ]
                         :                fabs(bjet_charge):                          -0.40756                           0.45593   [                           -1.0000                            1.0000 ]
                         : -----------------------------------------------------------------------------------------------------------------------------------------------------------------------------------
                         : 
                         : Evaluation results ranked by best signal efficiency and purity (area)
                         : -------------------------------------------------------------------------------------------------------------------
                         : DataSet       MVA                       
                         : Name:         Method:          ROC-integ
                         : jet2016postVFP__5__64__1000__0.2 DNN            : 0.600
                         : -------------------------------------------------------------------------------------------------------------------
                         : 
                         : Testing efficiency compared to training efficiency (overtraining check)
                         : -------------------------------------------------------------------------------------------------------------------
                         : DataSet              MVA              Signal efficiency: from test sample (from training sample) 
                         : Name:                Method:          @B=0.01             @B=0.10            @B=0.30   
                         : -------------------------------------------------------------------------------------------------------------------
                         : jet2016postVFP__5__64__1000__0.2 DNN            : 0.029 (0.029)       0.194 (0.197)      0.446 (0.447)
                         : -------------------------------------------------------------------------------------------------------------------
                         : 
Dataset:jet2016postVFP...: Created tree 'TestTree' with 509857 events
                         : 
Dataset:jet2016postVFP...: Created tree 'TrainTree' with 620928 events
                         : 
Factory                  : [1mThank you for using TMVA![0m
                         : [1mFor citation information, please visit: http://tmva.sf.net/citeTMVA.html[0m
ref.cut= DNN 0.4739206099110181
auc= 0.5996045847473294
myerr=0
[ntry=1]
