<sig cut>= (bmuon_charge*bjet_partonFlavour < 0)&&Has_bMuon
<bkg cut>= (bmuon_charge*bjet_partonFlavour > 0)&&Has_bMuon
Model: "sequential"
_________________________________________________________________
 Layer (type)                Output Shape              Param #   
=================================================================
 dense (Dense)               (None, 256)               3584      
                                                                 
 batch_normalization (BatchN  (None, 256)              1024      
 ormalization)                                                   
                                                                 
 activation (Activation)     (None, 256)               0         
                                                                 
 dropout (Dropout)           (None, 256)               0         
                                                                 
 dense_1 (Dense)             (None, 256)               65792     
                                                                 
 batch_normalization_1 (Batc  (None, 256)              1024      
 hNormalization)                                                 
                                                                 
 activation_1 (Activation)   (None, 256)               0         
                                                                 
 dropout_1 (Dropout)         (None, 256)               0         
                                                                 
 dense_2 (Dense)             (None, 256)               65792     
                                                                 
 batch_normalization_2 (Batc  (None, 256)              1024      
 hNormalization)                                                 
                                                                 
 activation_2 (Activation)   (None, 256)               0         
                                                                 
 dropout_2 (Dropout)         (None, 256)               0         
                                                                 
 dense_3 (Dense)             (None, 256)               65792     
                                                                 
 batch_normalization_3 (Batc  (None, 256)              1024      
 hNormalization)                                                 
                                                                 
 activation_3 (Activation)   (None, 256)               0         
                                                                 
 dropout_3 (Dropout)         (None, 256)               0         
                                                                 
 dense_4 (Dense)             (None, 256)               65792     
                                                                 
 batch_normalization_4 (Batc  (None, 256)              1024      
 hNormalization)                                                 
                                                                 
 activation_4 (Activation)   (None, 256)               0         
                                                                 
 dropout_4 (Dropout)         (None, 256)               0         
                                                                 
 dense_5 (Dense)             (None, 256)               65792     
                                                                 
 batch_normalization_5 (Batc  (None, 256)              1024      
 hNormalization)                                                 
                                                                 
 activation_5 (Activation)   (None, 256)               0         
                                                                 
 dropout_5 (Dropout)         (None, 256)               0         
                                                                 
 dense_6 (Dense)             (None, 256)               65792     
                                                                 
 batch_normalization_6 (Batc  (None, 256)              1024      
 hNormalization)                                                 
                                                                 
 activation_6 (Activation)   (None, 256)               0         
                                                                 
 dropout_6 (Dropout)         (None, 256)               0         
                                                                 
 dense_7 (Dense)             (None, 256)               65792     
                                                                 
 batch_normalization_7 (Batc  (None, 256)              1024      
 hNormalization)                                                 
                                                                 
 activation_7 (Activation)   (None, 256)               0         
                                                                 
 dropout_7 (Dropout)         (None, 256)               0         
                                                                 
 dense_8 (Dense)             (None, 256)               65792     
                                                                 
 batch_normalization_8 (Batc  (None, 256)              1024      
 hNormalization)                                                 
                                                                 
 activation_8 (Activation)   (None, 256)               0         
                                                                 
 dropout_8 (Dropout)         (None, 256)               0         
                                                                 
 dense_9 (Dense)             (None, 256)               65792     
                                                                 
 batch_normalization_9 (Batc  (None, 256)              1024      
 hNormalization)                                                 
                                                                 
 activation_9 (Activation)   (None, 256)               0         
                                                                 
 dropout_9 (Dropout)         (None, 256)               0         
                                                                 
 dense_10 (Dense)            (None, 256)               65792     
                                                                 
 batch_normalization_10 (Bat  (None, 256)              1024      
 chNormalization)                                                
                                                                 
 activation_10 (Activation)  (None, 256)               0         
                                                                 
 dropout_10 (Dropout)        (None, 256)               0         
                                                                 
 dense_11 (Dense)            (None, 256)               65792     
                                                                 
 batch_normalization_11 (Bat  (None, 256)              1024      
 chNormalization)                                                
                                                                 
 activation_11 (Activation)  (None, 256)               0         
                                                                 
 dropout_11 (Dropout)        (None, 256)               0         
                                                                 
 dense_12 (Dense)            (None, 256)               65792     
                                                                 
 batch_normalization_12 (Bat  (None, 256)              1024      
 chNormalization)                                                
                                                                 
 activation_12 (Activation)  (None, 256)               0         
                                                                 
 dropout_12 (Dropout)        (None, 256)               0         
                                                                 
 dense_13 (Dense)            (None, 256)               65792     
                                                                 
 batch_normalization_13 (Bat  (None, 256)              1024      
 chNormalization)                                                
                                                                 
 activation_13 (Activation)  (None, 256)               0         
                                                                 
 dropout_13 (Dropout)        (None, 256)               0         
                                                                 
 dense_14 (Dense)            (None, 256)               65792     
                                                                 
 batch_normalization_14 (Bat  (None, 256)              1024      
 chNormalization)                                                
                                                                 
 activation_14 (Activation)  (None, 256)               0         
                                                                 
 dropout_14 (Dropout)        (None, 256)               0         
                                                                 
 dense_15 (Dense)            (None, 256)               65792     
                                                                 
 batch_normalization_15 (Bat  (None, 256)              1024      
 chNormalization)                                                
                                                                 
 activation_15 (Activation)  (None, 256)               0         
                                                                 
 dropout_15 (Dropout)        (None, 256)               0         
                                                                 
 dense_16 (Dense)            (None, 256)               65792     
                                                                 
 batch_normalization_16 (Bat  (None, 256)              1024      
 chNormalization)                                                
                                                                 
 activation_16 (Activation)  (None, 256)               0         
                                                                 
 dropout_16 (Dropout)        (None, 256)               0         
                                                                 
 dense_17 (Dense)            (None, 256)               65792     
                                                                 
 batch_normalization_17 (Bat  (None, 256)              1024      
 chNormalization)                                                
                                                                 
 activation_17 (Activation)  (None, 256)               0         
                                                                 
 dropout_17 (Dropout)        (None, 256)               0         
                                                                 
 dense_18 (Dense)            (None, 256)               65792     
                                                                 
 batch_normalization_18 (Bat  (None, 256)              1024      
 chNormalization)                                                
                                                                 
 activation_18 (Activation)  (None, 256)               0         
                                                                 
 dropout_18 (Dropout)        (None, 256)               0         
                                                                 
 dense_19 (Dense)            (None, 256)               65792     
                                                                 
 batch_normalization_19 (Bat  (None, 256)              1024      
 chNormalization)                                                
                                                                 
 activation_19 (Activation)  (None, 256)               0         
                                                                 
 dropout_19 (Dropout)        (None, 256)               0         
                                                                 
 dense_20 (Dense)            (None, 2)                 514       
                                                                 
 activation_20 (Activation)  (None, 2)                 0         
                                                                 
=================================================================
Total params: 1,274,626
Trainable params: 1,264,386
Non-trainable params: 10,240
_________________________________________________________________
DataSetInfo              : [muon2018__20__256__500__0.2] : Added class "Signal"
                         : Add Tree OutTree/sig of type Signal with 1179656 events
                         : Add Tree OutTree/sig of type Signal with 1179999 events
DataSetInfo              : [muon2018__20__256__500__0.2] : Added class "Background"
                         : Add Tree OutTree/bkg of type Background with 795557 events
                         : Add Tree OutTree/bkg of type Background with 786409 events
Factory                  : Booking method: [1mDNN[0m
                         : 
DNN                      : [muon2018__20__256__500__0.2] : Create Transformation "G" with events from all classes.
                         : 
                         : Transformation, Variable selection : 
                         : Input : variable 'bmuon_nsip3d' <---> Output : variable 'bmuon_nsip3d'
                         : Input : variable 'bmuon_reliso' <---> Output : variable 'bmuon_reliso'
                         : Input : variable 'bmuon_ptwrtbjet' <---> Output : variable 'bmuon_ptwrtbjet'
                         : Input : variable 'bmuon_P_jetrest' <---> Output : variable 'bmuon_P_jetrest'
                         : Input : variable 'bjet_charge*bmuon_charge' <---> Output : variable 'bjet_charge*bmuon_charge'
                         : Input : variable 'bjet_ChargedHadronEnergyFraction' <---> Output : variable 'bjet_ChargedHadronEnergyFraction'
                         : Input : variable 'bjet_NeutralHadronEnergyFraction' <---> Output : variable 'bjet_NeutralHadronEnergyFraction'
                         : Input : variable 'bjet_NeutralEmEnergyFraction' <---> Output : variable 'bjet_NeutralEmEnergyFraction'
                         : Input : variable 'bjet_ChargedEmEnergyFraction' <---> Output : variable 'bjet_ChargedEmEnergyFraction'
                         : Input : variable 'bjet_MuonEnergyFraction' <---> Output : variable 'bjet_MuonEnergyFraction'
                         : Input : variable 'bjet_ChargedMultiplicity' <---> Output : variable 'bjet_ChargedMultiplicity'
                         : Input : variable 'bjet_NeutralMultiplicity' <---> Output : variable 'bjet_NeutralMultiplicity'
                         : Input : variable 'fabs(bjet_charge)' <---> Output : variable 'fabs(bjet_charge)'
                         : Setting up tf.keras
                         : Using TensorFlow version 2
                         : Use Keras version from TensorFlow : tf.keras
                         :  Loading Keras Model 
                         : Loaded model from file: model.h5
Factory                  : [1mTrain all methods[0m
                         : Rebuilding Dataset muon2018__20__256__500__0.2
                         : Building event vectors for type 1 Signal
                         : Dataset[muon2018__20__256__500__0.2] :  create input formulas for tree sig
                         : Dataset[muon2018__20__256__500__0.2] :  create input formulas for tree sig
                         : Dataset[muon2018__20__256__500__0.2] :  create input formulas for tree sig
                         : Building event vectors for type 0 Signal
                         : Dataset[muon2018__20__256__500__0.2] :  create input formulas for tree sig
                         : Dataset[muon2018__20__256__500__0.2] :  create input formulas for tree sig
                         : Building event vectors for type 1 Background
                         : Dataset[muon2018__20__256__500__0.2] :  create input formulas for tree bkg
                         : Dataset[muon2018__20__256__500__0.2] :  create input formulas for tree bkg
                         : Dataset[muon2018__20__256__500__0.2] :  create input formulas for tree bkg
                         : Building event vectors for type 0 Background
                         : Dataset[muon2018__20__256__500__0.2] :  create input formulas for tree bkg
                         : Dataset[muon2018__20__256__500__0.2] :  create input formulas for tree bkg
DataSetFactory           : [muon2018__20__256__500__0.2] : Number of events in input trees
                         : Dataset[muon2018__20__256__500__0.2] :     Signal     requirement: "(bmuon_charge*bjet_partonFlavour < 0)&&Has_bMuon"
                         : Dataset[muon2018__20__256__500__0.2] :     Signal          -- number of events passed: 129997  / sum of weights: 82023.9
                         : Dataset[muon2018__20__256__500__0.2] :     Signal          -- efficiency             : 0.0456382
                         : Dataset[muon2018__20__256__500__0.2] :     Background requirement: "(bmuon_charge*bjet_partonFlavour > 0)&&Has_bMuon"
                         : Dataset[muon2018__20__256__500__0.2] :     Background      -- number of events passed: 67478  / sum of weights: 43210.3
                         : Dataset[muon2018__20__256__500__0.2] :     Background      -- efficiency             : 0.035554
                         : Dataset[muon2018__20__256__500__0.2] :  you have opted for interpreting the requested number of training/testing events
                         :  to be the number of events AFTER your preselection cuts
                         : 
                         : Dataset[muon2018__20__256__500__0.2] :  you have opted for interpreting the requested number of training/testing events
                         :  to be the number of events AFTER your preselection cuts
                         : 
                         : Dataset[muon2018__20__256__500__0.2] : Weight renormalisation mode: "EqualNumEvents": renormalises all event classes ...
                         : Dataset[muon2018__20__256__500__0.2] :  such that the effective (weighted) number of events in each class is the same 
                         : Dataset[muon2018__20__256__500__0.2] :  (and equals the number of events (entries) given for class=0 )
                         : Dataset[muon2018__20__256__500__0.2] : ... i.e. such that Sum[i=1..N_j]{w_i} = N_classA, j=classA, classB, ...
                         : Dataset[muon2018__20__256__500__0.2] : ... (note that N_j is the sum of TRAINING events
                         : Dataset[muon2018__20__256__500__0.2] :  ..... Testing events are not renormalised nor included in the renormalisation factor!)
                         : Number of training and testing events
                         : ---------------------------------------------------------------------------
                         : Signal     -- training events            : 45466
                         : Signal     -- testing events             : 84531
                         : Signal     -- training and testing events: 129997
                         : Dataset[muon2018__20__256__500__0.2] : Signal     -- due to the preselection a scaling factor has been applied to the numbers of requested events: 0.0550915
                         : Background -- training events            : 23515
                         : Background -- testing events             : 43963
                         : Background -- training and testing events: 67478
                         : Dataset[muon2018__20__256__500__0.2] : Background -- due to the preselection a scaling factor has been applied to the numbers of requested events: 0.0426545
                         : 
DataSetInfo              : Correlation matrix (Signal):
                         : ----------------------------------------------------------------------------------------------------------------------------------------------------------------------------------------------------------------------------------------------------------------------------------------------------------------------------------------------
                         :                                   bmuon_nsip3d bmuon_reliso bmuon_ptwrtbjet bmuon_P_jetrest bjet_charge_T_bmuon_charge bjet_ChargedHadronEnergyFraction bjet_NeutralHadronEnergyFraction bjet_NeutralEmEnergyFraction bjet_ChargedEmEnergyFraction bjet_MuonEnergyFraction bjet_ChargedMultiplicity bjet_NeutralMultiplicity fabs_bjet_charge_
                         :                     bmuon_nsip3d:       +1.000       -0.012          +0.009          -0.001                     -0.015                           -0.014                           +0.022                       +0.032                       +0.002                  -0.021                   -0.015                   +0.021            -0.014
                         :                     bmuon_reliso:       -0.012       +1.000          -0.083          -0.139                     -0.339                           +0.332                           +0.123                       +0.286                       -0.073                  -0.565                   +0.248                   +0.291            -0.262
                         :                  bmuon_ptwrtbjet:       +0.009       -0.083          +1.000          +0.964                     +0.040                           -0.018                           +0.000                       -0.015                       +0.038                  +0.009                   +0.020                   +0.018            +0.042
                         :                  bmuon_P_jetrest:       -0.001       -0.139          +0.964          +1.000                     +0.113                           -0.077                           -0.028                       -0.047                       +0.015                  +0.119                   +0.025                   +0.016            +0.115
                         :       bjet_charge_T_bmuon_charge:       -0.015       -0.339          +0.040          +0.113                     +1.000                           -0.363                           -0.060                       -0.093                       -0.098                  +0.517                   -0.216                   -0.113            +0.786
                         : bjet_ChargedHadronEnergyFraction:       -0.014       +0.332          -0.018          -0.077                     -0.363                           +1.000                           -0.239                       -0.246                       -0.256                  -0.592                   +0.416                   -0.091            -0.375
                         : bjet_NeutralHadronEnergyFraction:       +0.022       +0.123          +0.000          -0.028                     -0.060                           -0.239                           +1.000                       -0.095                       -0.019                  -0.197                   -0.108                   +0.119            -0.056
                         :     bjet_NeutralEmEnergyFraction:       +0.032       +0.286          -0.015          -0.047                     -0.093                           -0.246                           -0.095                       +1.000                       -0.159                  -0.317                   -0.062                   +0.483            -0.105
                         :     bjet_ChargedEmEnergyFraction:       +0.002       -0.073          +0.038          +0.015                     -0.098                           -0.256                           -0.019                       -0.159                       +1.000                  -0.138                   -0.036                   -0.068            -0.006
                         :          bjet_MuonEnergyFraction:       -0.021       -0.565          +0.009          +0.119                     +0.517                           -0.592                           -0.197                       -0.317                       -0.138                  +1.000                   -0.307                   -0.271            +0.488
                         :         bjet_ChargedMultiplicity:       -0.015       +0.248          +0.020          +0.025                     -0.216                           +0.416                           -0.108                       -0.062                       -0.036                  -0.307                   +1.000                   +0.104            -0.265
                         :         bjet_NeutralMultiplicity:       +0.021       +0.291          +0.018          +0.016                     -0.113                           -0.091                           +0.119                       +0.483                       -0.068                  -0.271                   +0.104                   +1.000            -0.115
                         :                fabs_bjet_charge_:       -0.014       -0.262          +0.042          +0.115                     +0.786                           -0.375                           -0.056                       -0.105                       -0.006                  +0.488                   -0.265                   -0.115            +1.000
                         : ----------------------------------------------------------------------------------------------------------------------------------------------------------------------------------------------------------------------------------------------------------------------------------------------------------------------------------------------
DataSetInfo              : Correlation matrix (Background):
                         : ----------------------------------------------------------------------------------------------------------------------------------------------------------------------------------------------------------------------------------------------------------------------------------------------------------------------------------------------
                         :                                   bmuon_nsip3d bmuon_reliso bmuon_ptwrtbjet bmuon_P_jetrest bjet_charge_T_bmuon_charge bjet_ChargedHadronEnergyFraction bjet_NeutralHadronEnergyFraction bjet_NeutralEmEnergyFraction bjet_ChargedEmEnergyFraction bjet_MuonEnergyFraction bjet_ChargedMultiplicity bjet_NeutralMultiplicity fabs_bjet_charge_
                         :                     bmuon_nsip3d:       +1.000       -0.039          +0.025          +0.021                     +0.029                           -0.030                           +0.017                       +0.034                       -0.006                  +0.002                   -0.008                   +0.031            +0.006
                         :                     bmuon_reliso:       -0.039       +1.000          -0.070          -0.106                     -0.315                           +0.245                           +0.067                       +0.236                       -0.142                  -0.484                   +0.276                   +0.291            -0.064
                         :                  bmuon_ptwrtbjet:       +0.025       -0.070          +1.000          +0.984                     +0.040                           -0.021                           +0.025                       -0.007                       +0.015                  +0.004                   -0.012                   -0.002            +0.053
                         :                  bmuon_P_jetrest:       +0.021       -0.106          +0.984          +1.000                     +0.080                           -0.043                           +0.016                       -0.017                       +0.004                  +0.059                   -0.008                   +0.002            +0.078
                         :       bjet_charge_T_bmuon_charge:       +0.029       -0.315          +0.040          +0.080                     +1.000                           -0.286                           +0.031                       +0.012                       -0.124                  +0.446                   -0.082                   -0.041            +0.267
                         : bjet_ChargedHadronEnergyFraction:       -0.030       +0.245          -0.021          -0.043                     -0.286                           +1.000                           -0.331                       -0.350                       -0.361                  -0.493                   +0.415                   -0.151            -0.218
                         : bjet_NeutralHadronEnergyFraction:       +0.017       +0.067          +0.025          +0.016                     +0.031                           -0.331                           +1.000                       -0.124                       -0.030                  -0.130                   -0.155                   +0.116            -0.005
                         :     bjet_NeutralEmEnergyFraction:       +0.034       +0.236          -0.007          -0.017                     +0.012                           -0.350                           -0.124                       +1.000                       -0.221                  -0.202                   -0.081                   +0.467            -0.050
                         :     bjet_ChargedEmEnergyFraction:       -0.006       -0.142          +0.015          +0.004                     -0.124                           -0.361                           -0.030                       -0.221                       +1.000                  -0.075                   -0.092                   -0.123            +0.091
                         :          bjet_MuonEnergyFraction:       +0.002       -0.484          +0.004          +0.059                     +0.446                           -0.493                           -0.130                       -0.202                       -0.075                  +1.000                   -0.297                   -0.220            +0.271
                         :         bjet_ChargedMultiplicity:       -0.008       +0.276          -0.012          -0.008                     -0.082                           +0.415                           -0.155                       -0.081                       -0.092                  -0.297                   +1.000                   +0.096            -0.208
                         :         bjet_NeutralMultiplicity:       +0.031       +0.291          -0.002          +0.002                     -0.041                           -0.151                           +0.116                       +0.467                       -0.123                  -0.220                   +0.096                   +1.000            -0.058
                         :                fabs_bjet_charge_:       +0.006       -0.064          +0.053          +0.078                     +0.267                           -0.218                           -0.005                       -0.050                       +0.091                  +0.271                   -0.208                   -0.058            +1.000
                         : ----------------------------------------------------------------------------------------------------------------------------------------------------------------------------------------------------------------------------------------------------------------------------------------------------------------------------------------------
DataSetFactory           : [muon2018__20__256__500__0.2] :  
                         : 
Factory                  : [muon2018__20__256__500__0.2] : Create Transformation "I" with events from all classes.
                         : 
                         : Transformation, Variable selection : 
                         : Input : variable 'bmuon_nsip3d' <---> Output : variable 'bmuon_nsip3d'
                         : Input : variable 'bmuon_reliso' <---> Output : variable 'bmuon_reliso'
                         : Input : variable 'bmuon_ptwrtbjet' <---> Output : variable 'bmuon_ptwrtbjet'
                         : Input : variable 'bmuon_P_jetrest' <---> Output : variable 'bmuon_P_jetrest'
                         : Input : variable 'bjet_charge*bmuon_charge' <---> Output : variable 'bjet_charge*bmuon_charge'
                         : Input : variable 'bjet_ChargedHadronEnergyFraction' <---> Output : variable 'bjet_ChargedHadronEnergyFraction'
                         : Input : variable 'bjet_NeutralHadronEnergyFraction' <---> Output : variable 'bjet_NeutralHadronEnergyFraction'
                         : Input : variable 'bjet_NeutralEmEnergyFraction' <---> Output : variable 'bjet_NeutralEmEnergyFraction'
                         : Input : variable 'bjet_ChargedEmEnergyFraction' <---> Output : variable 'bjet_ChargedEmEnergyFraction'
                         : Input : variable 'bjet_MuonEnergyFraction' <---> Output : variable 'bjet_MuonEnergyFraction'
                         : Input : variable 'bjet_ChargedMultiplicity' <---> Output : variable 'bjet_ChargedMultiplicity'
                         : Input : variable 'bjet_NeutralMultiplicity' <---> Output : variable 'bjet_NeutralMultiplicity'
                         : Input : variable 'fabs(bjet_charge)' <---> Output : variable 'fabs(bjet_charge)'
TFHandler_Factory        :                         Variable                                Mean                                RMS                        [        Min                                Max ]
                         : -----------------------------------------------------------------------------------------------------------------------------------------------------------------------------------
                         :                     bmuon_nsip3d:                            28.064                            141.65   [                        5.6439e-05                            7811.5 ]
                         :                     bmuon_reliso:                            3.3619                            3.7018   [                            0.0000                            82.639 ]
                         :                  bmuon_ptwrtbjet:                            1.0193                            2.5431   [                         0.0026814                            489.77 ]
                         :                  bmuon_P_jetrest:                            1.4341                            2.9170   [                           0.18943                            629.63 ]
                         :         bjet_charge*bmuon_charge:                           0.17236                           0.32051   [                          -0.99917                            1.0000 ]
                         : bjet_ChargedHadronEnergyFraction:                           0.46536                           0.19654   [                            0.0000                            1.0000 ]
                         : bjet_NeutralHadronEnergyFraction:                          0.085683                           0.10143   [                            0.0000                           0.87903 ]
                         :     bjet_NeutralEmEnergyFraction:                           0.19430                           0.13515   [                            0.0000                           0.90407 ]
                         :     bjet_ChargedEmEnergyFraction:                          0.034937                           0.10758   [                            0.0000                           0.96422 ]
                         :          bjet_MuonEnergyFraction:                           0.21972                           0.17535   [                            0.0000                           0.93670 ]
                         :         bjet_ChargedMultiplicity:                            10.961                            4.0333   [                            1.0000                            39.000 ]
                         :         bjet_NeutralMultiplicity:                            9.3033                            4.8168   [                            0.0000                            45.000 ]
                         :                fabs(bjet_charge):                           0.29813                           0.20869   [                        6.3158e-06                            1.0000 ]
                         : -----------------------------------------------------------------------------------------------------------------------------------------------------------------------------------
                         : Ranking input variables (method unspecific)...
IdTransformation         : Ranking result (top variable is best ranked)
                         : ---------------------------------------------------------
                         : Rank : Variable                         : Separation
                         : ---------------------------------------------------------
                         :    1 : bjet_charge*bmuon_charge         : 1.431e-01
                         :    2 : bmuon_P_jetrest                  : 9.209e-02
                         :    3 : bjet_MuonEnergyFraction          : 8.312e-02
                         :    4 : bmuon_ptwrtbjet                  : 6.159e-02
                         :    5 : fabs(bjet_charge)                : 5.910e-02
                         :    6 : bmuon_reliso                     : 5.503e-02
                         :    7 : bjet_ChargedHadronEnergyFraction : 1.993e-02
                         :    8 : bjet_ChargedMultiplicity         : 7.140e-03
                         :    9 : bjet_NeutralEmEnergyFraction     : 7.013e-03
                         :   10 : bjet_NeutralMultiplicity         : 5.582e-03
                         :   11 : bjet_ChargedEmEnergyFraction     : 3.672e-03
                         :   12 : bmuon_nsip3d                     : 2.950e-03
                         :   13 : bjet_NeutralHadronEnergyFraction : 2.853e-03
                         : ---------------------------------------------------------
Factory                  : Train method: DNN for Classification
                         : 
                         : 
                         : [1m================================================================[0m
                         : [1mH e l p   f o r   M V A   m e t h o d   [ DNN ] :[0m
                         : 
                         : Keras is a high-level API for the Theano and Tensorflow packages.
                         : This method wraps the training and predictions steps of the Keras
                         : Python package for TMVA, so that dataloading, preprocessing and
                         : evaluation can be done within the TMVA system. To use this Keras
                         : interface, you have to generate a model with Keras first. Then,
                         : this model can be loaded and trained in TMVA.
                         : 
                         : 
                         : <Suppress this message by specifying "!H" in the booking option>
                         : [1m================================================================[0m
                         : 
                         : Preparing the Gaussian transformation...
TFHandler_DNN            :                         Variable                                Mean                                RMS                        [        Min                                Max ]
                         : -----------------------------------------------------------------------------------------------------------------------------------------------------------------------------------
                         :                     bmuon_nsip3d:                         -0.019544                            1.0793   [                           -5.7307                            5.7307 ]
                         :                     bmuon_reliso:                         -0.019641                            1.0229   [                           -3.0941                            5.7307 ]
                         :                  bmuon_ptwrtbjet:                         0.0030589                           0.99890   [                           -5.7307                            5.7307 ]
                         :                  bmuon_P_jetrest:                         0.0050924                           0.99314   [                           -3.4748                            5.7307 ]
                         :         bjet_charge*bmuon_charge:                         0.0037031                           0.99720   [                           -3.3516                            5.7307 ]
                         : bjet_ChargedHadronEnergyFraction:                         0.0026354                           0.99927   [                           -3.2995                            5.7307 ]
                         : bjet_NeutralHadronEnergyFraction:                          -0.71043                            1.5865   [                           -3.1648                            5.7307 ]
                         :     bjet_NeutralEmEnergyFraction:                         -0.025006                            1.0374   [                           -3.2706                            5.7307 ]
                         :     bjet_ChargedEmEnergyFraction:                           -2.2819                            1.0273   [                           -2.6783                            5.7307 ]
                         :          bjet_MuonEnergyFraction:                          -0.53064                            1.5043   [                           -3.2161                            5.7307 ]
                         :         bjet_ChargedMultiplicity:                        -0.0016056                           0.99709   [                           -5.6919                            5.7307 ]
                         :         bjet_NeutralMultiplicity:                        -0.0065024                            1.0204   [                           -4.9777                            5.7307 ]
                         :                fabs(bjet_charge):                         0.0027683                           0.99692   [                           -3.2465                            5.7307 ]
                         : -----------------------------------------------------------------------------------------------------------------------------------------------------------------------------------
TFHandler_DNN            :                         Variable                                Mean                                RMS                        [        Min                                Max ]
                         : -----------------------------------------------------------------------------------------------------------------------------------------------------------------------------------
                         :                     bmuon_nsip3d:                         -0.019544                            1.0793   [                           -5.7307                            5.7307 ]
                         :                     bmuon_reliso:                         -0.019641                            1.0229   [                           -3.0941                            5.7307 ]
                         :                  bmuon_ptwrtbjet:                         0.0030589                           0.99890   [                           -5.7307                            5.7307 ]
                         :                  bmuon_P_jetrest:                         0.0050924                           0.99314   [                           -3.4748                            5.7307 ]
                         :         bjet_charge*bmuon_charge:                         0.0037031                           0.99720   [                           -3.3516                            5.7307 ]
                         : bjet_ChargedHadronEnergyFraction:                         0.0026354                           0.99927   [                           -3.2995                            5.7307 ]
                         : bjet_NeutralHadronEnergyFraction:                          -0.71043                            1.5865   [                           -3.1648                            5.7307 ]
                         :     bjet_NeutralEmEnergyFraction:                         -0.025006                            1.0374   [                           -3.2706                            5.7307 ]
                         :     bjet_ChargedEmEnergyFraction:                           -2.2819                            1.0273   [                           -2.6783                            5.7307 ]
                         :          bjet_MuonEnergyFraction:                          -0.53064                            1.5043   [                           -3.2161                            5.7307 ]
                         :         bjet_ChargedMultiplicity:                        -0.0016056                           0.99709   [                           -5.6919                            5.7307 ]
                         :         bjet_NeutralMultiplicity:                        -0.0065024                            1.0204   [                           -4.9777                            5.7307 ]
                         :                fabs(bjet_charge):                         0.0027683                           0.99692   [                           -3.2465                            5.7307 ]
                         : -----------------------------------------------------------------------------------------------------------------------------------------------------------------------------------
                         : Split TMVA training data in 55185 training events and 13796 validation events
                         : Training Model Summary
---sig_test---
<self.testtree_sig> OutTree/sig
/data9/Users/jhchoi/TMVA/el9/TMVA_TOOL/inputs/EEMu_MuMuE_Method/v2503.1/2018/EEMu_MuMuE_Method_DYJetsToEE_MiNNLO.root
/data9/Users/jhchoi/TMVA/el9/TMVA_TOOL/inputs/EEMu_MuMuE_Method/v2503.1/2018/EEMu_MuMuE_Method_DYJetsToMuMu_MiNNLO.root
--bkg_test---
<self.testtree_bkg> OutTree/bkg
/data9/Users/jhchoi/TMVA/el9/TMVA_TOOL/inputs/EEMu_MuMuE_Method/v2503.1/2018/EEMu_MuMuE_Method_DYJetsToEE_MiNNLO.root
/data9/Users/jhchoi/TMVA/el9/TMVA_TOOL/inputs/EEMu_MuMuE_Method/v2503.1/2018/EEMu_MuMuE_Method_DYJetsToMuMu_MiNNLO.root
---sig_train---
<self.traintree_sig> OutTree/sig
/data9/Users/jhchoi/TMVA/el9/TMVA_TOOL/inputs/EEMu_MuMuE_Method/v2503.1/2018/EEMu_MuMuE_Method_DYJets.root
---bkg_train---
<self.traintree_bkg> OutTree/bkg
/data9/Users/jhchoi/TMVA/el9/TMVA_TOOL/inputs/EEMu_MuMuE_Method/v2503.1/2018/EEMu_MuMuE_Method_DYJets.root
>>>>self.dataloader.PrepareTrainingAndTestTree
Set sig cut -> (bmuon_charge*bjet_partonFlavour < 0)&&Has_bMuon
Set bkg cut -> (bmuon_charge*bjet_partonFlavour > 0)&&Has_bMuon
Model: "sequential"
_________________________________________________________________
 Layer (type)                Output Shape              Param #   
=================================================================
 dense (Dense)               (None, 256)               3584      
                                                                 
 batch_normalization (BatchN  (None, 256)              1024      
 ormalization)                                                   
                                                                 
 activation (Activation)     (None, 256)               0         
                                                                 
 dropout (Dropout)           (None, 256)               0         
                                                                 
 dense_1 (Dense)             (None, 256)               65792     
                                                                 
 batch_normalization_1 (Batc  (None, 256)              1024      
 hNormalization)                                                 
                                                                 
 activation_1 (Activation)   (None, 256)               0         
                                                                 
 dropout_1 (Dropout)         (None, 256)               0         
                                                                 
 dense_2 (Dense)             (None, 256)               65792     
                                                                 
 batch_normalization_2 (Batc  (None, 256)              1024      
 hNormalization)                                                 
                                                                 
 activation_2 (Activation)   (None, 256)               0         
                                                                 
 dropout_2 (Dropout)         (None, 256)               0         
                                                                 
 dense_3 (Dense)             (None, 256)               65792     
                                                                 
 batch_normalization_3 (Batc  (None, 256)              1024      
 hNormalization)                                                 
                                                                 
 activation_3 (Activation)   (None, 256)               0         
                                                                 
 dropout_3 (Dropout)         (None, 256)               0         
                                                                 
 dense_4 (Dense)             (None, 256)               65792     
                                                                 
 batch_normalization_4 (Batc  (None, 256)              1024      
 hNormalization)                                                 
                                                                 
 activation_4 (Activation)   (None, 256)               0         
                                                                 
 dropout_4 (Dropout)         (None, 256)               0         
                                                                 
 dense_5 (Dense)             (None, 256)               65792     
                                                                 
 batch_normalization_5 (Batc  (None, 256)              1024      
 hNormalization)                                                 
                                                                 
 activation_5 (Activation)   (None, 256)               0         
                                                                 
 dropout_5 (Dropout)         (None, 256)               0         
                                                                 
 dense_6 (Dense)             (None, 256)               65792     
                                                                 
 batch_normalization_6 (Batc  (None, 256)              1024      
 hNormalization)                                                 
                                                                 
 activation_6 (Activation)   (None, 256)               0         
                                                                 
 dropout_6 (Dropout)         (None, 256)               0         
                                                                 
 dense_7 (Dense)             (None, 256)               65792     
                                                                 
 batch_normalization_7 (Batc  (None, 256)              1024      
 hNormalization)                                                 
                                                                 
 activation_7 (Activation)   (None, 256)               0         
                                                                 
 dropout_7 (Dropout)         (None, 256)               0         
                                                                 
 dense_8 (Dense)             (None, 256)               65792     
                                                                 
 batch_normalization_8 (Batc  (None, 256)              1024      
 hNormalization)                                                 
                                                                 
 activation_8 (Activation)   (None, 256)               0         
                                                                 
 dropout_8 (Dropout)         (None, 256)               0         
                                                                 
 dense_9 (Dense)             (None, 256)               65792     
                                                                 
 batch_normalization_9 (Batc  (None, 256)              1024      
 hNormalization)                                                 
                                                                 
 activation_9 (Activation)   (None, 256)               0         
                                                                 
 dropout_9 (Dropout)         (None, 256)               0         
                                                                 
 dense_10 (Dense)            (None, 256)               65792     
                                                                 
 batch_normalization_10 (Bat  (None, 256)              1024      
 chNormalization)                                                
                                                                 
 activation_10 (Activation)  (None, 256)               0         
                                                                 
 dropout_10 (Dropout)        (None, 256)               0         
                                                                 
 dense_11 (Dense)            (None, 256)               65792     
                                                                 
 batch_normalization_11 (Bat  (None, 256)              1024      
 chNormalization)                                                
                                                                 
 activation_11 (Activation)  (None, 256)               0         
                                                                 
 dropout_11 (Dropout)        (None, 256)               0         
                                                                 
 dense_12 (Dense)            (None, 256)               65792     
                                                                 
 batch_normalization_12 (Bat  (None, 256)              1024      
 chNormalization)                                                
                                                                 
 activation_12 (Activation)  (None, 256)               0         
                                                                 
 dropout_12 (Dropout)        (None, 256)               0         
                                                                 
 dense_13 (Dense)            (None, 256)               65792     
                                                                 
 batch_normalization_13 (Bat  (None, 256)              1024      
 chNormalization)                                                
                                                                 
 activation_13 (Activation)  (None, 256)               0         
                                                                 
 dropout_13 (Dropout)        (None, 256)               0         
                                                                 
 dense_14 (Dense)            (None, 256)               65792     
                                                                 
 batch_normalization_14 (Bat  (None, 256)              1024      
 chNormalization)                                                
                                                                 
 activation_14 (Activation)  (None, 256)               0         
                                                                 
 dropout_14 (Dropout)        (None, 256)               0         
                                                                 
 dense_15 (Dense)            (None, 256)               65792     
                                                                 
 batch_normalization_15 (Bat  (None, 256)              1024      
 chNormalization)                                                
                                                                 
 activation_15 (Activation)  (None, 256)               0         
                                                                 
 dropout_15 (Dropout)        (None, 256)               0         
                                                                 
 dense_16 (Dense)            (None, 256)               65792     
                                                                 
 batch_normalization_16 (Bat  (None, 256)              1024      
 chNormalization)                                                
                                                                 
 activation_16 (Activation)  (None, 256)               0         
                                                                 
 dropout_16 (Dropout)        (None, 256)               0         
                                                                 
 dense_17 (Dense)            (None, 256)               65792     
                                                                 
 batch_normalization_17 (Bat  (None, 256)              1024      
 chNormalization)                                                
                                                                 
 activation_17 (Activation)  (None, 256)               0         
                                                                 
 dropout_17 (Dropout)        (None, 256)               0         
                                                                 
 dense_18 (Dense)            (None, 256)               65792     
                                                                 
 batch_normalization_18 (Bat  (None, 256)              1024      
 chNormalization)                                                
                                                                 
 activation_18 (Activation)  (None, 256)               0         
                                                                 
 dropout_18 (Dropout)        (None, 256)               0         
                                                                 
 dense_19 (Dense)            (None, 256)               65792     
                                                                 
 batch_normalization_19 (Bat  (None, 256)              1024      
 chNormalization)                                                
                                                                 
 activation_19 (Activation)  (None, 256)               0         
                                                                 
 dropout_19 (Dropout)        (None, 256)               0         
                                                                 
 dense_20 (Dense)            (None, 2)                 514       
                                                                 
 activation_20 (Activation)  (None, 2)                 0         
                                                                 
=================================================================
Total params: 1,274,626
Trainable params: 1,264,386
Non-trainable params: 10,240
_________________________________________________________________
                         : Option TriesEarlyStopping: Training will stop after 30 number of epochs with no improvement of validation loss
Epoch 1/300
111/111 - 81s - loss: 2.5333 - accuracy: 0.6500 - val_loss: 2.9766 - val_accuracy: 0.6666 - 81s/epoch - 728ms/step
Epoch 2/300
111/111 - 35s - loss: 2.4590 - accuracy: 0.6662 - val_loss: 2.4660 - val_accuracy: 0.6859 - 35s/epoch - 311ms/step
Epoch 3/300
111/111 - 33s - loss: 2.4092 - accuracy: 0.6697 - val_loss: 2.3661 - val_accuracy: 0.6726 - 33s/epoch - 302ms/step
Epoch 4/300
111/111 - 35s - loss: 2.3538 - accuracy: 0.6703 - val_loss: 2.3985 - val_accuracy: 0.6203 - 35s/epoch - 314ms/step
Epoch 5/300
111/111 - 34s - loss: 2.2974 - accuracy: 0.6747 - val_loss: 2.2612 - val_accuracy: 0.6941 - 34s/epoch - 307ms/step
Epoch 6/300
111/111 - 33s - loss: 2.2347 - accuracy: 0.6734 - val_loss: 2.2052 - val_accuracy: 0.6614 - 33s/epoch - 293ms/step
Epoch 7/300
111/111 - 35s - loss: 2.1705 - accuracy: 0.6774 - val_loss: 2.1196 - val_accuracy: 0.6737 - 35s/epoch - 317ms/step
Epoch 8/300
111/111 - 34s - loss: 2.1077 - accuracy: 0.6788 - val_loss: 2.0863 - val_accuracy: 0.6546 - 34s/epoch - 306ms/step
Epoch 9/300
111/111 - 35s - loss: 2.0455 - accuracy: 0.6781 - val_loss: 2.0694 - val_accuracy: 0.6863 - 35s/epoch - 312ms/step
Epoch 10/300
111/111 - 33s - loss: 1.9882 - accuracy: 0.6822 - val_loss: 1.9708 - val_accuracy: 0.7081 - 33s/epoch - 300ms/step
Epoch 11/300
111/111 - 35s - loss: 1.9307 - accuracy: 0.6784 - val_loss: 1.9818 - val_accuracy: 0.5970 - 35s/epoch - 313ms/step
Epoch 12/300
111/111 - 34s - loss: 1.8781 - accuracy: 0.6759 - val_loss: 1.8322 - val_accuracy: 0.6819 - 34s/epoch - 305ms/step
Epoch 13/300
111/111 - 35s - loss: 1.8278 - accuracy: 0.6850 - val_loss: 1.9295 - val_accuracy: 0.7065 - 35s/epoch - 318ms/step
Epoch 14/300
111/111 - 32s - loss: 1.7826 - accuracy: 0.6807 - val_loss: 1.7522 - val_accuracy: 0.7059 - 32s/epoch - 289ms/step
Epoch 15/300
111/111 - 35s - loss: 1.7589 - accuracy: 0.6743 - val_loss: 1.8548 - val_accuracy: 0.7081 - 35s/epoch - 317ms/step
Epoch 16/300
111/111 - 33s - loss: 1.7170 - accuracy: 0.6803 - val_loss: 1.7784 - val_accuracy: 0.7193 - 33s/epoch - 299ms/step
Epoch 17/300
111/111 - 33s - loss: 1.6898 - accuracy: 0.6769 - val_loss: 2.0556 - val_accuracy: 0.6741 - 33s/epoch - 296ms/step
Epoch 18/300
111/111 - 35s - loss: 1.6679 - accuracy: 0.6763 - val_loss: 2.3426 - val_accuracy: 0.6757 - 35s/epoch - 316ms/step
Epoch 19/300
111/111 - 35s - loss: 1.6524 - accuracy: 0.6824 - val_loss: 1.7036 - val_accuracy: 0.7156 - 35s/epoch - 317ms/step
Epoch 20/300
111/111 - 34s - loss: 1.6228 - accuracy: 0.6872 - val_loss: 2.0853 - val_accuracy: 0.3587 - 34s/epoch - 307ms/step
Epoch 21/300
111/111 - 32s - loss: 1.6441 - accuracy: 0.6703 - val_loss: 2.3420 - val_accuracy: 0.6901 - 32s/epoch - 287ms/step
Epoch 22/300
111/111 - 33s - loss: 1.6098 - accuracy: 0.6867 - val_loss: 1.6000 - val_accuracy: 0.6855 - 33s/epoch - 297ms/step
Epoch 23/300
111/111 - 33s - loss: 1.6112 - accuracy: 0.6793 - val_loss: 2.5194 - val_accuracy: 0.6861 - 33s/epoch - 298ms/step
Epoch 24/300
111/111 - 34s - loss: 1.5933 - accuracy: 0.6866 - val_loss: 1.7071 - val_accuracy: 0.6975 - 34s/epoch - 304ms/step
Epoch 25/300
111/111 - 32s - loss: 1.6158 - accuracy: 0.6754 - val_loss: 1.5994 - val_accuracy: 0.7140 - 32s/epoch - 287ms/step
Epoch 26/300
111/111 - 33s - loss: 1.5939 - accuracy: 0.6847 - val_loss: 1.6514 - val_accuracy: 0.7211 - 33s/epoch - 302ms/step
Epoch 27/300
111/111 - 33s - loss: 1.6110 - accuracy: 0.6810 - val_loss: 1.7362 - val_accuracy: 0.7082 - 33s/epoch - 294ms/step
Epoch 28/300
111/111 - 33s - loss: 1.5795 - accuracy: 0.6914 - val_loss: 1.6712 - val_accuracy: 0.7176 - 33s/epoch - 297ms/step
Epoch 29/300
111/111 - 30s - loss: 1.5854 - accuracy: 0.6833 - val_loss: 1.7500 - val_accuracy: 0.7028 - 30s/epoch - 270ms/step
Epoch 30/300
111/111 - 31s - loss: 1.5951 - accuracy: 0.6903 - val_loss: 1.6132 - val_accuracy: 0.6977 - 31s/epoch - 277ms/step
Epoch 31/300
111/111 - 30s - loss: 1.5713 - accuracy: 0.6909 - val_loss: 1.5839 - val_accuracy: 0.6924 - 30s/epoch - 270ms/step
Epoch 32/300
111/111 - 29s - loss: 1.5978 - accuracy: 0.6842 - val_loss: 1.7265 - val_accuracy: 0.6601 - 29s/epoch - 260ms/step
Epoch 33/300
111/111 - 27s - loss: 1.5839 - accuracy: 0.6889 - val_loss: 1.6016 - val_accuracy: 0.7086 - 27s/epoch - 242ms/step
Epoch 34/300
111/111 - 30s - loss: 1.5665 - accuracy: 0.6908 - val_loss: 1.5647 - val_accuracy: 0.6754 - 30s/epoch - 271ms/step
Epoch 35/300
111/111 - 28s - loss: 1.5750 - accuracy: 0.6906 - val_loss: 3.6005 - val_accuracy: 0.6803 - 28s/epoch - 254ms/step
Epoch 36/300
111/111 - 29s - loss: 1.6109 - accuracy: 0.6868 - val_loss: 1.7144 - val_accuracy: 0.6368 - 29s/epoch - 260ms/step
Epoch 37/300
111/111 - 28s - loss: 1.6076 - accuracy: 0.6924 - val_loss: 1.6796 - val_accuracy: 0.6690 - 28s/epoch - 252ms/step
Epoch 38/300
111/111 - 32s - loss: 1.5779 - accuracy: 0.6900 - val_loss: 1.7128 - val_accuracy: 0.6789 - 32s/epoch - 292ms/step
Epoch 39/300
111/111 - 30s - loss: 1.5675 - accuracy: 0.6910 - val_loss: 2.5904 - val_accuracy: 0.6960 - 30s/epoch - 271ms/step
Epoch 40/300
111/111 - 31s - loss: 1.5659 - accuracy: 0.6940 - val_loss: 1.6062 - val_accuracy: 0.6843 - 31s/epoch - 284ms/step
Epoch 41/300
111/111 - 32s - loss: 1.5522 - accuracy: 0.6926 - val_loss: 1.6989 - val_accuracy: 0.7011 - 32s/epoch - 289ms/step
Epoch 42/300
111/111 - 28s - loss: 1.6170 - accuracy: 0.6692 - val_loss: 2.1327 - val_accuracy: 0.7033 - 28s/epoch - 253ms/step
Epoch 43/300
111/111 - 29s - loss: 1.5857 - accuracy: 0.6790 - val_loss: 1.6352 - val_accuracy: 0.7110 - 29s/epoch - 264ms/step
Epoch 44/300
111/111 - 30s - loss: 1.5825 - accuracy: 0.6797 - val_loss: 1.7501 - val_accuracy: 0.6427 - 30s/epoch - 273ms/step
Epoch 45/300
111/111 - 29s - loss: 1.5913 - accuracy: 0.6842 - val_loss: 1.7339 - val_accuracy: 0.7030 - 29s/epoch - 265ms/step
Epoch 46/300
111/111 - 31s - loss: 1.5913 - accuracy: 0.6867 - val_loss: 1.7121 - val_accuracy: 0.4612 - 31s/epoch - 280ms/step
Epoch 47/300
111/111 - 29s - loss: 1.5544 - accuracy: 0.6900 - val_loss: 1.6346 - val_accuracy: 0.7221 - 29s/epoch - 263ms/step
Epoch 48/300
111/111 - 27s - loss: 1.5734 - accuracy: 0.6871 - val_loss: 1.6274 - val_accuracy: 0.7206 - 27s/epoch - 246ms/step
Epoch 49/300
111/111 - 30s - loss: 1.5893 - accuracy: 0.6706 - val_loss: 1.6936 - val_accuracy: 0.6573 - 30s/epoch - 271ms/step
Epoch 50/300
111/111 - 29s - loss: 1.5692 - accuracy: 0.6895 - val_loss: 1.5786 - val_accuracy: 0.7106 - 29s/epoch - 264ms/step
Epoch 51/300
111/111 - 31s - loss: 1.5443 - accuracy: 0.6882 - val_loss: 1.5870 - val_accuracy: 0.5994 - 31s/epoch - 276ms/step
Epoch 52/300
111/111 - 29s - loss: 1.5636 - accuracy: 0.6846 - val_loss: 1.5884 - val_accuracy: 0.6885 - 29s/epoch - 265ms/step
Epoch 53/300
111/111 - 29s - loss: 1.5396 - accuracy: 0.6904 - val_loss: 1.5605 - val_accuracy: 0.6955 - 29s/epoch - 259ms/step
Epoch 54/300
111/111 - 28s - loss: 1.6055 - accuracy: 0.6753 - val_loss: 1.6917 - val_accuracy: 0.6638 - 28s/epoch - 252ms/step
Epoch 55/300
111/111 - 28s - loss: 1.5702 - accuracy: 0.6848 - val_loss: 1.6720 - val_accuracy: 0.7104 - 28s/epoch - 248ms/step
Epoch 56/300
111/111 - 26s - loss: 1.5910 - accuracy: 0.6829 - val_loss: 1.5903 - val_accuracy: 0.7196 - 26s/epoch - 234ms/step
Epoch 57/300
111/111 - 30s - loss: 1.5502 - accuracy: 0.6962 - val_loss: 1.6338 - val_accuracy: 0.7208 - 30s/epoch - 266ms/step
Epoch 58/300
111/111 - 26s - loss: 1.5395 - accuracy: 0.6908 - val_loss: 1.5646 - val_accuracy: 0.6893 - 26s/epoch - 235ms/step
Epoch 59/300
111/111 - 32s - loss: 1.5535 - accuracy: 0.6854 - val_loss: 1.6627 - val_accuracy: 0.7114 - 32s/epoch - 285ms/step
Epoch 60/300
111/111 - 30s - loss: 1.5397 - accuracy: 0.6924 - val_loss: 1.5366 - val_accuracy: 0.6847 - 30s/epoch - 274ms/step
Epoch 61/300
111/111 - 32s - loss: 1.5542 - accuracy: 0.6810 - val_loss: 1.8479 - val_accuracy: 0.7023 - 32s/epoch - 285ms/step
Epoch 62/300
111/111 - 31s - loss: 1.6322 - accuracy: 0.6899 - val_loss: 1.5896 - val_accuracy: 0.6998 - 31s/epoch - 282ms/step
Epoch 63/300
111/111 - 29s - loss: 1.6114 - accuracy: 0.6800 - val_loss: 1.7791 - val_accuracy: 0.6513 - 29s/epoch - 264ms/step
Epoch 64/300
111/111 - 28s - loss: 1.5999 - accuracy: 0.6848 - val_loss: 1.6613 - val_accuracy: 0.7219 - 28s/epoch - 249ms/step
Epoch 65/300
111/111 - 31s - loss: 1.5583 - accuracy: 0.6931 - val_loss: 1.6283 - val_accuracy: 0.7063 - 31s/epoch - 282ms/step
Epoch 66/300
111/111 - 29s - loss: 1.5591 - accuracy: 0.6857 - val_loss: 1.5649 - val_accuracy: 0.7175 - 29s/epoch - 263ms/step
Epoch 67/300
111/111 - 29s - loss: 1.5467 - accuracy: 0.6944 - val_loss: 1.6148 - val_accuracy: 0.7178 - 29s/epoch - 259ms/step
Epoch 68/300
111/111 - 28s - loss: 1.5351 - accuracy: 0.6905 - val_loss: 1.5567 - val_accuracy: 0.6674 - 28s/epoch - 251ms/step
Epoch 69/300
111/111 - 28s - loss: 1.5307 - accuracy: 0.6952 - val_loss: 1.5392 - val_accuracy: 0.7197 - 28s/epoch - 252ms/step
Epoch 70/300
111/111 - 28s - loss: 1.5396 - accuracy: 0.6934 - val_loss: 4.1580 - val_accuracy: 0.7031 - 28s/epoch - 250ms/step
Epoch 71/300
111/111 - 27s - loss: 1.5759 - accuracy: 0.6961 - val_loss: 1.6521 - val_accuracy: 0.6099 - 27s/epoch - 239ms/step
Epoch 72/300
111/111 - 27s - loss: 1.5358 - accuracy: 0.6952 - val_loss: 1.6280 - val_accuracy: 0.7192 - 27s/epoch - 245ms/step
Epoch 73/300
111/111 - 30s - loss: 1.5286 - accuracy: 0.6915 - val_loss: 1.5386 - val_accuracy: 0.6819 - 30s/epoch - 269ms/step
Epoch 74/300
111/111 - 30s - loss: 1.5499 - accuracy: 0.6895 - val_loss: 1.7705 - val_accuracy: 0.7013 - 30s/epoch - 273ms/step
Epoch 75/300
111/111 - 26s - loss: 1.5454 - accuracy: 0.6933 - val_loss: 2.8356 - val_accuracy: 0.7052 - 26s/epoch - 236ms/step
Epoch 76/300
111/111 - 27s - loss: 1.5416 - accuracy: 0.6929 - val_loss: 1.6260 - val_accuracy: 0.6808 - 27s/epoch - 247ms/step
Epoch 77/300
111/111 - 28s - loss: 1.5288 - accuracy: 0.6909 - val_loss: 1.5746 - val_accuracy: 0.7214 - 28s/epoch - 249ms/step
Epoch 78/300
111/111 - 28s - loss: 1.5237 - accuracy: 0.6940 - val_loss: 1.5446 - val_accuracy: 0.7045 - 28s/epoch - 255ms/step
Epoch 79/300
111/111 - 27s - loss: 1.5601 - accuracy: 0.6856 - val_loss: 2.5872 - val_accuracy: 0.7161 - 27s/epoch - 242ms/step
Epoch 80/300
111/111 - 28s - loss: 1.5609 - accuracy: 0.6942 - val_loss: 1.7004 - val_accuracy: 0.6742 - 28s/epoch - 253ms/step
Epoch 81/300
111/111 - 26s - loss: 1.5311 - accuracy: 0.6954 - val_loss: 1.5822 - val_accuracy: 0.7164 - 26s/epoch - 235ms/step
Epoch 82/300
111/111 - 25s - loss: 1.5283 - accuracy: 0.6931 - val_loss: 1.5760 - val_accuracy: 0.7212 - 25s/epoch - 225ms/step
Epoch 83/300
111/111 - 26s - loss: 1.5403 - accuracy: 0.6900 - val_loss: 1.5865 - val_accuracy: 0.6909 - 26s/epoch - 231ms/step
Epoch 84/300
111/111 - 25s - loss: 1.5400 - accuracy: 0.6947 - val_loss: 1.6342 - val_accuracy: 0.7121 - 25s/epoch - 228ms/step
Epoch 85/300
111/111 - 26s - loss: 1.5239 - accuracy: 0.6944 - val_loss: 1.5379 - val_accuracy: 0.7188 - 26s/epoch - 236ms/step
Epoch 86/300
111/111 - 26s - loss: 1.5244 - accuracy: 0.6960 - val_loss: 1.5385 - val_accuracy: 0.6747 - 26s/epoch - 232ms/step
Epoch 87/300
111/111 - 26s - loss: 1.5289 - accuracy: 0.6935 - val_loss: 2.4774 - val_accuracy: 0.7097 - 26s/epoch - 238ms/step
Epoch 88/300
111/111 - 26s - loss: 1.5284 - accuracy: 0.6928 - val_loss: 1.5680 - val_accuracy: 0.5857 - 26s/epoch - 230ms/step
Epoch 89/300
111/111 - 26s - loss: 1.5206 - accuracy: 0.6938 - val_loss: 1.5264 - val_accuracy: 0.7107 - 26s/epoch - 234ms/step
Epoch 90/300
111/111 - 24s - loss: 1.5335 - accuracy: 0.6916 - val_loss: 3.0376 - val_accuracy: 0.6885 - 24s/epoch - 219ms/step
Epoch 91/300
111/111 - 25s - loss: 1.5392 - accuracy: 0.6951 - val_loss: 1.5639 - val_accuracy: 0.6268 - 25s/epoch - 228ms/step
Epoch 92/300
111/111 - 25s - loss: 1.5220 - accuracy: 0.6930 - val_loss: 1.5479 - val_accuracy: 0.6193 - 25s/epoch - 224ms/step
Epoch 93/300
111/111 - 26s - loss: 1.5238 - accuracy: 0.6930 - val_loss: 1.5323 - val_accuracy: 0.7067 - 26s/epoch - 236ms/step
Epoch 94/300
111/111 - 25s - loss: 1.5282 - accuracy: 0.6888 - val_loss: 1.5413 - val_accuracy: 0.6918 - 25s/epoch - 225ms/step
Epoch 95/300
111/111 - 26s - loss: 1.5274 - accuracy: 0.6928 - val_loss: 1.8726 - val_accuracy: 0.7164 - 26s/epoch - 238ms/step
Epoch 96/300
111/111 - 26s - loss: 1.5243 - accuracy: 0.6982 - val_loss: 1.5993 - val_accuracy: 0.7217 - 26s/epoch - 239ms/step
Epoch 97/300
111/111 - 26s - loss: 1.5199 - accuracy: 0.6965 - val_loss: 1.5493 - val_accuracy: 0.5942 - 26s/epoch - 237ms/step
Epoch 98/300
111/111 - 25s - loss: 1.5254 - accuracy: 0.6919 - val_loss: 1.6179 - val_accuracy: 0.7057 - 25s/epoch - 222ms/step
Epoch 99/300
111/111 - 24s - loss: 1.5258 - accuracy: 0.6934 - val_loss: 1.9033 - val_accuracy: 0.7109 - 24s/epoch - 220ms/step
Epoch 100/300
111/111 - 24s - loss: 1.5193 - accuracy: 0.6938 - val_loss: 1.6849 - val_accuracy: 0.7091 - 24s/epoch - 218ms/step
Epoch 101/300
111/111 - 25s - loss: 1.5223 - accuracy: 0.6957 - val_loss: 1.5412 - val_accuracy: 0.6142 - 25s/epoch - 227ms/step
Epoch 102/300
111/111 - 25s - loss: 1.5183 - accuracy: 0.6888 - val_loss: 1.5625 - val_accuracy: 0.6916 - 25s/epoch - 227ms/step
Epoch 103/300
111/111 - 24s - loss: 1.5217 - accuracy: 0.6965 - val_loss: 1.5601 - val_accuracy: 0.7069 - 24s/epoch - 215ms/step
Epoch 104/300
111/111 - 24s - loss: 1.5605 - accuracy: 0.6891 - val_loss: 1.5444 - val_accuracy: 0.7056 - 24s/epoch - 220ms/step
Epoch 105/300
111/111 - 25s - loss: 1.5254 - accuracy: 0.6946 - val_loss: 1.5313 - val_accuracy: 0.6772 - 25s/epoch - 222ms/step
Epoch 106/300
111/111 - 24s - loss: 1.5201 - accuracy: 0.6915 - val_loss: 1.5242 - val_accuracy: 0.6504 - 24s/epoch - 218ms/step
Epoch 107/300
111/111 - 25s - loss: 1.5248 - accuracy: 0.6885 - val_loss: 1.7004 - val_accuracy: 0.6962 - 25s/epoch - 222ms/step
Epoch 108/300
111/111 - 25s - loss: 1.5129 - accuracy: 0.6968 - val_loss: 1.5392 - val_accuracy: 0.7234 - 25s/epoch - 224ms/step
Epoch 109/300
111/111 - 24s - loss: 1.5130 - accuracy: 0.6937 - val_loss: 1.5101 - val_accuracy: 0.7035 - 24s/epoch - 220ms/step
Epoch 110/300
111/111 - 24s - loss: 1.5146 - accuracy: 0.6905 - val_loss: 1.5177 - val_accuracy: 0.7116 - 24s/epoch - 214ms/step
Epoch 111/300
111/111 - 24s - loss: 1.5170 - accuracy: 0.6993 - val_loss: 1.5259 - val_accuracy: 0.6840 - 24s/epoch - 212ms/step
Epoch 112/300
111/111 - 24s - loss: 1.5165 - accuracy: 0.6915 - val_loss: 1.5794 - val_accuracy: 0.7064 - 24s/epoch - 212ms/step
Epoch 113/300
111/111 - 24s - loss: 1.5171 - accuracy: 0.6956 - val_loss: 1.5619 - val_accuracy: 0.7135 - 24s/epoch - 214ms/step
Epoch 114/300
111/111 - 23s - loss: 1.5194 - accuracy: 0.6949 - val_loss: 1.6310 - val_accuracy: 0.7229 - 23s/epoch - 210ms/step
Epoch 115/300
111/111 - 23s - loss: 1.5168 - accuracy: 0.6907 - val_loss: 1.5975 - val_accuracy: 0.7167 - 23s/epoch - 208ms/step
Epoch 116/300
111/111 - 23s - loss: 1.5127 - accuracy: 0.6961 - val_loss: 1.5460 - val_accuracy: 0.6616 - 23s/epoch - 206ms/step
Epoch 117/300
111/111 - 23s - loss: 1.5148 - accuracy: 0.6897 - val_loss: 1.5528 - val_accuracy: 0.7205 - 23s/epoch - 208ms/step
Epoch 118/300
111/111 - 23s - loss: 1.5140 - accuracy: 0.6948 - val_loss: 1.5915 - val_accuracy: 0.5892 - 23s/epoch - 207ms/step
Epoch 119/300
111/111 - 23s - loss: 1.5275 - accuracy: 0.6871 - val_loss: 2.0053 - val_accuracy: 0.7057 - 23s/epoch - 203ms/step
Epoch 120/300
111/111 - 23s - loss: 1.5162 - accuracy: 0.6923 - val_loss: 1.5866 - val_accuracy: 0.6383 - 23s/epoch - 205ms/step
Epoch 121/300
111/111 - 22s - loss: 1.5117 - accuracy: 0.6958 - val_loss: 1.5305 - val_accuracy: 0.6444 - 22s/epoch - 202ms/step
Epoch 122/300
111/111 - 22s - loss: 1.5093 - accuracy: 0.6964 - val_loss: 1.5042 - val_accuracy: 0.6982 - 22s/epoch - 202ms/step
Epoch 123/300
111/111 - 23s - loss: 1.5074 - accuracy: 0.6931 - val_loss: 1.5204 - val_accuracy: 0.6869 - 23s/epoch - 206ms/step
Epoch 124/300
111/111 - 22s - loss: 1.5128 - accuracy: 0.6930 - val_loss: 1.4998 - val_accuracy: 0.6961 - 22s/epoch - 200ms/step
Epoch 125/300
111/111 - 22s - loss: 1.5163 - accuracy: 0.6930 - val_loss: 1.5275 - val_accuracy: 0.6985 - 22s/epoch - 201ms/step
Epoch 126/300
111/111 - 22s - loss: 1.5090 - accuracy: 0.6925 - val_loss: 1.5718 - val_accuracy: 0.6970 - 22s/epoch - 199ms/step
Epoch 127/300
111/111 - 22s - loss: 1.5120 - accuracy: 0.6921 - val_loss: 1.5139 - val_accuracy: 0.6971 - 22s/epoch - 201ms/step
Epoch 128/300
111/111 - 22s - loss: 1.5128 - accuracy: 0.6912 - val_loss: 1.5355 - val_accuracy: 0.7068 - 22s/epoch - 202ms/step
Epoch 129/300
111/111 - 22s - loss: 1.5087 - accuracy: 0.6952 - val_loss: 1.5088 - val_accuracy: 0.6933 - 22s/epoch - 198ms/step
Epoch 130/300
111/111 - 22s - loss: 1.5153 - accuracy: 0.6940 - val_loss: 1.6727 - val_accuracy: 0.6286 - 22s/epoch - 197ms/step
Epoch 131/300
111/111 - 22s - loss: 1.5119 - accuracy: 0.6930 - val_loss: 1.5085 - val_accuracy: 0.6916 - 22s/epoch - 197ms/step
Epoch 132/300
111/111 - 22s - loss: 1.5133 - accuracy: 0.6940 - val_loss: 1.5948 - val_accuracy: 0.7159 - 22s/epoch - 199ms/step
Epoch 133/300
111/111 - 22s - loss: 1.5093 - accuracy: 0.6938 - val_loss: 1.5903 - val_accuracy: 0.7157 - 22s/epoch - 199ms/step
Epoch 134/300
111/111 - 22s - loss: 1.5087 - accuracy: 0.6954 - val_loss: 1.5146 - val_accuracy: 0.6645 - 22s/epoch - 194ms/step
Epoch 135/300
111/111 - 22s - loss: 1.5062 - accuracy: 0.6939 - val_loss: 1.5193 - val_accuracy: 0.6681 - 22s/epoch - 195ms/step
Epoch 136/300
111/111 - 22s - loss: 1.5087 - accuracy: 0.6946 - val_loss: 1.5999 - val_accuracy: 0.6927 - 22s/epoch - 200ms/step
Epoch 137/300
111/111 - 22s - loss: 1.5071 - accuracy: 0.6944 - val_loss: 1.5975 - val_accuracy: 0.6598 - 22s/epoch - 199ms/step
Epoch 138/300
111/111 - 22s - loss: 1.5074 - accuracy: 0.6976 - val_loss: 1.5296 - val_accuracy: 0.7024 - 22s/epoch - 195ms/step
Epoch 139/300
111/111 - 22s - loss: 1.5093 - accuracy: 0.6936 - val_loss: 1.5224 - val_accuracy: 0.6650 - 22s/epoch - 195ms/step
Epoch 140/300
111/111 - 22s - loss: 1.5077 - accuracy: 0.6930 - val_loss: 1.5636 - val_accuracy: 0.5833 - 22s/epoch - 195ms/step
Epoch 141/300
111/111 - 22s - loss: 1.5067 - accuracy: 0.6924 - val_loss: 1.5156 - val_accuracy: 0.7074 - 22s/epoch - 199ms/step
Epoch 142/300
111/111 - 22s - loss: 1.5119 - accuracy: 0.6946 - val_loss: 1.5017 - val_accuracy: 0.7133 - 22s/epoch - 195ms/step
Epoch 143/300
111/111 - 22s - loss: 1.5076 - accuracy: 0.6942 - val_loss: 1.5061 - val_accuracy: 0.6924 - 22s/epoch - 195ms/step
Epoch 144/300
111/111 - 22s - loss: 1.5061 - accuracy: 0.6933 - val_loss: 1.5304 - val_accuracy: 0.7209 - 22s/epoch - 195ms/step
Epoch 145/300
111/111 - 22s - loss: 1.5128 - accuracy: 0.6934 - val_loss: 1.5600 - val_accuracy: 0.6651 - 22s/epoch - 202ms/step
Epoch 146/300
111/111 - 22s - loss: 1.5036 - accuracy: 0.6954 - val_loss: 1.5026 - val_accuracy: 0.7058 - 22s/epoch - 202ms/step
Epoch 147/300
111/111 - 21s - loss: 1.5041 - accuracy: 0.6950 - val_loss: 1.5142 - val_accuracy: 0.6484 - 21s/epoch - 193ms/step
Epoch 148/300
111/111 - 22s - loss: 1.5042 - accuracy: 0.6932 - val_loss: 1.5202 - val_accuracy: 0.7152 - 22s/epoch - 199ms/step
Epoch 149/300
111/111 - 22s - loss: 1.5055 - accuracy: 0.6966 - val_loss: 1.5040 - val_accuracy: 0.7160 - 22s/epoch - 194ms/step
Epoch 150/300
111/111 - 21s - loss: 1.5109 - accuracy: 0.6957 - val_loss: 1.5283 - val_accuracy: 0.6980 - 21s/epoch - 192ms/step
Epoch 151/300
111/111 - 23s - loss: 1.5035 - accuracy: 0.6932 - val_loss: 1.5221 - val_accuracy: 0.6318 - 23s/epoch - 204ms/step
Epoch 152/300
111/111 - 22s - loss: 1.5272 - accuracy: 0.6935 - val_loss: 1.5266 - val_accuracy: 0.7218 - 22s/epoch - 201ms/step
Epoch 153/300
111/111 - 22s - loss: 1.5065 - accuracy: 0.6972 - val_loss: 1.5448 - val_accuracy: 0.7146 - 22s/epoch - 200ms/step
Epoch 154/300
111/111 - 22s - loss: 1.5037 - accuracy: 0.6965 - val_loss: 1.5133 - val_accuracy: 0.7174 - 22s/epoch - 200ms/step
Epoch 154: early stopping
                         : Getting training history for item:0 name = 'loss'
                         : Getting training history for item:1 name = 'accuracy'
                         : Getting training history for item:2 name = 'val_loss'
                         : Getting training history for item:3 name = 'val_accuracy'
                         : Trained model written to file: muon2018__20__256__500__0.2/weights/TrainedModel_DNN.h5
                         : Elapsed time for training with 68981 events: 4.27e+03 sec         
                         : Setting up tf.keras
                         : Using TensorFlow version 2
                         : Use Keras version from TensorFlow : tf.keras
                         : Disabled TF eager execution when evaluating model 
                         :  Loading Keras Model 
                         : Loaded model from file: muon2018__20__256__500__0.2/weights/TrainedModel_DNN.h5
DNN                      : [muon2018__20__256__500__0.2] : Evaluation of DNN on training sample (68981 events)
                         : Elapsed time for evaluation of 68981 events: 12.7 sec       
                         : Creating xml weight file: [0;36mmuon2018__20__256__500__0.2/weights/muon2018__20__256__500__0.2_DNN.weights.xml[0m
                         : Creating standalone class: [0;36mmuon2018__20__256__500__0.2/weights/muon2018__20__256__500__0.2_DNN.class.C[0m
Factory                  : Training finished
                         : 
                         : Ranking input variables (method specific)...
                         : No variable ranking supplied by classifier: DNN
TH1.Print Name  = TrainingHistory_DNN_'accuracy', Entries= 0, Total sum= 106.092
TH1.Print Name  = TrainingHistory_DNN_'loss', Entries= 0, Total sum= 246.792
TH1.Print Name  = TrainingHistory_DNN_'val_accuracy', Entries= 0, Total sum= 105.451
TH1.Print Name  = TrainingHistory_DNN_'val_loss', Entries= 0, Total sum= 268.891
Factory                  : === Destroy and recreate all methods via weight files for testing ===
                         : 
                         : Reading weight file: [0;36mmuon2018__20__256__500__0.2/weights/muon2018__20__256__500__0.2_DNN.weights.xml[0m
Factory                  : [1mTest all methods[0m
Factory                  : Test method: DNN for Classification performance
                         : 
                         : Setting up tf.keras
                         : Using TensorFlow version 2
                         : Use Keras version from TensorFlow : tf.keras
                         : Disabled TF eager execution when evaluating model 
                         :  Loading Keras Model 
                         : Loaded model from file: muon2018__20__256__500__0.2/weights/TrainedModel_DNN.h5
DNN                      : [muon2018__20__256__500__0.2] : Evaluation of DNN on testing sample (128494 events)
                         : Elapsed time for evaluation of 128494 events: 26.3 sec       
Factory                  : [1mEvaluate all methods[0m
Factory                  : Evaluate classifier: DNN
                         : 
TFHandler_DNN            :                         Variable                                Mean                                RMS                        [        Min                                Max ]
                         : -----------------------------------------------------------------------------------------------------------------------------------------------------------------------------------
                         :                     bmuon_nsip3d:                         -0.032217                            1.0766   [                           -5.7307                            5.7307 ]
                         :                     bmuon_reliso:                         -0.043578                            1.0425   [                           -3.0941                            5.7307 ]
                         :                  bmuon_ptwrtbjet:                          0.072353                            1.0043   [                           -5.7307                            5.7307 ]
                         :                  bmuon_P_jetrest:                          0.095683                            1.0046   [                           -5.7307                            5.7307 ]
                         :         bjet_charge*bmuon_charge:                           0.10376                           0.99266   [                           -3.3330                            5.7307 ]
                         : bjet_ChargedHadronEnergyFraction:                         -0.021277                           0.99830   [                           -3.2995                            5.7307 ]
                         : bjet_NeutralHadronEnergyFraction:                          -0.73911                            1.5785   [                           -3.1648                            5.7307 ]
                         :     bjet_NeutralEmEnergyFraction:                         -0.030474                            1.0405   [                           -3.2706                            5.7307 ]
                         :     bjet_ChargedEmEnergyFraction:                           -2.2931                            1.0107   [                           -2.6783                            5.7307 ]
                         :          bjet_MuonEnergyFraction:                          -0.47206                            1.5220   [                           -3.2161                            5.7307 ]
                         :         bjet_ChargedMultiplicity:                          0.010148                            1.0129   [                           -5.6919                            5.7307 ]
                         :         bjet_NeutralMultiplicity:                         0.0064214                            1.0265   [                           -4.9777                            5.7307 ]
                         :                fabs(bjet_charge):                          0.062945                            1.0104   [                           -3.2454                            5.7307 ]
                         : -----------------------------------------------------------------------------------------------------------------------------------------------------------------------------------
DNN                      : [muon2018__20__256__500__0.2] : Loop over test events and fill histograms with classifier response...
                         : 
TFHandler_DNN            :                         Variable                                Mean                                RMS                        [        Min                                Max ]
                         : -----------------------------------------------------------------------------------------------------------------------------------------------------------------------------------
                         :                     bmuon_nsip3d:                         -0.032217                            1.0766   [                           -5.7307                            5.7307 ]
                         :                     bmuon_reliso:                         -0.043578                            1.0425   [                           -3.0941                            5.7307 ]
                         :                  bmuon_ptwrtbjet:                          0.072353                            1.0043   [                           -5.7307                            5.7307 ]
                         :                  bmuon_P_jetrest:                          0.095683                            1.0046   [                           -5.7307                            5.7307 ]
                         :         bjet_charge*bmuon_charge:                           0.10376                           0.99266   [                           -3.3330                            5.7307 ]
                         : bjet_ChargedHadronEnergyFraction:                         -0.021277                           0.99830   [                           -3.2995                            5.7307 ]
                         : bjet_NeutralHadronEnergyFraction:                          -0.73911                            1.5785   [                           -3.1648                            5.7307 ]
                         :     bjet_NeutralEmEnergyFraction:                         -0.030474                            1.0405   [                           -3.2706                            5.7307 ]
                         :     bjet_ChargedEmEnergyFraction:                           -2.2931                            1.0107   [                           -2.6783                            5.7307 ]
                         :          bjet_MuonEnergyFraction:                          -0.47206                            1.5220   [                           -3.2161                            5.7307 ]
                         :         bjet_ChargedMultiplicity:                          0.010148                            1.0129   [                           -5.6919                            5.7307 ]
                         :         bjet_NeutralMultiplicity:                         0.0064214                            1.0265   [                           -4.9777                            5.7307 ]
                         :                fabs(bjet_charge):                          0.062945                            1.0104   [                           -3.2454                            5.7307 ]
                         : -----------------------------------------------------------------------------------------------------------------------------------------------------------------------------------
                         : 
                         : Evaluation results ranked by best signal efficiency and purity (area)
                         : -------------------------------------------------------------------------------------------------------------------
                         : DataSet       MVA                       
                         : Name:         Method:          ROC-integ
                         : muon2018__20__256__500__0.2 DNN            : 0.760
                         : -------------------------------------------------------------------------------------------------------------------
                         : 
                         : Testing efficiency compared to training efficiency (overtraining check)
                         : -------------------------------------------------------------------------------------------------------------------
                         : DataSet              MVA              Signal efficiency: from test sample (from training sample) 
                         : Name:                Method:          @B=0.01             @B=0.10            @B=0.30   
                         : -------------------------------------------------------------------------------------------------------------------
                         : muon2018__20__256__500__0.2 DNN            : 0.103 (0.095)       0.410 (0.411)      0.683 (0.682)
                         : -------------------------------------------------------------------------------------------------------------------
                         : 
Dataset:muon2018__20__...: Created tree 'TestTree' with 128494 events
                         : 
Dataset:muon2018__20__...: Created tree 'TrainTree' with 68981 events
                         : 
Factory                  : [1mThank you for using TMVA![0m
                         : [1mFor citation information, please visit: http://tmva.sf.net/citeTMVA.html[0m
ref.cut= DNN 0.5519355010632288
auc= 0.7600206533761236
myerr=0
[ntry=1]
