<sig cut>= (belectron_charge*bjet_partonFlavour < 0)&&(Has_bElectron)
<bkg cut>= (belectron_charge*bjet_partonFlavour > 0)&&(Has_bElectron)
Model: "sequential"
_________________________________________________________________
 Layer (type)                Output Shape              Param #   
=================================================================
 dense (Dense)               (None, 64)                896       
                                                                 
 batch_normalization (BatchN  (None, 64)               256       
 ormalization)                                                   
                                                                 
 activation (Activation)     (None, 64)                0         
                                                                 
 dropout (Dropout)           (None, 64)                0         
                                                                 
 dense_1 (Dense)             (None, 64)                4160      
                                                                 
 batch_normalization_1 (Batc  (None, 64)               256       
 hNormalization)                                                 
                                                                 
 activation_1 (Activation)   (None, 64)                0         
                                                                 
 dropout_1 (Dropout)         (None, 64)                0         
                                                                 
 dense_2 (Dense)             (None, 64)                4160      
                                                                 
 batch_normalization_2 (Batc  (None, 64)               256       
 hNormalization)                                                 
                                                                 
 activation_2 (Activation)   (None, 64)                0         
                                                                 
 dropout_2 (Dropout)         (None, 64)                0         
                                                                 
 dense_3 (Dense)             (None, 64)                4160      
                                                                 
 batch_normalization_3 (Batc  (None, 64)               256       
 hNormalization)                                                 
                                                                 
 activation_3 (Activation)   (None, 64)                0         
                                                                 
 dropout_3 (Dropout)         (None, 64)                0         
                                                                 
 dense_4 (Dense)             (None, 64)                4160      
                                                                 
 batch_normalization_4 (Batc  (None, 64)               256       
 hNormalization)                                                 
                                                                 
 activation_4 (Activation)   (None, 64)                0         
                                                                 
 dropout_4 (Dropout)         (None, 64)                0         
                                                                 
 dense_5 (Dense)             (None, 2)                 130       
                                                                 
 activation_5 (Activation)   (None, 2)                 0         
                                                                 
=================================================================
Total params: 18,946
Trainable params: 18,306
Non-trainable params: 640
_________________________________________________________________
DataSetInfo              : [electron2016preVFP__5__64__800__0.2] : Added class "Signal"
                         : Add Tree OutTree/sig of type Signal with 462614 events
                         : Add Tree OutTree/sig of type Signal with 530687 events
DataSetInfo              : [electron2016preVFP__5__64__800__0.2] : Added class "Background"
                         : Add Tree OutTree/bkg of type Background with 338874 events
                         : Add Tree OutTree/bkg of type Background with 385085 events
Factory                  : Booking method: [1mDNN[0m
                         : 
DNN                      : [electron2016preVFP__5__64__800__0.2] : Create Transformation "U" with events from all classes.
                         : 
                         : Transformation, Variable selection : 
                         : Input : variable 'belectron_nsip3d' <---> Output : variable 'belectron_nsip3d'
                         : Input : variable 'belectron_reliso' <---> Output : variable 'belectron_reliso'
                         : Input : variable 'belectron_ptwrtbjet' <---> Output : variable 'belectron_ptwrtbjet'
                         : Input : variable 'belectron_P_jetrest' <---> Output : variable 'belectron_P_jetrest'
                         : Input : variable 'bjet_charge*belectron_charge' <---> Output : variable 'bjet_charge*belectron_charge'
                         : Input : variable 'bjet_ChargedHadronEnergyFraction' <---> Output : variable 'bjet_ChargedHadronEnergyFraction'
                         : Input : variable 'bjet_NeutralHadronEnergyFraction' <---> Output : variable 'bjet_NeutralHadronEnergyFraction'
                         : Input : variable 'bjet_NeutralEmEnergyFraction' <---> Output : variable 'bjet_NeutralEmEnergyFraction'
                         : Input : variable 'bjet_ChargedEmEnergyFraction' <---> Output : variable 'bjet_ChargedEmEnergyFraction'
                         : Input : variable 'bjet_MuonEnergyFraction' <---> Output : variable 'bjet_MuonEnergyFraction'
                         : Input : variable 'bjet_ChargedMultiplicity' <---> Output : variable 'bjet_ChargedMultiplicity'
                         : Input : variable 'bjet_NeutralMultiplicity' <---> Output : variable 'bjet_NeutralMultiplicity'
                         : Input : variable 'fabs(bjet_charge)' <---> Output : variable 'fabs(bjet_charge)'
                         : Setting up tf.keras
                         : Using TensorFlow version 2
                         : Use Keras version from TensorFlow : tf.keras
                         :  Loading Keras Model 
                         : Loaded model from file: model.h5
Factory                  : [1mTrain all methods[0m
                         : Rebuilding Dataset electron2016preVFP__5__64__800__0.2
                         : Building event vectors for type 1 Signal
                         : Dataset[electron2016preVFP__5__64__800__0.2] :  create input formulas for tree sig
                         : Dataset[electron2016preVFP__5__64__800__0.2] :  create input formulas for tree sig
                         : Dataset[electron2016preVFP__5__64__800__0.2] :  create input formulas for tree sig
                         : Building event vectors for type 0 Signal
                         : Dataset[electron2016preVFP__5__64__800__0.2] :  create input formulas for tree sig
                         : Dataset[electron2016preVFP__5__64__800__0.2] :  create input formulas for tree sig
                         : Building event vectors for type 1 Background
                         : Dataset[electron2016preVFP__5__64__800__0.2] :  create input formulas for tree bkg
                         : Dataset[electron2016preVFP__5__64__800__0.2] :  create input formulas for tree bkg
                         : Dataset[electron2016preVFP__5__64__800__0.2] :  create input formulas for tree bkg
                         : Building event vectors for type 0 Background
                         : Dataset[electron2016preVFP__5__64__800__0.2] :  create input formulas for tree bkg
                         : Dataset[electron2016preVFP__5__64__800__0.2] :  create input formulas for tree bkg
DataSetFactory           : [electron2016preVFP__5__64__800__0.2] : Number of events in input trees
                         : Dataset[electron2016preVFP__5__64__800__0.2] :     Signal     requirement: "(belectron_charge*bjet_partonFlavour < 0)&&(Has_bElectron)"
                         : Dataset[electron2016preVFP__5__64__800__0.2] :     Signal          -- number of events passed: 81168  / sum of weights: 44293
                         : Dataset[electron2016preVFP__5__64__800__0.2] :     Signal          -- efficiency             : 0.0775372
                         : Dataset[electron2016preVFP__5__64__800__0.2] :     Background requirement: "(belectron_charge*bjet_partonFlavour > 0)&&(Has_bElectron)"
                         : Dataset[electron2016preVFP__5__64__800__0.2] :     Background      -- number of events passed: 62775  / sum of weights: 34051.1
                         : Dataset[electron2016preVFP__5__64__800__0.2] :     Background      -- efficiency             : 0.0814737
                         : Dataset[electron2016preVFP__5__64__800__0.2] :  you have opted for interpreting the requested number of training/testing events
                         :  to be the number of events AFTER your preselection cuts
                         : 
                         : Dataset[electron2016preVFP__5__64__800__0.2] :  you have opted for interpreting the requested number of training/testing events
                         :  to be the number of events AFTER your preselection cuts
                         : 
                         : Dataset[electron2016preVFP__5__64__800__0.2] : Weight renormalisation mode: "EqualNumEvents": renormalises all event classes ...
                         : Dataset[electron2016preVFP__5__64__800__0.2] :  such that the effective (weighted) number of events in each class is the same 
                         : Dataset[electron2016preVFP__5__64__800__0.2] :  (and equals the number of events (entries) given for class=0 )
                         : Dataset[electron2016preVFP__5__64__800__0.2] : ... i.e. such that Sum[i=1..N_j]{w_i} = N_classA, j=classA, classB, ...
                         : Dataset[electron2016preVFP__5__64__800__0.2] : ... (note that N_j is the sum of TRAINING events
                         : Dataset[electron2016preVFP__5__64__800__0.2] :  ..... Testing events are not renormalised nor included in the renormalisation factor!)
                         : Number of training and testing events
                         : ---------------------------------------------------------------------------
                         : Signal     -- training events            : 34703
                         : Signal     -- testing events             : 46465
                         : Signal     -- training and testing events: 81168
                         : Dataset[electron2016preVFP__5__64__800__0.2] : Signal     -- due to the preselection a scaling factor has been applied to the numbers of requested events: 0.0817154
                         : Background -- training events            : 26436
                         : Background -- testing events             : 36339
                         : Background -- training and testing events: 62775
                         : Dataset[electron2016preVFP__5__64__800__0.2] : Background -- due to the preselection a scaling factor has been applied to the numbers of requested events: 0.0867107
                         : 
DataSetInfo              : Correlation matrix (Signal):
                         : ------------------------------------------------------------------------------------------------------------------------------------------------------------------------------------------------------------------------------------------------------------------------------------------------------------------------------------------------------------------
                         :                                   belectron_nsip3d belectron_reliso belectron_ptwrtbjet belectron_P_jetrest bjet_charge_T_belectron_charge bjet_ChargedHadronEnergyFraction bjet_NeutralHadronEnergyFraction bjet_NeutralEmEnergyFraction bjet_ChargedEmEnergyFraction bjet_MuonEnergyFraction bjet_ChargedMultiplicity bjet_NeutralMultiplicity fabs_bjet_charge_
                         :                 belectron_nsip3d:           +1.000           -0.142              +0.045              +0.030                         -0.069                           +0.028                           +0.092                       +0.048                       -0.149                  +0.022                   -0.006                   +0.061            -0.033
                         :                 belectron_reliso:           -0.142           +1.000              -0.113              -0.056                         -0.133                           +0.141                           -0.001                       +0.091                       -0.197                  -0.050                   +0.206                   +0.175            -0.132
                         :              belectron_ptwrtbjet:           +0.045           -0.113              +1.000              +0.248                         -0.090                           +0.070                           +0.056                       +0.064                       -0.200                  +0.060                   +0.047                   +0.078            -0.027
                         :              belectron_P_jetrest:           +0.030           -0.056              +0.248              +1.000                         -0.052                           -0.066                           +0.198                       +0.023                       -0.100                  +0.005                   -0.099                   +0.004            -0.022
                         :   bjet_charge_T_belectron_charge:           -0.069           -0.133              -0.090              -0.052                         +1.000                           -0.142                           -0.105                       -0.065                       +0.316                  -0.064                   -0.122                   -0.127            +0.549
                         : bjet_ChargedHadronEnergyFraction:           +0.028           +0.141              +0.070              -0.066                         -0.142                           +1.000                           -0.448                       -0.158                       -0.502                  -0.207                   +0.494                   -0.019            -0.213
                         : bjet_NeutralHadronEnergyFraction:           +0.092           -0.001              +0.056              +0.198                         -0.105                           -0.448                           +1.000                       -0.159                       -0.102                  -0.090                   -0.370                   +0.097            -0.080
                         :     bjet_NeutralEmEnergyFraction:           +0.048           +0.091              +0.064              +0.023                         -0.065                           -0.158                           -0.159                       +1.000                       -0.417                  -0.157                   -0.034                   +0.413            -0.045
                         :     bjet_ChargedEmEnergyFraction:           -0.149           -0.197              -0.200              -0.100                         +0.316                           -0.502                           -0.102                       -0.417                       +1.000                  -0.104                   -0.207                   -0.328            +0.254
                         :          bjet_MuonEnergyFraction:           +0.022           -0.050              +0.060              +0.005                         -0.064                           -0.207                           -0.090                       -0.157                       -0.104                  +1.000                   -0.033                   -0.099            +0.137
                         :         bjet_ChargedMultiplicity:           -0.006           +0.206              +0.047              -0.099                         -0.122                           +0.494                           -0.370                       -0.034                       -0.207                  -0.033                   +1.000                   +0.227            -0.208
                         :         bjet_NeutralMultiplicity:           +0.061           +0.175              +0.078              +0.004                         -0.127                           -0.019                           +0.097                       +0.413                       -0.328                  -0.099                   +0.227                   +1.000            -0.157
                         :                fabs_bjet_charge_:           -0.033           -0.132              -0.027              -0.022                         +0.549                           -0.213                           -0.080                       -0.045                       +0.254                  +0.137                   -0.208                   -0.157            +1.000
                         : ------------------------------------------------------------------------------------------------------------------------------------------------------------------------------------------------------------------------------------------------------------------------------------------------------------------------------------------------------------------
DataSetInfo              : Correlation matrix (Background):
                         : ------------------------------------------------------------------------------------------------------------------------------------------------------------------------------------------------------------------------------------------------------------------------------------------------------------------------------------------------------------------
                         :                                   belectron_nsip3d belectron_reliso belectron_ptwrtbjet belectron_P_jetrest bjet_charge_T_belectron_charge bjet_ChargedHadronEnergyFraction bjet_NeutralHadronEnergyFraction bjet_NeutralEmEnergyFraction bjet_ChargedEmEnergyFraction bjet_MuonEnergyFraction bjet_ChargedMultiplicity bjet_NeutralMultiplicity fabs_bjet_charge_
                         :                 belectron_nsip3d:           +1.000           -0.156              +0.013              +0.015                         -0.051                           -0.002                           +0.074                       +0.035                       -0.119                  +0.002                   -0.029                   +0.035            +0.007
                         :                 belectron_reliso:           -0.156           +1.000              -0.146              -0.092                         -0.061                           +0.089                           -0.049                       +0.032                       -0.052                  -0.067                   +0.200                   +0.139            -0.056
                         :              belectron_ptwrtbjet:           +0.013           -0.146              +1.000              +0.476                         -0.087                           +0.055                           +0.025                       +0.049                       -0.179                  +0.025                   +0.036                   +0.053            +0.028
                         :              belectron_P_jetrest:           +0.015           -0.092              +0.476              +1.000                         -0.044                           -0.103                           +0.222                       +0.004                       -0.105                  -0.004                   -0.131                   +0.005            -0.013
                         :   bjet_charge_T_belectron_charge:           -0.051           -0.061              -0.087              -0.044                         +1.000                           -0.090                           +0.013                       +0.009                       +0.220                  -0.143                   -0.011                   -0.012            -0.032
                         : bjet_ChargedHadronEnergyFraction:           -0.002           +0.089              +0.055              -0.103                         -0.090                           +1.000                           -0.545                       -0.239                       -0.373                  -0.259                   +0.514                   -0.091            -0.119
                         : bjet_NeutralHadronEnergyFraction:           +0.074           -0.049              +0.025              +0.222                         +0.013                           -0.545                           +1.000                       -0.185                       -0.067                  -0.121                   -0.459                   +0.095            -0.077
                         :     bjet_NeutralEmEnergyFraction:           +0.035           +0.032              +0.049              +0.004                         +0.009                           -0.239                           -0.185                       +1.000                       -0.318                  -0.200                   -0.065                   +0.358            +0.036
                         :     bjet_ChargedEmEnergyFraction:           -0.119           -0.052              -0.179              -0.105                         +0.220                           -0.373                           -0.067                       -0.318                       +1.000                  -0.068                   -0.109                   -0.230            +0.041
                         :          bjet_MuonEnergyFraction:           +0.002           -0.067              +0.025              -0.004                         -0.143                           -0.259                           -0.121                       -0.200                       -0.068                  +1.000                   -0.055                   -0.147            +0.231
                         :         bjet_ChargedMultiplicity:           -0.029           +0.200              +0.036              -0.131                         -0.011                           +0.514                           -0.459                       -0.065                       -0.109                  -0.055                   +1.000                   +0.196            -0.136
                         :         bjet_NeutralMultiplicity:           +0.035           +0.139              +0.053              +0.005                         -0.012                           -0.091                           +0.095                       +0.358                       -0.230                  -0.147                   +0.196                   +1.000            -0.090
                         :                fabs_bjet_charge_:           +0.007           -0.056              +0.028              -0.013                         -0.032                           -0.119                           -0.077                       +0.036                       +0.041                  +0.231                   -0.136                   -0.090            +1.000
                         : ------------------------------------------------------------------------------------------------------------------------------------------------------------------------------------------------------------------------------------------------------------------------------------------------------------------------------------------------------------------
DataSetFactory           : [electron2016preVFP__5__64__800__0.2] :  
                         : 
Factory                  : [electron2016preVFP__5__64__800__0.2] : Create Transformation "I" with events from all classes.
                         : 
                         : Transformation, Variable selection : 
                         : Input : variable 'belectron_nsip3d' <---> Output : variable 'belectron_nsip3d'
                         : Input : variable 'belectron_reliso' <---> Output : variable 'belectron_reliso'
                         : Input : variable 'belectron_ptwrtbjet' <---> Output : variable 'belectron_ptwrtbjet'
                         : Input : variable 'belectron_P_jetrest' <---> Output : variable 'belectron_P_jetrest'
                         : Input : variable 'bjet_charge*belectron_charge' <---> Output : variable 'bjet_charge*belectron_charge'
                         : Input : variable 'bjet_ChargedHadronEnergyFraction' <---> Output : variable 'bjet_ChargedHadronEnergyFraction'
                         : Input : variable 'bjet_NeutralHadronEnergyFraction' <---> Output : variable 'bjet_NeutralHadronEnergyFraction'
                         : Input : variable 'bjet_NeutralEmEnergyFraction' <---> Output : variable 'bjet_NeutralEmEnergyFraction'
                         : Input : variable 'bjet_ChargedEmEnergyFraction' <---> Output : variable 'bjet_ChargedEmEnergyFraction'
                         : Input : variable 'bjet_MuonEnergyFraction' <---> Output : variable 'bjet_MuonEnergyFraction'
                         : Input : variable 'bjet_ChargedMultiplicity' <---> Output : variable 'bjet_ChargedMultiplicity'
                         : Input : variable 'bjet_NeutralMultiplicity' <---> Output : variable 'bjet_NeutralMultiplicity'
                         : Input : variable 'fabs(bjet_charge)' <---> Output : variable 'fabs(bjet_charge)'
TFHandler_Factory        :                         Variable                                Mean                                RMS                        [        Min                                Max ]
                         : -----------------------------------------------------------------------------------------------------------------------------------------------------------------------------------
                         :                 belectron_nsip3d:                            66.334                            263.68   [                         0.0057978                            5599.1 ]
                         :                 belectron_reliso:                            2.0400                            2.5003   [                            0.0000                            50.971 ]
                         :              belectron_ptwrtbjet:                            7.2645                            20.331   [                          0.012877                            1262.5 ]
                         :              belectron_P_jetrest:                            173.73                            985.69   [                           0.20507                            71060. ]
                         :     bjet_charge*belectron_charge:                           0.10173                           0.35758   [                           -1.0000                            1.0000 ]
                         : bjet_ChargedHadronEnergyFraction:                           0.47251                           0.22276   [                            0.0000                            1.0000 ]
                         : bjet_NeutralHadronEnergyFraction:                           0.11910                           0.16683   [                            0.0000                            1.0000 ]
                         :     bjet_NeutralEmEnergyFraction:                           0.24483                           0.16124   [                            0.0000                           0.98633 ]
                         :     bjet_ChargedEmEnergyFraction:                           0.12654                           0.18453   [                            0.0000                           0.96678 ]
                         :          bjet_MuonEnergyFraction:                          0.037028                           0.11469   [                            0.0000                           0.98190 ]
                         :         bjet_ChargedMultiplicity:                            9.4779                            4.0064   [                            0.0000                            43.000 ]
                         :         bjet_NeutralMultiplicity:                            10.253                            4.9727   [                            0.0000                            48.000 ]
                         :                fabs(bjet_charge):                           0.29737                           0.22313   [                            0.0000                            1.0000 ]
                         : -----------------------------------------------------------------------------------------------------------------------------------------------------------------------------------
                         : Ranking input variables (method unspecific)...
IdTransformation         : Ranking result (top variable is best ranked)
                         : ---------------------------------------------------------
                         : Rank : Variable                         : Separation
                         : ---------------------------------------------------------
                         :    1 : bjet_charge*belectron_charge     : 1.022e-01
                         :    2 : bjet_ChargedEmEnergyFraction     : 3.156e-02
                         :    3 : belectron_ptwrtbjet              : 1.977e-02
                         :    4 : fabs(bjet_charge)                : 1.932e-02
                         :    5 : belectron_P_jetrest              : 7.910e-03
                         :    6 : bjet_ChargedHadronEnergyFraction : 7.410e-03
                         :    7 : bjet_ChargedMultiplicity         : 4.913e-03
                         :    8 : bjet_NeutralMultiplicity         : 3.904e-03
                         :    9 : belectron_reliso                 : 3.752e-03
                         :   10 : bjet_NeutralHadronEnergyFraction : 3.460e-03
                         :   11 : bjet_NeutralEmEnergyFraction     : 3.421e-03
                         :   12 : belectron_nsip3d                 : 2.810e-03
                         :   13 : bjet_MuonEnergyFraction          : 2.064e-03
                         : ---------------------------------------------------------
Factory                  : Train method: DNN for Classification
                         : 
                         : 
                         : [1m================================================================[0m
                         : [1mH e l p   f o r   M V A   m e t h o d   [ DNN ] :[0m
                         : 
                         : Keras is a high-level API for the Theano and Tensorflow packages.
                         : This method wraps the training and predictions steps of the Keras
                         : Python package for TMVA, so that dataloading, preprocessing and
                         : evaluation can be done within the TMVA system. To use this Keras
                         : interface, you have to generate a model with Keras first. Then,
                         : this model can be loaded and trained in TMVA.
                         : 
                         : 
                         : <Suppress this message by specifying "!H" in the booking option>
                         : [1m================================================================[0m
                         : 
                         : Preparing the Gaussian transformation...
TFHandler_DNN            :                         Variable                                Mean                                RMS                        [        Min                                Max ]
                         : -----------------------------------------------------------------------------------------------------------------------------------------------------------------------------------
                         :                 belectron_nsip3d:                           0.50020                           0.28817   [                        1.0000e-09                            1.0000 ]
                         :                 belectron_reliso:                           0.47141                           0.30341   [                         0.0012631                            1.0000 ]
                         :              belectron_ptwrtbjet:                           0.50027                           0.28825   [                        1.0000e-09                            1.0000 ]
                         :              belectron_P_jetrest:                           0.68828                           0.11696   [                           0.60960                            1.0000 ]
                         :     bjet_charge*belectron_charge:                           0.49794                           0.28753   [                        0.00043912                            1.0000 ]
                         : bjet_ChargedHadronEnergyFraction:                           0.48694                           0.29584   [                        0.00051069                            1.0000 ]
                         : bjet_NeutralHadronEnergyFraction:                           0.40043                           0.32671   [                        0.00061390                           0.99939 ]
                         :     bjet_NeutralEmEnergyFraction:                           0.49805                           0.28996   [                        0.00057573                            1.0000 ]
                         :     bjet_ChargedEmEnergyFraction:                           0.22129                           0.31333   [                        0.00086395                            1.0000 ]
                         :          bjet_MuonEnergyFraction:                          0.079916                           0.21192   [                         0.0033984                            1.0000 ]
                         :         bjet_ChargedMultiplicity:                           0.48797                           0.29407   [                        0.00046248                            1.0000 ]
                         :         bjet_NeutralMultiplicity:                           0.50082                           0.28844   [                        1.0267e-07                            1.0000 ]
                         :                fabs(bjet_charge):                           0.49189                           0.29707   [                        0.00064320                            1.0000 ]
                         : -----------------------------------------------------------------------------------------------------------------------------------------------------------------------------------
TFHandler_DNN            :                         Variable                                Mean                                RMS                        [        Min                                Max ]
                         : -----------------------------------------------------------------------------------------------------------------------------------------------------------------------------------
                         :                 belectron_nsip3d:                           0.50020                           0.28817   [                        1.0000e-09                            1.0000 ]
                         :                 belectron_reliso:                           0.47141                           0.30341   [                         0.0012631                            1.0000 ]
                         :              belectron_ptwrtbjet:                           0.50027                           0.28825   [                        1.0000e-09                            1.0000 ]
                         :              belectron_P_jetrest:                           0.68828                           0.11696   [                           0.60960                            1.0000 ]
                         :     bjet_charge*belectron_charge:                           0.49794                           0.28753   [                        0.00043912                            1.0000 ]
                         : bjet_ChargedHadronEnergyFraction:                           0.48694                           0.29584   [                        0.00051069                            1.0000 ]
                         : bjet_NeutralHadronEnergyFraction:                           0.40043                           0.32671   [                        0.00061390                           0.99939 ]
                         :     bjet_NeutralEmEnergyFraction:                           0.49805                           0.28996   [                        0.00057573                            1.0000 ]
                         :     bjet_ChargedEmEnergyFraction:                           0.22129                           0.31333   [                        0.00086395                            1.0000 ]
                         :          bjet_MuonEnergyFraction:                          0.079916                           0.21192   [                         0.0033984                            1.0000 ]
                         :         bjet_ChargedMultiplicity:                           0.48797                           0.29407   [                        0.00046248                            1.0000 ]
                         :         bjet_NeutralMultiplicity:                           0.50082                           0.28844   [                        1.0267e-07                            1.0000 ]
                         :                fabs(bjet_charge):                           0.49189                           0.29707   [                        0.00064320                            1.0000 ]
                         : -----------------------------------------------------------------------------------------------------------------------------------------------------------------------------------
                         : Split TMVA training data in 48912 training events and 12227 validation events
                         : Training Model Summary
---sig_test---
<self.testtree_sig> OutTree/sig
/data9/Users/jhchoi/TMVA/el9/TMVA_TOOL/inputs/EEMu_MuMuE_Method/v2503.2/2016preVFP/EEMu_MuMuE_Method_DYJetsToEE_MiNNLO.root
/data9/Users/jhchoi/TMVA/el9/TMVA_TOOL/inputs/EEMu_MuMuE_Method/v2503.2/2016preVFP/EEMu_MuMuE_Method_DYJetsToMuMu_MiNNLO.root
--bkg_test---
<self.testtree_bkg> OutTree/bkg
/data9/Users/jhchoi/TMVA/el9/TMVA_TOOL/inputs/EEMu_MuMuE_Method/v2503.2/2016preVFP/EEMu_MuMuE_Method_DYJetsToEE_MiNNLO.root
/data9/Users/jhchoi/TMVA/el9/TMVA_TOOL/inputs/EEMu_MuMuE_Method/v2503.2/2016preVFP/EEMu_MuMuE_Method_DYJetsToMuMu_MiNNLO.root
---sig_train---
<self.traintree_sig> OutTree/sig
/data9/Users/jhchoi/TMVA/el9/TMVA_TOOL/inputs/EEMu_MuMuE_Method/v2503.2/2016preVFP/EEMu_MuMuE_Method_DYJets.root
---bkg_train---
<self.traintree_bkg> OutTree/bkg
/data9/Users/jhchoi/TMVA/el9/TMVA_TOOL/inputs/EEMu_MuMuE_Method/v2503.2/2016preVFP/EEMu_MuMuE_Method_DYJets.root
>>>>self.dataloader.PrepareTrainingAndTestTree
Set sig cut -> (belectron_charge*bjet_partonFlavour < 0)&&(Has_bElectron)
Set bkg cut -> (belectron_charge*bjet_partonFlavour > 0)&&(Has_bElectron)
Model: "sequential"
_________________________________________________________________
 Layer (type)                Output Shape              Param #   
=================================================================
 dense (Dense)               (None, 64)                896       
                                                                 
 batch_normalization (BatchN  (None, 64)               256       
 ormalization)                                                   
                                                                 
 activation (Activation)     (None, 64)                0         
                                                                 
 dropout (Dropout)           (None, 64)                0         
                                                                 
 dense_1 (Dense)             (None, 64)                4160      
                                                                 
 batch_normalization_1 (Batc  (None, 64)               256       
 hNormalization)                                                 
                                                                 
 activation_1 (Activation)   (None, 64)                0         
                                                                 
 dropout_1 (Dropout)         (None, 64)                0         
                                                                 
 dense_2 (Dense)             (None, 64)                4160      
                                                                 
 batch_normalization_2 (Batc  (None, 64)               256       
 hNormalization)                                                 
                                                                 
 activation_2 (Activation)   (None, 64)                0         
                                                                 
 dropout_2 (Dropout)         (None, 64)                0         
                                                                 
 dense_3 (Dense)             (None, 64)                4160      
                                                                 
 batch_normalization_3 (Batc  (None, 64)               256       
 hNormalization)                                                 
                                                                 
 activation_3 (Activation)   (None, 64)                0         
                                                                 
 dropout_3 (Dropout)         (None, 64)                0         
                                                                 
 dense_4 (Dense)             (None, 64)                4160      
                                                                 
 batch_normalization_4 (Batc  (None, 64)               256       
 hNormalization)                                                 
                                                                 
 activation_4 (Activation)   (None, 64)                0         
                                                                 
 dropout_4 (Dropout)         (None, 64)                0         
                                                                 
 dense_5 (Dense)             (None, 2)                 130       
                                                                 
 activation_5 (Activation)   (None, 2)                 0         
                                                                 
=================================================================
Total params: 18,946
Trainable params: 18,306
Non-trainable params: 640
_________________________________________________________________
                         : Option TriesEarlyStopping: Training will stop after 30 number of epochs with no improvement of validation loss
Epoch 1/300
62/62 - 17s - loss: 1.3949 - accuracy: 0.6183 - weighted_accuracy: 0.6212 - val_loss: 1.4400 - val_accuracy: 0.6356 - val_weighted_accuracy: 0.6315 - 17s/epoch - 275ms/step
Epoch 2/300
62/62 - 2s - loss: 1.3765 - accuracy: 0.6317 - weighted_accuracy: 0.6343 - val_loss: 1.4130 - val_accuracy: 0.6360 - val_weighted_accuracy: 0.6316 - 2s/epoch - 25ms/step
Epoch 3/300
62/62 - 2s - loss: 1.3695 - accuracy: 0.6350 - weighted_accuracy: 0.6409 - val_loss: 1.4049 - val_accuracy: 0.6379 - val_weighted_accuracy: 0.6316 - 2s/epoch - 29ms/step
Epoch 4/300
62/62 - 1s - loss: 1.3666 - accuracy: 0.6345 - weighted_accuracy: 0.6381 - val_loss: 1.4135 - val_accuracy: 0.6384 - val_weighted_accuracy: 0.6333 - 1s/epoch - 24ms/step
Epoch 5/300
62/62 - 2s - loss: 1.3645 - accuracy: 0.6367 - weighted_accuracy: 0.6393 - val_loss: 1.3991 - val_accuracy: 0.6417 - val_weighted_accuracy: 0.6306 - 2s/epoch - 25ms/step
Epoch 6/300
62/62 - 2s - loss: 1.3643 - accuracy: 0.6341 - weighted_accuracy: 0.6379 - val_loss: 1.3944 - val_accuracy: 0.6379 - val_weighted_accuracy: 0.6341 - 2s/epoch - 24ms/step
Epoch 7/300
62/62 - 1s - loss: 1.3622 - accuracy: 0.6370 - weighted_accuracy: 0.6399 - val_loss: 1.3922 - val_accuracy: 0.6349 - val_weighted_accuracy: 0.6340 - 1s/epoch - 23ms/step
Epoch 8/300
62/62 - 1s - loss: 1.3603 - accuracy: 0.6349 - weighted_accuracy: 0.6399 - val_loss: 1.4020 - val_accuracy: 0.6338 - val_weighted_accuracy: 0.6335 - 1s/epoch - 24ms/step
Epoch 9/300
62/62 - 2s - loss: 1.3587 - accuracy: 0.6376 - weighted_accuracy: 0.6431 - val_loss: 1.4095 - val_accuracy: 0.6324 - val_weighted_accuracy: 0.6330 - 2s/epoch - 26ms/step
Epoch 10/300
62/62 - 1s - loss: 1.3581 - accuracy: 0.6394 - weighted_accuracy: 0.6455 - val_loss: 1.3873 - val_accuracy: 0.6334 - val_weighted_accuracy: 0.6339 - 1s/epoch - 23ms/step
Epoch 11/300
62/62 - 2s - loss: 1.3569 - accuracy: 0.6340 - weighted_accuracy: 0.6403 - val_loss: 1.3902 - val_accuracy: 0.6359 - val_weighted_accuracy: 0.6347 - 2s/epoch - 29ms/step
Epoch 12/300
62/62 - 2s - loss: 1.3561 - accuracy: 0.6355 - weighted_accuracy: 0.6423 - val_loss: 1.3912 - val_accuracy: 0.6355 - val_weighted_accuracy: 0.6338 - 2s/epoch - 26ms/step
Epoch 13/300
62/62 - 2s - loss: 1.3551 - accuracy: 0.6359 - weighted_accuracy: 0.6411 - val_loss: 1.3905 - val_accuracy: 0.6299 - val_weighted_accuracy: 0.6310 - 2s/epoch - 26ms/step
Epoch 14/300
62/62 - 2s - loss: 1.3537 - accuracy: 0.6372 - weighted_accuracy: 0.6424 - val_loss: 1.3885 - val_accuracy: 0.6340 - val_weighted_accuracy: 0.6326 - 2s/epoch - 25ms/step
Epoch 15/300
62/62 - 2s - loss: 1.3556 - accuracy: 0.6352 - weighted_accuracy: 0.6406 - val_loss: 1.4008 - val_accuracy: 0.6367 - val_weighted_accuracy: 0.6325 - 2s/epoch - 26ms/step
Epoch 16/300
62/62 - 2s - loss: 1.3537 - accuracy: 0.6348 - weighted_accuracy: 0.6414 - val_loss: 1.3891 - val_accuracy: 0.6358 - val_weighted_accuracy: 0.6346 - 2s/epoch - 26ms/step
Epoch 17/300
62/62 - 2s - loss: 1.3506 - accuracy: 0.6364 - weighted_accuracy: 0.6444 - val_loss: 1.3949 - val_accuracy: 0.6356 - val_weighted_accuracy: 0.6334 - 2s/epoch - 28ms/step
Epoch 18/300
62/62 - 1s - loss: 1.3498 - accuracy: 0.6367 - weighted_accuracy: 0.6434 - val_loss: 1.3861 - val_accuracy: 0.6347 - val_weighted_accuracy: 0.6350 - 1s/epoch - 23ms/step
Epoch 19/300
62/62 - 1s - loss: 1.3496 - accuracy: 0.6369 - weighted_accuracy: 0.6437 - val_loss: 1.3837 - val_accuracy: 0.6334 - val_weighted_accuracy: 0.6334 - 1s/epoch - 23ms/step
Epoch 20/300
62/62 - 2s - loss: 1.3500 - accuracy: 0.6365 - weighted_accuracy: 0.6425 - val_loss: 1.3896 - val_accuracy: 0.6362 - val_weighted_accuracy: 0.6317 - 2s/epoch - 25ms/step
Epoch 21/300
62/62 - 2s - loss: 1.3483 - accuracy: 0.6378 - weighted_accuracy: 0.6427 - val_loss: 1.3813 - val_accuracy: 0.6356 - val_weighted_accuracy: 0.6364 - 2s/epoch - 25ms/step
Epoch 22/300
62/62 - 1s - loss: 1.3474 - accuracy: 0.6364 - weighted_accuracy: 0.6425 - val_loss: 1.3835 - val_accuracy: 0.6276 - val_weighted_accuracy: 0.6335 - 1s/epoch - 24ms/step
Epoch 23/300
62/62 - 2s - loss: 1.3469 - accuracy: 0.6354 - weighted_accuracy: 0.6438 - val_loss: 1.3808 - val_accuracy: 0.6307 - val_weighted_accuracy: 0.6324 - 2s/epoch - 25ms/step
Epoch 24/300
62/62 - 1s - loss: 1.3478 - accuracy: 0.6343 - weighted_accuracy: 0.6413 - val_loss: 1.3811 - val_accuracy: 0.6327 - val_weighted_accuracy: 0.6376 - 1s/epoch - 23ms/step
Epoch 25/300
62/62 - 1s - loss: 1.3470 - accuracy: 0.6354 - weighted_accuracy: 0.6432 - val_loss: 1.3781 - val_accuracy: 0.6299 - val_weighted_accuracy: 0.6343 - 1s/epoch - 23ms/step
Epoch 26/300
62/62 - 1s - loss: 1.3438 - accuracy: 0.6370 - weighted_accuracy: 0.6435 - val_loss: 1.3819 - val_accuracy: 0.6325 - val_weighted_accuracy: 0.6349 - 1s/epoch - 22ms/step
Epoch 27/300
62/62 - 1s - loss: 1.3453 - accuracy: 0.6369 - weighted_accuracy: 0.6463 - val_loss: 1.3799 - val_accuracy: 0.6326 - val_weighted_accuracy: 0.6323 - 1s/epoch - 23ms/step
Epoch 28/300
62/62 - 1s - loss: 1.3436 - accuracy: 0.6366 - weighted_accuracy: 0.6432 - val_loss: 1.3791 - val_accuracy: 0.6273 - val_weighted_accuracy: 0.6326 - 1s/epoch - 23ms/step
Epoch 29/300
62/62 - 1s - loss: 1.3418 - accuracy: 0.6367 - weighted_accuracy: 0.6445 - val_loss: 1.3799 - val_accuracy: 0.6325 - val_weighted_accuracy: 0.6338 - 1s/epoch - 23ms/step
Epoch 30/300
62/62 - 2s - loss: 1.3434 - accuracy: 0.6359 - weighted_accuracy: 0.6440 - val_loss: 1.3854 - val_accuracy: 0.6274 - val_weighted_accuracy: 0.6317 - 2s/epoch - 26ms/step
Epoch 31/300
62/62 - 2s - loss: 1.3415 - accuracy: 0.6375 - weighted_accuracy: 0.6459 - val_loss: 1.3791 - val_accuracy: 0.6313 - val_weighted_accuracy: 0.6331 - 2s/epoch - 28ms/step
Epoch 32/300
62/62 - 2s - loss: 1.3411 - accuracy: 0.6365 - weighted_accuracy: 0.6436 - val_loss: 1.3795 - val_accuracy: 0.6342 - val_weighted_accuracy: 0.6324 - 2s/epoch - 25ms/step
Epoch 33/300
62/62 - 1s - loss: 1.3428 - accuracy: 0.6355 - weighted_accuracy: 0.6423 - val_loss: 1.3770 - val_accuracy: 0.6329 - val_weighted_accuracy: 0.6312 - 1s/epoch - 23ms/step
Epoch 34/300
62/62 - 2s - loss: 1.3397 - accuracy: 0.6372 - weighted_accuracy: 0.6440 - val_loss: 1.3763 - val_accuracy: 0.6226 - val_weighted_accuracy: 0.6290 - 2s/epoch - 24ms/step
Epoch 35/300
62/62 - 2s - loss: 1.3394 - accuracy: 0.6362 - weighted_accuracy: 0.6438 - val_loss: 1.3804 - val_accuracy: 0.6234 - val_weighted_accuracy: 0.6298 - 2s/epoch - 24ms/step
Epoch 36/300
62/62 - 2s - loss: 1.3385 - accuracy: 0.6350 - weighted_accuracy: 0.6436 - val_loss: 1.3754 - val_accuracy: 0.6258 - val_weighted_accuracy: 0.6314 - 2s/epoch - 24ms/step
Epoch 37/300
62/62 - 2s - loss: 1.3404 - accuracy: 0.6351 - weighted_accuracy: 0.6434 - val_loss: 1.3749 - val_accuracy: 0.6271 - val_weighted_accuracy: 0.6313 - 2s/epoch - 24ms/step
Epoch 38/300
62/62 - 1s - loss: 1.3382 - accuracy: 0.6352 - weighted_accuracy: 0.6426 - val_loss: 1.3741 - val_accuracy: 0.6334 - val_weighted_accuracy: 0.6333 - 1s/epoch - 23ms/step
Epoch 39/300
62/62 - 1s - loss: 1.3368 - accuracy: 0.6361 - weighted_accuracy: 0.6434 - val_loss: 1.3768 - val_accuracy: 0.6270 - val_weighted_accuracy: 0.6332 - 1s/epoch - 24ms/step
Epoch 40/300
62/62 - 1s - loss: 1.3378 - accuracy: 0.6349 - weighted_accuracy: 0.6447 - val_loss: 1.3763 - val_accuracy: 0.6318 - val_weighted_accuracy: 0.6349 - 1s/epoch - 23ms/step
Epoch 41/300
62/62 - 2s - loss: 1.3358 - accuracy: 0.6365 - weighted_accuracy: 0.6441 - val_loss: 1.3728 - val_accuracy: 0.6316 - val_weighted_accuracy: 0.6327 - 2s/epoch - 25ms/step
Epoch 42/300
62/62 - 2s - loss: 1.3365 - accuracy: 0.6373 - weighted_accuracy: 0.6453 - val_loss: 1.3719 - val_accuracy: 0.6302 - val_weighted_accuracy: 0.6337 - 2s/epoch - 27ms/step
Epoch 43/300
62/62 - 1s - loss: 1.3358 - accuracy: 0.6378 - weighted_accuracy: 0.6460 - val_loss: 1.3796 - val_accuracy: 0.6261 - val_weighted_accuracy: 0.6322 - 1s/epoch - 24ms/step
Epoch 44/300
62/62 - 1s - loss: 1.3367 - accuracy: 0.6363 - weighted_accuracy: 0.6449 - val_loss: 1.3721 - val_accuracy: 0.6306 - val_weighted_accuracy: 0.6337 - 1s/epoch - 22ms/step
Epoch 45/300
62/62 - 2s - loss: 1.3357 - accuracy: 0.6363 - weighted_accuracy: 0.6452 - val_loss: 1.3753 - val_accuracy: 0.6306 - val_weighted_accuracy: 0.6342 - 2s/epoch - 27ms/step
Epoch 46/300
62/62 - 2s - loss: 1.3361 - accuracy: 0.6361 - weighted_accuracy: 0.6437 - val_loss: 1.3724 - val_accuracy: 0.6325 - val_weighted_accuracy: 0.6355 - 2s/epoch - 25ms/step
Epoch 47/300
62/62 - 2s - loss: 1.3353 - accuracy: 0.6362 - weighted_accuracy: 0.6438 - val_loss: 1.3809 - val_accuracy: 0.6337 - val_weighted_accuracy: 0.6342 - 2s/epoch - 25ms/step
Epoch 48/300
62/62 - 2s - loss: 1.3331 - accuracy: 0.6379 - weighted_accuracy: 0.6466 - val_loss: 1.3739 - val_accuracy: 0.6289 - val_weighted_accuracy: 0.6305 - 2s/epoch - 26ms/step
Epoch 49/300
62/62 - 2s - loss: 1.3343 - accuracy: 0.6374 - weighted_accuracy: 0.6455 - val_loss: 1.3709 - val_accuracy: 0.6323 - val_weighted_accuracy: 0.6346 - 2s/epoch - 25ms/step
Epoch 50/300
62/62 - 1s - loss: 1.3313 - accuracy: 0.6361 - weighted_accuracy: 0.6444 - val_loss: 1.3813 - val_accuracy: 0.6338 - val_weighted_accuracy: 0.6288 - 1s/epoch - 23ms/step
Epoch 51/300
62/62 - 2s - loss: 1.3332 - accuracy: 0.6380 - weighted_accuracy: 0.6473 - val_loss: 1.3704 - val_accuracy: 0.6285 - val_weighted_accuracy: 0.6338 - 2s/epoch - 25ms/step
Epoch 52/300
62/62 - 2s - loss: 1.3345 - accuracy: 0.6360 - weighted_accuracy: 0.6445 - val_loss: 1.3721 - val_accuracy: 0.6337 - val_weighted_accuracy: 0.6306 - 2s/epoch - 26ms/step
Epoch 53/300
62/62 - 1s - loss: 1.3330 - accuracy: 0.6373 - weighted_accuracy: 0.6439 - val_loss: 1.3707 - val_accuracy: 0.6294 - val_weighted_accuracy: 0.6342 - 1s/epoch - 23ms/step
Epoch 54/300
62/62 - 2s - loss: 1.3332 - accuracy: 0.6373 - weighted_accuracy: 0.6447 - val_loss: 1.3733 - val_accuracy: 0.6269 - val_weighted_accuracy: 0.6327 - 2s/epoch - 24ms/step
Epoch 55/300
62/62 - 2s - loss: 1.3318 - accuracy: 0.6360 - weighted_accuracy: 0.6453 - val_loss: 1.3811 - val_accuracy: 0.6327 - val_weighted_accuracy: 0.6349 - 2s/epoch - 24ms/step
Epoch 56/300
62/62 - 1s - loss: 1.3335 - accuracy: 0.6343 - weighted_accuracy: 0.6431 - val_loss: 1.3728 - val_accuracy: 0.6314 - val_weighted_accuracy: 0.6331 - 1s/epoch - 24ms/step
Epoch 57/300
62/62 - 2s - loss: 1.3319 - accuracy: 0.6378 - weighted_accuracy: 0.6453 - val_loss: 1.3694 - val_accuracy: 0.6224 - val_weighted_accuracy: 0.6313 - 2s/epoch - 26ms/step
Epoch 58/300
62/62 - 2s - loss: 1.3313 - accuracy: 0.6367 - weighted_accuracy: 0.6456 - val_loss: 1.3687 - val_accuracy: 0.6273 - val_weighted_accuracy: 0.6310 - 2s/epoch - 25ms/step
Epoch 59/300
62/62 - 2s - loss: 1.3304 - accuracy: 0.6367 - weighted_accuracy: 0.6445 - val_loss: 1.3710 - val_accuracy: 0.6340 - val_weighted_accuracy: 0.6328 - 2s/epoch - 27ms/step
Epoch 60/300
62/62 - 2s - loss: 1.3310 - accuracy: 0.6366 - weighted_accuracy: 0.6457 - val_loss: 1.3693 - val_accuracy: 0.6341 - val_weighted_accuracy: 0.6364 - 2s/epoch - 25ms/step
Epoch 61/300
62/62 - 2s - loss: 1.3304 - accuracy: 0.6376 - weighted_accuracy: 0.6468 - val_loss: 1.3680 - val_accuracy: 0.6323 - val_weighted_accuracy: 0.6335 - 2s/epoch - 25ms/step
Epoch 62/300
62/62 - 2s - loss: 1.3295 - accuracy: 0.6369 - weighted_accuracy: 0.6453 - val_loss: 1.3761 - val_accuracy: 0.6242 - val_weighted_accuracy: 0.6319 - 2s/epoch - 26ms/step
Epoch 63/300
62/62 - 2s - loss: 1.3310 - accuracy: 0.6361 - weighted_accuracy: 0.6444 - val_loss: 1.3722 - val_accuracy: 0.6262 - val_weighted_accuracy: 0.6323 - 2s/epoch - 26ms/step
Epoch 64/300
62/62 - 1s - loss: 1.3297 - accuracy: 0.6364 - weighted_accuracy: 0.6459 - val_loss: 1.3713 - val_accuracy: 0.6224 - val_weighted_accuracy: 0.6314 - 1s/epoch - 24ms/step
Epoch 65/300
62/62 - 2s - loss: 1.3307 - accuracy: 0.6326 - weighted_accuracy: 0.6430 - val_loss: 1.3686 - val_accuracy: 0.6357 - val_weighted_accuracy: 0.6351 - 2s/epoch - 28ms/step
Epoch 66/300
62/62 - 2s - loss: 1.3292 - accuracy: 0.6377 - weighted_accuracy: 0.6453 - val_loss: 1.3751 - val_accuracy: 0.6294 - val_weighted_accuracy: 0.6322 - 2s/epoch - 26ms/step
Epoch 67/300
62/62 - 2s - loss: 1.3299 - accuracy: 0.6364 - weighted_accuracy: 0.6445 - val_loss: 1.3659 - val_accuracy: 0.6274 - val_weighted_accuracy: 0.6311 - 2s/epoch - 25ms/step
Epoch 68/300
62/62 - 2s - loss: 1.3297 - accuracy: 0.6372 - weighted_accuracy: 0.6467 - val_loss: 1.3674 - val_accuracy: 0.6338 - val_weighted_accuracy: 0.6369 - 2s/epoch - 26ms/step
Epoch 69/300
62/62 - 2s - loss: 1.3290 - accuracy: 0.6358 - weighted_accuracy: 0.6447 - val_loss: 1.3692 - val_accuracy: 0.6357 - val_weighted_accuracy: 0.6306 - 2s/epoch - 25ms/step
Epoch 70/300
62/62 - 2s - loss: 1.3281 - accuracy: 0.6395 - weighted_accuracy: 0.6466 - val_loss: 1.3691 - val_accuracy: 0.6304 - val_weighted_accuracy: 0.6339 - 2s/epoch - 25ms/step
Epoch 71/300
62/62 - 2s - loss: 1.3267 - accuracy: 0.6372 - weighted_accuracy: 0.6460 - val_loss: 1.3711 - val_accuracy: 0.6356 - val_weighted_accuracy: 0.6252 - 2s/epoch - 25ms/step
Epoch 72/300
62/62 - 2s - loss: 1.3281 - accuracy: 0.6399 - weighted_accuracy: 0.6465 - val_loss: 1.3677 - val_accuracy: 0.6268 - val_weighted_accuracy: 0.6327 - 2s/epoch - 26ms/step
Epoch 73/300
62/62 - 2s - loss: 1.3281 - accuracy: 0.6355 - weighted_accuracy: 0.6444 - val_loss: 1.3681 - val_accuracy: 0.6177 - val_weighted_accuracy: 0.6293 - 2s/epoch - 24ms/step
Epoch 74/300
62/62 - 2s - loss: 1.3285 - accuracy: 0.6369 - weighted_accuracy: 0.6452 - val_loss: 1.3649 - val_accuracy: 0.6325 - val_weighted_accuracy: 0.6352 - 2s/epoch - 25ms/step
Epoch 75/300
62/62 - 2s - loss: 1.3272 - accuracy: 0.6368 - weighted_accuracy: 0.6458 - val_loss: 1.3678 - val_accuracy: 0.6361 - val_weighted_accuracy: 0.6335 - 2s/epoch - 25ms/step
Epoch 76/300
62/62 - 2s - loss: 1.3275 - accuracy: 0.6372 - weighted_accuracy: 0.6443 - val_loss: 1.3655 - val_accuracy: 0.6302 - val_weighted_accuracy: 0.6338 - 2s/epoch - 25ms/step
Epoch 77/300
62/62 - 2s - loss: 1.3249 - accuracy: 0.6378 - weighted_accuracy: 0.6470 - val_loss: 1.3655 - val_accuracy: 0.6376 - val_weighted_accuracy: 0.6364 - 2s/epoch - 26ms/step
Epoch 78/300
62/62 - 1s - loss: 1.3267 - accuracy: 0.6378 - weighted_accuracy: 0.6462 - val_loss: 1.3686 - val_accuracy: 0.6286 - val_weighted_accuracy: 0.6328 - 1s/epoch - 23ms/step
Epoch 79/300
62/62 - 2s - loss: 1.3264 - accuracy: 0.6392 - weighted_accuracy: 0.6475 - val_loss: 1.3667 - val_accuracy: 0.6239 - val_weighted_accuracy: 0.6318 - 2s/epoch - 25ms/step
Epoch 80/300
62/62 - 2s - loss: 1.3267 - accuracy: 0.6370 - weighted_accuracy: 0.6441 - val_loss: 1.3661 - val_accuracy: 0.6347 - val_weighted_accuracy: 0.6317 - 2s/epoch - 26ms/step
Epoch 81/300
62/62 - 1s - loss: 1.3255 - accuracy: 0.6387 - weighted_accuracy: 0.6474 - val_loss: 1.3654 - val_accuracy: 0.6304 - val_weighted_accuracy: 0.6345 - 1s/epoch - 22ms/step
Epoch 82/300
62/62 - 2s - loss: 1.3264 - accuracy: 0.6393 - weighted_accuracy: 0.6475 - val_loss: 1.3654 - val_accuracy: 0.6339 - val_weighted_accuracy: 0.6353 - 2s/epoch - 28ms/step
Epoch 83/300
62/62 - 1s - loss: 1.3278 - accuracy: 0.6372 - weighted_accuracy: 0.6455 - val_loss: 1.3790 - val_accuracy: 0.6286 - val_weighted_accuracy: 0.6347 - 1s/epoch - 23ms/step
Epoch 84/300
62/62 - 1s - loss: 1.3248 - accuracy: 0.6378 - weighted_accuracy: 0.6450 - val_loss: 1.3656 - val_accuracy: 0.6289 - val_weighted_accuracy: 0.6336 - 1s/epoch - 24ms/step
Epoch 85/300
62/62 - 2s - loss: 1.3291 - accuracy: 0.6354 - weighted_accuracy: 0.6438 - val_loss: 1.3664 - val_accuracy: 0.6248 - val_weighted_accuracy: 0.6322 - 2s/epoch - 25ms/step
Epoch 86/300
62/62 - 2s - loss: 1.3265 - accuracy: 0.6374 - weighted_accuracy: 0.6462 - val_loss: 1.3640 - val_accuracy: 0.6336 - val_weighted_accuracy: 0.6362 - 2s/epoch - 27ms/step
Epoch 87/300
62/62 - 1s - loss: 1.3244 - accuracy: 0.6377 - weighted_accuracy: 0.6461 - val_loss: 1.3644 - val_accuracy: 0.6267 - val_weighted_accuracy: 0.6324 - 1s/epoch - 22ms/step
Epoch 88/300
62/62 - 2s - loss: 1.3261 - accuracy: 0.6360 - weighted_accuracy: 0.6443 - val_loss: 1.3634 - val_accuracy: 0.6283 - val_weighted_accuracy: 0.6341 - 2s/epoch - 25ms/step
Epoch 89/300
62/62 - 1s - loss: 1.3259 - accuracy: 0.6378 - weighted_accuracy: 0.6474 - val_loss: 1.3724 - val_accuracy: 0.6267 - val_weighted_accuracy: 0.6334 - 1s/epoch - 24ms/step
Epoch 90/300
62/62 - 1s - loss: 1.3250 - accuracy: 0.6402 - weighted_accuracy: 0.6473 - val_loss: 1.3692 - val_accuracy: 0.6300 - val_weighted_accuracy: 0.6347 - 1s/epoch - 24ms/step
Epoch 91/300
62/62 - 1s - loss: 1.3248 - accuracy: 0.6378 - weighted_accuracy: 0.6477 - val_loss: 1.3638 - val_accuracy: 0.6248 - val_weighted_accuracy: 0.6319 - 1s/epoch - 24ms/step
Epoch 92/300
62/62 - 2s - loss: 1.3240 - accuracy: 0.6391 - weighted_accuracy: 0.6485 - val_loss: 1.3638 - val_accuracy: 0.6281 - val_weighted_accuracy: 0.6334 - 2s/epoch - 26ms/step
Epoch 93/300
62/62 - 2s - loss: 1.3277 - accuracy: 0.6385 - weighted_accuracy: 0.6460 - val_loss: 1.3630 - val_accuracy: 0.6229 - val_weighted_accuracy: 0.6323 - 2s/epoch - 25ms/step
Epoch 94/300
62/62 - 1s - loss: 1.3248 - accuracy: 0.6384 - weighted_accuracy: 0.6471 - val_loss: 1.3843 - val_accuracy: 0.6270 - val_weighted_accuracy: 0.6336 - 1s/epoch - 23ms/step
Epoch 95/300
62/62 - 2s - loss: 1.3250 - accuracy: 0.6371 - weighted_accuracy: 0.6471 - val_loss: 1.3632 - val_accuracy: 0.6319 - val_weighted_accuracy: 0.6365 - 2s/epoch - 26ms/step
Epoch 96/300
62/62 - 1s - loss: 1.3237 - accuracy: 0.6388 - weighted_accuracy: 0.6489 - val_loss: 1.3671 - val_accuracy: 0.6307 - val_weighted_accuracy: 0.6351 - 1s/epoch - 22ms/step
Epoch 97/300
62/62 - 2s - loss: 1.3257 - accuracy: 0.6346 - weighted_accuracy: 0.6450 - val_loss: 1.3696 - val_accuracy: 0.6370 - val_weighted_accuracy: 0.6311 - 2s/epoch - 25ms/step
Epoch 98/300
62/62 - 2s - loss: 1.3252 - accuracy: 0.6363 - weighted_accuracy: 0.6430 - val_loss: 1.3628 - val_accuracy: 0.6356 - val_weighted_accuracy: 0.6331 - 2s/epoch - 25ms/step
Epoch 99/300
62/62 - 1s - loss: 1.3245 - accuracy: 0.6375 - weighted_accuracy: 0.6466 - val_loss: 1.3647 - val_accuracy: 0.6371 - val_weighted_accuracy: 0.6315 - 1s/epoch - 23ms/step
Epoch 100/300
62/62 - 2s - loss: 1.3249 - accuracy: 0.6395 - weighted_accuracy: 0.6485 - val_loss: 1.3657 - val_accuracy: 0.6180 - val_weighted_accuracy: 0.6285 - 2s/epoch - 27ms/step
Epoch 101/300
62/62 - 2s - loss: 1.3238 - accuracy: 0.6388 - weighted_accuracy: 0.6465 - val_loss: 1.3615 - val_accuracy: 0.6256 - val_weighted_accuracy: 0.6336 - 2s/epoch - 26ms/step
Epoch 102/300
62/62 - 1s - loss: 1.3238 - accuracy: 0.6371 - weighted_accuracy: 0.6471 - val_loss: 1.3678 - val_accuracy: 0.6374 - val_weighted_accuracy: 0.6310 - 1s/epoch - 23ms/step
Epoch 103/300
62/62 - 1s - loss: 1.3237 - accuracy: 0.6390 - weighted_accuracy: 0.6471 - val_loss: 1.3647 - val_accuracy: 0.6198 - val_weighted_accuracy: 0.6308 - 1s/epoch - 24ms/step
Epoch 104/300
62/62 - 2s - loss: 1.3239 - accuracy: 0.6388 - weighted_accuracy: 0.6466 - val_loss: 1.3656 - val_accuracy: 0.6282 - val_weighted_accuracy: 0.6336 - 2s/epoch - 27ms/step
Epoch 105/300
62/62 - 2s - loss: 1.3232 - accuracy: 0.6375 - weighted_accuracy: 0.6478 - val_loss: 1.3630 - val_accuracy: 0.6354 - val_weighted_accuracy: 0.6353 - 2s/epoch - 26ms/step
Epoch 106/300
62/62 - 1s - loss: 1.3244 - accuracy: 0.6395 - weighted_accuracy: 0.6473 - val_loss: 1.3609 - val_accuracy: 0.6280 - val_weighted_accuracy: 0.6346 - 1s/epoch - 23ms/step
Epoch 107/300
62/62 - 2s - loss: 1.3229 - accuracy: 0.6388 - weighted_accuracy: 0.6480 - val_loss: 1.3641 - val_accuracy: 0.6290 - val_weighted_accuracy: 0.6341 - 2s/epoch - 25ms/step
Epoch 108/300
62/62 - 2s - loss: 1.3234 - accuracy: 0.6397 - weighted_accuracy: 0.6465 - val_loss: 1.3631 - val_accuracy: 0.6208 - val_weighted_accuracy: 0.6304 - 2s/epoch - 26ms/step
Epoch 109/300
62/62 - 1s - loss: 1.3230 - accuracy: 0.6392 - weighted_accuracy: 0.6486 - val_loss: 1.3702 - val_accuracy: 0.6349 - val_weighted_accuracy: 0.6312 - 1s/epoch - 24ms/step
Epoch 110/300
62/62 - 2s - loss: 1.3223 - accuracy: 0.6377 - weighted_accuracy: 0.6466 - val_loss: 1.3641 - val_accuracy: 0.6333 - val_weighted_accuracy: 0.6352 - 2s/epoch - 25ms/step
Epoch 111/300
62/62 - 2s - loss: 1.3237 - accuracy: 0.6383 - weighted_accuracy: 0.6477 - val_loss: 1.3748 - val_accuracy: 0.6353 - val_weighted_accuracy: 0.6343 - 2s/epoch - 26ms/step
Epoch 112/300
62/62 - 2s - loss: 1.3221 - accuracy: 0.6411 - weighted_accuracy: 0.6490 - val_loss: 1.3630 - val_accuracy: 0.6309 - val_weighted_accuracy: 0.6323 - 2s/epoch - 24ms/step
Epoch 113/300
62/62 - 2s - loss: 1.3211 - accuracy: 0.6378 - weighted_accuracy: 0.6477 - val_loss: 1.3713 - val_accuracy: 0.6226 - val_weighted_accuracy: 0.6320 - 2s/epoch - 26ms/step
Epoch 114/300
62/62 - 2s - loss: 1.3230 - accuracy: 0.6374 - weighted_accuracy: 0.6465 - val_loss: 1.3607 - val_accuracy: 0.6261 - val_weighted_accuracy: 0.6346 - 2s/epoch - 27ms/step
Epoch 115/300
62/62 - 1s - loss: 1.3227 - accuracy: 0.6386 - weighted_accuracy: 0.6491 - val_loss: 1.3626 - val_accuracy: 0.6328 - val_weighted_accuracy: 0.6362 - 1s/epoch - 24ms/step
Epoch 116/300
62/62 - 1s - loss: 1.3226 - accuracy: 0.6390 - weighted_accuracy: 0.6478 - val_loss: 1.3622 - val_accuracy: 0.6339 - val_weighted_accuracy: 0.6338 - 1s/epoch - 24ms/step
Epoch 117/300
62/62 - 2s - loss: 1.3222 - accuracy: 0.6390 - weighted_accuracy: 0.6467 - val_loss: 1.3634 - val_accuracy: 0.6274 - val_weighted_accuracy: 0.6340 - 2s/epoch - 25ms/step
Epoch 118/300
62/62 - 2s - loss: 1.3223 - accuracy: 0.6393 - weighted_accuracy: 0.6483 - val_loss: 1.3615 - val_accuracy: 0.6277 - val_weighted_accuracy: 0.6340 - 2s/epoch - 26ms/step
Epoch 119/300
62/62 - 1s - loss: 1.3233 - accuracy: 0.6386 - weighted_accuracy: 0.6476 - val_loss: 1.3631 - val_accuracy: 0.6217 - val_weighted_accuracy: 0.6313 - 1s/epoch - 20ms/step
Epoch 120/300
62/62 - 2s - loss: 1.3223 - accuracy: 0.6395 - weighted_accuracy: 0.6480 - val_loss: 1.3612 - val_accuracy: 0.6217 - val_weighted_accuracy: 0.6310 - 2s/epoch - 26ms/step
Epoch 121/300
62/62 - 1s - loss: 1.3231 - accuracy: 0.6391 - weighted_accuracy: 0.6473 - val_loss: 1.3643 - val_accuracy: 0.6358 - val_weighted_accuracy: 0.6369 - 1s/epoch - 23ms/step
Epoch 122/300
62/62 - 1s - loss: 1.3236 - accuracy: 0.6393 - weighted_accuracy: 0.6468 - val_loss: 1.3651 - val_accuracy: 0.6211 - val_weighted_accuracy: 0.6297 - 1s/epoch - 24ms/step
Epoch 123/300
62/62 - 1s - loss: 1.3188 - accuracy: 0.6381 - weighted_accuracy: 0.6477 - val_loss: 1.3651 - val_accuracy: 0.6267 - val_weighted_accuracy: 0.6342 - 1s/epoch - 23ms/step
Epoch 124/300
62/62 - 2s - loss: 1.3225 - accuracy: 0.6376 - weighted_accuracy: 0.6468 - val_loss: 1.3623 - val_accuracy: 0.6297 - val_weighted_accuracy: 0.6340 - 2s/epoch - 26ms/step
Epoch 125/300
62/62 - 1s - loss: 1.3226 - accuracy: 0.6390 - weighted_accuracy: 0.6467 - val_loss: 1.3639 - val_accuracy: 0.6304 - val_weighted_accuracy: 0.6351 - 1s/epoch - 23ms/step
Epoch 126/300
62/62 - 2s - loss: 1.3222 - accuracy: 0.6379 - weighted_accuracy: 0.6465 - val_loss: 1.3648 - val_accuracy: 0.6386 - val_weighted_accuracy: 0.6294 - 2s/epoch - 25ms/step
Epoch 127/300
62/62 - 2s - loss: 1.3223 - accuracy: 0.6390 - weighted_accuracy: 0.6474 - val_loss: 1.3616 - val_accuracy: 0.6339 - val_weighted_accuracy: 0.6336 - 2s/epoch - 24ms/step
Epoch 128/300
62/62 - 1s - loss: 1.3202 - accuracy: 0.6369 - weighted_accuracy: 0.6467 - val_loss: 1.3652 - val_accuracy: 0.6353 - val_weighted_accuracy: 0.6339 - 1s/epoch - 24ms/step
Epoch 129/300
62/62 - 1s - loss: 1.3207 - accuracy: 0.6375 - weighted_accuracy: 0.6466 - val_loss: 1.3595 - val_accuracy: 0.6348 - val_weighted_accuracy: 0.6349 - 1s/epoch - 23ms/step
Epoch 130/300
62/62 - 2s - loss: 1.3226 - accuracy: 0.6368 - weighted_accuracy: 0.6457 - val_loss: 1.3638 - val_accuracy: 0.6309 - val_weighted_accuracy: 0.6331 - 2s/epoch - 25ms/step
Epoch 131/300
62/62 - 2s - loss: 1.3223 - accuracy: 0.6402 - weighted_accuracy: 0.6485 - val_loss: 1.3618 - val_accuracy: 0.6341 - val_weighted_accuracy: 0.6350 - 2s/epoch - 24ms/step
Epoch 132/300
62/62 - 1s - loss: 1.3209 - accuracy: 0.6403 - weighted_accuracy: 0.6479 - val_loss: 1.3611 - val_accuracy: 0.6257 - val_weighted_accuracy: 0.6340 - 1s/epoch - 24ms/step
Epoch 133/300
62/62 - 1s - loss: 1.3210 - accuracy: 0.6381 - weighted_accuracy: 0.6462 - val_loss: 1.3636 - val_accuracy: 0.6275 - val_weighted_accuracy: 0.6330 - 1s/epoch - 24ms/step
Epoch 134/300
62/62 - 2s - loss: 1.3193 - accuracy: 0.6389 - weighted_accuracy: 0.6485 - val_loss: 1.3618 - val_accuracy: 0.6329 - val_weighted_accuracy: 0.6338 - 2s/epoch - 24ms/step
Epoch 135/300
62/62 - 2s - loss: 1.3197 - accuracy: 0.6410 - weighted_accuracy: 0.6495 - val_loss: 1.3683 - val_accuracy: 0.6229 - val_weighted_accuracy: 0.6327 - 2s/epoch - 24ms/step
Epoch 136/300
62/62 - 1s - loss: 1.3205 - accuracy: 0.6395 - weighted_accuracy: 0.6477 - val_loss: 1.3613 - val_accuracy: 0.6311 - val_weighted_accuracy: 0.6327 - 1s/epoch - 23ms/step
Epoch 137/300
62/62 - 2s - loss: 1.3200 - accuracy: 0.6381 - weighted_accuracy: 0.6459 - val_loss: 1.3642 - val_accuracy: 0.6331 - val_weighted_accuracy: 0.6359 - 2s/epoch - 24ms/step
Epoch 138/300
62/62 - 2s - loss: 1.3219 - accuracy: 0.6394 - weighted_accuracy: 0.6480 - val_loss: 1.3621 - val_accuracy: 0.6197 - val_weighted_accuracy: 0.6308 - 2s/epoch - 26ms/step
Epoch 139/300
62/62 - 1s - loss: 1.3208 - accuracy: 0.6401 - weighted_accuracy: 0.6493 - val_loss: 1.3592 - val_accuracy: 0.6333 - val_weighted_accuracy: 0.6348 - 1s/epoch - 24ms/step
Epoch 140/300
62/62 - 2s - loss: 1.3218 - accuracy: 0.6398 - weighted_accuracy: 0.6470 - val_loss: 1.3675 - val_accuracy: 0.6382 - val_weighted_accuracy: 0.6344 - 2s/epoch - 26ms/step
Epoch 141/300
62/62 - 2s - loss: 1.3206 - accuracy: 0.6385 - weighted_accuracy: 0.6483 - val_loss: 1.3604 - val_accuracy: 0.6284 - val_weighted_accuracy: 0.6353 - 2s/epoch - 31ms/step
Epoch 142/300
62/62 - 1s - loss: 1.3197 - accuracy: 0.6384 - weighted_accuracy: 0.6482 - val_loss: 1.3630 - val_accuracy: 0.6363 - val_weighted_accuracy: 0.6322 - 1s/epoch - 24ms/step
Epoch 143/300
62/62 - 2s - loss: 1.3200 - accuracy: 0.6387 - weighted_accuracy: 0.6483 - val_loss: 1.3637 - val_accuracy: 0.6324 - val_weighted_accuracy: 0.6355 - 2s/epoch - 26ms/step
Epoch 144/300
62/62 - 1s - loss: 1.3213 - accuracy: 0.6396 - weighted_accuracy: 0.6480 - val_loss: 1.3623 - val_accuracy: 0.6317 - val_weighted_accuracy: 0.6364 - 1s/epoch - 21ms/step
Epoch 145/300
62/62 - 2s - loss: 1.3179 - accuracy: 0.6409 - weighted_accuracy: 0.6494 - val_loss: 1.3629 - val_accuracy: 0.6349 - val_weighted_accuracy: 0.6347 - 2s/epoch - 24ms/step
Epoch 146/300
62/62 - 2s - loss: 1.3197 - accuracy: 0.6401 - weighted_accuracy: 0.6498 - val_loss: 1.3624 - val_accuracy: 0.6308 - val_weighted_accuracy: 0.6340 - 2s/epoch - 27ms/step
Epoch 147/300
62/62 - 1s - loss: 1.3211 - accuracy: 0.6406 - weighted_accuracy: 0.6485 - val_loss: 1.3614 - val_accuracy: 0.6289 - val_weighted_accuracy: 0.6358 - 1s/epoch - 24ms/step
Epoch 148/300
62/62 - 2s - loss: 1.3196 - accuracy: 0.6384 - weighted_accuracy: 0.6485 - val_loss: 1.3621 - val_accuracy: 0.6346 - val_weighted_accuracy: 0.6367 - 2s/epoch - 27ms/step
Epoch 149/300
62/62 - 2s - loss: 1.3203 - accuracy: 0.6393 - weighted_accuracy: 0.6484 - val_loss: 1.3647 - val_accuracy: 0.6337 - val_weighted_accuracy: 0.6367 - 2s/epoch - 26ms/step
Epoch 150/300
62/62 - 2s - loss: 1.3195 - accuracy: 0.6388 - weighted_accuracy: 0.6484 - val_loss: 1.3636 - val_accuracy: 0.6309 - val_weighted_accuracy: 0.6350 - 2s/epoch - 25ms/step
Epoch 151/300
62/62 - 1s - loss: 1.3190 - accuracy: 0.6416 - weighted_accuracy: 0.6507 - val_loss: 1.3669 - val_accuracy: 0.6268 - val_weighted_accuracy: 0.6339 - 1s/epoch - 24ms/step
Epoch 152/300
62/62 - 1s - loss: 1.3207 - accuracy: 0.6406 - weighted_accuracy: 0.6497 - val_loss: 1.3605 - val_accuracy: 0.6296 - val_weighted_accuracy: 0.6350 - 1s/epoch - 24ms/step
Epoch 153/300
62/62 - 1s - loss: 1.3203 - accuracy: 0.6386 - weighted_accuracy: 0.6477 - val_loss: 1.3617 - val_accuracy: 0.6395 - val_weighted_accuracy: 0.6333 - 1s/epoch - 24ms/step
Epoch 154/300
62/62 - 2s - loss: 1.3199 - accuracy: 0.6397 - weighted_accuracy: 0.6480 - val_loss: 1.3586 - val_accuracy: 0.6355 - val_weighted_accuracy: 0.6370 - 2s/epoch - 28ms/step
Epoch 155/300
62/62 - 2s - loss: 1.3192 - accuracy: 0.6391 - weighted_accuracy: 0.6480 - val_loss: 1.3632 - val_accuracy: 0.6298 - val_weighted_accuracy: 0.6332 - 2s/epoch - 26ms/step
Epoch 156/300
62/62 - 1s - loss: 1.3204 - accuracy: 0.6400 - weighted_accuracy: 0.6496 - val_loss: 1.3630 - val_accuracy: 0.6308 - val_weighted_accuracy: 0.6350 - 1s/epoch - 23ms/step
Epoch 157/300
62/62 - 2s - loss: 1.3187 - accuracy: 0.6405 - weighted_accuracy: 0.6481 - val_loss: 1.3760 - val_accuracy: 0.6358 - val_weighted_accuracy: 0.6375 - 2s/epoch - 27ms/step
Epoch 158/300
62/62 - 1s - loss: 1.3201 - accuracy: 0.6375 - weighted_accuracy: 0.6455 - val_loss: 1.3634 - val_accuracy: 0.6384 - val_weighted_accuracy: 0.6344 - 1s/epoch - 23ms/step
Epoch 159/300
62/62 - 1s - loss: 1.3172 - accuracy: 0.6407 - weighted_accuracy: 0.6489 - val_loss: 1.3593 - val_accuracy: 0.6282 - val_weighted_accuracy: 0.6353 - 1s/epoch - 23ms/step
Epoch 160/300
62/62 - 1s - loss: 1.3179 - accuracy: 0.6392 - weighted_accuracy: 0.6497 - val_loss: 1.3581 - val_accuracy: 0.6326 - val_weighted_accuracy: 0.6358 - 1s/epoch - 20ms/step
Epoch 161/300
62/62 - 2s - loss: 1.3176 - accuracy: 0.6405 - weighted_accuracy: 0.6486 - val_loss: 1.3605 - val_accuracy: 0.6280 - val_weighted_accuracy: 0.6347 - 2s/epoch - 26ms/step
Epoch 162/300
62/62 - 2s - loss: 1.3178 - accuracy: 0.6407 - weighted_accuracy: 0.6491 - val_loss: 1.3593 - val_accuracy: 0.6352 - val_weighted_accuracy: 0.6374 - 2s/epoch - 26ms/step
Epoch 163/300
62/62 - 1s - loss: 1.3195 - accuracy: 0.6407 - weighted_accuracy: 0.6504 - val_loss: 1.3581 - val_accuracy: 0.6347 - val_weighted_accuracy: 0.6348 - 1s/epoch - 24ms/step
Epoch 164/300
62/62 - 1s - loss: 1.3181 - accuracy: 0.6396 - weighted_accuracy: 0.6500 - val_loss: 1.3653 - val_accuracy: 0.6365 - val_weighted_accuracy: 0.6369 - 1s/epoch - 23ms/step
Epoch 165/300
62/62 - 1s - loss: 1.3188 - accuracy: 0.6392 - weighted_accuracy: 0.6493 - val_loss: 1.3598 - val_accuracy: 0.6388 - val_weighted_accuracy: 0.6374 - 1s/epoch - 22ms/step
Epoch 166/300
62/62 - 1s - loss: 1.3186 - accuracy: 0.6413 - weighted_accuracy: 0.6497 - val_loss: 1.3584 - val_accuracy: 0.6348 - val_weighted_accuracy: 0.6370 - 1s/epoch - 24ms/step
Epoch 167/300
62/62 - 1s - loss: 1.3184 - accuracy: 0.6416 - weighted_accuracy: 0.6496 - val_loss: 1.3689 - val_accuracy: 0.6286 - val_weighted_accuracy: 0.6343 - 1s/epoch - 24ms/step
Epoch 168/300
62/62 - 2s - loss: 1.3184 - accuracy: 0.6420 - weighted_accuracy: 0.6525 - val_loss: 1.3591 - val_accuracy: 0.6389 - val_weighted_accuracy: 0.6355 - 2s/epoch - 24ms/step
Epoch 169/300
62/62 - 1s - loss: 1.3179 - accuracy: 0.6430 - weighted_accuracy: 0.6510 - val_loss: 1.3591 - val_accuracy: 0.6361 - val_weighted_accuracy: 0.6347 - 1s/epoch - 23ms/step
Epoch 170/300
62/62 - 2s - loss: 1.3180 - accuracy: 0.6407 - weighted_accuracy: 0.6504 - val_loss: 1.3586 - val_accuracy: 0.6313 - val_weighted_accuracy: 0.6350 - 2s/epoch - 25ms/step
Epoch 171/300
62/62 - 2s - loss: 1.3202 - accuracy: 0.6390 - weighted_accuracy: 0.6454 - val_loss: 1.3619 - val_accuracy: 0.6280 - val_weighted_accuracy: 0.6343 - 2s/epoch - 26ms/step
Epoch 172/300
62/62 - 1s - loss: 1.3171 - accuracy: 0.6403 - weighted_accuracy: 0.6507 - val_loss: 1.3602 - val_accuracy: 0.6319 - val_weighted_accuracy: 0.6356 - 1s/epoch - 23ms/step
Epoch 173/300
62/62 - 1s - loss: 1.3203 - accuracy: 0.6417 - weighted_accuracy: 0.6493 - val_loss: 1.3684 - val_accuracy: 0.6363 - val_weighted_accuracy: 0.6368 - 1s/epoch - 23ms/step
Epoch 174/300
62/62 - 2s - loss: 1.3197 - accuracy: 0.6388 - weighted_accuracy: 0.6474 - val_loss: 1.3671 - val_accuracy: 0.6320 - val_weighted_accuracy: 0.6336 - 2s/epoch - 27ms/step
Epoch 175/300
62/62 - 2s - loss: 1.3184 - accuracy: 0.6413 - weighted_accuracy: 0.6496 - val_loss: 1.3614 - val_accuracy: 0.6292 - val_weighted_accuracy: 0.6355 - 2s/epoch - 27ms/step
Epoch 176/300
62/62 - 2s - loss: 1.3165 - accuracy: 0.6371 - weighted_accuracy: 0.6472 - val_loss: 1.3578 - val_accuracy: 0.6334 - val_weighted_accuracy: 0.6388 - 2s/epoch - 28ms/step
Epoch 177/300
62/62 - 2s - loss: 1.3171 - accuracy: 0.6390 - weighted_accuracy: 0.6476 - val_loss: 1.3655 - val_accuracy: 0.6352 - val_weighted_accuracy: 0.6329 - 2s/epoch - 26ms/step
Epoch 178/300
62/62 - 1s - loss: 1.3167 - accuracy: 0.6408 - weighted_accuracy: 0.6489 - val_loss: 1.3674 - val_accuracy: 0.6210 - val_weighted_accuracy: 0.6296 - 1s/epoch - 24ms/step
Epoch 179/300
62/62 - 1s - loss: 1.3178 - accuracy: 0.6396 - weighted_accuracy: 0.6501 - val_loss: 1.3641 - val_accuracy: 0.6325 - val_weighted_accuracy: 0.6341 - 1s/epoch - 21ms/step
Epoch 180/300
62/62 - 2s - loss: 1.3169 - accuracy: 0.6403 - weighted_accuracy: 0.6482 - val_loss: 1.3644 - val_accuracy: 0.6332 - val_weighted_accuracy: 0.6364 - 2s/epoch - 28ms/step
Epoch 181/300
62/62 - 2s - loss: 1.3170 - accuracy: 0.6408 - weighted_accuracy: 0.6488 - val_loss: 1.3597 - val_accuracy: 0.6254 - val_weighted_accuracy: 0.6334 - 2s/epoch - 24ms/step
Epoch 182/300
62/62 - 2s - loss: 1.3187 - accuracy: 0.6393 - weighted_accuracy: 0.6491 - val_loss: 1.3594 - val_accuracy: 0.6353 - val_weighted_accuracy: 0.6381 - 2s/epoch - 25ms/step
Epoch 183/300
62/62 - 2s - loss: 1.3161 - accuracy: 0.6401 - weighted_accuracy: 0.6488 - val_loss: 1.3659 - val_accuracy: 0.6353 - val_weighted_accuracy: 0.6375 - 2s/epoch - 25ms/step
Epoch 184/300
62/62 - 2s - loss: 1.3190 - accuracy: 0.6380 - weighted_accuracy: 0.6483 - val_loss: 1.3612 - val_accuracy: 0.6253 - val_weighted_accuracy: 0.6324 - 2s/epoch - 25ms/step
Epoch 185/300
62/62 - 2s - loss: 1.3177 - accuracy: 0.6408 - weighted_accuracy: 0.6501 - val_loss: 1.3605 - val_accuracy: 0.6307 - val_weighted_accuracy: 0.6363 - 2s/epoch - 25ms/step
Epoch 186/300
62/62 - 1s - loss: 1.3161 - accuracy: 0.6420 - weighted_accuracy: 0.6503 - val_loss: 1.3611 - val_accuracy: 0.6325 - val_weighted_accuracy: 0.6367 - 1s/epoch - 24ms/step
Epoch 187/300
62/62 - 2s - loss: 1.3166 - accuracy: 0.6395 - weighted_accuracy: 0.6497 - val_loss: 1.3613 - val_accuracy: 0.6280 - val_weighted_accuracy: 0.6332 - 2s/epoch - 27ms/step
Epoch 188/300
62/62 - 2s - loss: 1.3167 - accuracy: 0.6401 - weighted_accuracy: 0.6495 - val_loss: 1.3601 - val_accuracy: 0.6301 - val_weighted_accuracy: 0.6332 - 2s/epoch - 27ms/step
Epoch 189/300
62/62 - 1s - loss: 1.3163 - accuracy: 0.6400 - weighted_accuracy: 0.6498 - val_loss: 1.3598 - val_accuracy: 0.6312 - val_weighted_accuracy: 0.6358 - 1s/epoch - 23ms/step
Epoch 190/300
62/62 - 2s - loss: 1.3173 - accuracy: 0.6384 - weighted_accuracy: 0.6475 - val_loss: 1.3599 - val_accuracy: 0.6383 - val_weighted_accuracy: 0.6363 - 2s/epoch - 27ms/step
Epoch 191/300
62/62 - 2s - loss: 1.3169 - accuracy: 0.6428 - weighted_accuracy: 0.6511 - val_loss: 1.3607 - val_accuracy: 0.6376 - val_weighted_accuracy: 0.6374 - 2s/epoch - 27ms/step
Epoch 192/300
62/62 - 2s - loss: 1.3164 - accuracy: 0.6395 - weighted_accuracy: 0.6497 - val_loss: 1.3651 - val_accuracy: 0.6378 - val_weighted_accuracy: 0.6339 - 2s/epoch - 26ms/step
Epoch 193/300
62/62 - 2s - loss: 1.3158 - accuracy: 0.6418 - weighted_accuracy: 0.6497 - val_loss: 1.3586 - val_accuracy: 0.6300 - val_weighted_accuracy: 0.6352 - 2s/epoch - 24ms/step
Epoch 194/300
62/62 - 2s - loss: 1.3173 - accuracy: 0.6404 - weighted_accuracy: 0.6508 - val_loss: 1.3586 - val_accuracy: 0.6308 - val_weighted_accuracy: 0.6355 - 2s/epoch - 27ms/step
Epoch 195/300
62/62 - 1s - loss: 1.3166 - accuracy: 0.6401 - weighted_accuracy: 0.6498 - val_loss: 1.3593 - val_accuracy: 0.6324 - val_weighted_accuracy: 0.6362 - 1s/epoch - 24ms/step
Epoch 196/300
62/62 - 2s - loss: 1.3173 - accuracy: 0.6394 - weighted_accuracy: 0.6494 - val_loss: 1.3634 - val_accuracy: 0.6325 - val_weighted_accuracy: 0.6343 - 2s/epoch - 26ms/step
Epoch 197/300
62/62 - 2s - loss: 1.3177 - accuracy: 0.6407 - weighted_accuracy: 0.6484 - val_loss: 1.3604 - val_accuracy: 0.6367 - val_weighted_accuracy: 0.6342 - 2s/epoch - 24ms/step
Epoch 198/300
62/62 - 1s - loss: 1.3160 - accuracy: 0.6388 - weighted_accuracy: 0.6495 - val_loss: 1.3599 - val_accuracy: 0.6315 - val_weighted_accuracy: 0.6378 - 1s/epoch - 23ms/step
Epoch 199/300
62/62 - 1s - loss: 1.3162 - accuracy: 0.6409 - weighted_accuracy: 0.6502 - val_loss: 1.3601 - val_accuracy: 0.6330 - val_weighted_accuracy: 0.6380 - 1s/epoch - 24ms/step
Epoch 200/300
62/62 - 2s - loss: 1.3183 - accuracy: 0.6400 - weighted_accuracy: 0.6505 - val_loss: 1.3590 - val_accuracy: 0.6298 - val_weighted_accuracy: 0.6350 - 2s/epoch - 24ms/step
Epoch 201/300
62/62 - 2s - loss: 1.3169 - accuracy: 0.6391 - weighted_accuracy: 0.6487 - val_loss: 1.3632 - val_accuracy: 0.6334 - val_weighted_accuracy: 0.6369 - 2s/epoch - 25ms/step
Epoch 202/300
62/62 - 2s - loss: 1.3165 - accuracy: 0.6393 - weighted_accuracy: 0.6491 - val_loss: 1.3671 - val_accuracy: 0.6339 - val_weighted_accuracy: 0.6350 - 2s/epoch - 26ms/step
Epoch 203/300
62/62 - 2s - loss: 1.3158 - accuracy: 0.6414 - weighted_accuracy: 0.6501 - val_loss: 1.3622 - val_accuracy: 0.6366 - val_weighted_accuracy: 0.6360 - 2s/epoch - 26ms/step
Epoch 204/300
62/62 - 1s - loss: 1.3162 - accuracy: 0.6405 - weighted_accuracy: 0.6485 - val_loss: 1.3609 - val_accuracy: 0.6288 - val_weighted_accuracy: 0.6364 - 1s/epoch - 23ms/step
Epoch 205/300
62/62 - 2s - loss: 1.3169 - accuracy: 0.6411 - weighted_accuracy: 0.6497 - val_loss: 1.3612 - val_accuracy: 0.6221 - val_weighted_accuracy: 0.6318 - 2s/epoch - 25ms/step
Epoch 206/300
62/62 - 2s - loss: 1.3170 - accuracy: 0.6394 - weighted_accuracy: 0.6501 - val_loss: 1.3597 - val_accuracy: 0.6385 - val_weighted_accuracy: 0.6376 - 2s/epoch - 25ms/step
Epoch 206: early stopping
                         : Getting training history for item:0 name = 'loss'
                         : Getting training history for item:1 name = 'accuracy'
                         : Getting training history for item:2 name = 'weighted_accuracy'
                         : Getting training history for item:3 name = 'val_loss'
                         : Getting training history for item:4 name = 'val_accuracy'
                         : Getting training history for item:5 name = 'val_weighted_accuracy'
                         : Trained model written to file: electron2016preVFP__5__64__800__0.2/weights/TrainedModel_DNN.h5
                         : Elapsed time for training with 61139 events: 358 sec         
                         : Setting up tf.keras
                         : Using TensorFlow version 2
                         : Use Keras version from TensorFlow : tf.keras
                         : Disabled TF eager execution when evaluating model 
                         :  Loading Keras Model 
                         : Loaded model from file: electron2016preVFP__5__64__800__0.2/weights/TrainedModel_DNN.h5
DNN                      : [electron2016preVFP__5__64__800__0.2] : Evaluation of DNN on training sample (61139 events)
                         : Elapsed time for evaluation of 61139 events: 2.96 sec       
                         : Creating xml weight file: [0;36melectron2016preVFP__5__64__800__0.2/weights/electron2016preVFP__5__64__800__0.2_DNN.weights.xml[0m
                         : Creating standalone class: [0;36melectron2016preVFP__5__64__800__0.2/weights/electron2016preVFP__5__64__800__0.2_DNN.class.C[0m
Factory                  : Training finished
                         : 
                         : Ranking input variables (method specific)...
                         : No variable ranking supplied by classifier: DNN
TH1.Print Name  = TrainingHistory_DNN_'accuracy', Entries= 0, Total sum= 131.444
TH1.Print Name  = TrainingHistory_DNN_'loss', Entries= 0, Total sum= 273.695
TH1.Print Name  = TrainingHistory_DNN_'val_accuracy', Entries= 0, Total sum= 130.036
TH1.Print Name  = TrainingHistory_DNN_'val_loss', Entries= 0, Total sum= 282.175
TH1.Print Name  = TrainingHistory_DNN_'val_weighted_accuracy', Entries= 0, Total sum= 130.567
TH1.Print Name  = TrainingHistory_DNN_'weighted_accuracy', Entries= 0, Total sum= 133.154
Factory                  : === Destroy and recreate all methods via weight files for testing ===
                         : 
                         : Reading weight file: [0;36melectron2016preVFP__5__64__800__0.2/weights/electron2016preVFP__5__64__800__0.2_DNN.weights.xml[0m
Factory                  : [1mTest all methods[0m
Factory                  : Test method: DNN for Classification performance
                         : 
                         : Setting up tf.keras
                         : Using TensorFlow version 2
                         : Use Keras version from TensorFlow : tf.keras
                         : Disabled TF eager execution when evaluating model 
                         :  Loading Keras Model 
                         : Loaded model from file: electron2016preVFP__5__64__800__0.2/weights/TrainedModel_DNN.h5
DNN                      : [electron2016preVFP__5__64__800__0.2] : Evaluation of DNN on testing sample (82804 events)
                         : Elapsed time for evaluation of 82804 events: 4.13 sec       
Factory                  : [1mEvaluate all methods[0m
Factory                  : Evaluate classifier: DNN
                         : 
TFHandler_DNN            :                         Variable                                Mean                                RMS                        [        Min                                Max ]
                         : -----------------------------------------------------------------------------------------------------------------------------------------------------------------------------------
                         :                 belectron_nsip3d:                           0.49355                           0.28599   [                        1.0000e-09                            1.0000 ]
                         :                 belectron_reliso:                           0.47564                           0.30284   [                         0.0012631                            1.0000 ]
                         :              belectron_ptwrtbjet:                           0.52029                           0.29035   [                        1.0000e-09                            1.0000 ]
                         :              belectron_P_jetrest:                           0.69393                           0.11950   [                           0.60937                            1.0000 ]
                         :     bjet_charge*belectron_charge:                           0.50411                           0.28845   [                        0.00043912                            1.0000 ]
                         : bjet_ChargedHadronEnergyFraction:                           0.48899                           0.29712   [                        0.00051069                            1.0000 ]
                         : bjet_NeutralHadronEnergyFraction:                           0.39933                           0.32564   [                        0.00061390                           0.99939 ]
                         :     bjet_NeutralEmEnergyFraction:                           0.50277                           0.29069   [                        0.00057573                            1.0000 ]
                         :     bjet_ChargedEmEnergyFraction:                           0.21369                           0.31158   [                        0.00086395                            1.0000 ]
                         :          bjet_MuonEnergyFraction:                          0.082269                           0.21523   [                         0.0033984                            1.0000 ]
                         :         bjet_ChargedMultiplicity:                           0.49589                           0.29575   [                        0.00046248                            1.0000 ]
                         :         bjet_NeutralMultiplicity:                           0.50793                           0.28892   [                        1.0267e-07                            1.0000 ]
                         :                fabs(bjet_charge):                           0.49594                           0.29768   [                        0.00064320                            1.0000 ]
                         : -----------------------------------------------------------------------------------------------------------------------------------------------------------------------------------
DNN                      : [electron2016preVFP__5__64__800__0.2] : Loop over test events and fill histograms with classifier response...
                         : 
TFHandler_DNN            :                         Variable                                Mean                                RMS                        [        Min                                Max ]
                         : -----------------------------------------------------------------------------------------------------------------------------------------------------------------------------------
                         :                 belectron_nsip3d:                           0.49355                           0.28599   [                        1.0000e-09                            1.0000 ]
                         :                 belectron_reliso:                           0.47564                           0.30284   [                         0.0012631                            1.0000 ]
                         :              belectron_ptwrtbjet:                           0.52029                           0.29035   [                        1.0000e-09                            1.0000 ]
                         :              belectron_P_jetrest:                           0.69393                           0.11950   [                           0.60937                            1.0000 ]
                         :     bjet_charge*belectron_charge:                           0.50411                           0.28845   [                        0.00043912                            1.0000 ]
                         : bjet_ChargedHadronEnergyFraction:                           0.48899                           0.29712   [                        0.00051069                            1.0000 ]
                         : bjet_NeutralHadronEnergyFraction:                           0.39933                           0.32564   [                        0.00061390                           0.99939 ]
                         :     bjet_NeutralEmEnergyFraction:                           0.50277                           0.29069   [                        0.00057573                            1.0000 ]
                         :     bjet_ChargedEmEnergyFraction:                           0.21369                           0.31158   [                        0.00086395                            1.0000 ]
                         :          bjet_MuonEnergyFraction:                          0.082269                           0.21523   [                         0.0033984                            1.0000 ]
                         :         bjet_ChargedMultiplicity:                           0.49589                           0.29575   [                        0.00046248                            1.0000 ]
                         :         bjet_NeutralMultiplicity:                           0.50793                           0.28892   [                        1.0267e-07                            1.0000 ]
                         :                fabs(bjet_charge):                           0.49594                           0.29768   [                        0.00064320                            1.0000 ]
                         : -----------------------------------------------------------------------------------------------------------------------------------------------------------------------------------
                         : 
                         : Evaluation results ranked by best signal efficiency and purity (area)
                         : -------------------------------------------------------------------------------------------------------------------
                         : DataSet       MVA                       
                         : Name:         Method:          ROC-integ
                         : electron2016preVFP__5__64__800__0.2 DNN            : 0.699
                         : -------------------------------------------------------------------------------------------------------------------
                         : 
                         : Testing efficiency compared to training efficiency (overtraining check)
                         : -------------------------------------------------------------------------------------------------------------------
                         : DataSet              MVA              Signal efficiency: from test sample (from training sample) 
                         : Name:                Method:          @B=0.01             @B=0.10            @B=0.30   
                         : -------------------------------------------------------------------------------------------------------------------
                         : electron2016preVFP__5__64__800__0.2 DNN            : 0.070 (0.069)       0.309 (0.307)      0.587 (0.586)
                         : -------------------------------------------------------------------------------------------------------------------
                         : 
Dataset:electron2016pr...: Created tree 'TestTree' with 82804 events
                         : 
Dataset:electron2016pr...: Created tree 'TrainTree' with 61139 events
                         : 
Factory                  : [1mThank you for using TMVA![0m
                         : [1mFor citation information, please visit: http://tmva.sf.net/citeTMVA.html[0m
ref.cut= DNN 0.4850395499007653
auc= 0.6986567254992326
myerr=0
[ntry=1]
