/home/condor/dir_1226878
DataSetInfo              : [FIN_BDT_2018] : Added class "Signal"
                         : Add Tree OutTree/sig of type Signal with 1214414 events
                         : Add Tree OutTree/sig of type Signal with 1201196 events
DataSetInfo              : [FIN_BDT_2018] : Added class "Background"
                         : Add Tree OutTree/bkg of type Background with 797707 events
                         : Add Tree OutTree/bkg of type Background with 786930 events
Factory                  : Booking method: [1mBDT[0m
                         : 
                         : Parsing option string: 
                         : ... "!H:V:NTrees=500:MinNodeSize=1%:MaxDepth=5:Shrinkage=0.005:BoostType=Grad:AdaBoostBeta=:UseBaggedBoost=True:BaggedSampleFraction=0.1:SeparationType=GiniIndex:nCuts=50:IgnoreNegWeightsInTraining=True:VarTransform=G"
                         : The following options are set:
                         : - By User:
                         :     <none>
                         : - Default:
                         :     Boost_num: "0" [Number of times the classifier will be boosted]
                         : Parsing option string: 
                         : ... "!H:V:NTrees=500:MinNodeSize=1%:MaxDepth=5:Shrinkage=0.005:BoostType=Grad:AdaBoostBeta=:UseBaggedBoost=True:BaggedSampleFraction=0.1:SeparationType=GiniIndex:nCuts=50:IgnoreNegWeightsInTraining=True:VarTransform=G"
                         : The following options are set:
                         : - By User:
                         :     V: "True" [Verbose output (short form of "VerbosityLevel" below - overrides the latter one)]
                         :     VarTransform: "G" [List of variable transformations performed before training, e.g., "D_Background,P_Signal,G,N_AllClasses" for: "Decorrelation, PCA-transformation, Gaussianisation, Normalisation, each for the given class of events ('AllClasses' denotes all events of all classes, if no class indication is given, 'All' is assumed)"]
                         :     H: "False" [Print method-specific help message]
                         :     IgnoreNegWeightsInTraining: "True" [Events with negative weights are ignored in the training (but are included for testing and performance evaluation)]
                         :     NTrees: "500" [Number of trees in the forest]
                         :     MaxDepth: "5" [Max depth of the decision tree allowed]
                         :     MinNodeSize: "1%" [Minimum percentage of training events required in a leaf node (default: Classification: 5%, Regression: 0.2%)]
                         :     nCuts: "50" [Number of grid points in variable range used in finding optimal cut in node splitting]
                         :     BoostType: "Grad" [Boosting type for the trees in the forest (note: AdaCost is still experimental)]
                         :     UseBaggedBoost: "True" [Use only a random subsample of all events for growing the trees in each boost iteration.]
                         :     Shrinkage: "5.000000e-03" [Learning rate for BoostType=Grad algorithm]
                         :     AdaBoostBeta: "5.000000e-01" [Learning rate  for AdaBoost algorithm]
                         :     BaggedSampleFraction: "1.000000e-01" [Relative size of bagged event sample to original size of the data sample (used whenever bagging is used (i.e. UseBaggedBoost, Bagging,)]
                         :     SeparationType: "GiniIndex" [Separation criterion for node splitting]
                         : - Default:
                         :     VerbosityLevel: "Default" [Verbosity level]
                         :     CreateMVAPdfs: "False" [Create PDFs for classifier outputs (signal and background)]
                         :     AdaBoostR2Loss: "Quadratic" [Type of Loss function in AdaBoostR2]
                         :     UseRandomisedTrees: "False" [Determine at each node splitting the cut variable only as the best out of a random subset of variables (like in RandomForests)]
                         :     UseNvars: "4" [Size of the subset of variables used with RandomisedTree option]
                         :     UsePoissonNvars: "True" [Interpret "UseNvars" not as fixed number but as mean of a Poisson distribution in each split with RandomisedTree option]
                         :     UseYesNoLeaf: "True" [Use Sig or Bkg categories, or the purity=S/(S+B) as classification of the leaf node -> Real-AdaBoost]
                         :     NegWeightTreatment: "InverseBoostNegWeights" [How to treat events with negative weights in the BDT training (particular the boosting) : IgnoreInTraining;  Boost With inverse boostweight; Pair events with negative and positive weights in training sample and *annihilate* them (experimental!)]
                         :     Css: "1.000000e+00" [AdaCost: cost of true signal selected signal]
                         :     Cts_sb: "1.000000e+00" [AdaCost: cost of true signal selected bkg]
                         :     Ctb_ss: "1.000000e+00" [AdaCost: cost of true bkg    selected signal]
                         :     Cbb: "1.000000e+00" [AdaCost: cost of true bkg    selected bkg ]
                         :     NodePurityLimit: "5.000000e-01" [In boosting/pruning, nodes with purity > NodePurityLimit are signal; background otherwise.]
                         :     RegressionLossFunctionBDTG: "Huber" [Loss function for BDTG regression.]
                         :     HuberQuantile: "7.000000e-01" [In the Huber loss function this is the quantile that separates the core from the tails in the residuals distribution.]
                         :     DoBoostMonitor: "False" [Create control plot with ROC integral vs tree number]
                         :     UseFisherCuts: "False" [Use multivariate splits using the Fisher criterion]
                         :     MinLinCorrForFisher: "8.000000e-01" [The minimum linear correlation between two variables demanded for use in Fisher criterion in node splitting]
                         :     UseExclusiveVars: "False" [Variables already used in fisher criterion are not anymore analysed individually for node splitting]
                         :     DoPreselection: "False" [and and apply automatic pre-selection for 100% efficient signal (bkg) cuts prior to training]
                         :     SigToBkgFraction: "1.000000e+00" [Sig to Bkg ratio used in Training (similar to NodePurityLimit, which cannot be used in real adaboost]
                         :     PruneMethod: "NoPruning" [Note: for BDTs use small trees (e.g.MaxDepth=3) and NoPruning:  Pruning: Method used for pruning (removal) of statistically insignificant branches ]
                         :     PruneStrength: "0.000000e+00" [Pruning strength]
                         :     PruningValFraction: "5.000000e-01" [Fraction of events to use for optimizing automatic pruning.]
                         :     SkipNormalization: "False" [Skip normalization at initialization, to keep expectation value of BDT output according to the fraction of events]
                         :     nEventsMin: "0" [deprecated: Use MinNodeSize (in % of training events) instead]
                         :     UseBaggedGrad: "False" [deprecated: Use *UseBaggedBoost* instead:  Use only a random subsample of all events for growing the trees in each iteration.]
                         :     GradBaggingFraction: "1.000000e-01" [deprecated: Use *BaggedSampleFraction* instead: Defines the fraction of events to be used in each iteration, e.g. when UseBaggedGrad=kTRUE. ]
                         :     UseNTrainEvents: "0" [deprecated: Use *BaggedSampleFraction* instead: Number of randomly picked training events used in randomised (and bagged) trees]
                         :     NNodesMax: "0" [deprecated: Use MaxDepth instead to limit the tree size]
BDT                      : [FIN_BDT_2018] : Create Transformation "G" with events from all classes.
                         : 
                         : Transformation, Variable selection : 
                         : Input : variable 'bmuon_nsip3d<10.?bmuon_nsip3d:10.' <---> Output : variable 'bmuon_nsip3d<10.?bmuon_nsip3d:10.'
                         : Input : variable 'bmuon_reliso<10.?bmuon_reliso:10.' <---> Output : variable 'bmuon_reliso<10.?bmuon_reliso:10.'
                         : Input : variable 'bmuon_dR_l_j' <---> Output : variable 'bmuon_dR_l_j'
                         : Input : variable 'bmuon_ptwrtbjet<10.?bmuon_ptwrtbjet:10.' <---> Output : variable 'bmuon_ptwrtbjet<10.?bmuon_ptwrtbjet:10.'
                         : Input : variable 'bmuon_P_jetrest<10.?bmuon_P_jetrest:10.' <---> Output : variable 'bmuon_P_jetrest<10.?bmuon_P_jetrest:10.'
                         : Input : variable 'bmuon_palongjet<50.?bmuon_palongjet:50.' <---> Output : variable 'bmuon_palongjet<50.?bmuon_palongjet:50.'
                         : Input : variable 'bjet_charge*bmuon_charge<0.6?bjet_charge*bmuon_charge:0.6' <---> Output : variable 'bjet_charge*bmuon_charge<0.6?bjet_charge*bmuon_charge:0.6'
                         : Input : variable 'bjet_ChargedHadronEnergyFraction>0.2?bjet_ChargedHadronEnergyFraction:0.2' <---> Output : variable 'bjet_ChargedHadronEnergyFraction>0.2?bjet_ChargedHadronEnergyFraction:0.2'
                         : Input : variable 'bjet_NeutralHadronEnergyFraction>0.06?bjet_NeutralHadronEnergyFraction:0.06' <---> Output : variable 'bjet_NeutralHadronEnergyFraction>0.06?bjet_NeutralHadronEnergyFraction:0.06'
                         : Input : variable 'bjet_NeutralEmEnergyFraction' <---> Output : variable 'bjet_NeutralEmEnergyFraction'
                         : Input : variable 'bjet_MuonEnergyFraction>0.08?bjet_MuonEnergyFraction:0.08' <---> Output : variable 'bjet_MuonEnergyFraction>0.08?bjet_MuonEnergyFraction:0.08'
                         : Input : variable '(bjet_ChargedMultiplicity>19)?20:(bjet_ChargedMultiplicity<11)?11:bjet_ChargedMultiplicity' <---> Output : variable '(bjet_ChargedMultiplicity>19)?20:(bjet_ChargedMultiplicity<11)?11:bjet_ChargedMultiplicity'
                         : Input : variable 'bjet_NeutralMultiplicity' <---> Output : variable 'bjet_NeutralMultiplicity'
                         : Input : variable 'fabs(bjet_charge)<0.6?fabs(bjet_charge):0.6' <---> Output : variable 'fabs(bjet_charge)<0.6?fabs(bjet_charge):0.6'
                         : the option NegWeightTreatment=InverseBoostNegWeights does not exist for BoostType=Grad
                         : --> change to new default NegWeightTreatment=Pray
                         : Rebuilding Dataset FIN_BDT_2018
                         : Building event vectors for type 1 Signal
                         : Dataset[FIN_BDT_2018] :  create input formulas for tree sig
                         : Dataset[FIN_BDT_2018] :  create input formulas for tree sig
                         : Dataset[FIN_BDT_2018] :  create input formulas for tree sig
                         : Building event vectors for type 0 Signal
                         : Dataset[FIN_BDT_2018] :  create input formulas for tree sig
                         : Dataset[FIN_BDT_2018] :  create input formulas for tree sig
                         : Building event vectors for type 1 Background
                         : Dataset[FIN_BDT_2018] :  create input formulas for tree bkg
                         : Dataset[FIN_BDT_2018] :  create input formulas for tree bkg
                         : Dataset[FIN_BDT_2018] :  create input formulas for tree bkg
                         : Building event vectors for type 0 Background
                         : Dataset[FIN_BDT_2018] :  create input formulas for tree bkg
                         : Dataset[FIN_BDT_2018] :  create input formulas for tree bkg
DataSetFactory           : [FIN_BDT_2018] : Number of events in input trees
                         : Dataset[FIN_BDT_2018] :     Signal     requirement: "(bmuon_charge*bjet_partonFlavour < 0)&&Has_bMuon"
                         : Dataset[FIN_BDT_2018] :     Signal          -- number of events passed: 132941  / sum of weights: 83842.1
                         : Dataset[FIN_BDT_2018] :     Signal          -- efficiency             : 0.0456268
                         : Dataset[FIN_BDT_2018] :     Background requirement: "(bmuon_charge*bjet_partonFlavour > 0)&&Has_bMuon"
                         : Dataset[FIN_BDT_2018] :     Background      -- number of events passed: 64522  / sum of weights: 41485
                         : Dataset[FIN_BDT_2018] :     Background      -- efficiency             : 0.0340916
                         : Dataset[FIN_BDT_2018] :  you have opted for interpreting the requested number of training/testing events
                         :  to be the number of events AFTER your preselection cuts
                         : 
                         : Dataset[FIN_BDT_2018] :  you have opted for interpreting the requested number of training/testing events
                         :  to be the number of events AFTER your preselection cuts
                         : 
                         : Dataset[FIN_BDT_2018] : Weight renormalisation mode: "EqualNumEvents": renormalises all event classes ...
                         : Dataset[FIN_BDT_2018] :  such that the effective (weighted) number of events in each class is the same 
                         : Dataset[FIN_BDT_2018] :  (and equals the number of events (entries) given for class=0 )
                         : Dataset[FIN_BDT_2018] : ... i.e. such that Sum[i=1..N_j]{w_i} = N_classA, j=classA, classB, ...
                         : Dataset[FIN_BDT_2018] : ... (note that N_j is the sum of TRAINING events
                         : Dataset[FIN_BDT_2018] :  ..... Testing events are not renormalised nor included in the renormalisation factor!)
                         : Number of training and testing events
                         : ---------------------------------------------------------------------------
                         : Signal     -- training events            : 46719
                         : Signal     -- testing events             : 86222
                         : Signal     -- training and testing events: 132941
                         : Dataset[FIN_BDT_2018] : Signal     -- due to the preselection a scaling factor has been applied to the numbers of requested events: 0.0550341
                         : Background -- training events            : 22538
                         : Background -- testing events             : 41984
                         : Background -- training and testing events: 64522
                         : Dataset[FIN_BDT_2018] : Background -- due to the preselection a scaling factor has been applied to the numbers of requested events: 0.0407172
                         : 
DataSetInfo              : Correlation matrix (Signal):
                         : -------------------------------------------------------------------------------------------------------------------------------------------------------------------------------------------------------------------------------------------------------------------------------------------------------------------------------------------------------------------------------------------------------------------------------------------------------------------------------------------------------------------------------------------------------------------------------------------------------------------------------------------------------------------------------------------------------------------------------------------------------------------------------
                         :                                                                                             bmuon_nsip3d_10._bmuon_nsip3d:10. bmuon_reliso_10._bmuon_reliso:10. bmuon_dR_l_j bmuon_ptwrtbjet_10._bmuon_ptwrtbjet:10. bmuon_P_jetrest_10._bmuon_P_jetrest:10. bmuon_palongjet_50._bmuon_palongjet:50. bjet_charge_T_bmuon_charge_0.6_bjet_charge_T_bmuon_charge:0.6 bjet_ChargedHadronEnergyFraction_0.2_bjet_ChargedHadronEnergyFraction:0.2 bjet_NeutralHadronEnergyFraction_0.06_bjet_NeutralHadronEnergyFraction:0.06 bjet_NeutralEmEnergyFraction bjet_MuonEnergyFraction_0.08_bjet_MuonEnergyFraction:0.08 _bjet_ChargedMultiplicity_19__20:_bjet_ChargedMultiplicity_11__11:bjet_ChargedMultiplicity bjet_NeutralMultiplicity fabs_bjet_charge__0.6_fabs_bjet_charge_:0.6
                         :                                                          bmuon_nsip3d_10._bmuon_nsip3d:10.:                            +1.000                            +0.114       +0.158                                  +0.038                                  -0.089                                  -0.085                                                        -0.129                                                                    +0.076                                                                      +0.056                       +0.092                                                    -0.203                                                                                     +0.021                   +0.054                                      -0.116
                         :                                                          bmuon_reliso_10._bmuon_reliso:10.:                            +0.114                            +1.000       +0.229                                  -0.177                                  -0.433                                  -0.480                                                        -0.396                                                                    +0.423                                                                      +0.123                       +0.303                                                    -0.697                                                                                     +0.191                   +0.251                                      -0.346
                         :                                                                               bmuon_dR_l_j:                            +0.158                            +0.229       +1.000                                  +0.505                                  +0.024                                  -0.414                                                        -0.245                                                                    +0.208                                                                      +0.104                       +0.075                                                    -0.414                                                                                     +0.039                   +0.002                                      -0.249
                         :                                                    bmuon_ptwrtbjet_10._bmuon_ptwrtbjet:10.:                            +0.038                            -0.177       +0.505                                  +1.000                                  +0.743                                  +0.170                                                        +0.079                                                                    -0.091                                                                      -0.010                       -0.068                                                    +0.087                                                                                     +0.075                   +0.060                                      +0.073
                         :                                                    bmuon_P_jetrest_10._bmuon_P_jetrest:10.:                            -0.089                            -0.433       +0.024                                  +0.743                                  +1.000                                  +0.515                                                        +0.306                                                                    -0.306                                                                      -0.101                       -0.174                                                    +0.488                                                                                     +0.091                   +0.083                                      +0.300
                         :                                                    bmuon_palongjet_50._bmuon_palongjet:50.:                            -0.085                            -0.480       -0.414                                  +0.170                                  +0.515                                  +1.000                                                        +0.314                                                                    -0.268                                                                      -0.048                       -0.269                                                    +0.552                                                                                     +0.044                   -0.215                                      +0.313
                         :                              bjet_charge_T_bmuon_charge_0.6_bjet_charge_T_bmuon_charge:0.6:                            -0.129                            -0.396       -0.245                                  +0.079                                  +0.306                                  +0.314                                                        +1.000                                                                    -0.351                                                                      -0.044                       -0.075                                                    +0.516                                                                                     -0.161                   -0.073                                      +0.785
                         :                  bjet_ChargedHadronEnergyFraction_0.2_bjet_ChargedHadronEnergyFraction:0.2:                            +0.076                            +0.423       +0.208                                  -0.091                                  -0.306                                  -0.268                                                        -0.351                                                                    +1.000                                                                      -0.234                       -0.269                                                    -0.577                                                                                     +0.330                   -0.125                                      -0.357
                         :                bjet_NeutralHadronEnergyFraction_0.06_bjet_NeutralHadronEnergyFraction:0.06:                            +0.056                            +0.123       +0.104                                  -0.010                                  -0.101                                  -0.048                                                        -0.044                                                                    -0.234                                                                      +1.000                       -0.109                                                    -0.173                                                                                     -0.096                   +0.048                                      -0.051
                         :                                                               bjet_NeutralEmEnergyFraction:                            +0.092                            +0.303       +0.075                                  -0.068                                  -0.174                                  -0.269                                                        -0.075                                                                    -0.269                                                                      -0.109                       +1.000                                                    -0.307                                                                                     -0.037                   +0.459                                      -0.098
                         :                                  bjet_MuonEnergyFraction_0.08_bjet_MuonEnergyFraction:0.08:                            -0.203                            -0.697       -0.414                                  +0.087                                  +0.488                                  +0.552                                                        +0.516                                                                    -0.577                                                                      -0.173                       -0.307                                                    +1.000                                                                                     -0.254                   -0.231                                      +0.504
                         : _bjet_ChargedMultiplicity_19__20:_bjet_ChargedMultiplicity_11__11:bjet_ChargedMultiplicity:                            +0.021                            +0.191       +0.039                                  +0.075                                  +0.091                                  +0.044                                                        -0.161                                                                    +0.330                                                                      -0.096                       -0.037                                                    -0.254                                                                                     +1.000                   +0.082                                      -0.193
                         :                                                                   bjet_NeutralMultiplicity:                            +0.054                            +0.251       +0.002                                  +0.060                                  +0.083                                  -0.215                                                        -0.073                                                                    -0.125                                                                      +0.048                       +0.459                                                    -0.231                                                                                     +0.082                   +1.000                                      -0.086
                         :                                                fabs_bjet_charge__0.6_fabs_bjet_charge_:0.6:                            -0.116                            -0.346       -0.249                                  +0.073                                  +0.300                                  +0.313                                                        +0.785                                                                    -0.357                                                                      -0.051                       -0.098                                                    +0.504                                                                                     -0.193                   -0.086                                      +1.000
                         : -------------------------------------------------------------------------------------------------------------------------------------------------------------------------------------------------------------------------------------------------------------------------------------------------------------------------------------------------------------------------------------------------------------------------------------------------------------------------------------------------------------------------------------------------------------------------------------------------------------------------------------------------------------------------------------------------------------------------------------------------------------------------------
DataSetInfo              : Correlation matrix (Background):
                         : -------------------------------------------------------------------------------------------------------------------------------------------------------------------------------------------------------------------------------------------------------------------------------------------------------------------------------------------------------------------------------------------------------------------------------------------------------------------------------------------------------------------------------------------------------------------------------------------------------------------------------------------------------------------------------------------------------------------------------------------------------------------------------
                         :                                                                                             bmuon_nsip3d_10._bmuon_nsip3d:10. bmuon_reliso_10._bmuon_reliso:10. bmuon_dR_l_j bmuon_ptwrtbjet_10._bmuon_ptwrtbjet:10. bmuon_P_jetrest_10._bmuon_P_jetrest:10. bmuon_palongjet_50._bmuon_palongjet:50. bjet_charge_T_bmuon_charge_0.6_bjet_charge_T_bmuon_charge:0.6 bjet_ChargedHadronEnergyFraction_0.2_bjet_ChargedHadronEnergyFraction:0.2 bjet_NeutralHadronEnergyFraction_0.06_bjet_NeutralHadronEnergyFraction:0.06 bjet_NeutralEmEnergyFraction bjet_MuonEnergyFraction_0.08_bjet_MuonEnergyFraction:0.08 _bjet_ChargedMultiplicity_19__20:_bjet_ChargedMultiplicity_11__11:bjet_ChargedMultiplicity bjet_NeutralMultiplicity fabs_bjet_charge__0.6_fabs_bjet_charge_:0.6
                         :                                                          bmuon_nsip3d_10._bmuon_nsip3d:10.:                            +1.000                            -0.031       +0.151                                  +0.124                                  +0.044                                  -0.007                                                        +0.020                                                                    -0.032                                                                      +0.012                       +0.005                                                    +0.003                                                                                     -0.010                   -0.002                                      +0.030
                         :                                                          bmuon_reliso_10._bmuon_reliso:10.:                            -0.031                            +1.000       +0.043                                  -0.260                                  -0.438                                  -0.418                                                        -0.367                                                                    +0.310                                                                      +0.099                       +0.253                                                    -0.621                                                                                     +0.181                   +0.270                                      -0.187
                         :                                                                               bmuon_dR_l_j:                            +0.151                            +0.043       +1.000                                  +0.567                                  +0.185                                  -0.249                                                        -0.082                                                                    +0.018                                                                      +0.083                       +0.012                                                    -0.216                                                                                     +0.050                   -0.046                                      -0.071
                         :                                                    bmuon_ptwrtbjet_10._bmuon_ptwrtbjet:10.:                            +0.124                            -0.260       +0.567                                  +1.000                                  +0.824                                  +0.246                                                        +0.211                                                                    -0.155                                                                      +0.012                       -0.061                                                    +0.197                                                                                     +0.043                   -0.001                                      +0.135
                         :                                                    bmuon_P_jetrest_10._bmuon_P_jetrest:10.:                            +0.044                            -0.438       +0.185                                  +0.824                                  +1.000                                  +0.505                                                        +0.382                                                                    -0.251                                                                      -0.040                       -0.109                                                    +0.484                                                                                     +0.060                   +0.045                                      +0.256
                         :                                                    bmuon_palongjet_50._bmuon_palongjet:50.:                            -0.007                            -0.418       -0.249                                  +0.246                                  +0.505                                  +1.000                                                        +0.295                                                                    -0.102                                                                      -0.037                       -0.208                                                    +0.454                                                                                     +0.085                   -0.242                                      +0.188
                         :                              bjet_charge_T_bmuon_charge_0.6_bjet_charge_T_bmuon_charge:0.6:                            +0.020                            -0.367       -0.082                                  +0.211                                  +0.382                                  +0.295                                                        +1.000                                                                    -0.302                                                                      +0.043                       +0.047                                                    +0.485                                                                                     -0.062                   +0.000                                      +0.354
                         :                  bjet_ChargedHadronEnergyFraction_0.2_bjet_ChargedHadronEnergyFraction:0.2:                            -0.032                            +0.310       +0.018                                  -0.155                                  -0.251                                  -0.102                                                        -0.302                                                                    +1.000                                                                      -0.328                       -0.364                                                    -0.480                                                                                     +0.321                   -0.188                                      -0.236
                         :                bjet_NeutralHadronEnergyFraction_0.06_bjet_NeutralHadronEnergyFraction:0.06:                            +0.012                            +0.099       +0.083                                  +0.012                                  -0.040                                  -0.037                                                        +0.043                                                                    -0.328                                                                      +1.000                       -0.116                                                    -0.117                                                                                     -0.114                   +0.055                                      +0.005
                         :                                                               bjet_NeutralEmEnergyFraction:                            +0.005                            +0.253       +0.012                                  -0.061                                  -0.109                                  -0.208                                                        +0.047                                                                    -0.364                                                                      -0.116                       +1.000                                                    -0.187                                                                                     -0.064                   +0.465                                      -0.054
                         :                                  bjet_MuonEnergyFraction_0.08_bjet_MuonEnergyFraction:0.08:                            +0.003                            -0.621       -0.216                                  +0.197                                  +0.484                                  +0.454                                                        +0.485                                                                    -0.480                                                                      -0.117                       -0.187                                                    +1.000                                                                                     -0.246                   -0.178                                      +0.357
                         : _bjet_ChargedMultiplicity_19__20:_bjet_ChargedMultiplicity_11__11:bjet_ChargedMultiplicity:                            -0.010                            +0.181       +0.050                                  +0.043                                  +0.060                                  +0.085                                                        -0.062                                                                    +0.321                                                                      -0.114                       -0.064                                                    -0.246                                                                                     +1.000                   +0.059                                      -0.181
                         :                                                                   bjet_NeutralMultiplicity:                            -0.002                            +0.270       -0.046                                  -0.001                                  +0.045                                  -0.242                                                        +0.000                                                                    -0.188                                                                      +0.055                       +0.465                                                    -0.178                                                                                     +0.059                   +1.000                                      -0.059
                         :                                                fabs_bjet_charge__0.6_fabs_bjet_charge_:0.6:                            +0.030                            -0.187       -0.071                                  +0.135                                  +0.256                                  +0.188                                                        +0.354                                                                    -0.236                                                                      +0.005                       -0.054                                                    +0.357                                                                                     -0.181                   -0.059                                      +1.000
                         : -------------------------------------------------------------------------------------------------------------------------------------------------------------------------------------------------------------------------------------------------------------------------------------------------------------------------------------------------------------------------------------------------------------------------------------------------------------------------------------------------------------------------------------------------------------------------------------------------------------------------------------------------------------------------------------------------------------------------------------------------------------------------------
DataSetFactory           : [FIN_BDT_2018] :  
                         : 
Factory                  : [1mTrain all methods[0m
Factory                  : [FIN_BDT_2018] : Create Transformation "I" with events from all classes.
                         : 
                         : Transformation, Variable selection : 
                         : Input : variable 'bmuon_nsip3d<10.?bmuon_nsip3d:10.' <---> Output : variable 'bmuon_nsip3d<10.?bmuon_nsip3d:10.'
                         : Input : variable 'bmuon_reliso<10.?bmuon_reliso:10.' <---> Output : variable 'bmuon_reliso<10.?bmuon_reliso:10.'
                         : Input : variable 'bmuon_dR_l_j' <---> Output : variable 'bmuon_dR_l_j'
                         : Input : variable 'bmuon_ptwrtbjet<10.?bmuon_ptwrtbjet:10.' <---> Output : variable 'bmuon_ptwrtbjet<10.?bmuon_ptwrtbjet:10.'
                         : Input : variable 'bmuon_P_jetrest<10.?bmuon_P_jetrest:10.' <---> Output : variable 'bmuon_P_jetrest<10.?bmuon_P_jetrest:10.'
                         : Input : variable 'bmuon_palongjet<50.?bmuon_palongjet:50.' <---> Output : variable 'bmuon_palongjet<50.?bmuon_palongjet:50.'
                         : Input : variable 'bjet_charge*bmuon_charge<0.6?bjet_charge*bmuon_charge:0.6' <---> Output : variable 'bjet_charge*bmuon_charge<0.6?bjet_charge*bmuon_charge:0.6'
                         : Input : variable 'bjet_ChargedHadronEnergyFraction>0.2?bjet_ChargedHadronEnergyFraction:0.2' <---> Output : variable 'bjet_ChargedHadronEnergyFraction>0.2?bjet_ChargedHadronEnergyFraction:0.2'
                         : Input : variable 'bjet_NeutralHadronEnergyFraction>0.06?bjet_NeutralHadronEnergyFraction:0.06' <---> Output : variable 'bjet_NeutralHadronEnergyFraction>0.06?bjet_NeutralHadronEnergyFraction:0.06'
                         : Input : variable 'bjet_NeutralEmEnergyFraction' <---> Output : variable 'bjet_NeutralEmEnergyFraction'
                         : Input : variable 'bjet_MuonEnergyFraction>0.08?bjet_MuonEnergyFraction:0.08' <---> Output : variable 'bjet_MuonEnergyFraction>0.08?bjet_MuonEnergyFraction:0.08'
                         : Input : variable '(bjet_ChargedMultiplicity>19)?20:(bjet_ChargedMultiplicity<11)?11:bjet_ChargedMultiplicity' <---> Output : variable '(bjet_ChargedMultiplicity>19)?20:(bjet_ChargedMultiplicity<11)?11:bjet_ChargedMultiplicity'
                         : Input : variable 'bjet_NeutralMultiplicity' <---> Output : variable 'bjet_NeutralMultiplicity'
                         : Input : variable 'fabs(bjet_charge)<0.6?fabs(bjet_charge):0.6' <---> Output : variable 'fabs(bjet_charge)<0.6?fabs(bjet_charge):0.6'
TFHandler_Factory        :                                                                                   Variable                                                                                          Mean                                                                                          RMS                                                                                  [        Min                                                                                          Max ]
                         : -------------------------------------------------------------------------------------------------------------------------------------------------------------------------------------------------------------------------------------------------------------------------------------------------------------------------------------------------------------------------------------------------------------------------------------------------------------------------------------
                         :                                                          bmuon_nsip3d<10.?bmuon_nsip3d:10.:                                                                                      7.1218                                                                                      3.4770   [                                                                                    0.011431                                                                                      10.000 ]
                         :                                                          bmuon_reliso<10.?bmuon_reliso:10.:                                                                                      2.7501                                                                                      2.2322   [                                                                                      0.0000                                                                                      9.9989 ]
                         :                                                                               bmuon_dR_l_j:                                                                                    0.084915                                                                                    0.059974   [                                                                                  0.00024795                                                                                     0.39863 ]
                         :                                                    bmuon_ptwrtbjet<10.?bmuon_ptwrtbjet:10.:                                                                                     0.96852                                                                                     0.67076   [                                                                                   0.0028483                                                                                      10.000 ]
                         :                                                    bmuon_P_jetrest<10.?bmuon_P_jetrest:10.:                                                                                      1.3899                                                                                     0.78945   [                                                                                     0.18943                                                                                      10.000 ]
                         :                                                    bmuon_palongjet<50.?bmuon_palongjet:50.:                                                                                      23.998                                                                                      14.456   [                                                                                      4.6923                                                                                      50.000 ]
                         :                                  bjet_charge*bmuon_charge<0.6?bjet_charge*bmuon_charge:0.6:                                                                                     0.18927                                                                                     0.29695   [                                                                                    -0.99917                                                                                     0.60000 ]
                         :                  bjet_ChargedHadronEnergyFraction>0.2?bjet_ChargedHadronEnergyFraction:0.2:                                                                                     0.46044                                                                                     0.18053   [                                                                                     0.20000                                                                                      1.0000 ]
                         :                bjet_NeutralHadronEnergyFraction>0.06?bjet_NeutralHadronEnergyFraction:0.06:                                                                                     0.10536                                                                                    0.082229   [                                                                                    0.060000                                                                                     0.78561 ]
                         :                                                               bjet_NeutralEmEnergyFraction:                                                                                     0.18747                                                                                     0.13059   [                                                                                      0.0000                                                                                     0.86089 ]
                         :                                  bjet_MuonEnergyFraction>0.08?bjet_MuonEnergyFraction:0.08:                                                                                     0.25055                                                                                     0.15677   [                                                                                    0.080000                                                                                     0.94861 ]
                         : (bjet_ChargedMultiplicity>19)?20:(bjet_ChargedMultiplicity<11)?11:bjet_ChargedMultiplicity:                                                                                      12.398                                                                                      2.3233   [                                                                                      11.000                                                                                      20.000 ]
                         :                                                                   bjet_NeutralMultiplicity:                                                                                      9.1941                                                                                      4.7214   [                                                                                      0.0000                                                                                      36.000 ]
                         :                                                fabs(bjet_charge)<0.6?fabs(bjet_charge):0.6:                                                                                     0.29511                                                                                     0.18992   [                                                                                  6.3158e-06                                                                                     0.60000 ]
                         : -------------------------------------------------------------------------------------------------------------------------------------------------------------------------------------------------------------------------------------------------------------------------------------------------------------------------------------------------------------------------------------------------------------------------------------------------------------------------------------
                         : Ranking input variables (method unspecific)...
IdTransformation         : Ranking result (top variable is best ranked)
                         : -------------------------------------------------------------------------------------------------------------------
                         : Rank : Variable                                                                                   : Separation
                         : -------------------------------------------------------------------------------------------------------------------
                         :    1 : bjet_charge*bmuon_charge<0.6?bjet_charge*bmuon_charge:0.6                                  : 1.368e-01
                         :    2 : bmuon_P_jetrest<10.?bmuon_P_jetrest:10.                                                    : 1.104e-01
                         :    3 : bjet_MuonEnergyFraction>0.08?bjet_MuonEnergyFraction:0.08                                  : 8.269e-02
                         :    4 : bmuon_ptwrtbjet<10.?bmuon_ptwrtbjet:10.                                                    : 7.406e-02
                         :    5 : fabs(bjet_charge)<0.6?fabs(bjet_charge):0.6                                                : 6.989e-02
                         :    6 : bmuon_reliso<10.?bmuon_reliso:10.                                                          : 5.514e-02
                         :    7 : bmuon_palongjet<50.?bmuon_palongjet:50.                                                    : 2.789e-02
                         :    8 : bjet_ChargedHadronEnergyFraction>0.2?bjet_ChargedHadronEnergyFraction:0.2                  : 1.927e-02
                         :    9 : bmuon_nsip3d<10.?bmuon_nsip3d:10.                                                          : 1.227e-02
                         :   10 : bmuon_dR_l_j                                                                               : 7.038e-03
                         :   11 : bjet_NeutralEmEnergyFraction                                                               : 6.587e-03
                         :   12 : (bjet_ChargedMultiplicity>19)?20:(bjet_ChargedMultiplicity<11)?11:bjet_ChargedMultiplicity : 4.482e-03
                         :   13 : bjet_NeutralMultiplicity                                                                   : 3.635e-03
                         :   14 : bjet_NeutralHadronEnergyFraction>0.06?bjet_NeutralHadronEnergyFraction:0.06                : 2.862e-03
                         : -------------------------------------------------------------------------------------------------------------------
Factory                  : Train method: BDT for Classification
                         : 
                         : Preparing the Gaussian transformation...
TFHandler_BDT            :                                                                                   Variable                                                                                          Mean                                                                                          RMS                                                                                  [        Min                                                                                          Max ]
                         : -------------------------------------------------------------------------------------------------------------------------------------------------------------------------------------------------------------------------------------------------------------------------------------------------------------------------------------------------------------------------------------------------------------------------------------------------------------------------------------
                         :                                                          bmuon_nsip3d<10.?bmuon_nsip3d:10.:                                                                                      2.8301                                                                                      2.9491   [                                                                                     -3.1171                                                                                      5.7307 ]
                         :                                                          bmuon_reliso<10.?bmuon_reliso:10.:                                                                                   -0.023540                                                                                      1.0320   [                                                                                     -3.2968                                                                                      5.7307 ]
                         :                                                                               bmuon_dR_l_j:                                                                                   0.0015200                                                                                     0.99464   [                                                                                     -3.2756                                                                                      5.7307 ]
                         :                                                    bmuon_ptwrtbjet<10.?bmuon_ptwrtbjet:10.:                                                                                   0.0057567                                                                                      1.0027   [                                                                                     -3.3379                                                                                      5.7307 ]
                         :                                                    bmuon_P_jetrest<10.?bmuon_P_jetrest:10.:                                                                                   0.0073896                                                                                      1.0051   [                                                                                     -3.3406                                                                                      5.7307 ]
                         :                                                    bmuon_palongjet<50.?bmuon_palongjet:50.:                                                                                     0.74702                                                                                      2.1376   [                                                                                     -3.2653                                                                                      5.7307 ]
                         :                                  bjet_charge*bmuon_charge<0.6?bjet_charge*bmuon_charge:0.6:                                                                                     0.59041                                                                                      1.9286   [                                                                                     -3.2953                                                                                      5.4200 ]
                         :                  bjet_ChargedHadronEnergyFraction>0.2?bjet_ChargedHadronEnergyFraction:0.2:                                                                                    -0.30593                                                                                      1.3331   [                                                                                     -3.1359                                                                                      5.7307 ]
                         :                bjet_NeutralHadronEnergyFraction>0.06?bjet_NeutralHadronEnergyFraction:0.06:                                                                                     -1.5772                                                                                      1.5875   [                                                                                     -2.8845                                                                                      5.7307 ]
                         :                                                               bjet_NeutralEmEnergyFraction:                                                                                   -0.025040                                                                                      1.0375   [                                                                                     -3.2546                                                                                      5.7307 ]
                         :                                  bjet_MuonEnergyFraction>0.08?bjet_MuonEnergyFraction:0.08:                                                                                    -0.40523                                                                                      1.4097   [                                                                                     -3.1352                                                                                      5.7307 ]
                         : (bjet_ChargedMultiplicity>19)?20:(bjet_ChargedMultiplicity<11)?11:bjet_ChargedMultiplicity:                                                                                    -0.21205                                                                                      1.2980   [                                                                                    -0.93890                                                                                      5.7307 ]
                         :                                                                   bjet_NeutralMultiplicity:                                                                                  -0.0060775                                                                                      1.0219   [                                                                                     -4.9751                                                                                      5.7307 ]
                         :                                                fabs(bjet_charge)<0.6?fabs(bjet_charge):0.6:                                                                                     0.65435                                                                                      2.0442   [                                                                                     -3.2172                                                                                      5.7307 ]
                         : -------------------------------------------------------------------------------------------------------------------------------------------------------------------------------------------------------------------------------------------------------------------------------------------------------------------------------------------------------------------------------------------------------------------------------------------------------------------------------------
                         : Events with weight == 0 are going to be simply ignored 
BDT                      : #events: (reweighted) sig: 23880.5 bkg: 23880.5
                         : #events: (unweighted) sig: 32109 bkg: 15652
                         : Training 500 Decision Trees ... patience please
                         : Elapsed time for training with 69257 events: 14 sec         
BDT                      : [FIN_BDT_2018] : Evaluation of BDT on training sample (69257 events)
                         : Elapsed time for evaluation of 69257 events: 7.09 sec       
                         : Creating xml weight file: [0;36mFIN_BDT_2018/weights/FIN_BDT_2018_BDT.weights.xml[0m
                         : Creating standalone class: [0;36mFIN_BDT_2018/weights/FIN_BDT_2018_BDT.class.C[0m
                         : FIN_BDT_2018.root:/FIN_BDT_2018/Method_BDT/BDT
Factory                  : Training finished
                         : 
                         : Ranking input variables (method specific)...
BDT                      : Ranking result (top variable is best ranked)
                         : ----------------------------------------------------------------------------------------------------------------------------
                         : Rank : Variable                                                                                   : Variable Importance
                         : ----------------------------------------------------------------------------------------------------------------------------
                         :    1 : bjet_charge*bmuon_charge<0.6?bjet_charge*bmuon_charge:0.6                                  : 2.123e-01
                         :    2 : bmuon_P_jetrest<10.?bmuon_P_jetrest:10.                                                    : 1.242e-01
                         :    3 : bmuon_ptwrtbjet<10.?bmuon_ptwrtbjet:10.                                                    : 8.549e-02
                         :    4 : bjet_MuonEnergyFraction>0.08?bjet_MuonEnergyFraction:0.08                                  : 7.738e-02
                         :    5 : bmuon_nsip3d<10.?bmuon_nsip3d:10.                                                          : 6.362e-02
                         :    6 : bmuon_dR_l_j                                                                               : 5.879e-02
                         :    7 : bjet_ChargedHadronEnergyFraction>0.2?bjet_ChargedHadronEnergyFraction:0.2                  : 5.679e-02
                         :    8 : bjet_NeutralEmEnergyFraction                                                               : 5.354e-02
                         :    9 : bmuon_reliso<10.?bmuon_reliso:10.                                                          : 5.333e-02
                         :   10 : bjet_NeutralHadronEnergyFraction>0.06?bjet_NeutralHadronEnergyFraction:0.06                : 4.630e-02
                         :   11 : bmuon_palongjet<50.?bmuon_palongjet:50.                                                    : 4.526e-02
                         :   12 : bjet_NeutralMultiplicity                                                                   : 4.462e-02
                         :   13 : fabs(bjet_charge)<0.6?fabs(bjet_charge):0.6                                                : 4.411e-02
                         :   14 : (bjet_ChargedMultiplicity>19)?20:(bjet_ChargedMultiplicity<11)?11:bjet_ChargedMultiplicity : 3.430e-02
                         : ----------------------------------------------------------------------------------------------------------------------------
Factory                  : === Destroy and recreate all methods via weight files for testing ===
                         : 
                         : Reading weight file: [0;36mFIN_BDT_2018/weights/FIN_BDT_2018_BDT.weights.xml[0m
Factory                  : [1mTest all methods[0m
Factory                  : Test method: BDT for Classification performance
                         : 
BDT                      : [FIN_BDT_2018] : Evaluation of BDT on testing sample (128206 events)
                         : Elapsed time for evaluation of 128206 events: 9.94 sec       
Factory                  : [1mEvaluate all methods[0m
Factory                  : Evaluate classifier: BDT
                         : 
TFHandler_BDT            :                                                                                   Variable                                                                                          Mean                                                                                          RMS                                                                                  [        Min                                                                                          Max ]
                         : -------------------------------------------------------------------------------------------------------------------------------------------------------------------------------------------------------------------------------------------------------------------------------------------------------------------------------------------------------------------------------------------------------------------------------------------------------------------------------------
                         :                                                          bmuon_nsip3d<10.?bmuon_nsip3d:10.:                                                                                      2.7742                                                                                      2.9560   [                                                                                     -3.3232                                                                                      5.7307 ]
                         :                                                          bmuon_reliso<10.?bmuon_reliso:10.:                                                                                   -0.062408                                                                                      1.0403   [                                                                                     -3.2968                                                                                      5.7307 ]
                         :                                                                               bmuon_dR_l_j:                                                                                  -0.0033759                                                                                      1.0084   [                                                                                     -3.3032                                                                                      5.7307 ]
                         :                                                    bmuon_ptwrtbjet<10.?bmuon_ptwrtbjet:10.:                                                                                    0.096683                                                                                      1.0154   [                                                                                     -3.3874                                                                                      5.7307 ]
                         :                                                    bmuon_P_jetrest<10.?bmuon_P_jetrest:10.:                                                                                     0.12802                                                                                      1.0184   [                                                                                     -5.7307                                                                                      5.7307 ]
                         :                                                    bmuon_palongjet<50.?bmuon_palongjet:50.:                                                                                     0.90392                                                                                      2.2284   [                                                                                     -3.1312                                                                                      5.7307 ]
                         :                                  bjet_charge*bmuon_charge<0.6?bjet_charge*bmuon_charge:0.6:                                                                                     0.77679                                                                                      1.9919   [                                                                                     -3.2818                                                                                      5.4185 ]
                         :                  bjet_ChargedHadronEnergyFraction>0.2?bjet_ChargedHadronEnergyFraction:0.2:                                                                                    -0.34805                                                                                      1.3327   [                                                                                     -3.1359                                                                                      5.7307 ]
                         :                bjet_NeutralHadronEnergyFraction>0.06?bjet_NeutralHadronEnergyFraction:0.06:                                                                                     -1.6118                                                                                      1.5742   [                                                                                     -2.8845                                                                                      5.7307 ]
                         :                                                               bjet_NeutralEmEnergyFraction:                                                                                   -0.034145                                                                                      1.0375   [                                                                                     -3.2546                                                                                      5.7307 ]
                         :                                  bjet_MuonEnergyFraction>0.08?bjet_MuonEnergyFraction:0.08:                                                                                    -0.32582                                                                                      1.4192   [                                                                                     -3.1352                                                                                      5.7307 ]
                         : (bjet_ChargedMultiplicity>19)?20:(bjet_ChargedMultiplicity<11)?11:bjet_ChargedMultiplicity:                                                                                    -0.18519                                                                                      1.3398   [                                                                                    -0.93890                                                                                      5.7307 ]
                         :                                                                   bjet_NeutralMultiplicity:                                                                                   0.0074042                                                                                      1.0274   [                                                                                     -4.9751                                                                                      5.7307 ]
                         :                                                fabs(bjet_charge)<0.6?fabs(bjet_charge):0.6:                                                                                     0.80654                                                                                      2.1287   [                                                                                     -3.2160                                                                                      5.7307 ]
                         : -------------------------------------------------------------------------------------------------------------------------------------------------------------------------------------------------------------------------------------------------------------------------------------------------------------------------------------------------------------------------------------------------------------------------------------------------------------------------------------
BDT                      : [FIN_BDT_2018] : Loop over test events and fill histograms with classifier response...
                         : 
TFHandler_BDT            :                                                                                   Variable                                                                                          Mean                                                                                          RMS                                                                                  [        Min                                                                                          Max ]
                         : -------------------------------------------------------------------------------------------------------------------------------------------------------------------------------------------------------------------------------------------------------------------------------------------------------------------------------------------------------------------------------------------------------------------------------------------------------------------------------------
                         :                                                          bmuon_nsip3d<10.?bmuon_nsip3d:10.:                                                                                      2.7742                                                                                      2.9560   [                                                                                     -3.3232                                                                                      5.7307 ]
                         :                                                          bmuon_reliso<10.?bmuon_reliso:10.:                                                                                   -0.062408                                                                                      1.0403   [                                                                                     -3.2968                                                                                      5.7307 ]
                         :                                                                               bmuon_dR_l_j:                                                                                  -0.0033759                                                                                      1.0084   [                                                                                     -3.3032                                                                                      5.7307 ]
                         :                                                    bmuon_ptwrtbjet<10.?bmuon_ptwrtbjet:10.:                                                                                    0.096683                                                                                      1.0154   [                                                                                     -3.3874                                                                                      5.7307 ]
                         :                                                    bmuon_P_jetrest<10.?bmuon_P_jetrest:10.:                                                                                     0.12802                                                                                      1.0184   [                                                                                     -5.7307                                                                                      5.7307 ]
                         :                                                    bmuon_palongjet<50.?bmuon_palongjet:50.:                                                                                     0.90392                                                                                      2.2284   [                                                                                     -3.1312                                                                                      5.7307 ]
                         :                                  bjet_charge*bmuon_charge<0.6?bjet_charge*bmuon_charge:0.6:                                                                                     0.77679                                                                                      1.9919   [                                                                                     -3.2818                                                                                      5.4185 ]
                         :                  bjet_ChargedHadronEnergyFraction>0.2?bjet_ChargedHadronEnergyFraction:0.2:                                                                                    -0.34805                                                                                      1.3327   [                                                                                     -3.1359                                                                                      5.7307 ]
                         :                bjet_NeutralHadronEnergyFraction>0.06?bjet_NeutralHadronEnergyFraction:0.06:                                                                                     -1.6118                                                                                      1.5742   [                                                                                     -2.8845                                                                                      5.7307 ]
                         :                                                               bjet_NeutralEmEnergyFraction:                                                                                   -0.034145                                                                                      1.0375   [                                                                                     -3.2546                                                                                      5.7307 ]
                         :                                  bjet_MuonEnergyFraction>0.08?bjet_MuonEnergyFraction:0.08:                                                                                    -0.32582                                                                                      1.4192   [                                                                                     -3.1352                                                                                      5.7307 ]
                         : (bjet_ChargedMultiplicity>19)?20:(bjet_ChargedMultiplicity<11)?11:bjet_ChargedMultiplicity:                                                                                    -0.18519                                                                                      1.3398   [                                                                                    -0.93890                                                                                      5.7307 ]
                         :                                                                   bjet_NeutralMultiplicity:                                                                                   0.0074042                                                                                      1.0274   [                                                                                     -4.9751                                                                                      5.7307 ]
                         :                                                fabs(bjet_charge)<0.6?fabs(bjet_charge):0.6:                                                                                     0.80654                                                                                      2.1287   [                                                                                     -3.2160                                                                                      5.7307 ]
                         : -------------------------------------------------------------------------------------------------------------------------------------------------------------------------------------------------------------------------------------------------------------------------------------------------------------------------------------------------------------------------------------------------------------------------------------------------------------------------------------
                         : 
                         : Evaluation results ranked by best signal efficiency and purity (area)
                         : -------------------------------------------------------------------------------------------------------------------
                         : DataSet       MVA                       
                         : Name:         Method:          ROC-integ
                         : FIN_BDT_2018  BDT            : 0.760
                         : -------------------------------------------------------------------------------------------------------------------
                         : 
                         : Testing efficiency compared to training efficiency (overtraining check)
                         : -------------------------------------------------------------------------------------------------------------------
                         : DataSet              MVA              Signal efficiency: from test sample (from training sample) 
                         : Name:                Method:          @B=0.01             @B=0.10            @B=0.30   
                         : -------------------------------------------------------------------------------------------------------------------
                         : FIN_BDT_2018         BDT            : 0.089 (0.097)       0.388 (0.420)      0.687 (0.685)
                         : -------------------------------------------------------------------------------------------------------------------
                         : 
Dataset:FIN_BDT_2018     : Created tree 'TestTree' with 128206 events
                         : 
Dataset:FIN_BDT_2018     : Created tree 'TrainTree' with 69257 events
                         : 
Factory                  : [1mThank you for using TMVA![0m
                         : [1mFor citation information, please visit: http://tmva.sf.net/citeTMVA.html[0m
['bmuon_nsip3d<10. ? bmuon_nsip3d : 10.', 'bmuon_reliso < 10. ? bmuon_reliso : 10. ', 'bmuon_dR_l_j', 'bmuon_ptwrtbjet < 10. ? bmuon_ptwrtbjet : 10.', 'bmuon_P_jetrest < 10. ? bmuon_P_jetrest : 10.', 'bmuon_palongjet < 50. ? bmuon_palongjet : 50.', 'bjet_charge*bmuon_charge < 0.6 ? bjet_charge*bmuon_charge : 0.6', 'bjet_ChargedHadronEnergyFraction > 0.2 ? bjet_ChargedHadronEnergyFraction : 0.2', 'bjet_NeutralHadronEnergyFraction > 0.06 ? bjet_NeutralHadronEnergyFraction : 0.06', 'bjet_NeutralEmEnergyFraction', 'bjet_MuonEnergyFraction > 0.08 ? bjet_MuonEnergyFraction : 0.08', '(bjet_ChargedMultiplicity > 19) ? 20 : (bjet_ChargedMultiplicity < 11) ? 11 : bjet_ChargedMultiplicity', 'bjet_NeutralMultiplicity', 'fabs(bjet_charge) < 0.6 ? fabs(bjet_charge) : 0.6'] ['belectron_nsip3d < 10. ? belectron_nsip3d : 10.', '(belectron_reliso < 1.) ? 1 : (belectron_reliso > 10 ) ? 10 : belectron_reliso', 'belectron_ptwrtbjet < 10. ? belectron_ptwrtbjet : 10.', 'belectron_P_jetrest < 10. ? belectron_P_jetrest : 10.', 'bjet_charge*belectron_charge < 0.4 ? bjet_charge*belectron_charge : 0.4', 'bjet_ChargedHadronEnergyFraction > 0.35 ? bjet_ChargedHadronEnergyFraction : 0.35', 'bjet_NeutralHadronEnergyFraction > 0.1 ? bjet_NeutralHadronEnergyFraction : 0.1', 'bjet_NeutralEmEnergyFraction > 0.1 ? bjet_NeutralEmEnergyFraction : 0.1', 'bjet_ChargedEmEnergyFraction < 0.3 ? bjet_ChargedEmEnergyFraction : 0.3', '(bjet_ChargedMultiplicity > 20) ? 21 : (bjet_ChargedMultiplicity < 15) ? 14 : bjet_ChargedMultiplicity', 'bjet_NeutralMultiplicity > 9 ? bjet_NeutralMultiplicity : 9', 'fabs(bjet_charge) < 0.5 ? fabs(bjet_charge) : 0.5'] ['bjet_ChargedHadronEnergyFraction', 'bjet_NeutralHadronEnergyFraction', 'bjet_NeutralEmEnergyFraction', '(bjet_ChargedMultiplicity > 19) ? 20 : (bjet_ChargedMultiplicity < 12) ? 11 : bjet_ChargedMultiplicity', 'bjet_NeutralMultiplicity > 4 ? bjet_NeutralMultiplicity : 4', 'fabs(bjet_charge) < 0.5 ? fabs(bjet_charge) : 0.5']
(bmuon_charge*bjet_partonFlavour < 0)&&Has_bMuon (bmuon_charge*bjet_partonFlavour > 0)&&Has_bMuon (belectron_charge*bjet_partonFlavour < 0)&&(Has_bElectron) (belectron_charge*bjet_partonFlavour > 0)&&(Has_bElectron) (bjet_charge*bjet_partonFlavour < 0)&&(!Has_bElectron)&&(!Has_bMuon) (bjet_charge*bjet_partonFlavour > 0)&&(!Has_bElectron)&&(!Has_bMuon)
sigcut= (bmuon_charge*bjet_partonFlavour < 0)&&Has_bMuon
bkgcut= (bmuon_charge*bjet_partonFlavour > 0)&&Has_bMuon
<sig cut>= (bmuon_charge*bjet_partonFlavour < 0)&&Has_bMuon
<bkg cut>= (bmuon_charge*bjet_partonFlavour > 0)&&Has_bMuon
---sig_test---
<self.testtree_sig> OutTree/sig
/pnfs/knu.ac.kr/data/cms/store/user/jhchoi/JetChargeTagScore/TMVA_TOOL/inputs/EEMu_MuMuE_Method/v2512.4/2018/EEMu_MuMuE_Method_DYJetsToEE_MiNNLO.root
/pnfs/knu.ac.kr/data/cms/store/user/jhchoi/JetChargeTagScore/TMVA_TOOL/inputs/EEMu_MuMuE_Method/v2512.4/2018/EEMu_MuMuE_Method_DYJetsToMuMu_MiNNLO.root
--bkg_test---
<self.testtree_bkg> OutTree/bkg
/pnfs/knu.ac.kr/data/cms/store/user/jhchoi/JetChargeTagScore/TMVA_TOOL/inputs/EEMu_MuMuE_Method/v2512.4/2018/EEMu_MuMuE_Method_DYJetsToEE_MiNNLO.root
/pnfs/knu.ac.kr/data/cms/store/user/jhchoi/JetChargeTagScore/TMVA_TOOL/inputs/EEMu_MuMuE_Method/v2512.4/2018/EEMu_MuMuE_Method_DYJetsToMuMu_MiNNLO.root
---sig_train---
<self.traintree_sig> OutTree/sig
/pnfs/knu.ac.kr/data/cms/store/user/jhchoi/JetChargeTagScore/TMVA_TOOL/inputs/EEMu_MuMuE_Method/v2512.4/2018/EEMu_MuMuE_Method_DYJets.root
---bkg_train---
<self.traintree_bkg> OutTree/bkg
/pnfs/knu.ac.kr/data/cms/store/user/jhchoi/JetChargeTagScore/TMVA_TOOL/inputs/EEMu_MuMuE_Method/v2512.4/2018/EEMu_MuMuE_Method_DYJets.root
>>>>self.dataloader.PrepareTrainingAndTestTree
Set sig cut -> (bmuon_charge*bjet_partonFlavour < 0)&&Has_bMuon
Set bkg cut -> (bmuon_charge*bjet_partonFlavour > 0)&&Has_bMuon
auc= 0.7598026456148739
END of RUNNING...run_single
FIN_BDT_2018
FIN_BDT_2018.root
_condor_stderr
_condor_stdout
run.sh
tmp
var
myerr=0
[ntry=1]
