DataSetInfo              : [BDT_2018] : Added class "Signal"
                         : Add Tree OutTree/sig of type Signal with 1209174 events
                         : Add Tree OutTree/sig of type Signal with 1198085 events
DataSetInfo              : [BDT_2018] : Added class "Background"
                         : Add Tree OutTree/bkg of type Background with 729378 events
                         : Add Tree OutTree/bkg of type Background with 713810 events
Factory                  : Booking method: [1mBDT[0m
                         : 
                         : Parsing option string: 
                         : ... "!H:V:NTrees=1000:MinNodeSize=2.5%:MaxDepth=4:Shrinkage=0.01:BoostType=Grad:AdaBoostBeta=:UseBaggedBoost=True:BaggedSampleFraction=0.6:SeparationType=CrossEntropy:nCuts=30:IgnoreNegWeightsInTraining=True:VarTransform=G"
                         : The following options are set:
                         : - By User:
                         :     <none>
                         : - Default:
                         :     Boost_num: "0" [Number of times the classifier will be boosted]
                         : Parsing option string: 
                         : ... "!H:V:NTrees=1000:MinNodeSize=2.5%:MaxDepth=4:Shrinkage=0.01:BoostType=Grad:AdaBoostBeta=:UseBaggedBoost=True:BaggedSampleFraction=0.6:SeparationType=CrossEntropy:nCuts=30:IgnoreNegWeightsInTraining=True:VarTransform=G"
                         : The following options are set:
                         : - By User:
                         :     V: "True" [Verbose output (short form of "VerbosityLevel" below - overrides the latter one)]
                         :     VarTransform: "G" [List of variable transformations performed before training, e.g., "D_Background,P_Signal,G,N_AllClasses" for: "Decorrelation, PCA-transformation, Gaussianisation, Normalisation, each for the given class of events ('AllClasses' denotes all events of all classes, if no class indication is given, 'All' is assumed)"]
                         :     H: "False" [Print method-specific help message]
                         :     IgnoreNegWeightsInTraining: "True" [Events with negative weights are ignored in the training (but are included for testing and performance evaluation)]
                         :     NTrees: "1000" [Number of trees in the forest]
                         :     MaxDepth: "4" [Max depth of the decision tree allowed]
                         :     MinNodeSize: "2.5%" [Minimum percentage of training events required in a leaf node (default: Classification: 5%, Regression: 0.2%)]
                         :     nCuts: "30" [Number of grid points in variable range used in finding optimal cut in node splitting]
                         :     BoostType: "Grad" [Boosting type for the trees in the forest (note: AdaCost is still experimental)]
                         :     UseBaggedBoost: "True" [Use only a random subsample of all events for growing the trees in each boost iteration.]
                         :     Shrinkage: "1.000000e-02" [Learning rate for BoostType=Grad algorithm]
                         :     AdaBoostBeta: "5.000000e-01" [Learning rate  for AdaBoost algorithm]
                         :     BaggedSampleFraction: "6.000000e-01" [Relative size of bagged event sample to original size of the data sample (used whenever bagging is used (i.e. UseBaggedBoost, Bagging,)]
                         :     SeparationType: "CrossEntropy" [Separation criterion for node splitting]
                         : - Default:
                         :     VerbosityLevel: "Default" [Verbosity level]
                         :     CreateMVAPdfs: "False" [Create PDFs for classifier outputs (signal and background)]
                         :     AdaBoostR2Loss: "Quadratic" [Type of Loss function in AdaBoostR2]
                         :     UseRandomisedTrees: "False" [Determine at each node splitting the cut variable only as the best out of a random subset of variables (like in RandomForests)]
                         :     UseNvars: "4" [Size of the subset of variables used with RandomisedTree option]
                         :     UsePoissonNvars: "True" [Interpret "UseNvars" not as fixed number but as mean of a Poisson distribution in each split with RandomisedTree option]
                         :     UseYesNoLeaf: "True" [Use Sig or Bkg categories, or the purity=S/(S+B) as classification of the leaf node -> Real-AdaBoost]
                         :     NegWeightTreatment: "InverseBoostNegWeights" [How to treat events with negative weights in the BDT training (particular the boosting) : IgnoreInTraining;  Boost With inverse boostweight; Pair events with negative and positive weights in training sample and *annihilate* them (experimental!)]
                         :     Css: "1.000000e+00" [AdaCost: cost of true signal selected signal]
                         :     Cts_sb: "1.000000e+00" [AdaCost: cost of true signal selected bkg]
                         :     Ctb_ss: "1.000000e+00" [AdaCost: cost of true bkg    selected signal]
                         :     Cbb: "1.000000e+00" [AdaCost: cost of true bkg    selected bkg ]
                         :     NodePurityLimit: "5.000000e-01" [In boosting/pruning, nodes with purity > NodePurityLimit are signal; background otherwise.]
                         :     RegressionLossFunctionBDTG: "Huber" [Loss function for BDTG regression.]
                         :     HuberQuantile: "7.000000e-01" [In the Huber loss function this is the quantile that separates the core from the tails in the residuals distribution.]
                         :     DoBoostMonitor: "False" [Create control plot with ROC integral vs tree number]
                         :     UseFisherCuts: "False" [Use multivariate splits using the Fisher criterion]
                         :     MinLinCorrForFisher: "8.000000e-01" [The minimum linear correlation between two variables demanded for use in Fisher criterion in node splitting]
                         :     UseExclusiveVars: "False" [Variables already used in fisher criterion are not anymore analysed individually for node splitting]
                         :     DoPreselection: "False" [and and apply automatic pre-selection for 100% efficient signal (bkg) cuts prior to training]
                         :     SigToBkgFraction: "1.000000e+00" [Sig to Bkg ratio used in Training (similar to NodePurityLimit, which cannot be used in real adaboost]
                         :     PruneMethod: "NoPruning" [Note: for BDTs use small trees (e.g.MaxDepth=3) and NoPruning:  Pruning: Method used for pruning (removal) of statistically insignificant branches ]
                         :     PruneStrength: "0.000000e+00" [Pruning strength]
                         :     PruningValFraction: "5.000000e-01" [Fraction of events to use for optimizing automatic pruning.]
                         :     SkipNormalization: "False" [Skip normalization at initialization, to keep expectation value of BDT output according to the fraction of events]
                         :     nEventsMin: "0" [deprecated: Use MinNodeSize (in % of training events) instead]
                         :     UseBaggedGrad: "False" [deprecated: Use *UseBaggedBoost* instead:  Use only a random subsample of all events for growing the trees in each iteration.]
                         :     GradBaggingFraction: "6.000000e-01" [deprecated: Use *BaggedSampleFraction* instead: Defines the fraction of events to be used in each iteration, e.g. when UseBaggedGrad=kTRUE. ]
                         :     UseNTrainEvents: "0" [deprecated: Use *BaggedSampleFraction* instead: Number of randomly picked training events used in randomised (and bagged) trees]
                         :     NNodesMax: "0" [deprecated: Use MaxDepth instead to limit the tree size]
BDT                      : [BDT_2018] : Create Transformation "G" with events from all classes.
                         : 
                         : Transformation, Variable selection : 
                         : Input : variable 'belectron_dR_l_j<0.1?0.1:belectron_dR_l_j' <---> Output : variable 'belectron_dR_l_j<0.1?0.1:belectron_dR_l_j'
                         : Input : variable 'belectron_nsip3d>10.?10.:belectron_nsip3d' <---> Output : variable 'belectron_nsip3d>10.?10.:belectron_nsip3d'
                         : Input : variable 'belectron_P_jetrest>3.?3.:belectron_P_jetrest' <---> Output : variable 'belectron_P_jetrest>3.?3.:belectron_P_jetrest'
                         : Input : variable 'belectron_palongjet>15.?15.:belectron_palongjet' <---> Output : variable 'belectron_palongjet>15.?15.:belectron_palongjet'
                         : Input : variable 'belectron_palongjetratio>0.15?0.15:belectron_palongjetratio' <---> Output : variable 'belectron_palongjetratio>0.15?0.15:belectron_palongjetratio'
                         : Input : variable 'belectron_ptwrtbjet>3.?3.:belectron_ptwrtbjet' <---> Output : variable 'belectron_ptwrtbjet>3.?3.:belectron_ptwrtbjet'
                         : Input : variable 'log10(1.+belectron_reliso)>1.2?1.2:log10(1.+belectron_reliso)<0.3?0.3:log10(1.+belectron_reliso)' <---> Output : variable 'log10(1.+belectron_reliso)>1.2?1.2:log10(1.+belectron_reliso)<0.3?0.3:log10(1.+belectron_reliso)'
                         : Input : variable 'bjet_ChargedEmEnergyFraction>0.1?0.1:bjet_ChargedEmEnergyFraction' <---> Output : variable 'bjet_ChargedEmEnergyFraction>0.1?0.1:bjet_ChargedEmEnergyFraction'
                         : Input : variable 'bjet_ChargedHadronEnergyFraction<0.5?0.5:bjet_ChargedHadronEnergyFraction' <---> Output : variable 'bjet_ChargedHadronEnergyFraction<0.5?0.5:bjet_ChargedHadronEnergyFraction'
                         : Input : variable 'bjet_NeutralEmEnergyFraction<0.15?0.15:bjet_NeutralEmEnergyFraction>0.6?0.6:bjet_NeutralEmEnergyFraction' <---> Output : variable 'bjet_NeutralEmEnergyFraction<0.15?0.15:bjet_NeutralEmEnergyFraction>0.6?0.6:bjet_NeutralEmEnergyFraction'
                         : Input : variable 'bjet_charge*belectron_charge<-0.4?-0.4:bjet_charge*belectron_charge>0.2?0.2:bjet_charge*belectron_charge' <---> Output : variable 'bjet_charge*belectron_charge<-0.4?-0.4:bjet_charge*belectron_charge>0.2?0.2:bjet_charge*belectron_charge'
                         : Input : variable 'fabs(bjet_charge)>0.35?0.35:fabs(bjet_charge)' <---> Output : variable 'fabs(bjet_charge)>0.35?0.35:fabs(bjet_charge)'
                         : the option NegWeightTreatment=InverseBoostNegWeights does not exist for BoostType=Grad
                         : --> change to new default NegWeightTreatment=Pray
                         : Rebuilding Dataset BDT_2018
                         : Building event vectors for type 1 Signal
                         : Dataset[BDT_2018] :  create input formulas for tree sig
                         : Dataset[BDT_2018] :  create input formulas for tree sig
                         : Dataset[BDT_2018] :  create input formulas for tree sig
                         : Building event vectors for type 0 Signal
                         : Dataset[BDT_2018] :  create input formulas for tree sig
                         : Dataset[BDT_2018] :  create input formulas for tree sig
                         : Building event vectors for type 1 Background
                         : Dataset[BDT_2018] :  create input formulas for tree bkg
                         : Dataset[BDT_2018] :  create input formulas for tree bkg
                         : Dataset[BDT_2018] :  create input formulas for tree bkg
                         : Building event vectors for type 0 Background
                         : Dataset[BDT_2018] :  create input formulas for tree bkg
                         : Dataset[BDT_2018] :  create input formulas for tree bkg
DataSetFactory           : [BDT_2018] : Number of events in input trees
                         : Dataset[BDT_2018] :     Signal     requirement: "(belectron_charge*bjet_partonFlavour < 0)&&(Has_bElectron)"
                         : Dataset[BDT_2018] :     Signal          -- number of events passed: 124028  / sum of weights: 98643.9
                         : Dataset[BDT_2018] :     Signal          -- efficiency             : 0.0538403
                         : Dataset[BDT_2018] :     Background requirement: "(belectron_charge*bjet_partonFlavour > 0)&&(Has_bElectron)"
                         : Dataset[BDT_2018] :     Background      -- number of events passed: 73760  / sum of weights: 58991
                         : Dataset[BDT_2018] :     Background      -- efficiency             : 0.0537334
                         : Dataset[BDT_2018] :  you have opted for interpreting the requested number of training/testing events
                         :  to be the number of events AFTER your preselection cuts
                         : 
                         : Dataset[BDT_2018] :  you have opted for interpreting the requested number of training/testing events
                         :  to be the number of events AFTER your preselection cuts
                         : 
                         : Dataset[BDT_2018] : Weight renormalisation mode: "EqualNumEvents": renormalises all event classes ...
                         : Dataset[BDT_2018] :  such that the effective (weighted) number of events in each class is the same 
                         : Dataset[BDT_2018] :  (and equals the number of events (entries) given for class=0 )
                         : Dataset[BDT_2018] : ... i.e. such that Sum[i=1..N_j]{w_i} = N_classA, j=classA, classB, ...
                         : Dataset[BDT_2018] : ... (note that N_j is the sum of TRAINING events
                         : Dataset[BDT_2018] :  ..... Testing events are not renormalised nor included in the renormalisation factor!)
                         : Number of training and testing events
                         : ---------------------------------------------------------------------------
                         : Signal     -- training events            : 54923
                         : Signal     -- testing events             : 69105
                         : Signal     -- training and testing events: 124028
                         : Dataset[BDT_2018] : Signal     -- due to the preselection a scaling factor has been applied to the numbers of requested events: 0.0515225
                         : Background -- training events            : 32958
                         : Background -- testing events             : 40802
                         : Background -- training and testing events: 73760
                         : Dataset[BDT_2018] : Background -- due to the preselection a scaling factor has been applied to the numbers of requested events: 0.0511091
                         : 
DataSetInfo              : Correlation matrix (Signal):
                         : --------------------------------------------------------------------------------------------------------------------------------------------------------------------------------------------------------------------------------------------------------------------------------------------------------------------------------------------------------------------------------------------------------------------------------------------------------------------------------------------------------------------------------------------------------------------------------------------------------------------------------------------------------------------------------------------------------------------------------------------------------------------------------------------------------------------------------------------------------------------------------------------------------------------------------------------
                         :                                                                                                                     belectron_dR_l_j_0.1_0.1:belectron_dR_l_j belectron_nsip3d_10._10.:belectron_nsip3d belectron_P_jetrest_3._3.:belectron_P_jetrest belectron_palongjet_15._15.:belectron_palongjet belectron_palongjetratio_0.15_0.15:belectron_palongjetratio belectron_ptwrtbjet_3._3.:belectron_ptwrtbjet log10_1._P_belectron_reliso__1.2_1.2:log10_1._P_belectron_reliso__0.3_0.3:log10_1._P_belectron_reliso_ bjet_ChargedEmEnergyFraction_0.1_0.1:bjet_ChargedEmEnergyFraction bjet_ChargedHadronEnergyFraction_0.5_0.5:bjet_ChargedHadronEnergyFraction bjet_NeutralEmEnergyFraction_0.15_0.15:bjet_NeutralEmEnergyFraction_0.6_0.6:bjet_NeutralEmEnergyFraction bjet_charge_T_belectron_charge__M_0.4__M_0.4:bjet_charge_T_belectron_charge_0.2_0.2:bjet_charge_T_belectron_charge fabs_bjet_charge__0.35_0.35:fabs_bjet_charge_
                         :                                                                          belectron_dR_l_j_0.1_0.1:belectron_dR_l_j:                                    +1.000                                    +0.078                                        +0.128                                          -0.305                                                      -0.257                                        +0.437                                                                                                 +0.090                                                            +0.023                                                                    +0.055                                                                                                   +0.023                                                                                                             -0.135                                        -0.080
                         :                                                                          belectron_nsip3d_10._10.:belectron_nsip3d:                                    +0.078                                    +1.000                                        +0.012                                          -0.045                                                      -0.017                                        +0.108                                                                                                 +0.011                                                            +0.083                                                                    -0.023                                                                                                   -0.010                                                                                                             -0.025                                        -0.020
                         :                                                                      belectron_P_jetrest_3._3.:belectron_P_jetrest:                                    +0.128                                    +0.012                                        +1.000                                          +0.457                                                      +0.304                                        +0.696                                                                                                 -0.543                                                            +0.077                                                                    -0.205                                                                                                   -0.090                                                                                                             +0.174                                        +0.210
                         :                                                                    belectron_palongjet_15._15.:belectron_palongjet:                                    -0.305                                    -0.045                                        +0.457                                          +1.000                                                      +0.420                                        +0.188                                                                                                 -0.513                                                            +0.037                                                                    -0.133                                                                                                   -0.139                                                                                                             +0.174                                        +0.158
                         :                                                        belectron_palongjetratio_0.15_0.15:belectron_palongjetratio:                                    -0.257                                    -0.017                                        +0.304                                          +0.420                                                      +1.000                                        +0.109                                                                                                 -0.696                                                            +0.060                                                                    -0.122                                                                                                   -0.069                                                                                                             +0.217                                        +0.108
                         :                                                                      belectron_ptwrtbjet_3._3.:belectron_ptwrtbjet:                                    +0.437                                    +0.108                                        +0.696                                          +0.188                                                      +0.109                                        +1.000                                                                                                 -0.247                                                            +0.071                                                                    -0.101                                                                                                   -0.027                                                                                                             +0.039                                        +0.079
                         :             log10_1._P_belectron_reliso__1.2_1.2:log10_1._P_belectron_reliso__0.3_0.3:log10_1._P_belectron_reliso_:                                    +0.090                                    +0.011                                        -0.543                                          -0.513                                                      -0.696                                        -0.247                                                                                                 +1.000                                                            -0.026                                                                    +0.170                                                                                                   +0.168                                                                                                             -0.252                                        -0.243
                         :                                                  bjet_ChargedEmEnergyFraction_0.1_0.1:bjet_ChargedEmEnergyFraction:                                    +0.023                                    +0.083                                        +0.077                                          +0.037                                                      +0.060                                        +0.071                                                                                                 -0.026                                                            +1.000                                                                    -0.528                                                                                                   -0.415                                                                                                             +0.053                                        +0.087
                         :                                          bjet_ChargedHadronEnergyFraction_0.5_0.5:bjet_ChargedHadronEnergyFraction:                                    +0.055                                    -0.023                                        -0.205                                          -0.133                                                      -0.122                                        -0.101                                                                                                 +0.170                                                            -0.528                                                                    +1.000                                                                                                   -0.182                                                                                                             -0.087                                        -0.131
                         :           bjet_NeutralEmEnergyFraction_0.15_0.15:bjet_NeutralEmEnergyFraction_0.6_0.6:bjet_NeutralEmEnergyFraction:                                    +0.023                                    -0.010                                        -0.090                                          -0.139                                                      -0.069                                        -0.027                                                                                                 +0.168                                                            -0.415                                                                    -0.182                                                                                                   +1.000                                                                                                             -0.025                                        -0.067
                         : bjet_charge_T_belectron_charge__M_0.4__M_0.4:bjet_charge_T_belectron_charge_0.2_0.2:bjet_charge_T_belectron_charge:                                    -0.135                                    -0.025                                        +0.174                                          +0.174                                                      +0.217                                        +0.039                                                                                                 -0.252                                                            +0.053                                                                    -0.087                                                                                                   -0.025                                                                                                             +1.000                                        +0.416
                         :                                                                      fabs_bjet_charge__0.35_0.35:fabs_bjet_charge_:                                    -0.080                                    -0.020                                        +0.210                                          +0.158                                                      +0.108                                        +0.079                                                                                                 -0.243                                                            +0.087                                                                    -0.131                                                                                                   -0.067                                                                                                             +0.416                                        +1.000
                         : --------------------------------------------------------------------------------------------------------------------------------------------------------------------------------------------------------------------------------------------------------------------------------------------------------------------------------------------------------------------------------------------------------------------------------------------------------------------------------------------------------------------------------------------------------------------------------------------------------------------------------------------------------------------------------------------------------------------------------------------------------------------------------------------------------------------------------------------------------------------------------------------------------------------------------------------
DataSetInfo              : Correlation matrix (Background):
                         : --------------------------------------------------------------------------------------------------------------------------------------------------------------------------------------------------------------------------------------------------------------------------------------------------------------------------------------------------------------------------------------------------------------------------------------------------------------------------------------------------------------------------------------------------------------------------------------------------------------------------------------------------------------------------------------------------------------------------------------------------------------------------------------------------------------------------------------------------------------------------------------------------------------------------------------------
                         :                                                                                                                     belectron_dR_l_j_0.1_0.1:belectron_dR_l_j belectron_nsip3d_10._10.:belectron_nsip3d belectron_P_jetrest_3._3.:belectron_P_jetrest belectron_palongjet_15._15.:belectron_palongjet belectron_palongjetratio_0.15_0.15:belectron_palongjetratio belectron_ptwrtbjet_3._3.:belectron_ptwrtbjet log10_1._P_belectron_reliso__1.2_1.2:log10_1._P_belectron_reliso__0.3_0.3:log10_1._P_belectron_reliso_ bjet_ChargedEmEnergyFraction_0.1_0.1:bjet_ChargedEmEnergyFraction bjet_ChargedHadronEnergyFraction_0.5_0.5:bjet_ChargedHadronEnergyFraction bjet_NeutralEmEnergyFraction_0.15_0.15:bjet_NeutralEmEnergyFraction_0.6_0.6:bjet_NeutralEmEnergyFraction bjet_charge_T_belectron_charge__M_0.4__M_0.4:bjet_charge_T_belectron_charge_0.2_0.2:bjet_charge_T_belectron_charge fabs_bjet_charge__0.35_0.35:fabs_bjet_charge_
                         :                                                                          belectron_dR_l_j_0.1_0.1:belectron_dR_l_j:                                    +1.000                                    +0.026                                        +0.236                                          -0.193                                                      -0.272                                        +0.494                                                                                                 +0.039                                                            +0.004                                                                    +0.027                                                                                                   -0.015                                                                                                             -0.043                                        +0.024
                         :                                                                          belectron_nsip3d_10._10.:belectron_nsip3d:                                    +0.026                                    +1.000                                        +0.045                                          -0.018                                                      +0.041                                        +0.098                                                                                                 -0.047                                                            +0.137                                                                    -0.076                                                                                                   -0.016                                                                                                             +0.011                                        +0.036
                         :                                                                      belectron_P_jetrest_3._3.:belectron_P_jetrest:                                    +0.236                                    +0.045                                        +1.000                                          +0.458                                                      +0.282                                        +0.748                                                                                                 -0.515                                                            -0.006                                                                    -0.155                                                                                                   -0.037                                                                                                             +0.207                                        +0.088
                         :                                                                    belectron_palongjet_15._15.:belectron_palongjet:                                    -0.193                                    -0.018                                        +0.458                                          +1.000                                                      +0.391                                        +0.219                                                                                                 -0.456                                                            -0.004                                                                    -0.089                                                                                                   -0.082                                                                                                             +0.149                                        +0.034
                         :                                                        belectron_palongjetratio_0.15_0.15:belectron_palongjetratio:                                    -0.272                                    +0.041                                        +0.282                                          +0.391                                                      +1.000                                        +0.078                                                                                                 -0.693                                                            +0.023                                                                    -0.085                                                                                                   -0.012                                                                                                             +0.221                                        -0.049
                         :                                                                      belectron_ptwrtbjet_3._3.:belectron_ptwrtbjet:                                    +0.494                                    +0.098                                        +0.748                                          +0.219                                                      +0.078                                        +1.000                                                                                                 -0.245                                                            +0.020                                                                    -0.097                                                                                                   -0.009                                                                                                             +0.067                                        +0.055
                         :             log10_1._P_belectron_reliso__1.2_1.2:log10_1._P_belectron_reliso__0.3_0.3:log10_1._P_belectron_reliso_:                                    +0.039                                    -0.047                                        -0.515                                          -0.456                                                      -0.693                                        -0.245                                                                                                 +1.000                                                            +0.068                                                                    +0.121                                                                                                   +0.093                                                                                                             -0.264                                        -0.055
                         :                                                  bjet_ChargedEmEnergyFraction_0.1_0.1:bjet_ChargedEmEnergyFraction:                                    +0.004                                    +0.137                                        -0.006                                          -0.004                                                      +0.023                                        +0.020                                                                                                 +0.068                                                            +1.000                                                                    -0.468                                                                                                   -0.381                                                                                                             -0.038                                        +0.052
                         :                                          bjet_ChargedHadronEnergyFraction_0.5_0.5:bjet_ChargedHadronEnergyFraction:                                    +0.027                                    -0.076                                        -0.155                                          -0.089                                                      -0.085                                        -0.097                                                                                                 +0.121                                                            -0.468                                                                    +1.000                                                                                                   -0.255                                                                                                             -0.044                                        -0.078
                         :           bjet_NeutralEmEnergyFraction_0.15_0.15:bjet_NeutralEmEnergyFraction_0.6_0.6:bjet_NeutralEmEnergyFraction:                                    -0.015                                    -0.016                                        -0.037                                          -0.082                                                      -0.012                                        -0.009                                                                                                 +0.093                                                            -0.381                                                                    -0.255                                                                                                   +1.000                                                                                                             +0.076                                        -0.033
                         : bjet_charge_T_belectron_charge__M_0.4__M_0.4:bjet_charge_T_belectron_charge_0.2_0.2:bjet_charge_T_belectron_charge:                                    -0.043                                    +0.011                                        +0.207                                          +0.149                                                      +0.221                                        +0.067                                                                                                 -0.264                                                            -0.038                                                                    -0.044                                                                                                   +0.076                                                                                                             +1.000                                        -0.050
                         :                                                                      fabs_bjet_charge__0.35_0.35:fabs_bjet_charge_:                                    +0.024                                    +0.036                                        +0.088                                          +0.034                                                      -0.049                                        +0.055                                                                                                 -0.055                                                            +0.052                                                                    -0.078                                                                                                   -0.033                                                                                                             -0.050                                        +1.000
                         : --------------------------------------------------------------------------------------------------------------------------------------------------------------------------------------------------------------------------------------------------------------------------------------------------------------------------------------------------------------------------------------------------------------------------------------------------------------------------------------------------------------------------------------------------------------------------------------------------------------------------------------------------------------------------------------------------------------------------------------------------------------------------------------------------------------------------------------------------------------------------------------------------------------------------------------------
DataSetFactory           : [BDT_2018] :  
                         : 
Factory                  : [1mTrain all methods[0m
Factory                  : [BDT_2018] : Create Transformation "I" with events from all classes.
                         : 
                         : Transformation, Variable selection : 
                         : Input : variable 'belectron_dR_l_j<0.1?0.1:belectron_dR_l_j' <---> Output : variable 'belectron_dR_l_j<0.1?0.1:belectron_dR_l_j'
                         : Input : variable 'belectron_nsip3d>10.?10.:belectron_nsip3d' <---> Output : variable 'belectron_nsip3d>10.?10.:belectron_nsip3d'
                         : Input : variable 'belectron_P_jetrest>3.?3.:belectron_P_jetrest' <---> Output : variable 'belectron_P_jetrest>3.?3.:belectron_P_jetrest'
                         : Input : variable 'belectron_palongjet>15.?15.:belectron_palongjet' <---> Output : variable 'belectron_palongjet>15.?15.:belectron_palongjet'
                         : Input : variable 'belectron_palongjetratio>0.15?0.15:belectron_palongjetratio' <---> Output : variable 'belectron_palongjetratio>0.15?0.15:belectron_palongjetratio'
                         : Input : variable 'belectron_ptwrtbjet>3.?3.:belectron_ptwrtbjet' <---> Output : variable 'belectron_ptwrtbjet>3.?3.:belectron_ptwrtbjet'
                         : Input : variable 'log10(1.+belectron_reliso)>1.2?1.2:log10(1.+belectron_reliso)<0.3?0.3:log10(1.+belectron_reliso)' <---> Output : variable 'log10(1.+belectron_reliso)>1.2?1.2:log10(1.+belectron_reliso)<0.3?0.3:log10(1.+belectron_reliso)'
                         : Input : variable 'bjet_ChargedEmEnergyFraction>0.1?0.1:bjet_ChargedEmEnergyFraction' <---> Output : variable 'bjet_ChargedEmEnergyFraction>0.1?0.1:bjet_ChargedEmEnergyFraction'
                         : Input : variable 'bjet_ChargedHadronEnergyFraction<0.5?0.5:bjet_ChargedHadronEnergyFraction' <---> Output : variable 'bjet_ChargedHadronEnergyFraction<0.5?0.5:bjet_ChargedHadronEnergyFraction'
                         : Input : variable 'bjet_NeutralEmEnergyFraction<0.15?0.15:bjet_NeutralEmEnergyFraction>0.6?0.6:bjet_NeutralEmEnergyFraction' <---> Output : variable 'bjet_NeutralEmEnergyFraction<0.15?0.15:bjet_NeutralEmEnergyFraction>0.6?0.6:bjet_NeutralEmEnergyFraction'
                         : Input : variable 'bjet_charge*belectron_charge<-0.4?-0.4:bjet_charge*belectron_charge>0.2?0.2:bjet_charge*belectron_charge' <---> Output : variable 'bjet_charge*belectron_charge<-0.4?-0.4:bjet_charge*belectron_charge>0.2?0.2:bjet_charge*belectron_charge'
                         : Input : variable 'fabs(bjet_charge)>0.35?0.35:fabs(bjet_charge)' <---> Output : variable 'fabs(bjet_charge)>0.35?0.35:fabs(bjet_charge)'
TFHandler_Factory        :                                                                                                 Variable                                                                                                        Mean                                                                                                        RMS                                                                                                [        Min                                                                                                        Max ]
                         : -----------------------------------------------------------------------------------------------------------------------------------------------------------------------------------------------------------------------------------------------------------------------------------------------------------------------------------------------------------------------------------------------------------------------------------------------------------------------------------------------------------------------------------------------------------
                         :                                                                belectron_dR_l_j<0.1?0.1:belectron_dR_l_j:                                                                                                   0.11600                                                                                                  0.037877   [                                                                                                   0.10000                                                                                                   0.39950 ]
                         :                                                                belectron_nsip3d>10.?10.:belectron_nsip3d:                                                                                                    5.6452                                                                                                    3.6365   [                                                                                                  0.010205                                                                                                    10.000 ]
                         :                                                            belectron_P_jetrest>3.?3.:belectron_P_jetrest:                                                                                                    1.4727                                                                                                   0.68483   [                                                                                                   0.19801                                                                                                    3.0000 ]
                         :                                                          belectron_palongjet>15.?15.:belectron_palongjet:                                                                                                    13.187                                                                                                    2.8841   [                                                                                                    4.7876                                                                                                    15.000 ]
                         :                                              belectron_palongjetratio>0.15?0.15:belectron_palongjetratio:                                                                                                   0.14087                                                                                                  0.021453   [                                                                                                 0.0091243                                                                                                   0.15000 ]
                         :                                                            belectron_ptwrtbjet>3.?3.:belectron_ptwrtbjet:                                                                                                    1.0008                                                                                                   0.62841   [                                                                                                0.00093650                                                                                                    3.0000 ]
                         :         log10(1.+belectron_reliso)>1.2?1.2:log10(1.+belectron_reliso)<0.3?0.3:log10(1.+belectron_reliso):                                                                                                   0.49463                                                                                                   0.20981   [                                                                                                   0.30000                                                                                                    1.2000 ]
                         :                                        bjet_ChargedEmEnergyFraction>0.1?0.1:bjet_ChargedEmEnergyFraction:                                                                                                  0.067144                                                                                                  0.045895   [                                                                                                    0.0000                                                                                                   0.10000 ]
                         :                                bjet_ChargedHadronEnergyFraction<0.5?0.5:bjet_ChargedHadronEnergyFraction:                                                                                                   0.57047                                                                                                   0.10392   [                                                                                                   0.50000                                                                                                    1.0000 ]
                         : bjet_NeutralEmEnergyFraction<0.15?0.15:bjet_NeutralEmEnergyFraction>0.6?0.6:bjet_NeutralEmEnergyFraction:                                                                                                   0.23975                                                                                                   0.11653   [                                                                                                   0.15000                                                                                                   0.60000 ]
                         : bjet_charge*belectron_charge<-0.4?-0.4:bjet_charge*belectron_charge>0.2?0.2:bjet_charge*belectron_charge:                                                                                                  0.055286                                                                                                   0.18356   [                                                                                                  -0.40000                                                                                                   0.20000 ]
                         :                                                            fabs(bjet_charge)>0.35?0.35:fabs(bjet_charge):                                                                                                   0.22104                                                                                                   0.12017   [                                                                                                7.0209e-06                                                                                                   0.35000 ]
                         : -----------------------------------------------------------------------------------------------------------------------------------------------------------------------------------------------------------------------------------------------------------------------------------------------------------------------------------------------------------------------------------------------------------------------------------------------------------------------------------------------------------------------------------------------------------
                         : Ranking input variables (method unspecific)...
IdTransformation         : Ranking result (top variable is best ranked)
                         : ---------------------------------------------------------------------------------------------------------------------------------
                         : Rank : Variable                                                                                                 : Separation
                         : ---------------------------------------------------------------------------------------------------------------------------------
                         :    1 : bjet_charge*belectron_charge<-0.4?-0.4:bjet_charge*belectron_charge>0.2?0.2:bjet_charge*belectron_charge : 1.099e-01
                         :    2 : fabs(bjet_charge)>0.35?0.35:fabs(bjet_charge)                                                            : 3.697e-02
                         :    3 : belectron_P_jetrest>3.?3.:belectron_P_jetrest                                                            : 3.679e-02
                         :    4 : log10(1.+belectron_reliso)>1.2?1.2:log10(1.+belectron_reliso)<0.3?0.3:log10(1.+belectron_reliso)         : 2.775e-02
                         :    5 : belectron_ptwrtbjet>3.?3.:belectron_ptwrtbjet                                                            : 2.298e-02
                         :    6 : belectron_palongjetratio>0.15?0.15:belectron_palongjetratio                                              : 1.361e-02
                         :    7 : bjet_ChargedEmEnergyFraction>0.1?0.1:bjet_ChargedEmEnergyFraction                                        : 9.672e-03
                         :    8 : belectron_palongjet>15.?15.:belectron_palongjet                                                          : 9.111e-03
                         :    9 : bjet_ChargedHadronEnergyFraction<0.5?0.5:bjet_ChargedHadronEnergyFraction                                : 6.923e-03
                         :   10 : bjet_NeutralEmEnergyFraction<0.15?0.15:bjet_NeutralEmEnergyFraction>0.6?0.6:bjet_NeutralEmEnergyFraction : 3.935e-03
                         :   11 : belectron_dR_l_j<0.1?0.1:belectron_dR_l_j                                                                : 2.519e-03
                         :   12 : belectron_nsip3d>10.?10.:belectron_nsip3d                                                                : 1.562e-03
                         : ---------------------------------------------------------------------------------------------------------------------------------
Factory                  : Train method: BDT for Classification
                         : 
                         : Preparing the Gaussian transformation...
TFHandler_BDT            :                                                                                                 Variable                                                                                                        Mean                                                                                                        RMS                                                                                                [        Min                                                                                                        Max ]
                         : -----------------------------------------------------------------------------------------------------------------------------------------------------------------------------------------------------------------------------------------------------------------------------------------------------------------------------------------------------------------------------------------------------------------------------------------------------------------------------------------------------------------------------------------------------------
                         :                                                                belectron_dR_l_j<0.1?0.1:belectron_dR_l_j:                                                                                                   -1.9247                                                                                                    1.3457   [                                                                                                   -2.7102                                                                                                    5.7307 ]
                         :                                                                belectron_nsip3d>10.?10.:belectron_nsip3d:                                                                                                    1.7462                                                                                                    2.7631   [                                                                                                   -3.2167                                                                                                    5.7307 ]
                         :                                                            belectron_P_jetrest>3.?3.:belectron_P_jetrest:                                                                                                   0.33798                                                                                                    1.6552   [                                                                                                   -3.2767                                                                                                    5.7307 ]
                         :                                                          belectron_palongjet>15.?15.:belectron_palongjet:                                                                                                    3.6288                                                                                                    2.8237   [                                                                                                   -3.0254                                                                                                    5.7307 ]
                         :                                              belectron_palongjetratio>0.15?0.15:belectron_palongjetratio:                                                                                                    4.4313                                                                                                    2.4420   [                                                                                                   -2.8482                                                                                                    5.7307 ]
                         :                                                            belectron_ptwrtbjet>3.?3.:belectron_ptwrtbjet:                                                                                                   0.10569                                                                                                    1.2463   [                                                                                                   -3.3132                                                                                                    5.7307 ]
                         :         log10(1.+belectron_reliso)>1.2?1.2:log10(1.+belectron_reliso)<0.3?0.3:log10(1.+belectron_reliso):                                                                                                  -0.90928                                                                                                    1.6993   [                                                                                                   -3.0588                                                                                                    5.7307 ]
                         :                                        bjet_ChargedEmEnergyFraction>0.1?0.1:bjet_ChargedEmEnergyFraction:                                                                                                    2.8305                                                                                                    3.7904   [                                                                                                   -2.4150                                                                                                    5.7307 ]
                         :                                bjet_ChargedHadronEnergyFraction<0.5?0.5:bjet_ChargedHadronEnergyFraction:                                                                                                   -1.5648                                                                                                    1.6175   [                                                                                                   -2.9344                                                                                                    5.7307 ]
                         : bjet_NeutralEmEnergyFraction<0.15?0.15:bjet_NeutralEmEnergyFraction>0.6?0.6:bjet_NeutralEmEnergyFraction:                                                                                                   -1.0880                                                                                                    1.8516   [                                                                                                   -2.9493                                                                                                    5.7307 ]
                         : bjet_charge*belectron_charge<-0.4?-0.4:bjet_charge*belectron_charge>0.2?0.2:bjet_charge*belectron_charge:                                                                                                    2.4061                                                                                                    3.0758   [                                                                                                   -2.9880                                                                                                    5.7307 ]
                         :                                                            fabs(bjet_charge)>0.35?0.35:fabs(bjet_charge):                                                                                                    1.8308                                                                                                    2.7927   [                                                                                                   -3.1175                                                                                                    5.7307 ]
                         : -----------------------------------------------------------------------------------------------------------------------------------------------------------------------------------------------------------------------------------------------------------------------------------------------------------------------------------------------------------------------------------------------------------------------------------------------------------------------------------------------------------------------------------------------------------
                         : Events with weight == 0 are going to be simply ignored 
BDT                      : #events: (reweighted) sig: 30152.5 bkg: 30152.5
                         : #events: (unweighted) sig: 37664 bkg: 22641
                         : Training 1000 Decision Trees ... patience please
                         : Elapsed time for training with 87881 events: 97.8 sec         
BDT                      : [BDT_2018] : Evaluation of BDT on training sample (87881 events)
                         : Elapsed time for evaluation of 87881 events: 19 sec       
                         : Creating xml weight file: [0;36mBDT_2018/weights/BDT_2018_BDT.weights.xml[0m
                         : Creating standalone class: [0;36mBDT_2018/weights/BDT_2018_BDT.class.C[0m
                         : BDT_2018.root:/BDT_2018/Method_BDT/BDT
Factory                  : Training finished
                         : 
                         : Ranking input variables (method specific)...
BDT                      : Ranking result (top variable is best ranked)
                         : ------------------------------------------------------------------------------------------------------------------------------------------
                         : Rank : Variable                                                                                                 : Variable Importance
                         : ------------------------------------------------------------------------------------------------------------------------------------------
                         :    1 : bjet_charge*belectron_charge<-0.4?-0.4:bjet_charge*belectron_charge>0.2?0.2:bjet_charge*belectron_charge : 1.596e-01
                         :    2 : belectron_nsip3d>10.?10.:belectron_nsip3d                                                                : 9.277e-02
                         :    3 : belectron_ptwrtbjet>3.?3.:belectron_ptwrtbjet                                                            : 9.087e-02
                         :    4 : belectron_P_jetrest>3.?3.:belectron_P_jetrest                                                            : 9.079e-02
                         :    5 : log10(1.+belectron_reliso)>1.2?1.2:log10(1.+belectron_reliso)<0.3?0.3:log10(1.+belectron_reliso)         : 8.189e-02
                         :    6 : bjet_NeutralEmEnergyFraction<0.15?0.15:bjet_NeutralEmEnergyFraction>0.6?0.6:bjet_NeutralEmEnergyFraction : 7.950e-02
                         :    7 : fabs(bjet_charge)>0.35?0.35:fabs(bjet_charge)                                                            : 7.738e-02
                         :    8 : bjet_ChargedHadronEnergyFraction<0.5?0.5:bjet_ChargedHadronEnergyFraction                                : 7.170e-02
                         :    9 : belectron_dR_l_j<0.1?0.1:belectron_dR_l_j                                                                : 7.020e-02
                         :   10 : belectron_palongjet>15.?15.:belectron_palongjet                                                          : 6.354e-02
                         :   11 : belectron_palongjetratio>0.15?0.15:belectron_palongjetratio                                              : 6.257e-02
                         :   12 : bjet_ChargedEmEnergyFraction>0.1?0.1:bjet_ChargedEmEnergyFraction                                        : 5.922e-02
                         : ------------------------------------------------------------------------------------------------------------------------------------------
Factory                  : === Destroy and recreate all methods via weight files for testing ===
                         : 
                         : Reading weight file: [0;36mBDT_2018/weights/BDT_2018_BDT.weights.xml[0m
Factory                  : [1mTest all methods[0m
Factory                  : Test method: BDT for Classification performance
                         : 
BDT                      : [BDT_2018] : Evaluation of BDT on testing sample (109907 events)
                         : Elapsed time for evaluation of 109907 events: 17.1 sec       
Factory                  : [1mEvaluate all methods[0m
Factory                  : Evaluate classifier: BDT
                         : 
TFHandler_BDT            :                                                                                                 Variable                                                                                                        Mean                                                                                                        RMS                                                                                                [        Min                                                                                                        Max ]
                         : -----------------------------------------------------------------------------------------------------------------------------------------------------------------------------------------------------------------------------------------------------------------------------------------------------------------------------------------------------------------------------------------------------------------------------------------------------------------------------------------------------------------------------------------------------------
                         :                                                                belectron_dR_l_j<0.1?0.1:belectron_dR_l_j:                                                                                                   -1.9301                                                                                                    1.3470   [                                                                                                   -2.7102                                                                                                    5.7307 ]
                         :                                                                belectron_nsip3d>10.?10.:belectron_nsip3d:                                                                                                    1.7380                                                                                                    2.7608   [                                                                                                   -3.3115                                                                                                    5.7307 ]
                         :                                                            belectron_P_jetrest>3.?3.:belectron_P_jetrest:                                                                                                   0.47711                                                                                                    1.7560   [                                                                                                   -3.2069                                                                                                    5.7307 ]
                         :                                                          belectron_palongjet>15.?15.:belectron_palongjet:                                                                                                    3.7530                                                                                                    2.7769   [                                                                                                   -2.9908                                                                                                    5.7307 ]
                         :                                              belectron_palongjetratio>0.15?0.15:belectron_palongjetratio:                                                                                                    4.4498                                                                                                    2.4388   [                                                                                                   -2.7468                                                                                                    5.7307 ]
                         :                                                            belectron_ptwrtbjet>3.?3.:belectron_ptwrtbjet:                                                                                                   0.18309                                                                                                    1.3079   [                                                                                                   -3.2178                                                                                                    5.7307 ]
                         :         log10(1.+belectron_reliso)>1.2?1.2:log10(1.+belectron_reliso)<0.3?0.3:log10(1.+belectron_reliso):                                                                                                  -0.93967                                                                                                    1.7198   [                                                                                                   -3.0588                                                                                                    5.7307 ]
                         :                                        bjet_ChargedEmEnergyFraction>0.1?0.1:bjet_ChargedEmEnergyFraction:                                                                                                    2.8825                                                                                                    3.7727   [                                                                                                   -2.4150                                                                                                    5.7307 ]
                         :                                bjet_ChargedHadronEnergyFraction<0.5?0.5:bjet_ChargedHadronEnergyFraction:                                                                                                   -1.5838                                                                                                    1.6144   [                                                                                                   -2.9344                                                                                                    5.7307 ]
                         : bjet_NeutralEmEnergyFraction<0.15?0.15:bjet_NeutralEmEnergyFraction>0.6?0.6:bjet_NeutralEmEnergyFraction:                                                                                                   -1.0885                                                                                                    1.8670   [                                                                                                   -2.9493                                                                                                    5.7307 ]
                         : bjet_charge*belectron_charge<-0.4?-0.4:bjet_charge*belectron_charge>0.2?0.2:bjet_charge*belectron_charge:                                                                                                    2.6501                                                                                                    3.0446   [                                                                                                   -2.9880                                                                                                    5.7307 ]
                         :                                                            fabs(bjet_charge)>0.35?0.35:fabs(bjet_charge):                                                                                                    1.9231                                                                                                    2.8143   [                                                                                                   -3.1239                                                                                                    5.7307 ]
                         : -----------------------------------------------------------------------------------------------------------------------------------------------------------------------------------------------------------------------------------------------------------------------------------------------------------------------------------------------------------------------------------------------------------------------------------------------------------------------------------------------------------------------------------------------------------
BDT                      : [BDT_2018] : Loop over test events and fill histograms with classifier response...
                         : 
TFHandler_BDT            :                                                                                                 Variable                                                                                                        Mean                                                                                                        RMS                                                                                                [        Min                                                                                                        Max ]
                         : -----------------------------------------------------------------------------------------------------------------------------------------------------------------------------------------------------------------------------------------------------------------------------------------------------------------------------------------------------------------------------------------------------------------------------------------------------------------------------------------------------------------------------------------------------------
                         :                                                                belectron_dR_l_j<0.1?0.1:belectron_dR_l_j:                                                                                                   -1.9301                                                                                                    1.3470   [                                                                                                   -2.7102                                                                                                    5.7307 ]
                         :                                                                belectron_nsip3d>10.?10.:belectron_nsip3d:                                                                                                    1.7380                                                                                                    2.7608   [                                                                                                   -3.3115                                                                                                    5.7307 ]
                         :                                                            belectron_P_jetrest>3.?3.:belectron_P_jetrest:                                                                                                   0.47711                                                                                                    1.7560   [                                                                                                   -3.2069                                                                                                    5.7307 ]
                         :                                                          belectron_palongjet>15.?15.:belectron_palongjet:                                                                                                    3.7530                                                                                                    2.7769   [                                                                                                   -2.9908                                                                                                    5.7307 ]
                         :                                              belectron_palongjetratio>0.15?0.15:belectron_palongjetratio:                                                                                                    4.4498                                                                                                    2.4388   [                                                                                                   -2.7468                                                                                                    5.7307 ]
                         :                                                            belectron_ptwrtbjet>3.?3.:belectron_ptwrtbjet:                                                                                                   0.18309                                                                                                    1.3079   [                                                                                                   -3.2178                                                                                                    5.7307 ]
                         :         log10(1.+belectron_reliso)>1.2?1.2:log10(1.+belectron_reliso)<0.3?0.3:log10(1.+belectron_reliso):                                                                                                  -0.93967                                                                                                    1.7198   [                                                                                                   -3.0588                                                                                                    5.7307 ]
                         :                                        bjet_ChargedEmEnergyFraction>0.1?0.1:bjet_ChargedEmEnergyFraction:                                                                                                    2.8825                                                                                                    3.7727   [                                                                                                   -2.4150                                                                                                    5.7307 ]
                         :                                bjet_ChargedHadronEnergyFraction<0.5?0.5:bjet_ChargedHadronEnergyFraction:                                                                                                   -1.5838                                                                                                    1.6144   [                                                                                                   -2.9344                                                                                                    5.7307 ]
                         : bjet_NeutralEmEnergyFraction<0.15?0.15:bjet_NeutralEmEnergyFraction>0.6?0.6:bjet_NeutralEmEnergyFraction:                                                                                                   -1.0885                                                                                                    1.8670   [                                                                                                   -2.9493                                                                                                    5.7307 ]
                         : bjet_charge*belectron_charge<-0.4?-0.4:bjet_charge*belectron_charge>0.2?0.2:bjet_charge*belectron_charge:                                                                                                    2.6501                                                                                                    3.0446   [                                                                                                   -2.9880                                                                                                    5.7307 ]
                         :                                                            fabs(bjet_charge)>0.35?0.35:fabs(bjet_charge):                                                                                                    1.9231                                                                                                    2.8143   [                                                                                                   -3.1239                                                                                                    5.7307 ]
                         : -----------------------------------------------------------------------------------------------------------------------------------------------------------------------------------------------------------------------------------------------------------------------------------------------------------------------------------------------------------------------------------------------------------------------------------------------------------------------------------------------------------------------------------------------------------
                         : 
                         : Evaluation results ranked by best signal efficiency and purity (area)
                         : -------------------------------------------------------------------------------------------------------------------
                         : DataSet       MVA                       
                         : Name:         Method:          ROC-integ
                         : BDT_2018      BDT            : 0.712
                         : -------------------------------------------------------------------------------------------------------------------
                         : 
                         : Testing efficiency compared to training efficiency (overtraining check)
                         : -------------------------------------------------------------------------------------------------------------------
                         : DataSet              MVA              Signal efficiency: from test sample (from training sample) 
                         : Name:                Method:          @B=0.01             @B=0.10            @B=0.30   
                         : -------------------------------------------------------------------------------------------------------------------
                         : BDT_2018             BDT            : 0.061 (0.071)       0.314 (0.330)      0.610 (0.626)
                         : -------------------------------------------------------------------------------------------------------------------
                         : 
Dataset:BDT_2018         : Created tree 'TestTree' with 109907 events
                         : 
Dataset:BDT_2018         : Created tree 'TrainTree' with 87881 events
                         : 
Factory                  : [1mThank you for using TMVA![0m
                         : [1mFor citation information, please visit: http://tmva.sf.net/citeTMVA.html[0m
['bmuon_dR_l_j', 'bmuon_nsip3d < 0.1 ? 0.1 : bmuon_nsip3d > 10. ? 10. : bmuon_nsip3d', 'bmuon_P_jetrest < 1. ? 1. : bmuon_P_jetrest > 4. ? 4. : bmuon_P_jetrest', 'bmuon_palongjet > 10. ? 10. : bmuon_palongjet', 'bmuon_palongjetratio > 0.4 ? 0.4 : bmuon_palongjetratio', 'bmuon_ptwrtbjet < 1. ? 1. : bmuon_ptwrtbjet > 3.5 ? 3.5 : bmuon_ptwrtbjet', 'log10(1.+bmuon_reliso) > 1.2 ? 1.2 : log10(1.+bmuon_reliso)', 'bjet_ChargedHadronEnergyFraction < 0.2 ? 0.2 : bjet_ChargedHadronEnergyFraction > 0.9 ? 0.9 : bjet_ChargedHadronEnergyFraction', 'bjet_MuonEnergyFraction < 0.2 ? 0.2 : bjet_MuonEnergyFraction > 0.4 ? 0.4 : bjet_MuonEnergyFraction', 'bjet_NeutralEmEnergyFraction > 0.5 ? 0.5 : bjet_NeutralEmEnergyFraction', 'bjet_NeutralHadronEnergyFraction < 0.1 ? 0.1 : bjet_NeutralHadronEnergyFraction > 0.3 ? 0.3 : bjet_NeutralHadronEnergyFraction', 'bjet_NeutralMultiplicity > 25 ? 25 : bjet_NeutralMultiplicity', 'bjet_charge*bmuon_charge < -0.3 ? -0.3 : bjet_charge*bmuon_charge > 0.5 ? 0.5 : bjet_charge*bmuon_charge', 'fabs(bjet_charge) > 0.5 ? 0.5 : fabs(bjet_charge)'] ['belectron_dR_l_j < 0.1 ? 0.1 : belectron_dR_l_j', 'belectron_nsip3d > 10. ? 10. : belectron_nsip3d', 'belectron_P_jetrest > 3. ? 3. : belectron_P_jetrest', 'belectron_palongjet > 15.? 15. : belectron_palongjet', 'belectron_palongjetratio > 0.15 ? 0.15 : belectron_palongjetratio', 'belectron_ptwrtbjet > 3. ? 3. : belectron_ptwrtbjet', 'log10(1.+belectron_reliso) > 1.2 ? 1.2 : log10(1.+belectron_reliso) < 0.3 ? 0.3 : log10(1.+belectron_reliso)', 'bjet_ChargedEmEnergyFraction > 0.1 ? 0.1 : bjet_ChargedEmEnergyFraction', 'bjet_ChargedHadronEnergyFraction < 0.5 ? 0.5 : bjet_ChargedHadronEnergyFraction', 'bjet_NeutralEmEnergyFraction < 0.15 ? 0.15 : bjet_NeutralEmEnergyFraction > 0.6 ? 0.6 : bjet_NeutralEmEnergyFraction', 'bjet_charge*belectron_charge < -0.4 ? -0.4 : bjet_charge*belectron_charge > 0.2 ? 0.2 : bjet_charge*belectron_charge', 'fabs(bjet_charge) > 0.35 ? 0.35 : fabs(bjet_charge)'] ['bjet_ChargedHadronEnergyFraction < 0.15 ? 0.15 : bjet_ChargedHadronEnergyFraction', 'bjet_NeutralEmEnergyFraction > 0.7 ? 0.7 : bjet_NeutralEmEnergyFraction', 'bjet_NeutralHadronEnergyFraction < 0.05 ? 0.05 : bjet_NeutralHadronEnergyFraction > 0.5 ? 0.5 : bjet_NeutralHadronEnergyFraction', 'bjet_NeutralMultiplicity > 30 ? 30 : bjet_NeutralMultiplicity', 'fabs(bjet_charge) > 0.4 ? 0.4 : fabs(bjet_charge)']
(bmuon_charge*bjet_partonFlavour < 0)&&Has_bMuon (bmuon_charge*bjet_partonFlavour > 0)&&Has_bMuon (belectron_charge*bjet_partonFlavour < 0)&&(Has_bElectron) (belectron_charge*bjet_partonFlavour > 0)&&(Has_bElectron) (bjet_charge*bjet_partonFlavour < 0)&&(!Has_bElectron)&&(!Has_bMuon) (bjet_charge*bjet_partonFlavour > 0)&&(!Has_bElectron)&&(!Has_bMuon)
sigcut= (belectron_charge*bjet_partonFlavour < 0)&&(Has_bElectron)
bkgcut= (belectron_charge*bjet_partonFlavour > 0)&&(Has_bElectron)
<sig cut>= (belectron_charge*bjet_partonFlavour < 0)&&(Has_bElectron)
<bkg cut>= (belectron_charge*bjet_partonFlavour > 0)&&(Has_bElectron)
---sig_test---
<self.testtree_sig> OutTree/sig
/data9/Users/jhchoi/Generate_BDT_Model/TMVA_TOOL/inputs/EEMu_MuMuE_Method/v2608.2/2018/EEMu_MuMuE_Method_DYJetsToEE_MiNNLO.root
/data9/Users/jhchoi/Generate_BDT_Model/TMVA_TOOL/inputs/EEMu_MuMuE_Method/v2608.2/2018/EEMu_MuMuE_Method_DYJetsToMuMu_MiNNLO.root
--bkg_test---
<self.testtree_bkg> OutTree/bkg
/data9/Users/jhchoi/Generate_BDT_Model/TMVA_TOOL/inputs/EEMu_MuMuE_Method/v2608.2/2018/EEMu_MuMuE_Method_DYJetsToEE_MiNNLO.root
/data9/Users/jhchoi/Generate_BDT_Model/TMVA_TOOL/inputs/EEMu_MuMuE_Method/v2608.2/2018/EEMu_MuMuE_Method_DYJetsToMuMu_MiNNLO.root
---sig_train---
<self.traintree_sig> OutTree/sig
/data9/Users/jhchoi/Generate_BDT_Model/TMVA_TOOL/inputs/EEMu_MuMuE_Method/v2608.2/2018/EEMu_MuMuE_Method_DYJets.root
---bkg_train---
<self.traintree_bkg> OutTree/bkg
/data9/Users/jhchoi/Generate_BDT_Model/TMVA_TOOL/inputs/EEMu_MuMuE_Method/v2608.2/2018/EEMu_MuMuE_Method_DYJets.root
>>>>self.dataloader.PrepareTrainingAndTestTree
Set sig cut -> (belectron_charge*bjet_partonFlavour < 0)&&(Has_bElectron)
Set bkg cut -> (belectron_charge*bjet_partonFlavour > 0)&&(Has_bElectron)
----AUC and Efficiency----
auc= 0.7122678327310119
BDT_2018 BDT
B = 0.005 : 0.0330 (0.0350)
B = 0.010 : 0.0610 (0.0710)
B = 0.015 : 0.0850 (0.0950)
B = 0.020 : 0.1060 (0.1170)
B = 0.025 : 0.1230 (0.1400)
B = 0.030 : 0.1410 (0.1580)
B = 0.035 : 0.1560 (0.1710)
B = 0.040 : 0.1720 (0.1840)
B = 0.045 : 0.1880 (0.1970)
B = 0.050 : 0.2020 (0.2110)
B = 0.100 : 0.3140 (0.3300)
B = 0.200 : 0.4850 (0.5040)
B = 0.300 : 0.6100 (0.6260)
B = 0.400 : 0.7060 (0.7240)
B = 0.500 : 0.7830 (0.7950)
B = 0.600 : 0.8480 (0.8600)
END of RUNNING...run_single
myerr=0
[ntry=1]
