/home/condor/dir_1833568
DataSetInfo              : [FIN_BDT_2016preVFP] : Added class "Signal"
                         : Add Tree OutTree/sig of type Signal with 473146 events
                         : Add Tree OutTree/sig of type Signal with 537532 events
DataSetInfo              : [FIN_BDT_2016preVFP] : Added class "Background"
                         : Add Tree OutTree/bkg of type Background with 338692 events
                         : Add Tree OutTree/bkg of type Background with 384801 events
Factory                  : Booking method: [1mBDT[0m
                         : 
                         : Parsing option string: 
                         : ... "!H:V:NTrees=800:MinNodeSize=1%:MaxDepth=4:Shrinkage=0.005:BoostType=Grad:AdaBoostBeta=:UseBaggedBoost=True:BaggedSampleFraction=0.4:SeparationType=GiniIndex:nCuts=5:IgnoreNegWeightsInTraining=True:VarTransform=U"
                         : The following options are set:
                         : - By User:
                         :     <none>
                         : - Default:
                         :     Boost_num: "0" [Number of times the classifier will be boosted]
                         : Parsing option string: 
                         : ... "!H:V:NTrees=800:MinNodeSize=1%:MaxDepth=4:Shrinkage=0.005:BoostType=Grad:AdaBoostBeta=:UseBaggedBoost=True:BaggedSampleFraction=0.4:SeparationType=GiniIndex:nCuts=5:IgnoreNegWeightsInTraining=True:VarTransform=U"
                         : The following options are set:
                         : - By User:
                         :     V: "True" [Verbose output (short form of "VerbosityLevel" below - overrides the latter one)]
                         :     VarTransform: "U" [List of variable transformations performed before training, e.g., "D_Background,P_Signal,G,N_AllClasses" for: "Decorrelation, PCA-transformation, Gaussianisation, Normalisation, each for the given class of events ('AllClasses' denotes all events of all classes, if no class indication is given, 'All' is assumed)"]
                         :     H: "False" [Print method-specific help message]
                         :     IgnoreNegWeightsInTraining: "True" [Events with negative weights are ignored in the training (but are included for testing and performance evaluation)]
                         :     NTrees: "800" [Number of trees in the forest]
                         :     MaxDepth: "4" [Max depth of the decision tree allowed]
                         :     MinNodeSize: "1%" [Minimum percentage of training events required in a leaf node (default: Classification: 5%, Regression: 0.2%)]
                         :     nCuts: "5" [Number of grid points in variable range used in finding optimal cut in node splitting]
                         :     BoostType: "Grad" [Boosting type for the trees in the forest (note: AdaCost is still experimental)]
                         :     UseBaggedBoost: "True" [Use only a random subsample of all events for growing the trees in each boost iteration.]
                         :     Shrinkage: "5.000000e-03" [Learning rate for BoostType=Grad algorithm]
                         :     AdaBoostBeta: "5.000000e-01" [Learning rate  for AdaBoost algorithm]
                         :     BaggedSampleFraction: "4.000000e-01" [Relative size of bagged event sample to original size of the data sample (used whenever bagging is used (i.e. UseBaggedBoost, Bagging,)]
                         :     SeparationType: "GiniIndex" [Separation criterion for node splitting]
                         : - Default:
                         :     VerbosityLevel: "Default" [Verbosity level]
                         :     CreateMVAPdfs: "False" [Create PDFs for classifier outputs (signal and background)]
                         :     AdaBoostR2Loss: "Quadratic" [Type of Loss function in AdaBoostR2]
                         :     UseRandomisedTrees: "False" [Determine at each node splitting the cut variable only as the best out of a random subset of variables (like in RandomForests)]
                         :     UseNvars: "4" [Size of the subset of variables used with RandomisedTree option]
                         :     UsePoissonNvars: "True" [Interpret "UseNvars" not as fixed number but as mean of a Poisson distribution in each split with RandomisedTree option]
                         :     UseYesNoLeaf: "True" [Use Sig or Bkg categories, or the purity=S/(S+B) as classification of the leaf node -> Real-AdaBoost]
                         :     NegWeightTreatment: "InverseBoostNegWeights" [How to treat events with negative weights in the BDT training (particular the boosting) : IgnoreInTraining;  Boost With inverse boostweight; Pair events with negative and positive weights in training sample and *annihilate* them (experimental!)]
                         :     Css: "1.000000e+00" [AdaCost: cost of true signal selected signal]
                         :     Cts_sb: "1.000000e+00" [AdaCost: cost of true signal selected bkg]
                         :     Ctb_ss: "1.000000e+00" [AdaCost: cost of true bkg    selected signal]
                         :     Cbb: "1.000000e+00" [AdaCost: cost of true bkg    selected bkg ]
                         :     NodePurityLimit: "5.000000e-01" [In boosting/pruning, nodes with purity > NodePurityLimit are signal; background otherwise.]
                         :     RegressionLossFunctionBDTG: "Huber" [Loss function for BDTG regression.]
                         :     HuberQuantile: "7.000000e-01" [In the Huber loss function this is the quantile that separates the core from the tails in the residuals distribution.]
                         :     DoBoostMonitor: "False" [Create control plot with ROC integral vs tree number]
                         :     UseFisherCuts: "False" [Use multivariate splits using the Fisher criterion]
                         :     MinLinCorrForFisher: "8.000000e-01" [The minimum linear correlation between two variables demanded for use in Fisher criterion in node splitting]
                         :     UseExclusiveVars: "False" [Variables already used in fisher criterion are not anymore analysed individually for node splitting]
                         :     DoPreselection: "False" [and and apply automatic pre-selection for 100% efficient signal (bkg) cuts prior to training]
                         :     SigToBkgFraction: "1.000000e+00" [Sig to Bkg ratio used in Training (similar to NodePurityLimit, which cannot be used in real adaboost]
                         :     PruneMethod: "NoPruning" [Note: for BDTs use small trees (e.g.MaxDepth=3) and NoPruning:  Pruning: Method used for pruning (removal) of statistically insignificant branches ]
                         :     PruneStrength: "0.000000e+00" [Pruning strength]
                         :     PruningValFraction: "5.000000e-01" [Fraction of events to use for optimizing automatic pruning.]
                         :     SkipNormalization: "False" [Skip normalization at initialization, to keep expectation value of BDT output according to the fraction of events]
                         :     nEventsMin: "0" [deprecated: Use MinNodeSize (in % of training events) instead]
                         :     UseBaggedGrad: "False" [deprecated: Use *UseBaggedBoost* instead:  Use only a random subsample of all events for growing the trees in each iteration.]
                         :     GradBaggingFraction: "4.000000e-01" [deprecated: Use *BaggedSampleFraction* instead: Defines the fraction of events to be used in each iteration, e.g. when UseBaggedGrad=kTRUE. ]
                         :     UseNTrainEvents: "0" [deprecated: Use *BaggedSampleFraction* instead: Number of randomly picked training events used in randomised (and bagged) trees]
                         :     NNodesMax: "0" [deprecated: Use MaxDepth instead to limit the tree size]
BDT                      : [FIN_BDT_2016preVFP] : Create Transformation "U" with events from all classes.
                         : 
                         : Transformation, Variable selection : 
                         : Input : variable 'belectron_nsip3d<10.?belectron_nsip3d:10.' <---> Output : variable 'belectron_nsip3d<10.?belectron_nsip3d:10.'
                         : Input : variable '(belectron_reliso<1.)?1:(belectron_reliso>10)?10:belectron_reliso' <---> Output : variable '(belectron_reliso<1.)?1:(belectron_reliso>10)?10:belectron_reliso'
                         : Input : variable 'belectron_ptwrtbjet<10.?belectron_ptwrtbjet:10.' <---> Output : variable 'belectron_ptwrtbjet<10.?belectron_ptwrtbjet:10.'
                         : Input : variable 'belectron_P_jetrest<10.?belectron_P_jetrest:10.' <---> Output : variable 'belectron_P_jetrest<10.?belectron_P_jetrest:10.'
                         : Input : variable 'bjet_charge*belectron_charge' <---> Output : variable 'bjet_charge*belectron_charge'
                         : Input : variable 'bjet_ChargedHadronEnergyFraction>0.35?bjet_ChargedHadronEnergyFraction:0.35' <---> Output : variable 'bjet_ChargedHadronEnergyFraction>0.35?bjet_ChargedHadronEnergyFraction:0.35'
                         : Input : variable 'bjet_NeutralHadronEnergyFraction>0.1?bjet_NeutralHadronEnergyFraction:0.1' <---> Output : variable 'bjet_NeutralHadronEnergyFraction>0.1?bjet_NeutralHadronEnergyFraction:0.1'
                         : Input : variable 'bjet_NeutralEmEnergyFraction>0.1?bjet_NeutralEmEnergyFraction:0.1' <---> Output : variable 'bjet_NeutralEmEnergyFraction>0.1?bjet_NeutralEmEnergyFraction:0.1'
                         : Input : variable 'bjet_ChargedEmEnergyFraction<0.3?bjet_ChargedEmEnergyFraction:0.3' <---> Output : variable 'bjet_ChargedEmEnergyFraction<0.3?bjet_ChargedEmEnergyFraction:0.3'
                         : Input : variable '(bjet_ChargedMultiplicity>20)?21:(bjet_ChargedMultiplicity<15)?14:bjet_ChargedMultiplicity' <---> Output : variable '(bjet_ChargedMultiplicity>20)?21:(bjet_ChargedMultiplicity<15)?14:bjet_ChargedMultiplicity'
                         : Input : variable 'bjet_NeutralMultiplicity>9?bjet_NeutralMultiplicity:9' <---> Output : variable 'bjet_NeutralMultiplicity>9?bjet_NeutralMultiplicity:9'
                         : Input : variable 'fabs(bjet_charge)' <---> Output : variable 'fabs(bjet_charge)'
                         : the option NegWeightTreatment=InverseBoostNegWeights does not exist for BoostType=Grad
                         : --> change to new default NegWeightTreatment=Pray
                         : Rebuilding Dataset FIN_BDT_2016preVFP
                         : Building event vectors for type 1 Signal
                         : Dataset[FIN_BDT_2016preVFP] :  create input formulas for tree sig
                         : Dataset[FIN_BDT_2016preVFP] :  create input formulas for tree sig
                         : Dataset[FIN_BDT_2016preVFP] :  create input formulas for tree sig
                         : Building event vectors for type 0 Signal
                         : Dataset[FIN_BDT_2016preVFP] :  create input formulas for tree sig
                         : Dataset[FIN_BDT_2016preVFP] :  create input formulas for tree sig
                         : Building event vectors for type 1 Background
                         : Dataset[FIN_BDT_2016preVFP] :  create input formulas for tree bkg
                         : Dataset[FIN_BDT_2016preVFP] :  create input formulas for tree bkg
                         : Dataset[FIN_BDT_2016preVFP] :  create input formulas for tree bkg
                         : Building event vectors for type 0 Background
                         : Dataset[FIN_BDT_2016preVFP] :  create input formulas for tree bkg
                         : Dataset[FIN_BDT_2016preVFP] :  create input formulas for tree bkg
DataSetFactory           : [FIN_BDT_2016preVFP] : Number of events in input trees
                         : Dataset[FIN_BDT_2016preVFP] :     Signal     requirement: "(belectron_charge*bjet_partonFlavour < 0)&&(Has_bElectron)"
                         : Dataset[FIN_BDT_2016preVFP] :     Signal          -- number of events passed: 55335  / sum of weights: 30361.8
                         : Dataset[FIN_BDT_2016preVFP] :     Signal          -- efficiency             : 0.0523107
                         : Dataset[FIN_BDT_2016preVFP] :     Background requirement: "(belectron_charge*bjet_partonFlavour > 0)&&(Has_bElectron)"
                         : Dataset[FIN_BDT_2016preVFP] :     Background      -- number of events passed: 33092  / sum of weights: 18070.7
                         : Dataset[FIN_BDT_2016preVFP] :     Background      -- efficiency             : 0.0432714
                         : Dataset[FIN_BDT_2016preVFP] :  you have opted for interpreting the requested number of training/testing events
                         :  to be the number of events AFTER your preselection cuts
                         : 
                         : Dataset[FIN_BDT_2016preVFP] :  you have opted for interpreting the requested number of training/testing events
                         :  to be the number of events AFTER your preselection cuts
                         : 
                         : Dataset[FIN_BDT_2016preVFP] : Weight renormalisation mode: "EqualNumEvents": renormalises all event classes ...
                         : Dataset[FIN_BDT_2016preVFP] :  such that the effective (weighted) number of events in each class is the same 
                         : Dataset[FIN_BDT_2016preVFP] :  (and equals the number of events (entries) given for class=0 )
                         : Dataset[FIN_BDT_2016preVFP] : ... i.e. such that Sum[i=1..N_j]{w_i} = N_classA, j=classA, classB, ...
                         : Dataset[FIN_BDT_2016preVFP] : ... (note that N_j is the sum of TRAINING events
                         : Dataset[FIN_BDT_2016preVFP] :  ..... Testing events are not renormalised nor included in the renormalisation factor!)
                         : Number of training and testing events
                         : ---------------------------------------------------------------------------
                         : Signal     -- training events            : 23979
                         : Signal     -- testing events             : 31356
                         : Signal     -- training and testing events: 55335
                         : Dataset[FIN_BDT_2016preVFP] : Signal     -- due to the preselection a scaling factor has been applied to the numbers of requested events: 0.0547504
                         : Background -- training events            : 14279
                         : Background -- testing events             : 18813
                         : Background -- training and testing events: 33092
                         : Dataset[FIN_BDT_2016preVFP] : Background -- due to the preselection a scaling factor has been applied to the numbers of requested events: 0.0457392
                         : 
DataSetInfo              : Correlation matrix (Signal):
                         : ---------------------------------------------------------------------------------------------------------------------------------------------------------------------------------------------------------------------------------------------------------------------------------------------------------------------------------------------------------------------------------------------------------------------------------------------------------------------------------------------------------------------------------------------------------------------------------------------------------------------------------------------------------------------------------------------------------------------------------------------------------------------------------------------------
                         :                                                                                             belectron_nsip3d_10._belectron_nsip3d:10. _belectron_reliso_1.__1:_belectron_reliso_10__10:belectron_reliso belectron_ptwrtbjet_10._belectron_ptwrtbjet:10. belectron_P_jetrest_10._belectron_P_jetrest:10. bjet_charge_T_belectron_charge bjet_ChargedHadronEnergyFraction_0.35_bjet_ChargedHadronEnergyFraction:0.35 bjet_NeutralHadronEnergyFraction_0.1_bjet_NeutralHadronEnergyFraction:0.1 bjet_NeutralEmEnergyFraction_0.1_bjet_NeutralEmEnergyFraction:0.1 bjet_ChargedEmEnergyFraction_0.3_bjet_ChargedEmEnergyFraction:0.3 _bjet_ChargedMultiplicity_20__21:_bjet_ChargedMultiplicity_15__14:bjet_ChargedMultiplicity bjet_NeutralMultiplicity_9_bjet_NeutralMultiplicity:9 fabs_bjet_charge_
                         :                                                  belectron_nsip3d_10._belectron_nsip3d:10.:                                    +1.000                                                            +0.031                                          +0.135                                          +0.060                         -0.004                                                                      -0.046                                                                    +0.019                                                            +0.002                                                            +0.069                                                                                     -0.023                                                +0.012            +0.020
                         :                          _belectron_reliso_1.__1:_belectron_reliso_10__10:belectron_reliso:                                    +0.031                                                            +1.000                                          -0.212                                          -0.411                         -0.297                                                                      +0.222                                                                    +0.089                                                            +0.138                                                            -0.300                                                                                     +0.174                                                +0.215            -0.226
                         :                                            belectron_ptwrtbjet_10._belectron_ptwrtbjet:10.:                                    +0.135                                                            -0.212                                          +1.000                                          +0.718                         +0.073                                                                      -0.101                                                                    +0.023                                                            -0.040                                                            +0.137                                                                                     +0.059                                                +0.029            +0.081
                         :                                            belectron_P_jetrest_10._belectron_P_jetrest:10.:                                    +0.060                                                            -0.411                                          +0.718                                          +1.000                         +0.202                                                                      -0.184                                                                    -0.021                                                            -0.054                                                            +0.178                                                                                     +0.074                                                +0.087            +0.196
                         :                                                             bjet_charge_T_belectron_charge:                                    -0.004                                                            -0.297                                          +0.073                                          +0.202                         +1.000                                                                      -0.173                                                                    +0.011                                                            -0.046                                                            +0.200                                                                                     -0.117                                                -0.128            +0.732
                         :                bjet_ChargedHadronEnergyFraction_0.35_bjet_ChargedHadronEnergyFraction:0.35:                                    -0.046                                                            +0.222                                          -0.101                                          -0.184                         -0.173                                                                      +1.000                                                                    -0.266                                                            -0.169                                                            -0.593                                                                                     +0.184                                                -0.048            -0.191
                         :                  bjet_NeutralHadronEnergyFraction_0.1_bjet_NeutralHadronEnergyFraction:0.1:                                    +0.019                                                            +0.089                                          +0.023                                          -0.021                         +0.011                                                                      -0.266                                                                    +1.000                                                            -0.205                                                            +0.138                                                                                     -0.038                                                -0.010            +0.021
                         :                          bjet_NeutralEmEnergyFraction_0.1_bjet_NeutralEmEnergyFraction:0.1:                                    +0.002                                                            +0.138                                          -0.040                                          -0.054                         -0.046                                                                      -0.169                                                                    -0.205                                                            +1.000                                                            -0.482                                                                                     -0.024                                                +0.394            -0.060
                         :                          bjet_ChargedEmEnergyFraction_0.3_bjet_ChargedEmEnergyFraction:0.3:                                    +0.069                                                            -0.300                                          +0.137                                          +0.178                         +0.200                                                                      -0.593                                                                    +0.138                                                            -0.482                                                            +1.000                                                                                     -0.143                                                -0.273            +0.180
                         : _bjet_ChargedMultiplicity_20__21:_bjet_ChargedMultiplicity_15__14:bjet_ChargedMultiplicity:                                    -0.023                                                            +0.174                                          +0.059                                          +0.074                         -0.117                                                                      +0.184                                                                    -0.038                                                            -0.024                                                            -0.143                                                                                     +1.000                                                +0.184            -0.135
                         :                                      bjet_NeutralMultiplicity_9_bjet_NeutralMultiplicity:9:                                    +0.012                                                            +0.215                                          +0.029                                          +0.087                         -0.128                                                                      -0.048                                                                    -0.010                                                            +0.394                                                            -0.273                                                                                     +0.184                                                +1.000            -0.136
                         :                                                                          fabs_bjet_charge_:                                    +0.020                                                            -0.226                                          +0.081                                          +0.196                         +0.732                                                                      -0.191                                                                    +0.021                                                            -0.060                                                            +0.180                                                                                     -0.135                                                -0.136            +1.000
                         : ---------------------------------------------------------------------------------------------------------------------------------------------------------------------------------------------------------------------------------------------------------------------------------------------------------------------------------------------------------------------------------------------------------------------------------------------------------------------------------------------------------------------------------------------------------------------------------------------------------------------------------------------------------------------------------------------------------------------------------------------------------------------------------------------------
DataSetInfo              : Correlation matrix (Background):
                         : ---------------------------------------------------------------------------------------------------------------------------------------------------------------------------------------------------------------------------------------------------------------------------------------------------------------------------------------------------------------------------------------------------------------------------------------------------------------------------------------------------------------------------------------------------------------------------------------------------------------------------------------------------------------------------------------------------------------------------------------------------------------------------------------------------
                         :                                                                                             belectron_nsip3d_10._belectron_nsip3d:10. _belectron_reliso_1.__1:_belectron_reliso_10__10:belectron_reliso belectron_ptwrtbjet_10._belectron_ptwrtbjet:10. belectron_P_jetrest_10._belectron_P_jetrest:10. bjet_charge_T_belectron_charge bjet_ChargedHadronEnergyFraction_0.35_bjet_ChargedHadronEnergyFraction:0.35 bjet_NeutralHadronEnergyFraction_0.1_bjet_NeutralHadronEnergyFraction:0.1 bjet_NeutralEmEnergyFraction_0.1_bjet_NeutralEmEnergyFraction:0.1 bjet_ChargedEmEnergyFraction_0.3_bjet_ChargedEmEnergyFraction:0.3 _bjet_ChargedMultiplicity_20__21:_bjet_ChargedMultiplicity_15__14:bjet_ChargedMultiplicity bjet_NeutralMultiplicity_9_bjet_NeutralMultiplicity:9 fabs_bjet_charge_
                         :                                                  belectron_nsip3d_10._belectron_nsip3d:10.:                                    +1.000                                                            -0.032                                          +0.120                                          +0.091                         +0.020                                                                      -0.114                                                                    +0.044                                                            -0.036                                                            +0.147                                                                                     -0.118                                                -0.026            +0.021
                         :                          _belectron_reliso_1.__1:_belectron_reliso_10__10:belectron_reliso:                                    -0.032                                                            +1.000                                          -0.237                                          -0.388                         -0.251                                                                      +0.161                                                                    +0.093                                                            +0.074                                                            -0.216                                                                                     +0.159                                                +0.184            -0.129
                         :                                            belectron_ptwrtbjet_10._belectron_ptwrtbjet:10.:                                    +0.120                                                            -0.237                                          +1.000                                          +0.766                         +0.002                                                                      -0.102                                                                    -0.039                                                            +0.019                                                            +0.039                                                                                     +0.176                                                +0.084            +0.093
                         :                                            belectron_P_jetrest_10._belectron_P_jetrest:10.:                                    +0.091                                                            -0.388                                          +0.766                                          +1.000                         +0.118                                                                      -0.155                                                                    -0.051                                                            +0.007                                                            +0.101                                                                                     +0.181                                                +0.119            +0.137
                         :                                                             bjet_charge_T_belectron_charge:                                    +0.020                                                            -0.251                                          +0.002                                          +0.118                         +1.000                                                                      -0.105                                                                    +0.015                                                            +0.047                                                            +0.125                                                                                     -0.064                                                -0.045            +0.300
                         :                bjet_ChargedHadronEnergyFraction_0.35_bjet_ChargedHadronEnergyFraction:0.35:                                    -0.114                                                            +0.161                                          -0.102                                          -0.155                         -0.105                                                                      +1.000                                                                    -0.316                                                            -0.212                                                            -0.565                                                                                     +0.154                                                -0.080            -0.150
                         :                  bjet_NeutralHadronEnergyFraction_0.1_bjet_NeutralHadronEnergyFraction:0.1:                                    +0.044                                                            +0.093                                          -0.039                                          -0.051                         +0.015                                                                      -0.316                                                                    +1.000                                                            -0.229                                                            +0.188                                                                                     -0.072                                                -0.030            +0.014
                         :                          bjet_NeutralEmEnergyFraction_0.1_bjet_NeutralEmEnergyFraction:0.1:                                    -0.036                                                            +0.074                                          +0.019                                          +0.007                         +0.047                                                                      -0.212                                                                    -0.229                                                            +1.000                                                            -0.431                                                                                     +0.006                                                +0.379            -0.037
                         :                          bjet_ChargedEmEnergyFraction_0.3_bjet_ChargedEmEnergyFraction:0.3:                                    +0.147                                                            -0.216                                          +0.039                                          +0.101                         +0.125                                                                      -0.565                                                                    +0.188                                                            -0.431                                                            +1.000                                                                                     -0.129                                                -0.231            +0.068
                         : _bjet_ChargedMultiplicity_20__21:_bjet_ChargedMultiplicity_15__14:bjet_ChargedMultiplicity:                                    -0.118                                                            +0.159                                          +0.176                                          +0.181                         -0.064                                                                      +0.154                                                                    -0.072                                                            +0.006                                                            -0.129                                                                                     +1.000                                                +0.195            -0.114
                         :                                      bjet_NeutralMultiplicity_9_bjet_NeutralMultiplicity:9:                                    -0.026                                                            +0.184                                          +0.084                                          +0.119                         -0.045                                                                      -0.080                                                                    -0.030                                                            +0.379                                                            -0.231                                                                                     +0.195                                                +1.000            -0.050
                         :                                                                          fabs_bjet_charge_:                                    +0.021                                                            -0.129                                          +0.093                                          +0.137                         +0.300                                                                      -0.150                                                                    +0.014                                                            -0.037                                                            +0.068                                                                                     -0.114                                                -0.050            +1.000
                         : ---------------------------------------------------------------------------------------------------------------------------------------------------------------------------------------------------------------------------------------------------------------------------------------------------------------------------------------------------------------------------------------------------------------------------------------------------------------------------------------------------------------------------------------------------------------------------------------------------------------------------------------------------------------------------------------------------------------------------------------------------------------------------------------------------
DataSetFactory           : [FIN_BDT_2016preVFP] :  
                         : 
Factory                  : [1mTrain all methods[0m
Factory                  : [FIN_BDT_2016preVFP] : Create Transformation "I" with events from all classes.
                         : 
                         : Transformation, Variable selection : 
                         : Input : variable 'belectron_nsip3d<10.?belectron_nsip3d:10.' <---> Output : variable 'belectron_nsip3d<10.?belectron_nsip3d:10.'
                         : Input : variable '(belectron_reliso<1.)?1:(belectron_reliso>10)?10:belectron_reliso' <---> Output : variable '(belectron_reliso<1.)?1:(belectron_reliso>10)?10:belectron_reliso'
                         : Input : variable 'belectron_ptwrtbjet<10.?belectron_ptwrtbjet:10.' <---> Output : variable 'belectron_ptwrtbjet<10.?belectron_ptwrtbjet:10.'
                         : Input : variable 'belectron_P_jetrest<10.?belectron_P_jetrest:10.' <---> Output : variable 'belectron_P_jetrest<10.?belectron_P_jetrest:10.'
                         : Input : variable 'bjet_charge*belectron_charge' <---> Output : variable 'bjet_charge*belectron_charge'
                         : Input : variable 'bjet_ChargedHadronEnergyFraction>0.35?bjet_ChargedHadronEnergyFraction:0.35' <---> Output : variable 'bjet_ChargedHadronEnergyFraction>0.35?bjet_ChargedHadronEnergyFraction:0.35'
                         : Input : variable 'bjet_NeutralHadronEnergyFraction>0.1?bjet_NeutralHadronEnergyFraction:0.1' <---> Output : variable 'bjet_NeutralHadronEnergyFraction>0.1?bjet_NeutralHadronEnergyFraction:0.1'
                         : Input : variable 'bjet_NeutralEmEnergyFraction>0.1?bjet_NeutralEmEnergyFraction:0.1' <---> Output : variable 'bjet_NeutralEmEnergyFraction>0.1?bjet_NeutralEmEnergyFraction:0.1'
                         : Input : variable 'bjet_ChargedEmEnergyFraction<0.3?bjet_ChargedEmEnergyFraction:0.3' <---> Output : variable 'bjet_ChargedEmEnergyFraction<0.3?bjet_ChargedEmEnergyFraction:0.3'
                         : Input : variable '(bjet_ChargedMultiplicity>20)?21:(bjet_ChargedMultiplicity<15)?14:bjet_ChargedMultiplicity' <---> Output : variable '(bjet_ChargedMultiplicity>20)?21:(bjet_ChargedMultiplicity<15)?14:bjet_ChargedMultiplicity'
                         : Input : variable 'bjet_NeutralMultiplicity>9?bjet_NeutralMultiplicity:9' <---> Output : variable 'bjet_NeutralMultiplicity>9?bjet_NeutralMultiplicity:9'
                         : Input : variable 'fabs(bjet_charge)' <---> Output : variable 'fabs(bjet_charge)'
TFHandler_Factory        :                                                                                   Variable                                                                                          Mean                                                                                          RMS                                                                                  [        Min                                                                                          Max ]
                         : -------------------------------------------------------------------------------------------------------------------------------------------------------------------------------------------------------------------------------------------------------------------------------------------------------------------------------------------------------------------------------------------------------------------------------------------------------------------------------------
                         :                                                  belectron_nsip3d<10.?belectron_nsip3d:10.:                                                                                      4.8321                                                                                      3.4764   [                                                                                    0.011355                                                                                      10.000 ]
                         :                          (belectron_reliso<1.)?1:(belectron_reliso>10)?10:belectron_reliso:                                                                                      2.3914                                                                                      1.7617   [                                                                                      1.0000                                                                                      9.9922 ]
                         :                                            belectron_ptwrtbjet<10.?belectron_ptwrtbjet:10.:                                                                                      1.0159                                                                                     0.73372   [                                                                                    0.014296                                                                                      10.000 ]
                         :                                            belectron_P_jetrest<10.?belectron_P_jetrest:10.:                                                                                      1.5141                                                                                     0.93564   [                                                                                     0.20507                                                                                      10.000 ]
                         :                                                               bjet_charge*belectron_charge:                                                                                     0.16530                                                                                     0.32686   [                                                                                    -0.99498                                                                                      1.0000 ]
                         :                bjet_ChargedHadronEnergyFraction>0.35?bjet_ChargedHadronEnergyFraction:0.35:                                                                                     0.49974                                                                                     0.15232   [                                                                                     0.35000                                                                                      1.0000 ]
                         :                  bjet_NeutralHadronEnergyFraction>0.1?bjet_NeutralHadronEnergyFraction:0.1:                                                                                     0.13318                                                                                    0.075807   [                                                                                     0.10000                                                                                     0.79179 ]
                         :                          bjet_NeutralEmEnergyFraction>0.1?bjet_NeutralEmEnergyFraction:0.1:                                                                                     0.24448                                                                                     0.14558   [                                                                                     0.10000                                                                                     0.96397 ]
                         :                          bjet_ChargedEmEnergyFraction<0.3?bjet_ChargedEmEnergyFraction:0.3:                                                                                     0.14553                                                                                     0.12680   [                                                                                      0.0000                                                                                     0.30000 ]
                         : (bjet_ChargedMultiplicity>20)?21:(bjet_ChargedMultiplicity<15)?14:bjet_ChargedMultiplicity:                                                                                      14.257                                                                                     0.98264   [                                                                                      14.000                                                                                      21.000 ]
                         :                                      bjet_NeutralMultiplicity>9?bjet_NeutralMultiplicity:9:                                                                                      11.367                                                                                      3.5824   [                                                                                      9.0000                                                                                      48.000 ]
                         :                                                                          fabs(bjet_charge):                                                                                     0.29762                                                                                     0.21351   [                                                                                  6.8888e-06                                                                                      1.0000 ]
                         : -------------------------------------------------------------------------------------------------------------------------------------------------------------------------------------------------------------------------------------------------------------------------------------------------------------------------------------------------------------------------------------------------------------------------------------------------------------------------------------
                         : Ranking input variables (method unspecific)...
IdTransformation         : Ranking result (top variable is best ranked)
                         : -------------------------------------------------------------------------------------------------------------------
                         : Rank : Variable                                                                                   : Separation
                         : -------------------------------------------------------------------------------------------------------------------
                         :    1 : bjet_charge*belectron_charge                                                               : 1.021e-01
                         :    2 : fabs(bjet_charge)                                                                          : 4.508e-02
                         :    3 : belectron_P_jetrest<10.?belectron_P_jetrest:10.                                            : 3.112e-02
                         :    4 : bjet_ChargedEmEnergyFraction<0.3?bjet_ChargedEmEnergyFraction:0.3                          : 2.540e-02
                         :    5 : belectron_ptwrtbjet<10.?belectron_ptwrtbjet:10.                                            : 2.132e-02
                         :    6 : (belectron_reliso<1.)?1:(belectron_reliso>10)?10:belectron_reliso                          : 2.056e-02
                         :    7 : bjet_ChargedHadronEnergyFraction>0.35?bjet_ChargedHadronEnergyFraction:0.35                : 6.583e-03
                         :    8 : bjet_NeutralEmEnergyFraction>0.1?bjet_NeutralEmEnergyFraction:0.1                          : 5.205e-03
                         :    9 : bjet_NeutralMultiplicity>9?bjet_NeutralMultiplicity:9                                      : 4.915e-03
                         :   10 : belectron_nsip3d<10.?belectron_nsip3d:10.                                                  : 3.150e-03
                         :   11 : (bjet_ChargedMultiplicity>20)?21:(bjet_ChargedMultiplicity<15)?14:bjet_ChargedMultiplicity : 1.911e-03
                         :   12 : bjet_NeutralHadronEnergyFraction>0.1?bjet_NeutralHadronEnergyFraction:0.1                  : 1.802e-03
                         : -------------------------------------------------------------------------------------------------------------------
Factory                  : Train method: BDT for Classification
                         : 
                         : Preparing the Gaussian transformation...
TFHandler_BDT            :                                                                                   Variable                                                                                          Mean                                                                                          RMS                                                                                  [        Min                                                                                          Max ]
                         : -------------------------------------------------------------------------------------------------------------------------------------------------------------------------------------------------------------------------------------------------------------------------------------------------------------------------------------------------------------------------------------------------------------------------------------------------------------------------------------
                         :                                                  belectron_nsip3d<10.?belectron_nsip3d:10.:                                                                                     0.60226                                                                                     0.32661   [                                                                                  0.00052395                                                                                      1.0000 ]
                         :                          (belectron_reliso<1.)?1:(belectron_reliso>10)?10:belectron_reliso:                                                                                     0.35108                                                                                     0.33255   [                                                                                   0.0016022                                                                                      1.0000 ]
                         :                                            belectron_ptwrtbjet<10.?belectron_ptwrtbjet:10.:                                                                                     0.50049                                                                                     0.28855   [                                                                                  0.00039215                                                                                      1.0000 ]
                         :                                            belectron_P_jetrest<10.?belectron_P_jetrest:10.:                                                                                     0.50121                                                                                     0.28865   [                                                                                  0.00040139                                                                                      1.0000 ]
                         :                                                               bjet_charge*belectron_charge:                                                                                     0.50071                                                                                     0.28858   [                                                                                  0.00044148                                                                                      1.0000 ]
                         :                bjet_ChargedHadronEnergyFraction>0.35?bjet_ChargedHadronEnergyFraction:0.35:                                                                                     0.34503                                                                                     0.33270   [                                                                                   0.0011583                                                                                      1.0000 ]
                         :                  bjet_NeutralHadronEnergyFraction>0.1?bjet_NeutralHadronEnergyFraction:0.1:                                                                                     0.15916                                                                                     0.28191   [                                                                                   0.0029668                                                                                      1.0000 ]
                         :                          bjet_NeutralEmEnergyFraction>0.1?bjet_NeutralEmEnergyFraction:0.1:                                                                                     0.39424                                                                                     0.32752   [                                                                                   0.0011415                                                                                      1.0000 ]
                         :                          bjet_ChargedEmEnergyFraction<0.3?bjet_ChargedEmEnergyFraction:0.3:                                                                                     0.44942                                                                                     0.43076   [                                                                                  0.00082496                                                                                      1.0000 ]
                         : (bjet_ChargedMultiplicity>20)?21:(bjet_ChargedMultiplicity<15)?14:bjet_ChargedMultiplicity:                                                                                     0.26982                                                                                     0.16009   [                                                                                     0.22137                                                                                      1.0000 ]
                         :                                      bjet_NeutralMultiplicity>9?bjet_NeutralMultiplicity:9:                                                                                     0.37387                                                                                     0.29006   [                                                                                     0.13225                                                                                      1.0000 ]
                         :                                                                          fabs(bjet_charge):                                                                                     0.50095                                                                                     0.28870   [                                                                                  0.00059175                                                                                      1.0000 ]
                         : -------------------------------------------------------------------------------------------------------------------------------------------------------------------------------------------------------------------------------------------------------------------------------------------------------------------------------------------------------------------------------------------------------------------------------------------------------------------------------------
                         : Events with weight == 0 are going to be simply ignored 
BDT                      : #events: (reweighted) sig: 13128 bkg: 13128
                         : #events: (unweighted) sig: 16469 bkg: 9787
                         : Training 800 Decision Trees ... patience please
                         : Elapsed time for training with 38258 events: 9.64 sec         
BDT                      : [FIN_BDT_2016preVFP] : Evaluation of BDT on training sample (38258 events)
                         : Elapsed time for evaluation of 38258 events: 2.26 sec       
                         : Creating xml weight file: [0;36mFIN_BDT_2016preVFP/weights/FIN_BDT_2016preVFP_BDT.weights.xml[0m
                         : Creating standalone class: [0;36mFIN_BDT_2016preVFP/weights/FIN_BDT_2016preVFP_BDT.class.C[0m
                         : FIN_BDT_2016preVFP.root:/FIN_BDT_2016preVFP/Method_BDT/BDT
Factory                  : Training finished
                         : 
                         : Ranking input variables (method specific)...
BDT                      : Ranking result (top variable is best ranked)
                         : ----------------------------------------------------------------------------------------------------------------------------
                         : Rank : Variable                                                                                   : Variable Importance
                         : ----------------------------------------------------------------------------------------------------------------------------
                         :    1 : bjet_charge*belectron_charge                                                               : 2.223e-01
                         :    2 : belectron_ptwrtbjet<10.?belectron_ptwrtbjet:10.                                            : 9.100e-02
                         :    3 : belectron_nsip3d<10.?belectron_nsip3d:10.                                                  : 8.473e-02
                         :    4 : bjet_ChargedEmEnergyFraction<0.3?bjet_ChargedEmEnergyFraction:0.3                          : 8.265e-02
                         :    5 : (belectron_reliso<1.)?1:(belectron_reliso>10)?10:belectron_reliso                          : 7.565e-02
                         :    6 : belectron_P_jetrest<10.?belectron_P_jetrest:10.                                            : 7.516e-02
                         :    7 : bjet_ChargedHadronEnergyFraction>0.35?bjet_ChargedHadronEnergyFraction:0.35                : 6.638e-02
                         :    8 : bjet_NeutralMultiplicity>9?bjet_NeutralMultiplicity:9                                      : 6.621e-02
                         :    9 : fabs(bjet_charge)                                                                          : 6.478e-02
                         :   10 : bjet_NeutralEmEnergyFraction>0.1?bjet_NeutralEmEnergyFraction:0.1                          : 6.391e-02
                         :   11 : bjet_NeutralHadronEnergyFraction>0.1?bjet_NeutralHadronEnergyFraction:0.1                  : 5.979e-02
                         :   12 : (bjet_ChargedMultiplicity>20)?21:(bjet_ChargedMultiplicity<15)?14:bjet_ChargedMultiplicity : 4.743e-02
                         : ----------------------------------------------------------------------------------------------------------------------------
Factory                  : === Destroy and recreate all methods via weight files for testing ===
                         : 
                         : Reading weight file: [0;36mFIN_BDT_2016preVFP/weights/FIN_BDT_2016preVFP_BDT.weights.xml[0m
Factory                  : [1mTest all methods[0m
Factory                  : Test method: BDT for Classification performance
                         : 
BDT                      : [FIN_BDT_2016preVFP] : Evaluation of BDT on testing sample (50169 events)
                         : Elapsed time for evaluation of 50169 events: 2.27 sec       
Factory                  : [1mEvaluate all methods[0m
Factory                  : Evaluate classifier: BDT
                         : 
TFHandler_BDT            :                                                                                   Variable                                                                                          Mean                                                                                          RMS                                                                                  [        Min                                                                                          Max ]
                         : -------------------------------------------------------------------------------------------------------------------------------------------------------------------------------------------------------------------------------------------------------------------------------------------------------------------------------------------------------------------------------------------------------------------------------------------------------------------------------------
                         :                                                  belectron_nsip3d<10.?belectron_nsip3d:10.:                                                                                     0.60405                                                                                     0.32629   [                                                                                  0.00032323                                                                                      1.0000 ]
                         :                          (belectron_reliso<1.)?1:(belectron_reliso>10)?10:belectron_reliso:                                                                                     0.34629                                                                                     0.33467   [                                                                                   0.0016022                                                                                      1.0000 ]
                         :                                            belectron_ptwrtbjet<10.?belectron_ptwrtbjet:10.:                                                                                     0.51479                                                                                     0.29130   [                                                                                  1.0000e-09                                                                                      1.0000 ]
                         :                                            belectron_P_jetrest<10.?belectron_P_jetrest:10.:                                                                                     0.52181                                                                                     0.29041   [                                                                                  0.00085615                                                                                      1.0000 ]
                         :                                                               bjet_charge*belectron_charge:                                                                                     0.52111                                                                                     0.28796   [                                                                                  0.00036652                                                                                      1.0000 ]
                         :                bjet_ChargedHadronEnergyFraction>0.35?bjet_ChargedHadronEnergyFraction:0.35:                                                                                     0.33861                                                                                     0.33364   [                                                                                   0.0011583                                                                                      1.0000 ]
                         :                  bjet_NeutralHadronEnergyFraction>0.1?bjet_NeutralHadronEnergyFraction:0.1:                                                                                     0.15915                                                                                     0.28299   [                                                                                   0.0029668                                                                                      1.0000 ]
                         :                          bjet_NeutralEmEnergyFraction>0.1?bjet_NeutralEmEnergyFraction:0.1:                                                                                     0.39286                                                                                     0.32829   [                                                                                   0.0011415                                                                                      1.0000 ]
                         :                          bjet_ChargedEmEnergyFraction<0.3?bjet_ChargedEmEnergyFraction:0.3:                                                                                     0.45915                                                                                     0.43415   [                                                                                  0.00082496                                                                                      1.0000 ]
                         : (bjet_ChargedMultiplicity>20)?21:(bjet_ChargedMultiplicity<15)?14:bjet_ChargedMultiplicity:                                                                                     0.27288                                                                                     0.16669   [                                                                                     0.22137                                                                                      1.0000 ]
                         :                                      bjet_NeutralMultiplicity>9?bjet_NeutralMultiplicity:9:                                                                                     0.37654                                                                                     0.29224   [                                                                                     0.13225                                                                                     0.99994 ]
                         :                                                                          fabs(bjet_charge):                                                                                     0.51355                                                                                     0.28982   [                                                                                  0.00059313                                                                                      1.0000 ]
                         : -------------------------------------------------------------------------------------------------------------------------------------------------------------------------------------------------------------------------------------------------------------------------------------------------------------------------------------------------------------------------------------------------------------------------------------------------------------------------------------
BDT                      : [FIN_BDT_2016preVFP] : Loop over test events and fill histograms with classifier response...
                         : 
TFHandler_BDT            :                                                                                   Variable                                                                                          Mean                                                                                          RMS                                                                                  [        Min                                                                                          Max ]
                         : -------------------------------------------------------------------------------------------------------------------------------------------------------------------------------------------------------------------------------------------------------------------------------------------------------------------------------------------------------------------------------------------------------------------------------------------------------------------------------------
                         :                                                  belectron_nsip3d<10.?belectron_nsip3d:10.:                                                                                     0.60405                                                                                     0.32629   [                                                                                  0.00032323                                                                                      1.0000 ]
                         :                          (belectron_reliso<1.)?1:(belectron_reliso>10)?10:belectron_reliso:                                                                                     0.34629                                                                                     0.33467   [                                                                                   0.0016022                                                                                      1.0000 ]
                         :                                            belectron_ptwrtbjet<10.?belectron_ptwrtbjet:10.:                                                                                     0.51479                                                                                     0.29130   [                                                                                  1.0000e-09                                                                                      1.0000 ]
                         :                                            belectron_P_jetrest<10.?belectron_P_jetrest:10.:                                                                                     0.52181                                                                                     0.29041   [                                                                                  0.00085615                                                                                      1.0000 ]
                         :                                                               bjet_charge*belectron_charge:                                                                                     0.52111                                                                                     0.28796   [                                                                                  0.00036652                                                                                      1.0000 ]
                         :                bjet_ChargedHadronEnergyFraction>0.35?bjet_ChargedHadronEnergyFraction:0.35:                                                                                     0.33861                                                                                     0.33364   [                                                                                   0.0011583                                                                                      1.0000 ]
                         :                  bjet_NeutralHadronEnergyFraction>0.1?bjet_NeutralHadronEnergyFraction:0.1:                                                                                     0.15915                                                                                     0.28299   [                                                                                   0.0029668                                                                                      1.0000 ]
                         :                          bjet_NeutralEmEnergyFraction>0.1?bjet_NeutralEmEnergyFraction:0.1:                                                                                     0.39286                                                                                     0.32829   [                                                                                   0.0011415                                                                                      1.0000 ]
                         :                          bjet_ChargedEmEnergyFraction<0.3?bjet_ChargedEmEnergyFraction:0.3:                                                                                     0.45915                                                                                     0.43415   [                                                                                  0.00082496                                                                                      1.0000 ]
                         : (bjet_ChargedMultiplicity>20)?21:(bjet_ChargedMultiplicity<15)?14:bjet_ChargedMultiplicity:                                                                                     0.27288                                                                                     0.16669   [                                                                                     0.22137                                                                                      1.0000 ]
                         :                                      bjet_NeutralMultiplicity>9?bjet_NeutralMultiplicity:9:                                                                                     0.37654                                                                                     0.29224   [                                                                                     0.13225                                                                                     0.99994 ]
                         :                                                                          fabs(bjet_charge):                                                                                     0.51355                                                                                     0.28982   [                                                                                  0.00059313                                                                                      1.0000 ]
                         : -------------------------------------------------------------------------------------------------------------------------------------------------------------------------------------------------------------------------------------------------------------------------------------------------------------------------------------------------------------------------------------------------------------------------------------------------------------------------------------
                         : 
                         : Evaluation results ranked by best signal efficiency and purity (area)
                         : -------------------------------------------------------------------------------------------------------------------
                         : DataSet       MVA                       
                         : Name:         Method:          ROC-integ
                         : FIN_BDT_2016preVFP BDT            : 0.703
                         : -------------------------------------------------------------------------------------------------------------------
                         : 
                         : Testing efficiency compared to training efficiency (overtraining check)
                         : -------------------------------------------------------------------------------------------------------------------
                         : DataSet              MVA              Signal efficiency: from test sample (from training sample) 
                         : Name:                Method:          @B=0.01             @B=0.10            @B=0.30   
                         : -------------------------------------------------------------------------------------------------------------------
                         : FIN_BDT_2016preVFP   BDT            : 0.067 (0.073)       0.309 (0.308)      0.595 (0.604)
                         : -------------------------------------------------------------------------------------------------------------------
                         : 
Dataset:FIN_BDT_2016pr...: Created tree 'TestTree' with 50169 events
                         : 
Dataset:FIN_BDT_2016pr...: Created tree 'TrainTree' with 38258 events
                         : 
Factory                  : [1mThank you for using TMVA![0m
                         : [1mFor citation information, please visit: http://tmva.sf.net/citeTMVA.html[0m
['bmuon_nsip3d<10. ? bmuon_nsip3d : 10.', 'bmuon_reliso < 10. ? bmuon_reliso : 10. ', 'bmuon_dR_l_j', 'bmuon_ptwrtbjet < 10. ? bmuon_ptwrtbjet : 10.', 'bmuon_P_jetrest < 10. ? bmuon_P_jetrest : 10.', 'bmuon_palongjet < 50. ? bmuon_palongjet : 50.', 'bjet_charge*bmuon_charge', 'bjet_ChargedHadronEnergyFraction > 0.2 ? bjet_ChargedHadronEnergyFraction : 0.2', 'bjet_NeutralHadronEnergyFraction > 0.06 ? bjet_NeutralHadronEnergyFraction : 0.06', 'bjet_NeutralEmEnergyFraction', 'bjet_MuonEnergyFraction > 0.08 ? bjet_MuonEnergyFraction : 0.08', '(bjet_ChargedMultiplicity > 19) ? 20 : (bjet_ChargedMultiplicity < 11) ? 11 : bjet_ChargedMultiplicity', 'bjet_NeutralMultiplicity', 'fabs(bjet_charge)'] ['belectron_nsip3d < 10. ? belectron_nsip3d : 10.', '(belectron_reliso < 1.) ? 1 : (belectron_reliso > 10 ) ? 10 : belectron_reliso', 'belectron_ptwrtbjet < 10. ? belectron_ptwrtbjet : 10.', 'belectron_P_jetrest < 10. ? belectron_P_jetrest : 10.', 'bjet_charge*belectron_charge', 'bjet_ChargedHadronEnergyFraction > 0.35 ? bjet_ChargedHadronEnergyFraction : 0.35', 'bjet_NeutralHadronEnergyFraction > 0.1 ? bjet_NeutralHadronEnergyFraction : 0.1', 'bjet_NeutralEmEnergyFraction > 0.1 ? bjet_NeutralEmEnergyFraction : 0.1', 'bjet_ChargedEmEnergyFraction < 0.3 ? bjet_ChargedEmEnergyFraction : 0.3', '(bjet_ChargedMultiplicity > 20) ? 21 : (bjet_ChargedMultiplicity < 15) ? 14 : bjet_ChargedMultiplicity', 'bjet_NeutralMultiplicity > 9 ? bjet_NeutralMultiplicity : 9', 'fabs(bjet_charge)'] ['bjet_ChargedHadronEnergyFraction', 'bjet_NeutralHadronEnergyFraction', 'bjet_NeutralEmEnergyFraction', '(bjet_ChargedMultiplicity > 19) ? 20 : (bjet_ChargedMultiplicity < 12) ? 11 : bjet_ChargedMultiplicity', 'bjet_NeutralMultiplicity > 4 ? bjet_NeutralMultiplicity : 4', 'fabs(bjet_charge)']
(bmuon_charge*bjet_partonFlavour < 0)&&Has_bMuon (bmuon_charge*bjet_partonFlavour > 0)&&Has_bMuon (belectron_charge*bjet_partonFlavour < 0)&&(Has_bElectron) (belectron_charge*bjet_partonFlavour > 0)&&(Has_bElectron) (bjet_charge*bjet_partonFlavour < 0)&&(!Has_bElectron)&&(!Has_bMuon) (bjet_charge*bjet_partonFlavour > 0)&&(!Has_bElectron)&&(!Has_bMuon)
sigcut= (belectron_charge*bjet_partonFlavour < 0)&&(Has_bElectron)
bkgcut= (belectron_charge*bjet_partonFlavour > 0)&&(Has_bElectron)
<sig cut>= (belectron_charge*bjet_partonFlavour < 0)&&(Has_bElectron)
<bkg cut>= (belectron_charge*bjet_partonFlavour > 0)&&(Has_bElectron)
---sig_test---
<self.testtree_sig> OutTree/sig
/pnfs/knu.ac.kr/data/cms/store/user/jhchoi/JetChargeTagScore/TMVA_TOOL/inputs/EEMu_MuMuE_Method/v2512.3/2016preVFP/EEMu_MuMuE_Method_DYJetsToEE_MiNNLO.root
/pnfs/knu.ac.kr/data/cms/store/user/jhchoi/JetChargeTagScore/TMVA_TOOL/inputs/EEMu_MuMuE_Method/v2512.3/2016preVFP/EEMu_MuMuE_Method_DYJetsToMuMu_MiNNLO.root
--bkg_test---
<self.testtree_bkg> OutTree/bkg
/pnfs/knu.ac.kr/data/cms/store/user/jhchoi/JetChargeTagScore/TMVA_TOOL/inputs/EEMu_MuMuE_Method/v2512.3/2016preVFP/EEMu_MuMuE_Method_DYJetsToEE_MiNNLO.root
/pnfs/knu.ac.kr/data/cms/store/user/jhchoi/JetChargeTagScore/TMVA_TOOL/inputs/EEMu_MuMuE_Method/v2512.3/2016preVFP/EEMu_MuMuE_Method_DYJetsToMuMu_MiNNLO.root
---sig_train---
<self.traintree_sig> OutTree/sig
/pnfs/knu.ac.kr/data/cms/store/user/jhchoi/JetChargeTagScore/TMVA_TOOL/inputs/EEMu_MuMuE_Method/v2512.3/2016preVFP/EEMu_MuMuE_Method_DYJets.root
---bkg_train---
<self.traintree_bkg> OutTree/bkg
/pnfs/knu.ac.kr/data/cms/store/user/jhchoi/JetChargeTagScore/TMVA_TOOL/inputs/EEMu_MuMuE_Method/v2512.3/2016preVFP/EEMu_MuMuE_Method_DYJets.root
>>>>self.dataloader.PrepareTrainingAndTestTree
Set sig cut -> (belectron_charge*bjet_partonFlavour < 0)&&(Has_bElectron)
Set bkg cut -> (belectron_charge*bjet_partonFlavour > 0)&&(Has_bElectron)
auc= 0.7027300133687645
END of RUNNING...run_single
FIN_BDT_2016preVFP
FIN_BDT_2016preVFP.root
_condor_stderr
_condor_stdout
run.sh
tmp
var
myerr=0
[ntry=1]
