Submitting job(s)..................................................
50 job(s) submitted to cluster 2219450.
Submitting job(s)..................................................
50 job(s) submitted to cluster 2219451.
Submitting job(s)..................................................
50 job(s) submitted to cluster 2219452.
Submitting job(s)..................................................
50 job(s) submitted to cluster 2219453.
Submitting job(s)..................................................
50 job(s) submitted to cluster 2219454.
condor_submit WORKDIR_HADD/run.jds > WORKDIR_HADD/run.jid
condor_submit WORKDIR_HADD/run.jds > WORKDIR_HADD/run.jid
condor_submit WORKDIR_HADD/run.jds > WORKDIR_HADD/run.jid
condor_submit WORKDIR_HADD/run.jds > WORKDIR_HADD/run.jid
condor_submit WORKDIR_HADD/run.jds > WORKDIR_HADD/run.jid
##################################################
Submission Finished
- JobID = 840217
- Analyzer = TTsemilep_ChargeReliability
- Skim = 
- InputSamples = ['SingleMuon:B', 'SingleMuon:C', 'SingleMuon:D', 'SingleMuon:E', 'SingleMuon:F']
- NJobs = 50
- Era = 2017
- UserFlags = ['RunSyst', 'RunJet', 'RunLeptonSide', 'RunReliab']
- RunDir = /data6/Users/jhchoi/SKFlatRunlog//2024_02_18_061123__840217__TTsemilep_ChargeReliability__Era2017__RunSyst__RunJet__RunLeptonSide__RunReliab__TAMSA1/SingleMuon_periodF/
- output will be send to : /data6/Users/jhchoi/SKFlatOutput//Run2UltraLegacy_v3/TTsemilep_ChargeReliability/2017/RunSyst__RunJet__RunLeptonSide__RunReliab__/DATA/
##################################################
submit hadd
<AFTER hadd fin. please rm remainings..>
rm /data6/Users/jhchoi/SKFlatRunlog//2024_02_18_061123__840217__TTsemilep_ChargeReliability__Era2017__RunSyst__RunJet__RunLeptonSide__RunReliab__TAMSA1/SingleMuon_periodD//output/*.root
submit hadd
<AFTER hadd fin. please rm remainings..>
rm /data6/Users/jhchoi/SKFlatRunlog//2024_02_18_061123__840217__TTsemilep_ChargeReliability__Era2017__RunSyst__RunJet__RunLeptonSide__RunReliab__TAMSA1/SingleMuon_periodB//output/*.root
submit hadd
<AFTER hadd fin. please rm remainings..>
rm /data6/Users/jhchoi/SKFlatRunlog//2024_02_18_061123__840217__TTsemilep_ChargeReliability__Era2017__RunSyst__RunJet__RunLeptonSide__RunReliab__TAMSA1/SingleMuon_periodC//output/*.root
submit hadd
<AFTER hadd fin. please rm remainings..>
rm /data6/Users/jhchoi/SKFlatRunlog//2024_02_18_061123__840217__TTsemilep_ChargeReliability__Era2017__RunSyst__RunJet__RunLeptonSide__RunReliab__TAMSA1/SingleMuon_periodE//output/*.root
submit hadd
<AFTER hadd fin. please rm remainings..>
rm /data6/Users/jhchoi/SKFlatRunlog//2024_02_18_061123__840217__TTsemilep_ChargeReliability__Era2017__RunSyst__RunJet__RunLeptonSide__RunReliab__TAMSA1/SingleMuon_periodF//output/*.root
