/home/condor/dir_2401285
DataSetInfo              : [FIN_BDT_2017] : Added class "Signal"
                         : Add Tree OutTree/sig of type Signal with 903237 events
                         : Add Tree OutTree/sig of type Signal with 1201756 events
DataSetInfo              : [FIN_BDT_2017] : Added class "Background"
                         : Add Tree OutTree/bkg of type Background with 594513 events
                         : Add Tree OutTree/bkg of type Background with 789045 events
Factory                  : Booking method: [1mBDT[0m
                         : 
                         : Parsing option string: 
                         : ... "!H:V:NTrees=400:MinNodeSize=1%:MaxDepth=4:Shrinkage=0.01:BoostType=Grad:AdaBoostBeta=:UseBaggedBoost=True:BaggedSampleFraction=0.1:SeparationType=GiniIndex:nCuts=20:IgnoreNegWeightsInTraining=True:VarTransform=I"
                         : The following options are set:
                         : - By User:
                         :     <none>
                         : - Default:
                         :     Boost_num: "0" [Number of times the classifier will be boosted]
                         : Parsing option string: 
                         : ... "!H:V:NTrees=400:MinNodeSize=1%:MaxDepth=4:Shrinkage=0.01:BoostType=Grad:AdaBoostBeta=:UseBaggedBoost=True:BaggedSampleFraction=0.1:SeparationType=GiniIndex:nCuts=20:IgnoreNegWeightsInTraining=True:VarTransform=I"
                         : The following options are set:
                         : - By User:
                         :     V: "True" [Verbose output (short form of "VerbosityLevel" below - overrides the latter one)]
                         :     VarTransform: "I" [List of variable transformations performed before training, e.g., "D_Background,P_Signal,G,N_AllClasses" for: "Decorrelation, PCA-transformation, Gaussianisation, Normalisation, each for the given class of events ('AllClasses' denotes all events of all classes, if no class indication is given, 'All' is assumed)"]
                         :     H: "False" [Print method-specific help message]
                         :     IgnoreNegWeightsInTraining: "True" [Events with negative weights are ignored in the training (but are included for testing and performance evaluation)]
                         :     NTrees: "400" [Number of trees in the forest]
                         :     MaxDepth: "4" [Max depth of the decision tree allowed]
                         :     MinNodeSize: "1%" [Minimum percentage of training events required in a leaf node (default: Classification: 5%, Regression: 0.2%)]
                         :     nCuts: "20" [Number of grid points in variable range used in finding optimal cut in node splitting]
                         :     BoostType: "Grad" [Boosting type for the trees in the forest (note: AdaCost is still experimental)]
                         :     UseBaggedBoost: "True" [Use only a random subsample of all events for growing the trees in each boost iteration.]
                         :     Shrinkage: "1.000000e-02" [Learning rate for BoostType=Grad algorithm]
                         :     AdaBoostBeta: "5.000000e-01" [Learning rate  for AdaBoost algorithm]
                         :     BaggedSampleFraction: "1.000000e-01" [Relative size of bagged event sample to original size of the data sample (used whenever bagging is used (i.e. UseBaggedBoost, Bagging,)]
                         :     SeparationType: "GiniIndex" [Separation criterion for node splitting]
                         : - Default:
                         :     VerbosityLevel: "Default" [Verbosity level]
                         :     CreateMVAPdfs: "False" [Create PDFs for classifier outputs (signal and background)]
                         :     AdaBoostR2Loss: "Quadratic" [Type of Loss function in AdaBoostR2]
                         :     UseRandomisedTrees: "False" [Determine at each node splitting the cut variable only as the best out of a random subset of variables (like in RandomForests)]
                         :     UseNvars: "3" [Size of the subset of variables used with RandomisedTree option]
                         :     UsePoissonNvars: "True" [Interpret "UseNvars" not as fixed number but as mean of a Poisson distribution in each split with RandomisedTree option]
                         :     UseYesNoLeaf: "True" [Use Sig or Bkg categories, or the purity=S/(S+B) as classification of the leaf node -> Real-AdaBoost]
                         :     NegWeightTreatment: "InverseBoostNegWeights" [How to treat events with negative weights in the BDT training (particular the boosting) : IgnoreInTraining;  Boost With inverse boostweight; Pair events with negative and positive weights in training sample and *annihilate* them (experimental!)]
                         :     Css: "1.000000e+00" [AdaCost: cost of true signal selected signal]
                         :     Cts_sb: "1.000000e+00" [AdaCost: cost of true signal selected bkg]
                         :     Ctb_ss: "1.000000e+00" [AdaCost: cost of true bkg    selected signal]
                         :     Cbb: "1.000000e+00" [AdaCost: cost of true bkg    selected bkg ]
                         :     NodePurityLimit: "5.000000e-01" [In boosting/pruning, nodes with purity > NodePurityLimit are signal; background otherwise.]
                         :     RegressionLossFunctionBDTG: "Huber" [Loss function for BDTG regression.]
                         :     HuberQuantile: "7.000000e-01" [In the Huber loss function this is the quantile that separates the core from the tails in the residuals distribution.]
                         :     DoBoostMonitor: "False" [Create control plot with ROC integral vs tree number]
                         :     UseFisherCuts: "False" [Use multivariate splits using the Fisher criterion]
                         :     MinLinCorrForFisher: "8.000000e-01" [The minimum linear correlation between two variables demanded for use in Fisher criterion in node splitting]
                         :     UseExclusiveVars: "False" [Variables already used in fisher criterion are not anymore analysed individually for node splitting]
                         :     DoPreselection: "False" [and and apply automatic pre-selection for 100% efficient signal (bkg) cuts prior to training]
                         :     SigToBkgFraction: "1.000000e+00" [Sig to Bkg ratio used in Training (similar to NodePurityLimit, which cannot be used in real adaboost]
                         :     PruneMethod: "NoPruning" [Note: for BDTs use small trees (e.g.MaxDepth=3) and NoPruning:  Pruning: Method used for pruning (removal) of statistically insignificant branches ]
                         :     PruneStrength: "0.000000e+00" [Pruning strength]
                         :     PruningValFraction: "5.000000e-01" [Fraction of events to use for optimizing automatic pruning.]
                         :     SkipNormalization: "False" [Skip normalization at initialization, to keep expectation value of BDT output according to the fraction of events]
                         :     nEventsMin: "0" [deprecated: Use MinNodeSize (in % of training events) instead]
                         :     UseBaggedGrad: "False" [deprecated: Use *UseBaggedBoost* instead:  Use only a random subsample of all events for growing the trees in each iteration.]
                         :     GradBaggingFraction: "1.000000e-01" [deprecated: Use *BaggedSampleFraction* instead: Defines the fraction of events to be used in each iteration, e.g. when UseBaggedGrad=kTRUE. ]
                         :     UseNTrainEvents: "0" [deprecated: Use *BaggedSampleFraction* instead: Number of randomly picked training events used in randomised (and bagged) trees]
                         :     NNodesMax: "0" [deprecated: Use MaxDepth instead to limit the tree size]
BDT                      : [FIN_BDT_2017] : Create Transformation "I" with events from all classes.
                         : 
                         : Transformation, Variable selection : 
                         : Input : variable 'belectron_dR_l_j<0.1?0.1:belectron_dR_l_j' <---> Output : variable 'belectron_dR_l_j<0.1?0.1:belectron_dR_l_j'
                         : Input : variable 'belectron_nsip3d<6.?belectron_nsip3d:6.' <---> Output : variable 'belectron_nsip3d<6.?belectron_nsip3d:6.'
                         : Input : variable '(belectron_P_jetrest<2.)?belectron_P_jetrest:2.' <---> Output : variable '(belectron_P_jetrest<2.)?belectron_P_jetrest:2.'
                         : Input : variable '(belectron_ptwrtbjet<3.)?belectron_ptwrtbjet:3.' <---> Output : variable '(belectron_ptwrtbjet<3.)?belectron_ptwrtbjet:3.'
                         : Input : variable 'bjet_ChargedEmEnergyFraction<0.2?bjet_ChargedEmEnergyFraction:0.2' <---> Output : variable 'bjet_ChargedEmEnergyFraction<0.2?bjet_ChargedEmEnergyFraction:0.2'
                         : Input : variable 'bjet_ChargedHadronEnergyFraction<0.6?0.6:bjet_ChargedHadronEnergyFraction' <---> Output : variable 'bjet_ChargedHadronEnergyFraction<0.6?0.6:bjet_ChargedHadronEnergyFraction'
                         : Input : variable '(bjet_NeutralEmEnergyFraction<0.2)?0.2:(bjet_NeutralEmEnergyFraction>0.65)?0.65:bjet_NeutralEmEnergyFraction' <---> Output : variable '(bjet_NeutralEmEnergyFraction<0.2)?0.2:(bjet_NeutralEmEnergyFraction>0.65)?0.65:bjet_NeutralEmEnergyFraction'
                         : Input : variable 'fabs(bjet_charge)<0.35?fabs(bjet_charge):0.35' <---> Output : variable 'fabs(bjet_charge)<0.35?fabs(bjet_charge):0.35'
                         : Input : variable '(bjet_charge*belectron_charge<-0.4)?-0.4:(bjet_charge*belectron_charge>0.3)?0.3:bjet_charge*belectron_charge' <---> Output : variable '(bjet_charge*belectron_charge<-0.4)?-0.4:(bjet_charge*belectron_charge>0.3)?0.3:bjet_charge*belectron_charge'
                         : the option NegWeightTreatment=InverseBoostNegWeights does not exist for BoostType=Grad
                         : --> change to new default NegWeightTreatment=Pray
                         : Rebuilding Dataset FIN_BDT_2017
                         : Building event vectors for type 1 Signal
                         : Dataset[FIN_BDT_2017] :  create input formulas for tree sig
                         : Dataset[FIN_BDT_2017] :  create input formulas for tree sig
                         : Dataset[FIN_BDT_2017] :  create input formulas for tree sig
                         : Building event vectors for type 0 Signal
                         : Dataset[FIN_BDT_2017] :  create input formulas for tree sig
                         : Dataset[FIN_BDT_2017] :  create input formulas for tree sig
                         : Building event vectors for type 1 Background
                         : Dataset[FIN_BDT_2017] :  create input formulas for tree bkg
                         : Dataset[FIN_BDT_2017] :  create input formulas for tree bkg
                         : Dataset[FIN_BDT_2017] :  create input formulas for tree bkg
                         : Building event vectors for type 0 Background
                         : Dataset[FIN_BDT_2017] :  create input formulas for tree bkg
                         : Dataset[FIN_BDT_2017] :  create input formulas for tree bkg
DataSetFactory           : [FIN_BDT_2017] : Number of events in input trees
                         : Dataset[FIN_BDT_2017] :     Signal     requirement: "(belectron_charge*bjet_partonFlavour < 0)&&(Has_bElectron)"
                         : Dataset[FIN_BDT_2017] :     Signal          -- number of events passed: 93487  / sum of weights: 62148.8
                         : Dataset[FIN_BDT_2017] :     Signal          -- efficiency             : 0.0487113
                         : Dataset[FIN_BDT_2017] :     Background requirement: "(belectron_charge*bjet_partonFlavour > 0)&&(Has_bElectron)"
                         : Dataset[FIN_BDT_2017] :     Background      -- number of events passed: 53888  / sum of weights: 35624.4
                         : Dataset[FIN_BDT_2017] :     Background      -- efficiency             : 0.041886
                         : Dataset[FIN_BDT_2017] :  you have opted for interpreting the requested number of training/testing events
                         :  to be the number of events AFTER your preselection cuts
                         : 
                         : Dataset[FIN_BDT_2017] :  you have opted for interpreting the requested number of training/testing events
                         :  to be the number of events AFTER your preselection cuts
                         : 
                         : Dataset[FIN_BDT_2017] : Weight renormalisation mode: "EqualNumEvents": renormalises all event classes ...
                         : Dataset[FIN_BDT_2017] :  such that the effective (weighted) number of events in each class is the same 
                         : Dataset[FIN_BDT_2017] :  (and equals the number of events (entries) given for class=0 )
                         : Dataset[FIN_BDT_2017] : ... i.e. such that Sum[i=1..N_j]{w_i} = N_classA, j=classA, classB, ...
                         : Dataset[FIN_BDT_2017] : ... (note that N_j is the sum of TRAINING events
                         : Dataset[FIN_BDT_2017] :  ..... Testing events are not renormalised nor included in the renormalisation factor!)
                         : Number of training and testing events
                         : ---------------------------------------------------------------------------
                         : Signal     -- training events            : 49656
                         : Signal     -- testing events             : 43831
                         : Signal     -- training and testing events: 93487
                         : Dataset[FIN_BDT_2017] : Signal     -- due to the preselection a scaling factor has been applied to the numbers of requested events: 0.044412
                         : Background -- training events            : 28341
                         : Background -- testing events             : 25547
                         : Background -- training and testing events: 53888
                         : Dataset[FIN_BDT_2017] : Background -- due to the preselection a scaling factor has been applied to the numbers of requested events: 0.0389489
                         : 
DataSetInfo              : Correlation matrix (Signal):
                         : ---------------------------------------------------------------------------------------------------------------------------------------------------------------------------------------------------------------------------------------------------------------------------------------------------------------------------------------------------------------------------------------------------------------------------------------------------------------------------------------------------------------------------------------------------------------------------------------------------------------------------------------------------------------------------------------------------------------------------------------
                         :                                                                                                                         belectron_dR_l_j_0.1_0.1:belectron_dR_l_j belectron_nsip3d_6._belectron_nsip3d:6. _belectron_P_jetrest_2.__belectron_P_jetrest:2. _belectron_ptwrtbjet_3.__belectron_ptwrtbjet:3. bjet_ChargedEmEnergyFraction_0.2_bjet_ChargedEmEnergyFraction:0.2 bjet_ChargedHadronEnergyFraction_0.6_0.6:bjet_ChargedHadronEnergyFraction _bjet_NeutralEmEnergyFraction_0.2__0.2:_bjet_NeutralEmEnergyFraction_0.65__0.65:bjet_NeutralEmEnergyFraction fabs_bjet_charge__0.35_fabs_bjet_charge_:0.35 _bjet_charge_T_belectron_charge__M_0.4___M_0.4:_bjet_charge_T_belectron_charge_0.3__0.3:bjet_charge_T_belectron_charge
                         :                                                                              belectron_dR_l_j_0.1_0.1:belectron_dR_l_j:                                    +1.000                                  +0.041                                          +0.122                                          +0.415                                                            -0.027                                                                    +0.003                                                                                                       -0.013                                        -0.087                                                                                                                 -0.143
                         :                                                                                belectron_nsip3d_6._belectron_nsip3d:6.:                                    +0.041                                  +1.000                                          +0.038                                          +0.105                                                            +0.078                                                                    -0.038                                                                                                       +0.003                                        -0.014                                                                                                                 -0.026
                         :                                                                        _belectron_P_jetrest_2.__belectron_P_jetrest:2.:                                    +0.122                                  +0.038                                          +1.000                                          +0.647                                                            +0.265                                                                    -0.197                                                                                                       -0.120                                        +0.234                                                                                                                 +0.247
                         :                                                                        _belectron_ptwrtbjet_3.__belectron_ptwrtbjet:3.:                                    +0.415                                  +0.105                                          +0.647                                          +1.000                                                            +0.132                                                                    -0.107                                                                                                       -0.044                                        +0.070                                                                                                                 +0.056
                         :                                                      bjet_ChargedEmEnergyFraction_0.2_bjet_ChargedEmEnergyFraction:0.2:                                    -0.027                                  +0.078                                          +0.265                                          +0.132                                                            +1.000                                                                    -0.466                                                                                                       -0.437                                        +0.136                                                                                                                 +0.147
                         :                                              bjet_ChargedHadronEnergyFraction_0.6_0.6:bjet_ChargedHadronEnergyFraction:                                    +0.003                                  -0.038                                          -0.197                                          -0.107                                                            -0.466                                                                    +1.000                                                                                                       -0.192                                        -0.101                                                                                                                 -0.091
                         :           _bjet_NeutralEmEnergyFraction_0.2__0.2:_bjet_NeutralEmEnergyFraction_0.65__0.65:bjet_NeutralEmEnergyFraction:                                    -0.013                                  +0.003                                          -0.120                                          -0.044                                                            -0.437                                                                    -0.192                                                                                                       +1.000                                        -0.068                                                                                                                 -0.029
                         :                                                                          fabs_bjet_charge__0.35_fabs_bjet_charge_:0.35:                                    -0.087                                  -0.014                                          +0.234                                          +0.070                                                            +0.136                                                                    -0.101                                                                                                       -0.068                                        +1.000                                                                                                                 +0.573
                         : _bjet_charge_T_belectron_charge__M_0.4___M_0.4:_bjet_charge_T_belectron_charge_0.3__0.3:bjet_charge_T_belectron_charge:                                    -0.143                                  -0.026                                          +0.247                                          +0.056                                                            +0.147                                                                    -0.091                                                                                                       -0.029                                        +0.573                                                                                                                 +1.000
                         : ---------------------------------------------------------------------------------------------------------------------------------------------------------------------------------------------------------------------------------------------------------------------------------------------------------------------------------------------------------------------------------------------------------------------------------------------------------------------------------------------------------------------------------------------------------------------------------------------------------------------------------------------------------------------------------------------------------------------------------------
DataSetInfo              : Correlation matrix (Background):
                         : ---------------------------------------------------------------------------------------------------------------------------------------------------------------------------------------------------------------------------------------------------------------------------------------------------------------------------------------------------------------------------------------------------------------------------------------------------------------------------------------------------------------------------------------------------------------------------------------------------------------------------------------------------------------------------------------------------------------------------------------
                         :                                                                                                                         belectron_dR_l_j_0.1_0.1:belectron_dR_l_j belectron_nsip3d_6._belectron_nsip3d:6. _belectron_P_jetrest_2.__belectron_P_jetrest:2. _belectron_ptwrtbjet_3.__belectron_ptwrtbjet:3. bjet_ChargedEmEnergyFraction_0.2_bjet_ChargedEmEnergyFraction:0.2 bjet_ChargedHadronEnergyFraction_0.6_0.6:bjet_ChargedHadronEnergyFraction _bjet_NeutralEmEnergyFraction_0.2__0.2:_bjet_NeutralEmEnergyFraction_0.65__0.65:bjet_NeutralEmEnergyFraction fabs_bjet_charge__0.35_fabs_bjet_charge_:0.35 _bjet_charge_T_belectron_charge__M_0.4___M_0.4:_bjet_charge_T_belectron_charge_0.3__0.3:bjet_charge_T_belectron_charge
                         :                                                                              belectron_dR_l_j_0.1_0.1:belectron_dR_l_j:                                    +1.000                                  -0.008                                          +0.239                                          +0.495                                                            -0.055                                                                    -0.002                                                                                                       -0.017                                        +0.023                                                                                                                 -0.077
                         :                                                                                belectron_nsip3d_6._belectron_nsip3d:6.:                                    -0.008                                  +1.000                                          +0.024                                          +0.052                                                            +0.140                                                                    -0.062                                                                                                       -0.028                                        +0.064                                                                                                                 -0.044
                         :                                                                        _belectron_P_jetrest_2.__belectron_P_jetrest:2.:                                    +0.239                                  +0.024                                          +1.000                                          +0.702                                                            +0.116                                                                    -0.145                                                                                                       -0.008                                        +0.087                                                                                                                 +0.194
                         :                                                                        _belectron_ptwrtbjet_3.__belectron_ptwrtbjet:3.:                                    +0.495                                  +0.052                                          +0.702                                          +1.000                                                            +0.032                                                                    -0.089                                                                                                       +0.037                                        +0.062                                                                                                                 +0.049
                         :                                                      bjet_ChargedEmEnergyFraction_0.2_bjet_ChargedEmEnergyFraction:0.2:                                    -0.055                                  +0.140                                          +0.116                                          +0.032                                                            +1.000                                                                    -0.449                                                                                                       -0.364                                        +0.053                                                                                                                 +0.052
                         :                                              bjet_ChargedHadronEnergyFraction_0.6_0.6:bjet_ChargedHadronEnergyFraction:                                    -0.002                                  -0.062                                          -0.145                                          -0.089                                                            -0.449                                                                    +1.000                                                                                                       -0.267                                        -0.043                                                                                                                 -0.050
                         :           _bjet_NeutralEmEnergyFraction_0.2__0.2:_bjet_NeutralEmEnergyFraction_0.65__0.65:bjet_NeutralEmEnergyFraction:                                    -0.017                                  -0.028                                          -0.008                                          +0.037                                                            -0.364                                                                    -0.267                                                                                                       +1.000                                        -0.032                                                                                                                 +0.069
                         :                                                                          fabs_bjet_charge__0.35_fabs_bjet_charge_:0.35:                                    +0.023                                  +0.064                                          +0.087                                          +0.062                                                            +0.053                                                                    -0.043                                                                                                       -0.032                                        +1.000                                                                                                                 +0.064
                         : _bjet_charge_T_belectron_charge__M_0.4___M_0.4:_bjet_charge_T_belectron_charge_0.3__0.3:bjet_charge_T_belectron_charge:                                    -0.077                                  -0.044                                          +0.194                                          +0.049                                                            +0.052                                                                    -0.050                                                                                                       +0.069                                        +0.064                                                                                                                 +1.000
                         : ---------------------------------------------------------------------------------------------------------------------------------------------------------------------------------------------------------------------------------------------------------------------------------------------------------------------------------------------------------------------------------------------------------------------------------------------------------------------------------------------------------------------------------------------------------------------------------------------------------------------------------------------------------------------------------------------------------------------------------------
DataSetFactory           : [FIN_BDT_2017] :  
                         : 
Factory                  : [1mTrain all methods[0m
Factory                  : [FIN_BDT_2017] : Create Transformation "I" with events from all classes.
                         : 
                         : Transformation, Variable selection : 
                         : Input : variable 'belectron_dR_l_j<0.1?0.1:belectron_dR_l_j' <---> Output : variable 'belectron_dR_l_j<0.1?0.1:belectron_dR_l_j'
                         : Input : variable 'belectron_nsip3d<6.?belectron_nsip3d:6.' <---> Output : variable 'belectron_nsip3d<6.?belectron_nsip3d:6.'
                         : Input : variable '(belectron_P_jetrest<2.)?belectron_P_jetrest:2.' <---> Output : variable '(belectron_P_jetrest<2.)?belectron_P_jetrest:2.'
                         : Input : variable '(belectron_ptwrtbjet<3.)?belectron_ptwrtbjet:3.' <---> Output : variable '(belectron_ptwrtbjet<3.)?belectron_ptwrtbjet:3.'
                         : Input : variable 'bjet_ChargedEmEnergyFraction<0.2?bjet_ChargedEmEnergyFraction:0.2' <---> Output : variable 'bjet_ChargedEmEnergyFraction<0.2?bjet_ChargedEmEnergyFraction:0.2'
                         : Input : variable 'bjet_ChargedHadronEnergyFraction<0.6?0.6:bjet_ChargedHadronEnergyFraction' <---> Output : variable 'bjet_ChargedHadronEnergyFraction<0.6?0.6:bjet_ChargedHadronEnergyFraction'
                         : Input : variable '(bjet_NeutralEmEnergyFraction<0.2)?0.2:(bjet_NeutralEmEnergyFraction>0.65)?0.65:bjet_NeutralEmEnergyFraction' <---> Output : variable '(bjet_NeutralEmEnergyFraction<0.2)?0.2:(bjet_NeutralEmEnergyFraction>0.65)?0.65:bjet_NeutralEmEnergyFraction'
                         : Input : variable 'fabs(bjet_charge)<0.35?fabs(bjet_charge):0.35' <---> Output : variable 'fabs(bjet_charge)<0.35?fabs(bjet_charge):0.35'
                         : Input : variable '(bjet_charge*belectron_charge<-0.4)?-0.4:(bjet_charge*belectron_charge>0.3)?0.3:bjet_charge*belectron_charge' <---> Output : variable '(bjet_charge*belectron_charge<-0.4)?-0.4:(bjet_charge*belectron_charge>0.3)?0.3:bjet_charge*belectron_charge'
TFHandler_Factory        :                                                                                                     Variable                                                                                                            Mean                                                                                                            RMS                                                                                                    [        Min                                                                                                            Max ]
                         : -------------------------------------------------------------------------------------------------------------------------------------------------------------------------------------------------------------------------------------------------------------------------------------------------------------------------------------------------------------------------------------------------------------------------------------------------------------------------------------------------------------------------------------------------------------------------------
                         :                                                                    belectron_dR_l_j<0.1?0.1:belectron_dR_l_j:                                                                                                       0.11605                                                                                                      0.037992   [                                                                                                       0.10000                                                                                                       0.39982 ]
                         :                                                                      belectron_nsip3d<6.?belectron_nsip3d:6.:                                                                                                        4.2931                                                                                                        2.0484   [                                                                                                      0.015903                                                                                                        6.0000 ]
                         :                                                              (belectron_P_jetrest<2.)?belectron_P_jetrest:2.:                                                                                                        1.3794                                                                                                       0.48689   [                                                                                                       0.23541                                                                                                        2.0000 ]
                         :                                                              (belectron_ptwrtbjet<3.)?belectron_ptwrtbjet:3.:                                                                                                        1.0155                                                                                                       0.63146   [                                                                                                     0.0031914                                                                                                        3.0000 ]
                         :                                            bjet_ChargedEmEnergyFraction<0.2?bjet_ChargedEmEnergyFraction:0.2:                                                                                                       0.11896                                                                                                      0.088569   [                                                                                                        0.0000                                                                                                       0.20000 ]
                         :                                    bjet_ChargedHadronEnergyFraction<0.6?0.6:bjet_ChargedHadronEnergyFraction:                                                                                                       0.63248                                                                                                      0.067886   [                                                                                                       0.60000                                                                                                        1.0000 ]
                         : (bjet_NeutralEmEnergyFraction<0.2)?0.2:(bjet_NeutralEmEnergyFraction>0.65)?0.65:bjet_NeutralEmEnergyFraction:                                                                                                       0.26587                                                                                                       0.10286   [                                                                                                       0.20000                                                                                                       0.65000 ]
                         :                                                                fabs(bjet_charge)<0.35?fabs(bjet_charge):0.35:                                                                                                       0.21964                                                                                                       0.12026   [                                                                                                    5.4467e-06                                                                                                       0.35000 ]
                         : (bjet_charge*belectron_charge<-0.4)?-0.4:(bjet_charge*belectron_charge>0.3)?0.3:bjet_charge*belectron_charge:                                                                                                      0.094005                                                                                                       0.21482   [                                                                                                      -0.40000                                                                                                       0.30000 ]
                         : -------------------------------------------------------------------------------------------------------------------------------------------------------------------------------------------------------------------------------------------------------------------------------------------------------------------------------------------------------------------------------------------------------------------------------------------------------------------------------------------------------------------------------------------------------------------------------
                         : Ranking input variables (method unspecific)...
IdTransformation         : Ranking result (top variable is best ranked)
                         : -------------------------------------------------------------------------------------------------------------------------------------
                         : Rank : Variable                                                                                                     : Separation
                         : -------------------------------------------------------------------------------------------------------------------------------------
                         :    1 : (bjet_charge*belectron_charge<-0.4)?-0.4:(bjet_charge*belectron_charge>0.3)?0.3:bjet_charge*belectron_charge : 1.202e-01
                         :    2 : fabs(bjet_charge)<0.35?fabs(bjet_charge):0.35                                                                : 4.087e-02
                         :    3 : (belectron_P_jetrest<2.)?belectron_P_jetrest:2.                                                              : 3.799e-02
                         :    4 : bjet_ChargedEmEnergyFraction<0.2?bjet_ChargedEmEnergyFraction:0.2                                            : 2.649e-02
                         :    5 : (belectron_ptwrtbjet<3.)?belectron_ptwrtbjet:3.                                                              : 2.603e-02
                         :    6 : bjet_ChargedHadronEnergyFraction<0.6?0.6:bjet_ChargedHadronEnergyFraction                                    : 6.632e-03
                         :    7 : belectron_dR_l_j<0.1?0.1:belectron_dR_l_j                                                                    : 3.279e-03
                         :    8 : (bjet_NeutralEmEnergyFraction<0.2)?0.2:(bjet_NeutralEmEnergyFraction>0.65)?0.65:bjet_NeutralEmEnergyFraction : 2.558e-03
                         :    9 : belectron_nsip3d<6.?belectron_nsip3d:6.                                                                      : 1.438e-03
                         : -------------------------------------------------------------------------------------------------------------------------------------
Factory                  : Train method: BDT for Classification
                         : 
TFHandler_BDT            :                                                                                                     Variable                                                                                                            Mean                                                                                                            RMS                                                                                                    [        Min                                                                                                            Max ]
                         : -------------------------------------------------------------------------------------------------------------------------------------------------------------------------------------------------------------------------------------------------------------------------------------------------------------------------------------------------------------------------------------------------------------------------------------------------------------------------------------------------------------------------------------------------------------------------------
                         :                                                                    belectron_dR_l_j<0.1?0.1:belectron_dR_l_j:                                                                                                       0.11605                                                                                                      0.037992   [                                                                                                       0.10000                                                                                                       0.39982 ]
                         :                                                                      belectron_nsip3d<6.?belectron_nsip3d:6.:                                                                                                        4.2931                                                                                                        2.0484   [                                                                                                      0.015903                                                                                                        6.0000 ]
                         :                                                              (belectron_P_jetrest<2.)?belectron_P_jetrest:2.:                                                                                                        1.3794                                                                                                       0.48689   [                                                                                                       0.23541                                                                                                        2.0000 ]
                         :                                                              (belectron_ptwrtbjet<3.)?belectron_ptwrtbjet:3.:                                                                                                        1.0155                                                                                                       0.63146   [                                                                                                     0.0031914                                                                                                        3.0000 ]
                         :                                            bjet_ChargedEmEnergyFraction<0.2?bjet_ChargedEmEnergyFraction:0.2:                                                                                                       0.11896                                                                                                      0.088569   [                                                                                                        0.0000                                                                                                       0.20000 ]
                         :                                    bjet_ChargedHadronEnergyFraction<0.6?0.6:bjet_ChargedHadronEnergyFraction:                                                                                                       0.63248                                                                                                      0.067886   [                                                                                                       0.60000                                                                                                        1.0000 ]
                         : (bjet_NeutralEmEnergyFraction<0.2)?0.2:(bjet_NeutralEmEnergyFraction>0.65)?0.65:bjet_NeutralEmEnergyFraction:                                                                                                       0.26587                                                                                                       0.10286   [                                                                                                       0.20000                                                                                                       0.65000 ]
                         :                                                                fabs(bjet_charge)<0.35?fabs(bjet_charge):0.35:                                                                                                       0.21964                                                                                                       0.12026   [                                                                                                    5.4467e-06                                                                                                       0.35000 ]
                         : (bjet_charge*belectron_charge<-0.4)?-0.4:(bjet_charge*belectron_charge>0.3)?0.3:bjet_charge*belectron_charge:                                                                                                      0.094005                                                                                                       0.21482   [                                                                                                      -0.40000                                                                                                       0.30000 ]
                         : -------------------------------------------------------------------------------------------------------------------------------------------------------------------------------------------------------------------------------------------------------------------------------------------------------------------------------------------------------------------------------------------------------------------------------------------------------------------------------------------------------------------------------------------------------------------------------
                         : Events with weight == 0 are going to be simply ignored 
BDT                      : #events: (reweighted) sig: 26830.5 bkg: 26830.5
                         : #events: (unweighted) sig: 34189 bkg: 19472
                         : Training 400 Decision Trees ... patience please
                         : Elapsed time for training with 77997 events: 11.9 sec         
BDT                      : [FIN_BDT_2017] : Evaluation of BDT on training sample (77997 events)
                         : Elapsed time for evaluation of 77997 events: 4.8 sec       
                         : Creating xml weight file: [0;36mFIN_BDT_2017/weights/FIN_BDT_2017_BDT.weights.xml[0m
                         : Creating standalone class: [0;36mFIN_BDT_2017/weights/FIN_BDT_2017_BDT.class.C[0m
                         : FIN_BDT_2017.root:/FIN_BDT_2017/Method_BDT/BDT
Factory                  : Training finished
                         : 
                         : Ranking input variables (method specific)...
BDT                      : Ranking result (top variable is best ranked)
                         : ----------------------------------------------------------------------------------------------------------------------------------------------
                         : Rank : Variable                                                                                                     : Variable Importance
                         : ----------------------------------------------------------------------------------------------------------------------------------------------
                         :    1 : (bjet_charge*belectron_charge<-0.4)?-0.4:(bjet_charge*belectron_charge>0.3)?0.3:bjet_charge*belectron_charge : 2.480e-01
                         :    2 : (belectron_ptwrtbjet<3.)?belectron_ptwrtbjet:3.                                                              : 1.148e-01
                         :    3 : (belectron_P_jetrest<2.)?belectron_P_jetrest:2.                                                              : 1.022e-01
                         :    4 : belectron_nsip3d<6.?belectron_nsip3d:6.                                                                      : 9.795e-02
                         :    5 : fabs(bjet_charge)<0.35?fabs(bjet_charge):0.35                                                                : 9.566e-02
                         :    6 : belectron_dR_l_j<0.1?0.1:belectron_dR_l_j                                                                    : 9.231e-02
                         :    7 : bjet_ChargedEmEnergyFraction<0.2?bjet_ChargedEmEnergyFraction:0.2                                            : 8.890e-02
                         :    8 : (bjet_NeutralEmEnergyFraction<0.2)?0.2:(bjet_NeutralEmEnergyFraction>0.65)?0.65:bjet_NeutralEmEnergyFraction : 8.627e-02
                         :    9 : bjet_ChargedHadronEnergyFraction<0.6?0.6:bjet_ChargedHadronEnergyFraction                                    : 7.388e-02
                         : ----------------------------------------------------------------------------------------------------------------------------------------------
Factory                  : === Destroy and recreate all methods via weight files for testing ===
                         : 
                         : Reading weight file: [0;36mFIN_BDT_2017/weights/FIN_BDT_2017_BDT.weights.xml[0m
Factory                  : [1mTest all methods[0m
Factory                  : Test method: BDT for Classification performance
                         : 
BDT                      : [FIN_BDT_2017] : Evaluation of BDT on testing sample (69378 events)
                         : Elapsed time for evaluation of 69378 events: 3.04 sec       
Factory                  : [1mEvaluate all methods[0m
Factory                  : Evaluate classifier: BDT
                         : 
BDT                      : [FIN_BDT_2017] : Loop over test events and fill histograms with classifier response...
                         : 
TFHandler_BDT            :                                                                                                     Variable                                                                                                            Mean                                                                                                            RMS                                                                                                    [        Min                                                                                                            Max ]
                         : -------------------------------------------------------------------------------------------------------------------------------------------------------------------------------------------------------------------------------------------------------------------------------------------------------------------------------------------------------------------------------------------------------------------------------------------------------------------------------------------------------------------------------------------------------------------------------
                         :                                                                    belectron_dR_l_j<0.1?0.1:belectron_dR_l_j:                                                                                                       0.11630                                                                                                      0.038667   [                                                                                                       0.10000                                                                                                       0.39987 ]
                         :                                                                      belectron_nsip3d<6.?belectron_nsip3d:6.:                                                                                                        4.2849                                                                                                        2.0512   [                                                                                                     0.0057076                                                                                                        6.0000 ]
                         :                                                              (belectron_P_jetrest<2.)?belectron_P_jetrest:2.:                                                                                                        1.4170                                                                                                       0.48619   [                                                                                                       0.25707                                                                                                        2.0000 ]
                         :                                                              (belectron_ptwrtbjet<3.)?belectron_ptwrtbjet:3.:                                                                                                        1.0512                                                                                                       0.64879   [                                                                                                     0.0022225                                                                                                        3.0000 ]
                         :                                            bjet_ChargedEmEnergyFraction<0.2?bjet_ChargedEmEnergyFraction:0.2:                                                                                                       0.12112                                                                                                      0.088285   [                                                                                                        0.0000                                                                                                       0.20000 ]
                         :                                    bjet_ChargedHadronEnergyFraction<0.6?0.6:bjet_ChargedHadronEnergyFraction:                                                                                                       0.63118                                                                                                      0.066568   [                                                                                                       0.60000                                                                                                        1.0000 ]
                         : (bjet_NeutralEmEnergyFraction<0.2)?0.2:(bjet_NeutralEmEnergyFraction>0.65)?0.65:bjet_NeutralEmEnergyFraction:                                                                                                       0.26646                                                                                                       0.10435   [                                                                                                       0.20000                                                                                                       0.65000 ]
                         :                                                                fabs(bjet_charge)<0.35?fabs(bjet_charge):0.35:                                                                                                       0.22618                                                                                                       0.11982   [                                                                                                    7.6490e-06                                                                                                       0.35000 ]
                         : (bjet_charge*belectron_charge<-0.4)?-0.4:(bjet_charge*belectron_charge>0.3)?0.3:bjet_charge*belectron_charge:                                                                                                       0.11291                                                                                                       0.20882   [                                                                                                      -0.40000                                                                                                       0.30000 ]
                         : -------------------------------------------------------------------------------------------------------------------------------------------------------------------------------------------------------------------------------------------------------------------------------------------------------------------------------------------------------------------------------------------------------------------------------------------------------------------------------------------------------------------------------------------------------------------------------
                         : 
                         : Evaluation results ranked by best signal efficiency and purity (area)
                         : -------------------------------------------------------------------------------------------------------------------
                         : DataSet       MVA                       
                         : Name:         Method:          ROC-integ
                         : FIN_BDT_2017  BDT            : 0.720
                         : -------------------------------------------------------------------------------------------------------------------
                         : 
                         : Testing efficiency compared to training efficiency (overtraining check)
                         : -------------------------------------------------------------------------------------------------------------------
                         : DataSet              MVA              Signal efficiency: from test sample (from training sample) 
                         : Name:                Method:          @B=0.01             @B=0.10            @B=0.30   
                         : -------------------------------------------------------------------------------------------------------------------
                         : FIN_BDT_2017         BDT            : 0.059 (0.065)       0.318 (0.330)      0.624 (0.643)
                         : -------------------------------------------------------------------------------------------------------------------
                         : 
Dataset:FIN_BDT_2017     : Created tree 'TestTree' with 69378 events
                         : 
Dataset:FIN_BDT_2017     : Created tree 'TrainTree' with 77997 events
                         : 
Factory                  : [1mThank you for using TMVA![0m
                         : [1mFor citation information, please visit: http://tmva.sf.net/citeTMVA.html[0m
['bmuon_dR_l_j < 0.04 ? 0.04 : bmuon_dR_l_j', '(bmuon_nsip3d<3.)?3.:(bmuon_nsip3d>10.)?10.:bmuon_nsip3d', '(bmuon_P_jetrest<1.5)?1.5:(bmuon_P_jetrest>5.)?5.:bmuon_P_jetrest', 'bmuon_palongjet < 30. ? bmuon_palongjet : 30.', '(bmuon_ptwrtbjet<1.5)?1.5:(bmuon_ptwrtbjet>3.5)?3.5:bmuon_ptwrtbjet', 'bmuon_reliso < 6. ? bmuon_reliso : 6.', '(bjet_ChargedHadronEnergyFraction < 0.35)?0.35:(bjet_ChargedHadronEnergyFraction>0.9)?0.9:bjet_ChargedHadronEnergyFraction', '(bjet_MuonEnergyFraction < 0.15) ? 0.15 : (bjet_MuonEnergyFraction >0.45) ? 0.45 : bjet_MuonEnergyFraction', 'bjet_NeutralEmEnergyFraction < 0.5 ? bjet_NeutralEmEnergyFraction : 0.5', '(bjet_NeutralHadronEnergyFraction<0.1)?0.1:(bjet_NeutralHadronEnergyFraction>0.4)?0.4:bjet_NeutralHadronEnergyFraction', 'bjet_NeutralMultiplicity<30 ? bjet_NeutralMultiplicity:30', 'fabs(bjet_charge) < 0.5 ? fabs(bjet_charge) : 0.5', '(bjet_charge*bmuon_charge < -0.2) ? -0.2 : (bjet_charge*bmuon_charge > 0.5) ? 0.5 : bjet_charge*bmuon_charge'] ['belectron_dR_l_j < 0.1 ? 0.1 : belectron_dR_l_j', 'belectron_nsip3d < 6. ? belectron_nsip3d : 6.', '(belectron_P_jetrest < 2.) ? belectron_P_jetrest : 2.', '(belectron_ptwrtbjet < 3.) ? belectron_ptwrtbjet : 3.', 'bjet_ChargedEmEnergyFraction < 0.2 ? bjet_ChargedEmEnergyFraction : 0.2', 'bjet_ChargedHadronEnergyFraction < 0.6 ? 0.6 : bjet_ChargedHadronEnergyFraction', '(bjet_NeutralEmEnergyFraction<0.2)?0.2:(bjet_NeutralEmEnergyFraction>0.65)?0.65:bjet_NeutralEmEnergyFraction', 'fabs(bjet_charge)<0.35 ? fabs(bjet_charge) : 0.35', '(bjet_charge*belectron_charge<-0.4)?-0.4:(bjet_charge*belectron_charge>0.3)?0.3:bjet_charge*belectron_charge'] ['bjet_ChargedHadronEnergyFraction<0.3?0.3:bjet_ChargedHadronEnergyFraction', 'bjet_NeutralEmEnergyFraction<0.05?0.05:bjet_NeutralEmEnergyFraction>0.7?0.7:bjet_NeutralEmEnergyFraction', '(log(bjet_NeutralHadronEnergyFraction)<-4)?-4:(log(bjet_NeutralHadronEnergyFraction)>-1)?-1:log(bjet_NeutralHadronEnergyFraction)', 'bjet_NeutralMultiplicity<30?bjet_NeutralMultiplicity:30', 'fabs(bjet_charge) < 0.4 ? fabs(bjet_charge) : 0.4']
(bmuon_charge*bjet_partonFlavour < 0)&&Has_bMuon (bmuon_charge*bjet_partonFlavour > 0)&&Has_bMuon (belectron_charge*bjet_partonFlavour < 0)&&(Has_bElectron) (belectron_charge*bjet_partonFlavour > 0)&&(Has_bElectron) (bjet_charge*bjet_partonFlavour < 0)&&(!Has_bElectron)&&(!Has_bMuon) (bjet_charge*bjet_partonFlavour > 0)&&(!Has_bElectron)&&(!Has_bMuon)
sigcut= (belectron_charge*bjet_partonFlavour < 0)&&(Has_bElectron)
bkgcut= (belectron_charge*bjet_partonFlavour > 0)&&(Has_bElectron)
<sig cut>= (belectron_charge*bjet_partonFlavour < 0)&&(Has_bElectron)
<bkg cut>= (belectron_charge*bjet_partonFlavour > 0)&&(Has_bElectron)
---sig_test---
<self.testtree_sig> OutTree/sig
/pnfs/knu.ac.kr/data/cms/store/user/jhchoi/JetChargeTagScore/TMVA_TOOL/inputs/EEMu_MuMuE_Method/v2512.5_2017/2017/EEMu_MuMuE_Method_DYJetsToEE_MiNNLO.root
/pnfs/knu.ac.kr/data/cms/store/user/jhchoi/JetChargeTagScore/TMVA_TOOL/inputs/EEMu_MuMuE_Method/v2512.5_2017/2017/EEMu_MuMuE_Method_DYJetsToMuMu_MiNNLO.root
--bkg_test---
<self.testtree_bkg> OutTree/bkg
/pnfs/knu.ac.kr/data/cms/store/user/jhchoi/JetChargeTagScore/TMVA_TOOL/inputs/EEMu_MuMuE_Method/v2512.5_2017/2017/EEMu_MuMuE_Method_DYJetsToEE_MiNNLO.root
/pnfs/knu.ac.kr/data/cms/store/user/jhchoi/JetChargeTagScore/TMVA_TOOL/inputs/EEMu_MuMuE_Method/v2512.5_2017/2017/EEMu_MuMuE_Method_DYJetsToMuMu_MiNNLO.root
---sig_train---
<self.traintree_sig> OutTree/sig
/pnfs/knu.ac.kr/data/cms/store/user/jhchoi/JetChargeTagScore/TMVA_TOOL/inputs/EEMu_MuMuE_Method/v2512.5_2017/2017/EEMu_MuMuE_Method_DYJets.root
---bkg_train---
<self.traintree_bkg> OutTree/bkg
/pnfs/knu.ac.kr/data/cms/store/user/jhchoi/JetChargeTagScore/TMVA_TOOL/inputs/EEMu_MuMuE_Method/v2512.5_2017/2017/EEMu_MuMuE_Method_DYJets.root
>>>>self.dataloader.PrepareTrainingAndTestTree
Set sig cut -> (belectron_charge*bjet_partonFlavour < 0)&&(Has_bElectron)
Set bkg cut -> (belectron_charge*bjet_partonFlavour > 0)&&(Has_bElectron)
auc= 0.7196561468707919
END of RUNNING...run_single
FIN_BDT_2017
FIN_BDT_2017.root
_condor_stderr
_condor_stdout
run.sh
tmp
var
myerr=0
[ntry=1]
