/home/condor/dir_1965196
DataSetInfo              : [FIN_BDT_2016postVFP] : Added class "Signal"
                         : Add Tree OutTree/sig of type Signal with 387726 events
                         : Add Tree OutTree/sig of type Signal with 440734 events
DataSetInfo              : [FIN_BDT_2016postVFP] : Added class "Background"
                         : Add Tree OutTree/bkg of type Background with 273702 events
                         : Add Tree OutTree/bkg of type Background with 310379 events
Factory                  : Booking method: [1mBDT[0m
                         : 
                         : Parsing option string: 
                         : ... "!H:V:NTrees=200:MinNodeSize=3%:MaxDepth=5:Shrinkage=0.05:BoostType=Grad:AdaBoostBeta=:UseBaggedBoost=True:BaggedSampleFraction=0.5:SeparationType=GiniIndex:nCuts=20:IgnoreNegWeightsInTraining=True:VarTransform=G"
                         : The following options are set:
                         : - By User:
                         :     <none>
                         : - Default:
                         :     Boost_num: "0" [Number of times the classifier will be boosted]
                         : Parsing option string: 
                         : ... "!H:V:NTrees=200:MinNodeSize=3%:MaxDepth=5:Shrinkage=0.05:BoostType=Grad:AdaBoostBeta=:UseBaggedBoost=True:BaggedSampleFraction=0.5:SeparationType=GiniIndex:nCuts=20:IgnoreNegWeightsInTraining=True:VarTransform=G"
                         : The following options are set:
                         : - By User:
                         :     V: "True" [Verbose output (short form of "VerbosityLevel" below - overrides the latter one)]
                         :     VarTransform: "G" [List of variable transformations performed before training, e.g., "D_Background,P_Signal,G,N_AllClasses" for: "Decorrelation, PCA-transformation, Gaussianisation, Normalisation, each for the given class of events ('AllClasses' denotes all events of all classes, if no class indication is given, 'All' is assumed)"]
                         :     H: "False" [Print method-specific help message]
                         :     IgnoreNegWeightsInTraining: "True" [Events with negative weights are ignored in the training (but are included for testing and performance evaluation)]
                         :     NTrees: "200" [Number of trees in the forest]
                         :     MaxDepth: "5" [Max depth of the decision tree allowed]
                         :     MinNodeSize: "3%" [Minimum percentage of training events required in a leaf node (default: Classification: 5%, Regression: 0.2%)]
                         :     nCuts: "20" [Number of grid points in variable range used in finding optimal cut in node splitting]
                         :     BoostType: "Grad" [Boosting type for the trees in the forest (note: AdaCost is still experimental)]
                         :     UseBaggedBoost: "True" [Use only a random subsample of all events for growing the trees in each boost iteration.]
                         :     Shrinkage: "5.000000e-02" [Learning rate for BoostType=Grad algorithm]
                         :     AdaBoostBeta: "5.000000e-01" [Learning rate  for AdaBoost algorithm]
                         :     BaggedSampleFraction: "5.000000e-01" [Relative size of bagged event sample to original size of the data sample (used whenever bagging is used (i.e. UseBaggedBoost, Bagging,)]
                         :     SeparationType: "GiniIndex" [Separation criterion for node splitting]
                         : - Default:
                         :     VerbosityLevel: "Default" [Verbosity level]
                         :     CreateMVAPdfs: "False" [Create PDFs for classifier outputs (signal and background)]
                         :     AdaBoostR2Loss: "Quadratic" [Type of Loss function in AdaBoostR2]
                         :     UseRandomisedTrees: "False" [Determine at each node splitting the cut variable only as the best out of a random subset of variables (like in RandomForests)]
                         :     UseNvars: "3" [Size of the subset of variables used with RandomisedTree option]
                         :     UsePoissonNvars: "True" [Interpret "UseNvars" not as fixed number but as mean of a Poisson distribution in each split with RandomisedTree option]
                         :     UseYesNoLeaf: "True" [Use Sig or Bkg categories, or the purity=S/(S+B) as classification of the leaf node -> Real-AdaBoost]
                         :     NegWeightTreatment: "InverseBoostNegWeights" [How to treat events with negative weights in the BDT training (particular the boosting) : IgnoreInTraining;  Boost With inverse boostweight; Pair events with negative and positive weights in training sample and *annihilate* them (experimental!)]
                         :     Css: "1.000000e+00" [AdaCost: cost of true signal selected signal]
                         :     Cts_sb: "1.000000e+00" [AdaCost: cost of true signal selected bkg]
                         :     Ctb_ss: "1.000000e+00" [AdaCost: cost of true bkg    selected signal]
                         :     Cbb: "1.000000e+00" [AdaCost: cost of true bkg    selected bkg ]
                         :     NodePurityLimit: "5.000000e-01" [In boosting/pruning, nodes with purity > NodePurityLimit are signal; background otherwise.]
                         :     RegressionLossFunctionBDTG: "Huber" [Loss function for BDTG regression.]
                         :     HuberQuantile: "7.000000e-01" [In the Huber loss function this is the quantile that separates the core from the tails in the residuals distribution.]
                         :     DoBoostMonitor: "False" [Create control plot with ROC integral vs tree number]
                         :     UseFisherCuts: "False" [Use multivariate splits using the Fisher criterion]
                         :     MinLinCorrForFisher: "8.000000e-01" [The minimum linear correlation between two variables demanded for use in Fisher criterion in node splitting]
                         :     UseExclusiveVars: "False" [Variables already used in fisher criterion are not anymore analysed individually for node splitting]
                         :     DoPreselection: "False" [and and apply automatic pre-selection for 100% efficient signal (bkg) cuts prior to training]
                         :     SigToBkgFraction: "1.000000e+00" [Sig to Bkg ratio used in Training (similar to NodePurityLimit, which cannot be used in real adaboost]
                         :     PruneMethod: "NoPruning" [Note: for BDTs use small trees (e.g.MaxDepth=3) and NoPruning:  Pruning: Method used for pruning (removal) of statistically insignificant branches ]
                         :     PruneStrength: "0.000000e+00" [Pruning strength]
                         :     PruningValFraction: "5.000000e-01" [Fraction of events to use for optimizing automatic pruning.]
                         :     SkipNormalization: "False" [Skip normalization at initialization, to keep expectation value of BDT output according to the fraction of events]
                         :     nEventsMin: "0" [deprecated: Use MinNodeSize (in % of training events) instead]
                         :     UseBaggedGrad: "False" [deprecated: Use *UseBaggedBoost* instead:  Use only a random subsample of all events for growing the trees in each iteration.]
                         :     GradBaggingFraction: "5.000000e-01" [deprecated: Use *BaggedSampleFraction* instead: Defines the fraction of events to be used in each iteration, e.g. when UseBaggedGrad=kTRUE. ]
                         :     UseNTrainEvents: "0" [deprecated: Use *BaggedSampleFraction* instead: Number of randomly picked training events used in randomised (and bagged) trees]
                         :     NNodesMax: "0" [deprecated: Use MaxDepth instead to limit the tree size]
BDT                      : [FIN_BDT_2016postVFP] : Create Transformation "G" with events from all classes.
                         : 
                         : Transformation, Variable selection : 
                         : Input : variable 'bjet_ChargedHadronEnergyFraction<0.15?0.15:(bjet_ChargedHadronEnergyFraction>0.7)?0.7:bjet_ChargedHadronEnergyFraction' <---> Output : variable 'bjet_ChargedHadronEnergyFraction<0.15?0.15:(bjet_ChargedHadronEnergyFraction>0.7)?0.7:bjet_ChargedHadronEnergyFraction'
                         : Input : variable '(log(bjet_MuonEnergyFraction)<-3.5)?-3.5:(log(bjet_MuonEnergyFraction)>-1.5)?-1.5:log(bjet_MuonEnergyFraction)' <---> Output : variable '(log(bjet_MuonEnergyFraction)<-3.5)?-3.5:(log(bjet_MuonEnergyFraction)>-1.5)?-1.5:log(bjet_MuonEnergyFraction)'
                         : Input : variable 'bjet_NeutralEmEnergyFraction<0.7?bjet_NeutralEmEnergyFraction:0.7' <---> Output : variable 'bjet_NeutralEmEnergyFraction<0.7?bjet_NeutralEmEnergyFraction:0.7'
                         : Input : variable '(log(bjet_NeutralHadronEnergyFraction)<-4.5)?-4.5:(log(bjet_NeutralHadronEnergyFraction)>-0.5)?-0.5:log(bjet_NeutralHadronEnergyFraction)' <---> Output : variable '(log(bjet_NeutralHadronEnergyFraction)<-4.5)?-4.5:(log(bjet_NeutralHadronEnergyFraction)>-0.5)?-0.5:log(bjet_NeutralHadronEnergyFraction)'
                         : Input : variable '(bjet_NeutralMultiplicity<5)?5:(bjet_NeutralMultiplicity>32)?32:bjet_NeutralMultiplicity' <---> Output : variable '(bjet_NeutralMultiplicity<5)?5:(bjet_NeutralMultiplicity>32)?32:bjet_NeutralMultiplicity'
                         : Input : variable 'fabs(bjet_charge)<0.7?fabs(bjet_charge):0.7' <---> Output : variable 'fabs(bjet_charge)<0.7?fabs(bjet_charge):0.7'
                         : the option NegWeightTreatment=InverseBoostNegWeights does not exist for BoostType=Grad
                         : --> change to new default NegWeightTreatment=Pray
                         : Rebuilding Dataset FIN_BDT_2016postVFP
                         : Building event vectors for type 1 Signal
                         : Dataset[FIN_BDT_2016postVFP] :  create input formulas for tree sig
                         : Dataset[FIN_BDT_2016postVFP] :  create input formulas for tree sig
                         : Dataset[FIN_BDT_2016postVFP] :  create input formulas for tree sig
                         : Building event vectors for type 0 Signal
                         : Dataset[FIN_BDT_2016postVFP] :  create input formulas for tree sig
                         : Dataset[FIN_BDT_2016postVFP] :  create input formulas for tree sig
                         : Building event vectors for type 1 Background
                         : Dataset[FIN_BDT_2016postVFP] :  create input formulas for tree bkg
                         : Dataset[FIN_BDT_2016postVFP] :  create input formulas for tree bkg
                         : Dataset[FIN_BDT_2016postVFP] :  create input formulas for tree bkg
                         : Building event vectors for type 0 Background
                         : Dataset[FIN_BDT_2016postVFP] :  create input formulas for tree bkg
                         : Dataset[FIN_BDT_2016postVFP] :  create input formulas for tree bkg
DataSetFactory           : [FIN_BDT_2016postVFP] : Number of events in input trees
                         : Dataset[FIN_BDT_2016postVFP] :     Signal     requirement: "(bjet_charge*bjet_partonFlavour < 0)&&(!Has_bElectron)&&(!Has_bMuon)"
                         : Dataset[FIN_BDT_2016postVFP] :     Signal          -- number of events passed: 741265  / sum of weights: 452296
                         : Dataset[FIN_BDT_2016postVFP] :     Signal          -- efficiency             : 0.901565
                         : Dataset[FIN_BDT_2016postVFP] :     Background requirement: "(bjet_charge*bjet_partonFlavour > 0)&&(!Has_bElectron)&&(!Has_bMuon)"
                         : Dataset[FIN_BDT_2016postVFP] :     Background      -- number of events passed: 449586  / sum of weights: 271668
                         : Dataset[FIN_BDT_2016postVFP] :     Background      -- efficiency             : 0.760477
                         : Dataset[FIN_BDT_2016postVFP] :  you have opted for interpreting the requested number of training/testing events
                         :  to be the number of events AFTER your preselection cuts
                         : 
                         : Dataset[FIN_BDT_2016postVFP] :  you have opted for interpreting the requested number of training/testing events
                         :  to be the number of events AFTER your preselection cuts
                         : 
                         : Dataset[FIN_BDT_2016postVFP] : Weight renormalisation mode: "EqualNumEvents": renormalises all event classes ...
                         : Dataset[FIN_BDT_2016postVFP] :  such that the effective (weighted) number of events in each class is the same 
                         : Dataset[FIN_BDT_2016postVFP] :  (and equals the number of events (entries) given for class=0 )
                         : Dataset[FIN_BDT_2016postVFP] : ... i.e. such that Sum[i=1..N_j]{w_i} = N_classA, j=classA, classB, ...
                         : Dataset[FIN_BDT_2016postVFP] : ... (note that N_j is the sum of TRAINING events
                         : Dataset[FIN_BDT_2016postVFP] :  ..... Testing events are not renormalised nor included in the renormalisation factor!)
                         : Number of training and testing events
                         : ---------------------------------------------------------------------------
                         : Signal     -- training events            : 403391
                         : Signal     -- testing events             : 337874
                         : Signal     -- training and testing events: 741265
                         : Dataset[FIN_BDT_2016postVFP] : Signal     -- due to the preselection a scaling factor has been applied to the numbers of requested events: 0.89475
                         : Background -- training events            : 242119
                         : Background -- testing events             : 207467
                         : Background -- training and testing events: 449586
                         : Dataset[FIN_BDT_2016postVFP] : Background -- due to the preselection a scaling factor has been applied to the numbers of requested events: 0.769732
                         : 
DataSetInfo              : Correlation matrix (Signal):
                         : ---------------------------------------------------------------------------------------------------------------------------------------------------------------------------------------------------------------------------------------------------------------------------------------------------------------------------------------------------------------------------------------------------------------------------------------------------------------------------------------------------------------------------------------------------------------------------------------------------------------------------------------------------------------------------------------------------------------------------------------------------------
                         :                                                                                                                                                    bjet_ChargedHadronEnergyFraction_0.15_0.15:_bjet_ChargedHadronEnergyFraction_0.7__0.7:bjet_ChargedHadronEnergyFraction _log_bjet_MuonEnergyFraction___M_3.5___M_3.5:_log_bjet_MuonEnergyFraction___M_1.5___M_1.5:log_bjet_MuonEnergyFraction_ bjet_NeutralEmEnergyFraction_0.7_bjet_NeutralEmEnergyFraction:0.7 _log_bjet_NeutralHadronEnergyFraction___M_4.5___M_4.5:_log_bjet_NeutralHadronEnergyFraction___M_0.5___M_0.5:log_bjet_NeutralHadronEnergyFraction_ _bjet_NeutralMultiplicity_5__5:_bjet_NeutralMultiplicity_32__32:bjet_NeutralMultiplicity fabs_bjet_charge__0.7_fabs_bjet_charge_:0.7
                         :                            bjet_ChargedHadronEnergyFraction_0.15_0.15:_bjet_ChargedHadronEnergyFraction_0.7__0.7:bjet_ChargedHadronEnergyFraction:                                                                                                                 +1.000                                                                                                                 -0.012                                                            -0.437                                                                                                                                            -0.196                                                                                   -0.055                                      -0.228
                         :                            _log_bjet_MuonEnergyFraction___M_3.5___M_3.5:_log_bjet_MuonEnergyFraction___M_1.5___M_1.5:log_bjet_MuonEnergyFraction_:                                                                                                                 -0.012                                                                                                                 +1.000                                                            +0.040                                                                                                                                            +0.008                                                                                   +0.034                                      +0.032
                         :                                                                                 bjet_NeutralEmEnergyFraction_0.7_bjet_NeutralEmEnergyFraction:0.7:                                                                                                                 -0.437                                                                                                                 +0.040                                                            +1.000                                                                                                                                            -0.004                                                                                   +0.324                                      +0.001
                         : _log_bjet_NeutralHadronEnergyFraction___M_4.5___M_4.5:_log_bjet_NeutralHadronEnergyFraction___M_0.5___M_0.5:log_bjet_NeutralHadronEnergyFraction_:                                                                                                                 -0.196                                                                                                                 +0.008                                                            -0.004                                                                                                                                            +1.000                                                                                   -0.136                                      +0.043
                         :                                                          _bjet_NeutralMultiplicity_5__5:_bjet_NeutralMultiplicity_32__32:bjet_NeutralMultiplicity:                                                                                                                 -0.055                                                                                                                 +0.034                                                            +0.324                                                                                                                                            -0.136                                                                                   +1.000                                      -0.112
                         :                                                                                                       fabs_bjet_charge__0.7_fabs_bjet_charge_:0.7:                                                                                                                 -0.228                                                                                                                 +0.032                                                            +0.001                                                                                                                                            +0.043                                                                                   -0.112                                      +1.000
                         : ---------------------------------------------------------------------------------------------------------------------------------------------------------------------------------------------------------------------------------------------------------------------------------------------------------------------------------------------------------------------------------------------------------------------------------------------------------------------------------------------------------------------------------------------------------------------------------------------------------------------------------------------------------------------------------------------------------------------------------------------------------
DataSetInfo              : Correlation matrix (Background):
                         : ---------------------------------------------------------------------------------------------------------------------------------------------------------------------------------------------------------------------------------------------------------------------------------------------------------------------------------------------------------------------------------------------------------------------------------------------------------------------------------------------------------------------------------------------------------------------------------------------------------------------------------------------------------------------------------------------------------------------------------------------------------
                         :                                                                                                                                                    bjet_ChargedHadronEnergyFraction_0.15_0.15:_bjet_ChargedHadronEnergyFraction_0.7__0.7:bjet_ChargedHadronEnergyFraction _log_bjet_MuonEnergyFraction___M_3.5___M_3.5:_log_bjet_MuonEnergyFraction___M_1.5___M_1.5:log_bjet_MuonEnergyFraction_ bjet_NeutralEmEnergyFraction_0.7_bjet_NeutralEmEnergyFraction:0.7 _log_bjet_NeutralHadronEnergyFraction___M_4.5___M_4.5:_log_bjet_NeutralHadronEnergyFraction___M_0.5___M_0.5:log_bjet_NeutralHadronEnergyFraction_ _bjet_NeutralMultiplicity_5__5:_bjet_NeutralMultiplicity_32__32:bjet_NeutralMultiplicity fabs_bjet_charge__0.7_fabs_bjet_charge_:0.7
                         :                            bjet_ChargedHadronEnergyFraction_0.15_0.15:_bjet_ChargedHadronEnergyFraction_0.7__0.7:bjet_ChargedHadronEnergyFraction:                                                                                                                 +1.000                                                                                                                 -0.003                                                            -0.510                                                                                                                                            -0.244                                                                                   -0.048                                      -0.308
                         :                            _log_bjet_MuonEnergyFraction___M_3.5___M_3.5:_log_bjet_MuonEnergyFraction___M_1.5___M_1.5:log_bjet_MuonEnergyFraction_:                                                                                                                 -0.003                                                                                                                 +1.000                                                            +0.035                                                                                                                                            +0.016                                                                                   +0.038                                      +0.035
                         :                                                                                 bjet_NeutralEmEnergyFraction_0.7_bjet_NeutralEmEnergyFraction:0.7:                                                                                                                 -0.510                                                                                                                 +0.035                                                            +1.000                                                                                                                                            +0.013                                                                                   +0.289                                      +0.079
                         : _log_bjet_NeutralHadronEnergyFraction___M_4.5___M_4.5:_log_bjet_NeutralHadronEnergyFraction___M_0.5___M_0.5:log_bjet_NeutralHadronEnergyFraction_:                                                                                                                 -0.244                                                                                                                 +0.016                                                            +0.013                                                                                                                                            +1.000                                                                                   -0.154                                      +0.107
                         :                                                          _bjet_NeutralMultiplicity_5__5:_bjet_NeutralMultiplicity_32__32:bjet_NeutralMultiplicity:                                                                                                                 -0.048                                                                                                                 +0.038                                                            +0.289                                                                                                                                            -0.154                                                                                   +1.000                                      -0.113
                         :                                                                                                       fabs_bjet_charge__0.7_fabs_bjet_charge_:0.7:                                                                                                                 -0.308                                                                                                                 +0.035                                                            +0.079                                                                                                                                            +0.107                                                                                   -0.113                                      +1.000
                         : ---------------------------------------------------------------------------------------------------------------------------------------------------------------------------------------------------------------------------------------------------------------------------------------------------------------------------------------------------------------------------------------------------------------------------------------------------------------------------------------------------------------------------------------------------------------------------------------------------------------------------------------------------------------------------------------------------------------------------------------------------------
DataSetFactory           : [FIN_BDT_2016postVFP] :  
                         : 
Factory                  : [1mTrain all methods[0m
Factory                  : [FIN_BDT_2016postVFP] : Create Transformation "I" with events from all classes.
                         : 
                         : Transformation, Variable selection : 
                         : Input : variable 'bjet_ChargedHadronEnergyFraction<0.15?0.15:(bjet_ChargedHadronEnergyFraction>0.7)?0.7:bjet_ChargedHadronEnergyFraction' <---> Output : variable 'bjet_ChargedHadronEnergyFraction<0.15?0.15:(bjet_ChargedHadronEnergyFraction>0.7)?0.7:bjet_ChargedHadronEnergyFraction'
                         : Input : variable '(log(bjet_MuonEnergyFraction)<-3.5)?-3.5:(log(bjet_MuonEnergyFraction)>-1.5)?-1.5:log(bjet_MuonEnergyFraction)' <---> Output : variable '(log(bjet_MuonEnergyFraction)<-3.5)?-3.5:(log(bjet_MuonEnergyFraction)>-1.5)?-1.5:log(bjet_MuonEnergyFraction)'
                         : Input : variable 'bjet_NeutralEmEnergyFraction<0.7?bjet_NeutralEmEnergyFraction:0.7' <---> Output : variable 'bjet_NeutralEmEnergyFraction<0.7?bjet_NeutralEmEnergyFraction:0.7'
                         : Input : variable '(log(bjet_NeutralHadronEnergyFraction)<-4.5)?-4.5:(log(bjet_NeutralHadronEnergyFraction)>-0.5)?-0.5:log(bjet_NeutralHadronEnergyFraction)' <---> Output : variable '(log(bjet_NeutralHadronEnergyFraction)<-4.5)?-4.5:(log(bjet_NeutralHadronEnergyFraction)>-0.5)?-0.5:log(bjet_NeutralHadronEnergyFraction)'
                         : Input : variable '(bjet_NeutralMultiplicity<5)?5:(bjet_NeutralMultiplicity>32)?32:bjet_NeutralMultiplicity' <---> Output : variable '(bjet_NeutralMultiplicity<5)?5:(bjet_NeutralMultiplicity>32)?32:bjet_NeutralMultiplicity'
                         : Input : variable 'fabs(bjet_charge)<0.7?fabs(bjet_charge):0.7' <---> Output : variable 'fabs(bjet_charge)<0.7?fabs(bjet_charge):0.7'
TFHandler_Factory        :                                                                                                                                  Variable                                                                                                                                         Mean                                                                                                                                         RMS                                                                                                                                 [        Min                                                                                                                                         Max ]
                         : --------------------------------------------------------------------------------------------------------------------------------------------------------------------------------------------------------------------------------------------------------------------------------------------------------------------------------------------------------------------------------------------------------------------------------------------------------------------------------------------------------------------------------------------------------------------------------------------------------------------------------------------------------------------------------------------------------------------------------
                         :                    bjet_ChargedHadronEnergyFraction<0.15?0.15:(bjet_ChargedHadronEnergyFraction>0.7)?0.7:bjet_ChargedHadronEnergyFraction:                                                                                                                                    0.53152                                                                                                                                    0.17557   [                                                                                                                                    0.15000                                                                                                                                    0.70000 ]
                         :                            (log(bjet_MuonEnergyFraction)<-3.5)?-3.5:(log(bjet_MuonEnergyFraction)>-1.5)?-1.5:log(bjet_MuonEnergyFraction):                                                                                                                                    -1.5902                                                                                                                                    0.34407   [                                                                                                                                    -3.5000                                                                                                                                    -1.5000 ]
                         :                                                                         bjet_NeutralEmEnergyFraction<0.7?bjet_NeutralEmEnergyFraction:0.7:                                                                                                                                    0.25916                                                                                                                                    0.15874   [                                                                                                                                     0.0000                                                                                                                                    0.70000 ]
                         : (log(bjet_NeutralHadronEnergyFraction)<-4.5)?-4.5:(log(bjet_NeutralHadronEnergyFraction)>-0.5)?-0.5:log(bjet_NeutralHadronEnergyFraction):                                                                                                                                    -2.0230                                                                                                                                     1.1521   [                                                                                                                                    -4.5000                                                                                                                                   -0.50000 ]
                         :                                                  (bjet_NeutralMultiplicity<5)?5:(bjet_NeutralMultiplicity>32)?32:bjet_NeutralMultiplicity:                                                                                                                                     10.275                                                                                                                                     4.6202   [                                                                                                                                     5.0000                                                                                                                                     32.000 ]
                         :                                                                                               fabs(bjet_charge)<0.7?fabs(bjet_charge):0.7:                                                                                                                                    0.27907                                                                                                                                    0.20206   [                                                                                                                                 4.3649e-06                                                                                                                                    0.70000 ]
                         : --------------------------------------------------------------------------------------------------------------------------------------------------------------------------------------------------------------------------------------------------------------------------------------------------------------------------------------------------------------------------------------------------------------------------------------------------------------------------------------------------------------------------------------------------------------------------------------------------------------------------------------------------------------------------------------------------------------------------------
                         : Ranking input variables (method unspecific)...
IdTransformation         : Ranking result (top variable is best ranked)
                         : ------------------------------------------------------------------------------------------------------------------------------------------------------------------
                         : Rank : Variable                                                                                                                                  : Separation
                         : ------------------------------------------------------------------------------------------------------------------------------------------------------------------
                         :    1 : fabs(bjet_charge)<0.7?fabs(bjet_charge):0.7                                                                                               : 2.614e-02
                         :    2 : (log(bjet_NeutralHadronEnergyFraction)<-4.5)?-4.5:(log(bjet_NeutralHadronEnergyFraction)>-0.5)?-0.5:log(bjet_NeutralHadronEnergyFraction) : 1.627e-03
                         :    3 : bjet_NeutralEmEnergyFraction<0.7?bjet_NeutralEmEnergyFraction:0.7                                                                         : 1.462e-03
                         :    4 : bjet_ChargedHadronEnergyFraction<0.15?0.15:(bjet_ChargedHadronEnergyFraction>0.7)?0.7:bjet_ChargedHadronEnergyFraction                    : 1.337e-03
                         :    5 : (bjet_NeutralMultiplicity<5)?5:(bjet_NeutralMultiplicity>32)?32:bjet_NeutralMultiplicity                                                  : 4.038e-04
                         :    6 : (log(bjet_MuonEnergyFraction)<-3.5)?-3.5:(log(bjet_MuonEnergyFraction)>-1.5)?-1.5:log(bjet_MuonEnergyFraction)                            : 1.258e-04
                         : ------------------------------------------------------------------------------------------------------------------------------------------------------------------
Factory                  : Train method: BDT for Classification
                         : 
                         : Preparing the Gaussian transformation...
TFHandler_BDT            :                                                                                                                                  Variable                                                                                                                                         Mean                                                                                                                                         RMS                                                                                                                                 [        Min                                                                                                                                         Max ]
                         : --------------------------------------------------------------------------------------------------------------------------------------------------------------------------------------------------------------------------------------------------------------------------------------------------------------------------------------------------------------------------------------------------------------------------------------------------------------------------------------------------------------------------------------------------------------------------------------------------------------------------------------------------------------------------------------------------------------------------------
                         :                    bjet_ChargedHadronEnergyFraction<0.15?0.15:(bjet_ChargedHadronEnergyFraction>0.7)?0.7:bjet_ChargedHadronEnergyFraction:                                                                                                                                     1.4489                                                                                                                                     2.8989   [                                                                                                                                    -3.0053                                                                                                                                     5.7307 ]
                         :                            (log(bjet_MuonEnergyFraction)<-3.5)?-3.5:(log(bjet_MuonEnergyFraction)>-1.5)?-1.5:log(bjet_MuonEnergyFraction):                                                                                                                                     5.1951                                                                                                                                     1.7460   [                                                                                                                                    -2.2957                                                                                                                                     5.7307 ]
                         :                                                                         bjet_NeutralEmEnergyFraction<0.7?bjet_NeutralEmEnergyFraction:0.7:                                                                                                                                   0.061526                                                                                                                                     1.1761   [                                                                                                                                    -3.2626                                                                                                                                     5.4200 ]
                         : (log(bjet_NeutralHadronEnergyFraction)<-4.5)?-4.5:(log(bjet_NeutralHadronEnergyFraction)>-0.5)?-0.5:log(bjet_NeutralHadronEnergyFraction):                                                                                                                                     1.1418                                                                                                                                     2.5205   [                                                                                                                                    -3.0185                                                                                                                                     5.7307 ]
                         :                                                  (bjet_NeutralMultiplicity<5)?5:(bjet_NeutralMultiplicity>32)?32:bjet_NeutralMultiplicity:                                                                                                                                  -0.056283                                                                                                                                     1.0220   [                                                                                                                                    -1.5785                                                                                                                                     5.7307 ]
                         :                                                                                               fabs(bjet_charge)<0.7?fabs(bjet_charge):0.7:                                                                                                                                    0.34959                                                                                                                                     1.6722   [                                                                                                                                    -3.1951                                                                                                                                     5.7307 ]
                         : --------------------------------------------------------------------------------------------------------------------------------------------------------------------------------------------------------------------------------------------------------------------------------------------------------------------------------------------------------------------------------------------------------------------------------------------------------------------------------------------------------------------------------------------------------------------------------------------------------------------------------------------------------------------------------------------------------------------------------
                         : Events with weight == 0 are going to be simply ignored 
BDT                      : #events: (reweighted) sig: 221186 bkg: 221186
                         : #events: (unweighted) sig: 276713 bkg: 165659
                         : Training 200 Decision Trees ... patience please
                         : Elapsed time for training with 645510 events: 170 sec         
BDT                      : [FIN_BDT_2016postVFP] : Evaluation of BDT on training sample (645510 events)
                         : Elapsed time for evaluation of 645510 events: 35.3 sec       
                         : Creating xml weight file: [0;36mFIN_BDT_2016postVFP/weights/FIN_BDT_2016postVFP_BDT.weights.xml[0m
                         : Creating standalone class: [0;36mFIN_BDT_2016postVFP/weights/FIN_BDT_2016postVFP_BDT.class.C[0m
                         : FIN_BDT_2016postVFP.root:/FIN_BDT_2016postVFP/Method_BDT/BDT
Factory                  : Training finished
                         : 
                         : Ranking input variables (method specific)...
BDT                      : Ranking result (top variable is best ranked)
                         : ---------------------------------------------------------------------------------------------------------------------------------------------------------------------------
                         : Rank : Variable                                                                                                                                  : Variable Importance
                         : ---------------------------------------------------------------------------------------------------------------------------------------------------------------------------
                         :    1 : fabs(bjet_charge)<0.7?fabs(bjet_charge):0.7                                                                                               : 2.453e-01
                         :    2 : (log(bjet_NeutralHadronEnergyFraction)<-4.5)?-4.5:(log(bjet_NeutralHadronEnergyFraction)>-0.5)?-0.5:log(bjet_NeutralHadronEnergyFraction) : 1.906e-01
                         :    3 : bjet_ChargedHadronEnergyFraction<0.15?0.15:(bjet_ChargedHadronEnergyFraction>0.7)?0.7:bjet_ChargedHadronEnergyFraction                    : 1.804e-01
                         :    4 : bjet_NeutralEmEnergyFraction<0.7?bjet_NeutralEmEnergyFraction:0.7                                                                         : 1.626e-01
                         :    5 : (bjet_NeutralMultiplicity<5)?5:(bjet_NeutralMultiplicity>32)?32:bjet_NeutralMultiplicity                                                  : 1.443e-01
                         :    6 : (log(bjet_MuonEnergyFraction)<-3.5)?-3.5:(log(bjet_MuonEnergyFraction)>-1.5)?-1.5:log(bjet_MuonEnergyFraction)                            : 7.674e-02
                         : ---------------------------------------------------------------------------------------------------------------------------------------------------------------------------
Factory                  : === Destroy and recreate all methods via weight files for testing ===
                         : 
                         : Reading weight file: [0;36mFIN_BDT_2016postVFP/weights/FIN_BDT_2016postVFP_BDT.weights.xml[0m
Factory                  : [1mTest all methods[0m
Factory                  : Test method: BDT for Classification performance
                         : 
BDT                      : [FIN_BDT_2016postVFP] : Evaluation of BDT on testing sample (545341 events)
                         : Elapsed time for evaluation of 545341 events: 22.7 sec       
Factory                  : [1mEvaluate all methods[0m
Factory                  : Evaluate classifier: BDT
                         : 
TFHandler_BDT            :                                                                                                                                  Variable                                                                                                                                         Mean                                                                                                                                         RMS                                                                                                                                 [        Min                                                                                                                                         Max ]
                         : --------------------------------------------------------------------------------------------------------------------------------------------------------------------------------------------------------------------------------------------------------------------------------------------------------------------------------------------------------------------------------------------------------------------------------------------------------------------------------------------------------------------------------------------------------------------------------------------------------------------------------------------------------------------------------------------------------------------------------
                         :                    bjet_ChargedHadronEnergyFraction<0.15?0.15:(bjet_ChargedHadronEnergyFraction>0.7)?0.7:bjet_ChargedHadronEnergyFraction:                                                                                                                                     1.4801                                                                                                                                     2.9002   [                                                                                                                                    -3.0053                                                                                                                                     5.7307 ]
                         :                            (log(bjet_MuonEnergyFraction)<-3.5)?-3.5:(log(bjet_MuonEnergyFraction)>-1.5)?-1.5:log(bjet_MuonEnergyFraction):                                                                                                                                     5.2222                                                                                                                                     1.7213   [                                                                                                                                    -2.2957                                                                                                                                     5.7307 ]
                         :                                                                         bjet_NeutralEmEnergyFraction<0.7?bjet_NeutralEmEnergyFraction:0.7:                                                                                                                                   0.070231                                                                                                                                     1.1762   [                                                                                                                                    -3.2626                                                                                                                                     5.4201 ]
                         : (log(bjet_NeutralHadronEnergyFraction)<-4.5)?-4.5:(log(bjet_NeutralHadronEnergyFraction)>-0.5)?-0.5:log(bjet_NeutralHadronEnergyFraction):                                                                                                                                     1.1100                                                                                                                                     2.5210   [                                                                                                                                    -3.0185                                                                                                                                     5.7307 ]
                         :                                                  (bjet_NeutralMultiplicity<5)?5:(bjet_NeutralMultiplicity>32)?32:bjet_NeutralMultiplicity:                                                                                                                                  -0.023118                                                                                                                                     1.0363   [                                                                                                                                    -1.5785                                                                                                                                     5.7307 ]
                         :                                                                                               fabs(bjet_charge)<0.7?fabs(bjet_charge):0.7:                                                                                                                                    0.40111                                                                                                                                     1.6955   [                                                                                                                                    -3.1974                                                                                                                                     5.7307 ]
                         : --------------------------------------------------------------------------------------------------------------------------------------------------------------------------------------------------------------------------------------------------------------------------------------------------------------------------------------------------------------------------------------------------------------------------------------------------------------------------------------------------------------------------------------------------------------------------------------------------------------------------------------------------------------------------------------------------------------------------------
BDT                      : [FIN_BDT_2016postVFP] : Loop over test events and fill histograms with classifier response...
                         : 
TFHandler_BDT            :                                                                                                                                  Variable                                                                                                                                         Mean                                                                                                                                         RMS                                                                                                                                 [        Min                                                                                                                                         Max ]
                         : --------------------------------------------------------------------------------------------------------------------------------------------------------------------------------------------------------------------------------------------------------------------------------------------------------------------------------------------------------------------------------------------------------------------------------------------------------------------------------------------------------------------------------------------------------------------------------------------------------------------------------------------------------------------------------------------------------------------------------
                         :                    bjet_ChargedHadronEnergyFraction<0.15?0.15:(bjet_ChargedHadronEnergyFraction>0.7)?0.7:bjet_ChargedHadronEnergyFraction:                                                                                                                                     1.4801                                                                                                                                     2.9002   [                                                                                                                                    -3.0053                                                                                                                                     5.7307 ]
                         :                            (log(bjet_MuonEnergyFraction)<-3.5)?-3.5:(log(bjet_MuonEnergyFraction)>-1.5)?-1.5:log(bjet_MuonEnergyFraction):                                                                                                                                     5.2222                                                                                                                                     1.7213   [                                                                                                                                    -2.2957                                                                                                                                     5.7307 ]
                         :                                                                         bjet_NeutralEmEnergyFraction<0.7?bjet_NeutralEmEnergyFraction:0.7:                                                                                                                                   0.070231                                                                                                                                     1.1762   [                                                                                                                                    -3.2626                                                                                                                                     5.4201 ]
                         : (log(bjet_NeutralHadronEnergyFraction)<-4.5)?-4.5:(log(bjet_NeutralHadronEnergyFraction)>-0.5)?-0.5:log(bjet_NeutralHadronEnergyFraction):                                                                                                                                     1.1100                                                                                                                                     2.5210   [                                                                                                                                    -3.0185                                                                                                                                     5.7307 ]
                         :                                                  (bjet_NeutralMultiplicity<5)?5:(bjet_NeutralMultiplicity>32)?32:bjet_NeutralMultiplicity:                                                                                                                                  -0.023118                                                                                                                                     1.0363   [                                                                                                                                    -1.5785                                                                                                                                     5.7307 ]
                         :                                                                                               fabs(bjet_charge)<0.7?fabs(bjet_charge):0.7:                                                                                                                                    0.40111                                                                                                                                     1.6955   [                                                                                                                                    -3.1974                                                                                                                                     5.7307 ]
                         : --------------------------------------------------------------------------------------------------------------------------------------------------------------------------------------------------------------------------------------------------------------------------------------------------------------------------------------------------------------------------------------------------------------------------------------------------------------------------------------------------------------------------------------------------------------------------------------------------------------------------------------------------------------------------------------------------------------------------------
                         : 
                         : Evaluation results ranked by best signal efficiency and purity (area)
                         : -------------------------------------------------------------------------------------------------------------------
                         : DataSet       MVA                       
                         : Name:         Method:          ROC-integ
                         : FIN_BDT_2016postVFP BDT            : 0.598
                         : -------------------------------------------------------------------------------------------------------------------
                         : 
                         : Testing efficiency compared to training efficiency (overtraining check)
                         : -------------------------------------------------------------------------------------------------------------------
                         : DataSet              MVA              Signal efficiency: from test sample (from training sample) 
                         : Name:                Method:          @B=0.01             @B=0.10            @B=0.30   
                         : -------------------------------------------------------------------------------------------------------------------
                         : FIN_BDT_2016postVFP  BDT            : 0.025 (0.027)       0.189 (0.197)      0.444 (0.448)
                         : -------------------------------------------------------------------------------------------------------------------
                         : 
Dataset:FIN_BDT_2016po...: Created tree 'TestTree' with 545341 events
                         : 
Dataset:FIN_BDT_2016po...: Created tree 'TrainTree' with 645510 events
                         : 
Factory                  : [1mThank you for using TMVA![0m
                         : [1mFor citation information, please visit: http://tmva.sf.net/citeTMVA.html[0m
['bmuon_dR_l_j < 0.04 ? 0.04 : bmuon_dR_l_j', 'bmuon_nsip3d < 10. ? bmuon_nsip3d : 10.', '(bmuon_P_jetrest < 1.5)?1.5:(bmuon_P_jetrest>4.)?4.:bmuon_P_jetrest', 'bmuon_palongjet < 30. ? bmuon_palongjet : 30.', '(bmuon_ptwrtbjet < 1.)?1.:(bmuon_ptwrtbjet>3.)?3.:bmuon_ptwrtbjet', 'bmuon_reliso < 6. ? bmuon_reliso : 6.', '(bjet_ChargedHadronEnergyFraction<0.2)?0.2:(bjet_ChargedHadronEnergyFraction>0.8)?0.8:bjet_ChargedHadronEnergyFraction', '(bjet_MuonEnergyFraction < 0.25) ? 0.25 : (bjet_MuonEnergyFraction >0.45) ? 0.45 : bjet_MuonEnergyFraction', '(bjet_NeutralEmEnergyFraction<0.4)? bjet_NeutralEmEnergyFraction:0.4', '(bjet_NeutralHadronEnergyFraction < 0.15)?0.15:(bjet_NeutralHadronEnergyFraction>0.4)?0.4:bjet_NeutralHadronEnergyFraction', '(bjet_NeutralMultiplicity<25)?bjet_NeutralMultiplicity:25', 'fabs(bjet_charge) < 0.5 ? fabs(bjet_charge) : 0.5', '(bjet_charge*bmuon_charge<-0.5)?-0.5:(bjet_charge*bmuon_charge>0.6)?0.6:bjet_charge*bmuon_charge'] ['belectron_dR_l_j < 0.15 ? 0.15 : belectron_dR_l_j', '(belectron_P_jetrest < 1.)?1.:(belectron_P_jetrest>2.)?2.:belectron_P_jetrest', '(belectron_ptwrtbjet < 0.5)?0.5:(belectron_ptwrtbjet>3.)?3.:belectron_ptwrtbjet', 'bjet_ChargedEmEnergyFraction < 0.2 ? bjet_ChargedEmEnergyFraction : 0.2', '(bjet_ChargedHadronEnergyFraction<0.5)?0.5:(bjet_ChargedHadronEnergyFraction>0.9)?0.9:bjet_ChargedHadronEnergyFraction', '(bjet_NeutralEmEnergyFraction<0.25)?0.25:(bjet_NeutralEmEnergyFraction>0.7)?0.7:bjet_NeutralEmEnergyFraction', 'fabs(bjet_charge)<0.3 ? fabs(bjet_charge) : 0.3', '(bjet_charge*belectron_charge < -0.3)?-0.3:(bjet_charge*belectron_charge>0.3)?0.3:bjet_charge*belectron_charge'] ['bjet_ChargedHadronEnergyFraction<0.15?0.15:(bjet_ChargedHadronEnergyFraction>0.7)?0.7:bjet_ChargedHadronEnergyFraction', '(log(bjet_MuonEnergyFraction)<-3.5)?-3.5:(log(bjet_MuonEnergyFraction)>-1.5)?-1.5:log(bjet_MuonEnergyFraction)', 'bjet_NeutralEmEnergyFraction<0.7?bjet_NeutralEmEnergyFraction:0.7', '(log(bjet_NeutralHadronEnergyFraction)<-4.5)?-4.5:(log(bjet_NeutralHadronEnergyFraction)>-0.5)?-0.5:log(bjet_NeutralHadronEnergyFraction)', '(bjet_NeutralMultiplicity < 5)?5:(bjet_NeutralMultiplicity>32)?32:bjet_NeutralMultiplicity', 'fabs(bjet_charge)<0.7?fabs(bjet_charge):0.7']
(bmuon_charge*bjet_partonFlavour < 0)&&Has_bMuon (bmuon_charge*bjet_partonFlavour > 0)&&Has_bMuon (belectron_charge*bjet_partonFlavour < 0)&&(Has_bElectron) (belectron_charge*bjet_partonFlavour > 0)&&(Has_bElectron) (bjet_charge*bjet_partonFlavour < 0)&&(!Has_bElectron)&&(!Has_bMuon) (bjet_charge*bjet_partonFlavour > 0)&&(!Has_bElectron)&&(!Has_bMuon)
sigcut= (bjet_charge*bjet_partonFlavour < 0)&&(!Has_bElectron)&&(!Has_bMuon)
bkgcut= (bjet_charge*bjet_partonFlavour > 0)&&(!Has_bElectron)&&(!Has_bMuon)
<sig cut>= (bjet_charge*bjet_partonFlavour < 0)&&(!Has_bElectron)&&(!Has_bMuon)
<bkg cut>= (bjet_charge*bjet_partonFlavour > 0)&&(!Has_bElectron)&&(!Has_bMuon)
---sig_test---
<self.testtree_sig> OutTree/sig
/pnfs/knu.ac.kr/data/cms/store/user/jhchoi/JetChargeTagScore/TMVA_TOOL/inputs/EEMu_MuMuE_Method/v2512.5_2016postVFP/2016postVFP/EEMu_MuMuE_Method_DYJetsToEE_MiNNLO.root
/pnfs/knu.ac.kr/data/cms/store/user/jhchoi/JetChargeTagScore/TMVA_TOOL/inputs/EEMu_MuMuE_Method/v2512.5_2016postVFP/2016postVFP/EEMu_MuMuE_Method_DYJetsToMuMu_MiNNLO.root
--bkg_test---
<self.testtree_bkg> OutTree/bkg
/pnfs/knu.ac.kr/data/cms/store/user/jhchoi/JetChargeTagScore/TMVA_TOOL/inputs/EEMu_MuMuE_Method/v2512.5_2016postVFP/2016postVFP/EEMu_MuMuE_Method_DYJetsToEE_MiNNLO.root
/pnfs/knu.ac.kr/data/cms/store/user/jhchoi/JetChargeTagScore/TMVA_TOOL/inputs/EEMu_MuMuE_Method/v2512.5_2016postVFP/2016postVFP/EEMu_MuMuE_Method_DYJetsToMuMu_MiNNLO.root
---sig_train---
<self.traintree_sig> OutTree/sig
/pnfs/knu.ac.kr/data/cms/store/user/jhchoi/JetChargeTagScore/TMVA_TOOL/inputs/EEMu_MuMuE_Method/v2512.5_2016postVFP/2016postVFP/EEMu_MuMuE_Method_DYJets.root
---bkg_train---
<self.traintree_bkg> OutTree/bkg
/pnfs/knu.ac.kr/data/cms/store/user/jhchoi/JetChargeTagScore/TMVA_TOOL/inputs/EEMu_MuMuE_Method/v2512.5_2016postVFP/2016postVFP/EEMu_MuMuE_Method_DYJets.root
>>>>self.dataloader.PrepareTrainingAndTestTree
Set sig cut -> (bjet_charge*bjet_partonFlavour < 0)&&(!Has_bElectron)&&(!Has_bMuon)
Set bkg cut -> (bjet_charge*bjet_partonFlavour > 0)&&(!Has_bElectron)&&(!Has_bMuon)
auc= 0.5977490827063703
END of RUNNING...run_single
FIN_BDT_2016postVFP
FIN_BDT_2016postVFP.root
_condor_stderr
_condor_stdout
run.sh
tmp
var
myerr=0
[ntry=1]
