Submitting job(s)....................................................................................................
100 job(s) submitted to cluster 2204499.
Submitting job(s)....................................................................................................
100 job(s) submitted to cluster 2204503.
Submitting job(s)............................................................................................
92 job(s) submitted to cluster 2204509.
Submitting job(s)........................................................................
72 job(s) submitted to cluster 2204513.
Submitting job(s)...........................
27 job(s) submitted to cluster 2204516.
Submitting job(s).......................
23 job(s) submitted to cluster 2204519.
Submitting job(s)...............
15 job(s) submitted to cluster 2204521.
condor_submit WORKDIR_HADD/run.jds > WORKDIR_HADD/run.jid
condor_submit WORKDIR_HADD/run.jds > WORKDIR_HADD/run.jid
condor_submit WORKDIR_HADD/run.jds > WORKDIR_HADD/run.jid
condor_submit WORKDIR_HADD/run.jds > WORKDIR_HADD/run.jid
condor_submit WORKDIR_HADD/run.jds > WORKDIR_HADD/run.jid
condor_submit WORKDIR_HADD/run.jds > WORKDIR_HADD/run.jid
condor_submit WORKDIR_HADD/run.jds > WORKDIR_HADD/run.jid
##################################################
Submission Finished
- JobID = 594071
- Analyzer = TTsemilep_ChargeReliability
- Skim = 
- InputSamples = ['QCD_bEnriched_HT100to200', 'QCD_bEnriched_HT200to300', 'QCD_bEnriched_HT300to500', 'QCD_bEnriched_HT500to700', 'QCD_bEnriched_HT700to1000', 'QCD_bEnriched_HT1000to1500', 'QCD_bEnriched_HT1500to2000']
- NJobs = 15
- Era = 2017
- UserFlags = []
- RunDir = /data6/Users/jhchoi/SKFlatRunlog//2024_01_22_150220__594071__TTsemilep_ChargeReliability__Era2017__TAMSA1/QCD_bEnriched_HT1500to2000/
- output will be send to : /data6/Users/jhchoi/SKFlatOutput//Run2UltraLegacy_v3/TTsemilep_ChargeReliability/2017/
##################################################
submit hadd
<AFTER hadd fin. please rm remainings..>
rm /data6/Users/jhchoi/SKFlatRunlog//2024_01_22_150220__594071__TTsemilep_ChargeReliability__Era2017__TAMSA1/QCD_bEnriched_HT100to200//output/*.root
submit hadd
<AFTER hadd fin. please rm remainings..>
rm /data6/Users/jhchoi/SKFlatRunlog//2024_01_22_150220__594071__TTsemilep_ChargeReliability__Era2017__TAMSA1/QCD_bEnriched_HT200to300//output/*.root
submit hadd
<AFTER hadd fin. please rm remainings..>
rm /data6/Users/jhchoi/SKFlatRunlog//2024_01_22_150220__594071__TTsemilep_ChargeReliability__Era2017__TAMSA1/QCD_bEnriched_HT300to500//output/*.root
submit hadd
<AFTER hadd fin. please rm remainings..>
rm /data6/Users/jhchoi/SKFlatRunlog//2024_01_22_150220__594071__TTsemilep_ChargeReliability__Era2017__TAMSA1/QCD_bEnriched_HT500to700//output/*.root
submit hadd
<AFTER hadd fin. please rm remainings..>
rm /data6/Users/jhchoi/SKFlatRunlog//2024_01_22_150220__594071__TTsemilep_ChargeReliability__Era2017__TAMSA1/QCD_bEnriched_HT700to1000//output/*.root
submit hadd
<AFTER hadd fin. please rm remainings..>
rm /data6/Users/jhchoi/SKFlatRunlog//2024_01_22_150220__594071__TTsemilep_ChargeReliability__Era2017__TAMSA1/QCD_bEnriched_HT1000to1500//output/*.root
submit hadd
<AFTER hadd fin. please rm remainings..>
rm /data6/Users/jhchoi/SKFlatRunlog//2024_01_22_150220__594071__TTsemilep_ChargeReliability__Era2017__TAMSA1/QCD_bEnriched_HT1500to2000//output/*.root
