<sig cut>= (belectron_charge*bjet_partonFlavour < 0)&&(Has_bElectron)
<bkg cut>= (belectron_charge*bjet_partonFlavour > 0)&&(Has_bElectron)
_________________________________________________________________
Layer (type)                 Output Shape              Param #   
=================================================================
dense_1 (Dense)              (None, 128)               3200      
_________________________________________________________________
batch_normalization_1 (Batch (None, 128)               512       
_________________________________________________________________
activation_1 (Activation)    (None, 128)               0         
_________________________________________________________________
dropout_1 (Dropout)          (None, 128)               0         
_________________________________________________________________
dense_2 (Dense)              (None, 128)               16512     
_________________________________________________________________
batch_normalization_2 (Batch (None, 128)               512       
_________________________________________________________________
activation_2 (Activation)    (None, 128)               0         
_________________________________________________________________
dropout_2 (Dropout)          (None, 128)               0         
_________________________________________________________________
dense_3 (Dense)              (None, 128)               16512     
_________________________________________________________________
batch_normalization_3 (Batch (None, 128)               512       
_________________________________________________________________
activation_3 (Activation)    (None, 128)               0         
_________________________________________________________________
dropout_3 (Dropout)          (None, 128)               0         
_________________________________________________________________
dense_4 (Dense)              (None, 2)                 258       
_________________________________________________________________
activation_4 (Activation)    (None, 2)                 0         
=================================================================
Total params: 38,018
Trainable params: 37,250
Non-trainable params: 768
_________________________________________________________________
---sig_test---
<self.testtree_sig> OutTree/sig
/data6/Users/jhchoi/TMVA/TMVA_TOOL/inputs/EEMu_MuMuE_Method/v2405.2/2016preVFP/EEMu_MuMuE_Method_DYJetsToEE_MiNNLO.root
/data6/Users/jhchoi/TMVA/TMVA_TOOL/inputs/EEMu_MuMuE_Method/v2405.2/2016preVFP/EEMu_MuMuE_Method_DYJetsToMuMu_MiNNLO.root
--bkg_test---
<self.testtree_bkg> OutTree/bkg
/data6/Users/jhchoi/TMVA/TMVA_TOOL/inputs/EEMu_MuMuE_Method/v2405.2/2016preVFP/EEMu_MuMuE_Method_DYJetsToEE_MiNNLO.root
/data6/Users/jhchoi/TMVA/TMVA_TOOL/inputs/EEMu_MuMuE_Method/v2405.2/2016preVFP/EEMu_MuMuE_Method_DYJetsToMuMu_MiNNLO.root
---sig_train---
<self.traintree_sig> OutTree/sig
/data6/Users/jhchoi/TMVA/TMVA_TOOL/inputs/EEMu_MuMuE_Method/v2405.2/2016preVFP/EEMu_MuMuE_Method_DYJets.root
---bkg_train---
<self.traintree_bkg> OutTree/bkg
/data6/Users/jhchoi/TMVA/TMVA_TOOL/inputs/EEMu_MuMuE_Method/v2405.2/2016preVFP/EEMu_MuMuE_Method_DYJets.root
DataSetInfo              : [electron2016preVFP__3__50__100__0.1] : Added class "Signal"
                         : Add Tree OutTree/sig of type Signal with 473146 events
                         : Add Tree OutTree/sig of type Signal with 537532 events
DataSetInfo              : [electron2016preVFP__3__50__100__0.1] : Added class "Background"
                         : Add Tree OutTree/bkg of type Background with 338692 events
                         : Add Tree OutTree/bkg of type Background with 384801 events
>>>>self.dataloader.PrepareTrainingAndTestTree
Set sig cut -> (belectron_charge*bjet_partonFlavour < 0)&&(Has_bElectron)
Set bkg cut -> (belectron_charge*bjet_partonFlavour > 0)&&(Has_bElectron)
Factory                  : Booking method: [1mDNN[0m
                         : 
DNN                      : [electron2016preVFP__3__50__100__0.1] : Create Transformation "N" with events from all classes.
                         : 
                         : Transformation, Variable selection : 
                         : Input : variable 'belectron_P_jetrest' <---> Output : variable 'belectron_P_jetrest'
                         : Input : variable 'belectron_ptwrtbjet' <---> Output : variable 'belectron_ptwrtbjet'
                         : Input : variable 'belectron_dR_l_j' <---> Output : variable 'belectron_dR_l_j'
                         : Input : variable 'belectron_nsip3d' <---> Output : variable 'belectron_nsip3d'
                         : Input : variable 'belectron_reltrkiso' <---> Output : variable 'belectron_reltrkiso'
                         : Input : variable 'belectron_reliso' <---> Output : variable 'belectron_reliso'
                         : Input : variable 'belectron_palongjet' <---> Output : variable 'belectron_palongjet'
                         : Input : variable 'belectron_palongjetratio' <---> Output : variable 'belectron_palongjetratio'
                         : Input : variable 'belectron_pt' <---> Output : variable 'belectron_pt'
                         : Input : variable 'belectron_aeta' <---> Output : variable 'belectron_aeta'
                         : Input : variable 'belectron_full5x5sigmaietaieta' <---> Output : variable 'belectron_full5x5sigmaietaieta'
                         : Input : variable 'fabs(belectron_detaseed)' <---> Output : variable 'fabs(belectron_detaseed)'
                         : Input : variable 'belectron_HoverE' <---> Output : variable 'belectron_HoverE'
                         : Input : variable 'belectron_InvEminusInvP' <---> Output : variable 'belectron_InvEminusInvP'
                         : Input : variable 'bjet_pt' <---> Output : variable 'bjet_pt'
                         : Input : variable 'bjet_aeta' <---> Output : variable 'bjet_aeta'
                         : Input : variable 'bjet_ChargedHadronEnergyFraction' <---> Output : variable 'bjet_ChargedHadronEnergyFraction'
                         : Input : variable 'bjet_NeutralHadronEnergyFraction' <---> Output : variable 'bjet_NeutralHadronEnergyFraction'
                         : Input : variable 'bjet_NeutralEmEnergyFraction' <---> Output : variable 'bjet_NeutralEmEnergyFraction'
                         : Input : variable 'bjet_ChargedEmEnergyFraction' <---> Output : variable 'bjet_ChargedEmEnergyFraction'
                         : Input : variable 'bjet_MuonEnergyFraction' <---> Output : variable 'bjet_MuonEnergyFraction'
                         : Input : variable 'fabs(bjet_charge)' <---> Output : variable 'fabs(bjet_charge)'
                         : Input : variable 'bjet_ChargedMultiplicity' <---> Output : variable 'bjet_ChargedMultiplicity'
                         : Input : variable 'bjet_NeutralMultiplicity' <---> Output : variable 'bjet_NeutralMultiplicity'
DNN                      : [electron2016preVFP__3__50__100__0.1] : Create Transformation "U" with events from all classes.
                         : 
                         : Transformation, Variable selection : 
                         : Input : variable 'belectron_P_jetrest' <---> Output : variable 'belectron_P_jetrest'
                         : Input : variable 'belectron_ptwrtbjet' <---> Output : variable 'belectron_ptwrtbjet'
                         : Input : variable 'belectron_dR_l_j' <---> Output : variable 'belectron_dR_l_j'
                         : Input : variable 'belectron_nsip3d' <---> Output : variable 'belectron_nsip3d'
                         : Input : variable 'belectron_reltrkiso' <---> Output : variable 'belectron_reltrkiso'
                         : Input : variable 'belectron_reliso' <---> Output : variable 'belectron_reliso'
                         : Input : variable 'belectron_palongjet' <---> Output : variable 'belectron_palongjet'
                         : Input : variable 'belectron_palongjetratio' <---> Output : variable 'belectron_palongjetratio'
                         : Input : variable 'belectron_pt' <---> Output : variable 'belectron_pt'
                         : Input : variable 'belectron_aeta' <---> Output : variable 'belectron_aeta'
                         : Input : variable 'belectron_full5x5sigmaietaieta' <---> Output : variable 'belectron_full5x5sigmaietaieta'
                         : Input : variable 'fabs(belectron_detaseed)' <---> Output : variable 'fabs(belectron_detaseed)'
                         : Input : variable 'belectron_HoverE' <---> Output : variable 'belectron_HoverE'
                         : Input : variable 'belectron_InvEminusInvP' <---> Output : variable 'belectron_InvEminusInvP'
                         : Input : variable 'bjet_pt' <---> Output : variable 'bjet_pt'
                         : Input : variable 'bjet_aeta' <---> Output : variable 'bjet_aeta'
                         : Input : variable 'bjet_ChargedHadronEnergyFraction' <---> Output : variable 'bjet_ChargedHadronEnergyFraction'
                         : Input : variable 'bjet_NeutralHadronEnergyFraction' <---> Output : variable 'bjet_NeutralHadronEnergyFraction'
                         : Input : variable 'bjet_NeutralEmEnergyFraction' <---> Output : variable 'bjet_NeutralEmEnergyFraction'
                         : Input : variable 'bjet_ChargedEmEnergyFraction' <---> Output : variable 'bjet_ChargedEmEnergyFraction'
                         : Input : variable 'bjet_MuonEnergyFraction' <---> Output : variable 'bjet_MuonEnergyFraction'
                         : Input : variable 'fabs(bjet_charge)' <---> Output : variable 'fabs(bjet_charge)'
                         : Input : variable 'bjet_ChargedMultiplicity' <---> Output : variable 'bjet_ChargedMultiplicity'
                         : Input : variable 'bjet_NeutralMultiplicity' <---> Output : variable 'bjet_NeutralMultiplicity'
DNN                      : [electron2016preVFP__3__50__100__0.1] : Create Transformation "G" with events from all classes.
                         : 
                         : Transformation, Variable selection : 
                         : Input : variable 'belectron_P_jetrest' <---> Output : variable 'belectron_P_jetrest'
                         : Input : variable 'belectron_ptwrtbjet' <---> Output : variable 'belectron_ptwrtbjet'
                         : Input : variable 'belectron_dR_l_j' <---> Output : variable 'belectron_dR_l_j'
                         : Input : variable 'belectron_nsip3d' <---> Output : variable 'belectron_nsip3d'
                         : Input : variable 'belectron_reltrkiso' <---> Output : variable 'belectron_reltrkiso'
                         : Input : variable 'belectron_reliso' <---> Output : variable 'belectron_reliso'
                         : Input : variable 'belectron_palongjet' <---> Output : variable 'belectron_palongjet'
                         : Input : variable 'belectron_palongjetratio' <---> Output : variable 'belectron_palongjetratio'
                         : Input : variable 'belectron_pt' <---> Output : variable 'belectron_pt'
                         : Input : variable 'belectron_aeta' <---> Output : variable 'belectron_aeta'
                         : Input : variable 'belectron_full5x5sigmaietaieta' <---> Output : variable 'belectron_full5x5sigmaietaieta'
                         : Input : variable 'fabs(belectron_detaseed)' <---> Output : variable 'fabs(belectron_detaseed)'
                         : Input : variable 'belectron_HoverE' <---> Output : variable 'belectron_HoverE'
                         : Input : variable 'belectron_InvEminusInvP' <---> Output : variable 'belectron_InvEminusInvP'
                         : Input : variable 'bjet_pt' <---> Output : variable 'bjet_pt'
                         : Input : variable 'bjet_aeta' <---> Output : variable 'bjet_aeta'
                         : Input : variable 'bjet_ChargedHadronEnergyFraction' <---> Output : variable 'bjet_ChargedHadronEnergyFraction'
                         : Input : variable 'bjet_NeutralHadronEnergyFraction' <---> Output : variable 'bjet_NeutralHadronEnergyFraction'
                         : Input : variable 'bjet_NeutralEmEnergyFraction' <---> Output : variable 'bjet_NeutralEmEnergyFraction'
                         : Input : variable 'bjet_ChargedEmEnergyFraction' <---> Output : variable 'bjet_ChargedEmEnergyFraction'
                         : Input : variable 'bjet_MuonEnergyFraction' <---> Output : variable 'bjet_MuonEnergyFraction'
                         : Input : variable 'fabs(bjet_charge)' <---> Output : variable 'fabs(bjet_charge)'
                         : Input : variable 'bjet_ChargedMultiplicity' <---> Output : variable 'bjet_ChargedMultiplicity'
                         : Input : variable 'bjet_NeutralMultiplicity' <---> Output : variable 'bjet_NeutralMultiplicity'
                         : Load model from file: model.h5
Factory                  : [1mTrain all methods[0m
DataSetFactory           : [electron2016preVFP__3__50__100__0.1] : Number of events in input trees
                         : Dataset[electron2016preVFP__3__50__100__0.1] :     Signal     requirement: "(belectron_charge*bjet_partonFlavour < 0)&&(Has_bElectron)"
                         : Dataset[electron2016preVFP__3__50__100__0.1] :     Signal          -- number of events passed: 55335  / sum of weights: 55335
                         : Dataset[electron2016preVFP__3__50__100__0.1] :     Signal          -- efficiency             : 0.0547504
                         : Dataset[electron2016preVFP__3__50__100__0.1] :     Background requirement: "(belectron_charge*bjet_partonFlavour > 0)&&(Has_bElectron)"
                         : Dataset[electron2016preVFP__3__50__100__0.1] :     Background      -- number of events passed: 33092  / sum of weights: 33092
                         : Dataset[electron2016preVFP__3__50__100__0.1] :     Background      -- efficiency             : 0.0457392
                         : Dataset[electron2016preVFP__3__50__100__0.1] :  you have opted for interpreting the requested number of training/testing events
                         :  to be the number of events AFTER your preselection cuts
                         : 
                         : Dataset[electron2016preVFP__3__50__100__0.1] :  you have opted for interpreting the requested number of training/testing events
                         :  to be the number of events AFTER your preselection cuts
                         : 
                         : Dataset[electron2016preVFP__3__50__100__0.1] : Weight renormalisation mode: "EqualNumEvents": renormalises all event classes ...
                         : Dataset[electron2016preVFP__3__50__100__0.1] :  such that the effective (weighted) number of events in each class is the same 
                         : Dataset[electron2016preVFP__3__50__100__0.1] :  (and equals the number of events (entries) given for class=0 )
                         : Dataset[electron2016preVFP__3__50__100__0.1] : ... i.e. such that Sum[i=1..N_j]{w_i} = N_classA, j=classA, classB, ...
                         : Dataset[electron2016preVFP__3__50__100__0.1] : ... (note that N_j is the sum of TRAINING events
                         : Dataset[electron2016preVFP__3__50__100__0.1] :  ..... Testing events are not renormalised nor included in the renormalisation factor!)
                         : Number of training and testing events
                         : ---------------------------------------------------------------------------
                         : Signal     -- training events            : 23979
                         : Signal     -- testing events             : 31356
                         : Signal     -- training and testing events: 55335
                         : Dataset[electron2016preVFP__3__50__100__0.1] : Signal     -- due to the preselection a scaling factor has been applied to the numbers of requested events: 0.0547504
                         : Background -- training events            : 14279
                         : Background -- testing events             : 18813
                         : Background -- training and testing events: 33092
                         : Dataset[electron2016preVFP__3__50__100__0.1] : Background -- due to the preselection a scaling factor has been applied to the numbers of requested events: 0.0457392
                         : 
DataSetInfo              : Correlation matrix (Signal):
                         : --------------------------------------------------------------------------------------------------------------------------------------------------------------------------------------------------------------------------------------------------------------------------------------------------------------------------------------------------------------------------------------------------------------------------------------------------------------------------------------------------------------------------------------------------------------------
                         :                                   belectron_P_jetrest belectron_ptwrtbjet belectron_dR_l_j belectron_nsip3d belectron_reltrkiso belectron_reliso belectron_palongjet belectron_palongjetratio belectron_pt belectron_aeta belectron_full5x5sigmaietaieta fabs(belectron_detaseed) belectron_HoverE belectron_InvEminusInvP bjet_pt bjet_aeta bjet_ChargedHadronEnergyFraction bjet_NeutralHadronEnergyFraction bjet_NeutralEmEnergyFraction bjet_ChargedEmEnergyFraction bjet_MuonEnergyFraction fabs(bjet_charge) bjet_ChargedMultiplicity bjet_NeutralMultiplicity
                         :              belectron_P_jetrest:              +1.000              +0.753           +0.025           +0.019              -0.332           -0.414              +0.624                   +0.530       +0.785         -0.004                         -0.080                   -0.055           -0.127                  -0.119  +0.573    +0.006                           -0.197                           -0.039                       -0.035                       +0.227                  +0.010            +0.171                   +0.107                   +0.072
                         :              belectron_ptwrtbjet:              +0.753              +1.000           +0.492           +0.045              -0.176           -0.210              +0.258                   +0.147       +0.328         +0.001                         -0.070                   -0.050           -0.089                  -0.052  +0.326    -0.000                           -0.094                           +0.001                       -0.023                       +0.067                  +0.094            +0.068                   +0.075                   +0.029
                         :                 belectron_dR_l_j:              +0.025              +0.492           +1.000           +0.074              +0.129           +0.185              -0.296                   -0.450       -0.355         -0.001                         +0.006                   -0.016           -0.047                  +0.066  -0.174    +0.001                           +0.108                           +0.061                       +0.011                       -0.203                  +0.155            -0.100                   +0.052                   -0.005
                         :                 belectron_nsip3d:              +0.019              +0.045           +0.074           +1.000              -0.059           -0.007              -0.023                   -0.018       -0.022         +0.004                         -0.007                   +0.022           -0.003                  +0.032  -0.018    -0.006                           -0.026                           +0.010                       +0.031                       -0.007                  +0.009            -0.002                   -0.013                   +0.018
                         :              belectron_reltrkiso:              -0.332              -0.176           +0.129           -0.059              +1.000           +0.645              -0.250                   -0.552       -0.273         +0.014                         +0.069                   +0.082           +0.318                  +0.130  +0.131    -0.073                           +0.365                           -0.037                       -0.114                       -0.332                  +0.204            -0.212                   +0.280                   +0.071
                         :                 belectron_reliso:              -0.414              -0.210           +0.185           -0.007              +0.645           +1.000              -0.348                   -0.704       -0.348         +0.006                         -0.001                   +0.072           +0.387                  +0.221  +0.162    -0.152                           +0.267                           +0.129                       +0.175                       -0.412                  -0.069            -0.257                   +0.276                   +0.270
                         :              belectron_palongjet:              +0.624              +0.258           -0.296           -0.023              -0.250           -0.348              +1.000                   +0.515       +0.757         -0.003                         +0.313                   +0.070           -0.038                  -0.156  +0.494    +0.454                           -0.183                           +0.011                       -0.050                       +0.225                  -0.046            +0.137                   -0.060                   -0.099
                         :         belectron_palongjetratio:              +0.530              +0.147           -0.450           -0.018              -0.552           -0.704              +0.515                   +1.000       +0.595         -0.004                         -0.120                   -0.125           -0.268                  -0.199  +0.003    +0.027                           -0.399                           -0.136                       -0.181                       +0.635                  -0.144            +0.356                   -0.320                   -0.272
                         :                     belectron_pt:              +0.785              +0.328           -0.355           -0.022              -0.273           -0.348              +0.757                   +0.595       +1.000         -0.002                         -0.060                   -0.040           -0.056                  -0.126  +0.691    -0.006                           -0.177                           -0.066                       +0.002                       +0.223                  -0.060            +0.179                   +0.015                   +0.037
                         :                   belectron_aeta:              -0.004              +0.001           -0.001           +0.004              +0.014           +0.006              -0.003                   -0.004       -0.002         +1.000                         +0.004                   +0.013           +0.006                  -0.001  -0.006    +0.001                           -0.004                           +0.005                       -0.004                       +0.002                  +0.007            -0.003                   -0.007                   -0.000
                         :   belectron_full5x5sigmaietaieta:              -0.080              -0.070           +0.006           -0.007              +0.069           -0.001              +0.313                   -0.120       -0.060         +0.004                         +1.000                   +0.319           +0.086                  -0.022  -0.005    +0.696                           +0.082                           +0.104                       -0.015                       -0.123                  +0.019            -0.073                   -0.012                   -0.198
                         :         fabs(belectron_detaseed):              -0.055              -0.050           -0.016           +0.022              +0.082           +0.072              +0.070                   -0.125       -0.040         +0.013                         +0.319                   +1.000           +0.060                  +0.254  +0.033    +0.224                           +0.090                           +0.046                       +0.140                       -0.213                  +0.008            -0.110                   +0.073                   +0.082
                         :                 belectron_HoverE:              -0.127              -0.089           -0.047           -0.003              +0.318           +0.387              -0.038                   -0.268       -0.056         +0.006                         +0.086                   +0.060           +1.000                  +0.066  +0.245    +0.041                           +0.056                           +0.294                       -0.103                       -0.107                  -0.014            -0.057                   +0.082                   +0.054
                         :          belectron_InvEminusInvP:              -0.119              -0.052           +0.066           +0.032              +0.130           +0.221              -0.156                   -0.199       -0.126         -0.001                         -0.022                   +0.254           +0.066                  +1.000  -0.025    -0.154                           +0.105                           -0.026                       +0.252                       -0.278                  +0.011            -0.148                   +0.113                   +0.149
                         :                          bjet_pt:              +0.573              +0.326           -0.174           -0.018              +0.131           +0.162              +0.494                   +0.003       +0.691         -0.006                         -0.005                   +0.033           +0.245                  -0.025  +1.000    -0.044                           +0.022                           +0.033                       +0.100                       -0.136                  +0.063            -0.012                   +0.336                   +0.310
                         :                        bjet_aeta:              +0.006              -0.000           +0.001           -0.006              -0.073           -0.152              +0.454                   +0.027       -0.006         +0.001                         +0.696                   +0.224           +0.041                  -0.154  -0.044    +1.000                           -0.053                           +0.146                       -0.114                       +0.059                  +0.019            +0.004                   -0.148                   -0.147
                         : bjet_ChargedHadronEnergyFraction:              -0.197              -0.094           +0.108           -0.026              +0.365           +0.267              -0.183                   -0.399       -0.177         -0.004                         +0.082                   +0.090           +0.056                  +0.105  +0.022    -0.053                           +1.000                           -0.334                       -0.088                       -0.646                  -0.208            -0.276                   +0.417                   +0.013
                         : bjet_NeutralHadronEnergyFraction:              -0.039              +0.001           +0.061           +0.010              -0.037           +0.129              +0.011                   -0.136       -0.066         +0.005                         +0.104                   +0.046           +0.294                  -0.026  +0.033    +0.146                           -0.334                           +1.000                       -0.200                       +0.035                  -0.074            -0.007                   -0.157                   +0.072
                         :     bjet_NeutralEmEnergyFraction:              -0.035              -0.023           +0.011           +0.031              -0.114           +0.175              -0.050                   -0.181       +0.002         -0.004                         -0.015                   +0.140           -0.103                  +0.252  +0.100    -0.114                           -0.088                           -0.200                       +1.000                       -0.500                  -0.137            -0.081                   -0.015                   +0.476
                         :     bjet_ChargedEmEnergyFraction:              +0.227              +0.067           -0.203           -0.007              -0.332           -0.412              +0.225                   +0.635       +0.223         +0.002                         -0.123                   -0.213           -0.107                  -0.278  -0.136    +0.059                           -0.646                           +0.035                       -0.500                       +1.000                  -0.086            +0.289                   -0.302                   -0.361
                         :          bjet_MuonEnergyFraction:              +0.010              +0.094           +0.155           +0.009              +0.204           -0.069              -0.046                   -0.144       -0.060         +0.007                         +0.019                   +0.008           -0.014                  +0.011  +0.063    +0.019                           -0.208                           -0.074                       -0.137                       -0.086                  +1.000            +0.085                   -0.028                   -0.079
                         :                fabs(bjet_charge):              +0.171              +0.068           -0.100           -0.002              -0.212           -0.257              +0.137                   +0.356       +0.179         -0.003                         -0.073                   -0.110           -0.057                  -0.148  -0.012    +0.004                           -0.276                           -0.007                       -0.081                       +0.289                  +0.085            +1.000                   -0.265                   -0.134
                         :         bjet_ChargedMultiplicity:              +0.107              +0.075           +0.052           -0.013              +0.280           +0.276              -0.060                   -0.320       +0.015         -0.007                         -0.012                   +0.073           +0.082                  +0.113  +0.336    -0.148                           +0.417                           -0.157                       -0.015                       -0.302                  -0.028            -0.265                   +1.000                   +0.258
                         :         bjet_NeutralMultiplicity:              +0.072              +0.029           -0.005           +0.018              +0.071           +0.270              -0.099                   -0.272       +0.037         -0.000                         -0.198                   +0.082           +0.054                  +0.149  +0.310    -0.147                           +0.013                           +0.072                       +0.476                       -0.361                  -0.079            -0.134                   +0.258                   +1.000
                         : --------------------------------------------------------------------------------------------------------------------------------------------------------------------------------------------------------------------------------------------------------------------------------------------------------------------------------------------------------------------------------------------------------------------------------------------------------------------------------------------------------------------------------------------------------------------
DataSetInfo              : Correlation matrix (Background):
                         : --------------------------------------------------------------------------------------------------------------------------------------------------------------------------------------------------------------------------------------------------------------------------------------------------------------------------------------------------------------------------------------------------------------------------------------------------------------------------------------------------------------------------------------------------------------------
                         :                                   belectron_P_jetrest belectron_ptwrtbjet belectron_dR_l_j belectron_nsip3d belectron_reltrkiso belectron_reliso belectron_palongjet belectron_palongjetratio belectron_pt belectron_aeta belectron_full5x5sigmaietaieta fabs(belectron_detaseed) belectron_HoverE belectron_InvEminusInvP bjet_pt bjet_aeta bjet_ChargedHadronEnergyFraction bjet_NeutralHadronEnergyFraction bjet_NeutralEmEnergyFraction bjet_ChargedEmEnergyFraction bjet_MuonEnergyFraction fabs(bjet_charge) bjet_ChargedMultiplicity bjet_NeutralMultiplicity
                         :              belectron_P_jetrest:              +1.000              +0.785           +0.091           +0.027              -0.309           -0.392              +0.662                   +0.556       +0.800         +0.000                         -0.007                   +0.012           -0.087                  -0.056  +0.558    +0.050                           -0.176                           -0.013                       +0.037                       +0.175                  +0.002            +0.090                   +0.143                   +0.109
                         :              belectron_ptwrtbjet:              +0.785              +1.000           +0.507           +0.058              -0.188           -0.228              +0.340                   +0.224       +0.392         +0.011                         +0.011                   +0.023           -0.072                  +0.017  +0.346    +0.047                           -0.107                           -0.005                       +0.031                       +0.051                  +0.078            +0.059                   +0.105                   +0.060
                         :                 belectron_dR_l_j:              +0.091              +0.507           +1.000           +0.133              +0.077           +0.119              -0.235                   -0.368       -0.291         +0.021                         +0.038                   +0.029           -0.054                  +0.095  -0.130    +0.031                           +0.054                           +0.025                       -0.009                       -0.162                  +0.155            +0.006                   +0.055                   +0.006
                         :                 belectron_nsip3d:              +0.027              +0.058           +0.133           +1.000              -0.070           -0.008              -0.025                   -0.027       -0.025         +0.005                         -0.002                   +0.020           -0.005                  +0.040  -0.016    -0.015                           -0.031                           +0.021                       +0.029                       -0.013                  +0.017            -0.003                   -0.008                   +0.017
                         :              belectron_reltrkiso:              -0.309              -0.188           +0.077           -0.070              +1.000           +0.585              -0.243                   -0.522       -0.254         +0.007                         +0.015                   +0.014           +0.208                  +0.086  +0.136    -0.096                           +0.304                           -0.078                       -0.194                       -0.261                  +0.219            -0.033                   +0.229                   +0.006
                         :                 belectron_reliso:              -0.392              -0.228           +0.119           -0.008              +0.585           +1.000              -0.347                   -0.678       -0.329         +0.008                         -0.079                   -0.008           +0.274                  +0.185  +0.159    -0.190                           +0.205                           +0.115                       +0.098                       -0.311                  -0.127            -0.101                   +0.250                   +0.236
                         :              belectron_palongjet:              +0.662              +0.340           -0.235           -0.025              -0.243           -0.347              +1.000                   +0.557       +0.790         -0.005                         +0.323                   +0.065           -0.021                  -0.162  +0.475    +0.438                           -0.173                           +0.024                       -0.007                       +0.211                  -0.038            +0.081                   -0.026                   -0.085
                         :         belectron_palongjetratio:              +0.556              +0.224           -0.368           -0.027              -0.522           -0.678              +0.557                   +1.000       +0.620         -0.009                         -0.038                   -0.028           -0.187                  -0.135  +0.011    +0.063                           -0.303                           -0.090                       -0.062                       +0.525                  -0.123            +0.149                   -0.269                   -0.214
                         :                     belectron_pt:              +0.800              +0.392           -0.291           -0.025              -0.254           -0.329              +0.790                   +0.620       +1.000         -0.006                         -0.028                   -0.010           -0.034                  -0.096  +0.644    +0.021                           -0.162                           -0.035                       +0.059                       +0.185                  -0.053            +0.082                   +0.052                   +0.062
                         :                   belectron_aeta:              +0.000              +0.011           +0.021           +0.005              +0.007           +0.008              -0.005                   -0.009       -0.006         +1.000                         +0.016                   +0.009           +0.011                  +0.002  -0.007    +0.013                           +0.000                           +0.010                       +0.003                       -0.013                  +0.006            +0.002                   -0.001                   -0.016
                         :   belectron_full5x5sigmaietaieta:              -0.007              +0.011           +0.038           -0.002              +0.015           -0.079              +0.323                   -0.038       -0.028         +0.016                         +1.000                   +0.195           +0.072                  -0.103  -0.018    +0.706                           +0.041                           +0.077                       -0.075                       -0.035                  +0.014            -0.002                   -0.036                   -0.255
                         :         fabs(belectron_detaseed):              +0.012              +0.023           +0.029           +0.020              +0.014           -0.008              +0.065                   -0.028       -0.010         +0.009                         +0.195                   +1.000           +0.009                  +0.144  +0.008    +0.173                           +0.032                           +0.008                       +0.057                       -0.084                  -0.012            -0.027                   +0.028                   +0.040
                         :                 belectron_HoverE:              -0.087              -0.072           -0.054           -0.005              +0.208           +0.274              -0.021                   -0.187       -0.034         +0.011                         +0.072                   +0.009           +1.000                  +0.100  +0.188    +0.040                           +0.000                           +0.254                       -0.126                       -0.024                  -0.029            -0.002                   +0.034                   +0.015
                         :          belectron_InvEminusInvP:              -0.056              +0.017           +0.095           +0.040              +0.086           +0.185              -0.162                   -0.135       -0.096         +0.002                         -0.103                   +0.144           +0.100                  +1.000  -0.023    -0.217                           +0.056                           -0.037                       +0.217                       -0.216                  -0.023            -0.054                   +0.107                   +0.125
                         :                          bjet_pt:              +0.558              +0.346           -0.130           -0.016              +0.136           +0.159              +0.475                   +0.011       +0.644         -0.007                         -0.018                   +0.008           +0.188                  -0.023  +1.000    -0.039                           -0.029                           +0.046                       +0.082                       -0.101                  +0.060            +0.030                   +0.364                   +0.315
                         :                        bjet_aeta:              +0.050              +0.047           +0.031           -0.015              -0.096           -0.190              +0.438                   +0.063       +0.021         +0.013                         +0.706                   +0.173           +0.040                  -0.217  -0.039    +1.000                           -0.060                           +0.119                       -0.120                       +0.088                  +0.026            +0.043                   -0.131                   -0.151
                         : bjet_ChargedHadronEnergyFraction:              -0.176              -0.107           +0.054           -0.031              +0.304           +0.205              -0.173                   -0.303       -0.162         +0.000                         +0.041                   +0.032           +0.000                  +0.056  -0.029    -0.060                           +1.000                           -0.398                       -0.161                       -0.588                  -0.286            -0.210                   +0.385                   -0.048
                         : bjet_NeutralHadronEnergyFraction:              -0.013              -0.005           +0.025           +0.021              -0.078           +0.115              +0.024                   -0.090       -0.035         +0.010                         +0.077                   +0.008           +0.254                  -0.037  +0.046    +0.119                           -0.398                           +1.000                       -0.236                       +0.123                  -0.096            +0.016                   -0.166                   +0.068
                         :     bjet_NeutralEmEnergyFraction:              +0.037              +0.031           -0.009           +0.029              -0.194           +0.098              -0.007                   -0.062       +0.059         +0.003                         -0.075                   +0.057           -0.126                  +0.217  +0.082    -0.120                           -0.161                           -0.236                       +1.000                       -0.432                  -0.194            -0.040                   -0.041                   +0.444
                         :     bjet_ChargedEmEnergyFraction:              +0.175              +0.051           -0.162           -0.013              -0.261           -0.311              +0.211                   +0.525       +0.185         -0.013                         -0.035                   -0.084           -0.024                  -0.216  -0.101    +0.088                           -0.588                           +0.123                       -0.432                       +1.000                  -0.047            +0.147                   -0.256                   -0.292
                         :          bjet_MuonEnergyFraction:              +0.002              +0.078           +0.155           +0.017              +0.219           -0.127              -0.038                   -0.123       -0.053         +0.006                         +0.014                   -0.012           -0.029                  -0.023  +0.060    +0.026                           -0.286                           -0.096                       -0.194                       -0.047                  +1.000            +0.196                   -0.078                   -0.136
                         :                fabs(bjet_charge):              +0.090              +0.059           +0.006           -0.003              -0.033           -0.101              +0.081                   +0.149       +0.082         +0.002                         -0.002                   -0.027           -0.002                  -0.054  +0.030    +0.043                           -0.210                           +0.016                       -0.040                       +0.147                  +0.196            +1.000                   -0.181                   -0.064
                         :         bjet_ChargedMultiplicity:              +0.143              +0.105           +0.055           -0.008              +0.229           +0.250              -0.026                   -0.269       +0.052         -0.001                         -0.036                   +0.028           +0.034                  +0.107  +0.364    -0.131                           +0.385                           -0.166                       -0.041                       -0.256                  -0.078            -0.181                   +1.000                   +0.252
                         :         bjet_NeutralMultiplicity:              +0.109              +0.060           +0.006           +0.017              +0.006           +0.236              -0.085                   -0.214       +0.062         -0.016                         -0.255                   +0.040           +0.015                  +0.125  +0.315    -0.151                           -0.048                           +0.068                       +0.444                       -0.292                  -0.136            -0.064                   +0.252                   +1.000
                         : --------------------------------------------------------------------------------------------------------------------------------------------------------------------------------------------------------------------------------------------------------------------------------------------------------------------------------------------------------------------------------------------------------------------------------------------------------------------------------------------------------------------------------------------------------------------
DataSetFactory           : [electron2016preVFP__3__50__100__0.1] :  
                         : 
Factory                  : [electron2016preVFP__3__50__100__0.1] : Create Transformation "I" with events from all classes.
                         : 
                         : Transformation, Variable selection : 
                         : Input : variable 'belectron_P_jetrest' <---> Output : variable 'belectron_P_jetrest'
                         : Input : variable 'belectron_ptwrtbjet' <---> Output : variable 'belectron_ptwrtbjet'
                         : Input : variable 'belectron_dR_l_j' <---> Output : variable 'belectron_dR_l_j'
                         : Input : variable 'belectron_nsip3d' <---> Output : variable 'belectron_nsip3d'
                         : Input : variable 'belectron_reltrkiso' <---> Output : variable 'belectron_reltrkiso'
                         : Input : variable 'belectron_reliso' <---> Output : variable 'belectron_reliso'
                         : Input : variable 'belectron_palongjet' <---> Output : variable 'belectron_palongjet'
                         : Input : variable 'belectron_palongjetratio' <---> Output : variable 'belectron_palongjetratio'
                         : Input : variable 'belectron_pt' <---> Output : variable 'belectron_pt'
                         : Input : variable 'belectron_aeta' <---> Output : variable 'belectron_aeta'
                         : Input : variable 'belectron_full5x5sigmaietaieta' <---> Output : variable 'belectron_full5x5sigmaietaieta'
                         : Input : variable 'fabs(belectron_detaseed)' <---> Output : variable 'fabs(belectron_detaseed)'
                         : Input : variable 'belectron_HoverE' <---> Output : variable 'belectron_HoverE'
                         : Input : variable 'belectron_InvEminusInvP' <---> Output : variable 'belectron_InvEminusInvP'
                         : Input : variable 'bjet_pt' <---> Output : variable 'bjet_pt'
                         : Input : variable 'bjet_aeta' <---> Output : variable 'bjet_aeta'
                         : Input : variable 'bjet_ChargedHadronEnergyFraction' <---> Output : variable 'bjet_ChargedHadronEnergyFraction'
                         : Input : variable 'bjet_NeutralHadronEnergyFraction' <---> Output : variable 'bjet_NeutralHadronEnergyFraction'
                         : Input : variable 'bjet_NeutralEmEnergyFraction' <---> Output : variable 'bjet_NeutralEmEnergyFraction'
                         : Input : variable 'bjet_ChargedEmEnergyFraction' <---> Output : variable 'bjet_ChargedEmEnergyFraction'
                         : Input : variable 'bjet_MuonEnergyFraction' <---> Output : variable 'bjet_MuonEnergyFraction'
                         : Input : variable 'fabs(bjet_charge)' <---> Output : variable 'fabs(bjet_charge)'
                         : Input : variable 'bjet_ChargedMultiplicity' <---> Output : variable 'bjet_ChargedMultiplicity'
                         : Input : variable 'bjet_NeutralMultiplicity' <---> Output : variable 'bjet_NeutralMultiplicity'
TFHandler_Factory        :                         Variable                                Mean                                RMS                        [        Min                                Max ]
                         : -----------------------------------------------------------------------------------------------------------------------------------------------------------------------------------
                         :              belectron_P_jetrest:                            1.5141                           0.97910   [                           0.20507                            30.639 ]
                         :              belectron_ptwrtbjet:                            1.0174                           0.75497   [                          0.014296                            23.741 ]
                         :                 belectron_dR_l_j:                          0.079915                          0.057794   [                        0.00034293                           0.39958 ]
                         :                 belectron_nsip3d:                            12.760                            78.325   [                          0.011355                            3352.7 ]
                         :              belectron_reltrkiso:                            1.3647                            1.4188   [                            0.0000                            30.966 ]
                         :                 belectron_reliso:                            2.2516                            1.8774   [                            0.0000                            9.9922 ]
                         :              belectron_palongjet:                            30.738                            37.587   [                            4.8797                            885.34 ]
                         :         belectron_palongjetratio:                           0.27440                           0.14822   [                          0.020660                            1.5000 ]
                         :                     belectron_pt:                            16.825                            17.374   [                            5.0008                            880.30 ]
                         :                   belectron_aeta:                          0.011612                            1.1342   [                           -2.5209                            2.5015 ]
                         :   belectron_full5x5sigmaietaieta:                          0.018263                          0.011354   [                            0.0000                          0.093794 ]
                         :         fabs(belectron_detaseed):                         0.0070424                          0.012852   [                        2.2140e-07                            1.2890 ]
                         :                 belectron_HoverE:                           0.29572                           0.72023   [                            0.0000                            63.576 ]
                         :          belectron_InvEminusInvP:                          0.033634                          0.047319   [                        1.0915e-06                            2.9242 ]
                         :                          bjet_pt:                            60.986                            33.039   [                            30.001                            1106.1 ]
                         :                        bjet_aeta:                           0.94363                           0.64096   [                        6.7381e-06                            2.6956 ]
                         : bjet_ChargedHadronEnergyFraction:                           0.46075                           0.20284   [                            0.0000                            1.0000 ]
                         : bjet_NeutralHadronEnergyFraction:                          0.085778                           0.10177   [                            0.0000                           0.79179 ]
                         :     bjet_NeutralEmEnergyFraction:                           0.23447                           0.15571   [                            0.0000                           0.96397 ]
                         :     bjet_ChargedEmEnergyFraction:                           0.18927                           0.19894   [                            0.0000                           0.96900 ]
                         :          bjet_MuonEnergyFraction:                          0.029739                          0.098034   [                            0.0000                           0.86684 ]
                         :                fabs(bjet_charge):                           0.29670                           0.21301   [                        6.8888e-06                            1.0000 ]
                         :         bjet_ChargedMultiplicity:                            9.6519                            3.5744   [                            1.0000                            43.000 ]
                         :         bjet_NeutralMultiplicity:                            9.9327                            4.8620   [                            0.0000                            48.000 ]
                         : -----------------------------------------------------------------------------------------------------------------------------------------------------------------------------------
                         : [32m
                         : <PlotVariables> Will not produce scatter plots ==> 
                         : |  The number of 24 input variables and 0 target values would require 276 two-dimensional
                         : |  histograms, which would occupy the computer's memory. Note that this
                         : |  suppression does not have any consequences for your analysis, other
                         : |  than not disposing of these scatter plots. You can modify the maximum
                         : |  number of input variables allowed to generate scatter plots in your
                         : |  script via the command line:
                         : |  "(TMVA::gConfig().GetVariablePlotting()).fMaxNumOfAllowedVariablesForScatterPlots = <some int>;"[0m
                         : 
                         : Some more output
                         : Ranking input variables (method unspecific)...
IdTransformation         : Ranking result (top variable is best ranked)
                         : ---------------------------------------------------------
                         : Rank : Variable                         : Separation
                         : ---------------------------------------------------------
                         :    1 : fabs(bjet_charge)                : 4.385e-02
                         :    2 : belectron_P_jetrest              : 3.355e-02
                         :    3 : belectron_palongjetratio         : 3.306e-02
                         :    4 : bjet_ChargedEmEnergyFraction     : 3.169e-02
                         :    5 : belectron_reliso                 : 2.577e-02
                         :    6 : belectron_ptwrtbjet              : 2.234e-02
                         :    7 : belectron_InvEminusInvP          : 2.180e-02
                         :    8 : belectron_reltrkiso              : 1.987e-02
                         :    9 : belectron_full5x5sigmaietaieta   : 1.929e-02
                         :   10 : belectron_pt                     : 1.840e-02
                         :   11 : fabs(belectron_detaseed)         : 1.308e-02
                         :   12 : belectron_palongjet              : 1.216e-02
                         :   13 : bjet_ChargedHadronEnergyFraction : 7.393e-03
                         :   14 : bjet_ChargedMultiplicity         : 6.810e-03
                         :   15 : bjet_NeutralMultiplicity         : 6.061e-03
                         :   16 : bjet_NeutralEmEnergyFraction     : 5.876e-03
                         :   17 : belectron_HoverE                 : 4.073e-03
                         :   18 : bjet_MuonEnergyFraction          : 3.362e-03
                         :   19 : bjet_pt                          : 2.396e-03
                         :   20 : belectron_dR_l_j                 : 2.359e-03
                         :   21 : belectron_nsip3d                 : 1.782e-03
                         :   22 : bjet_NeutralHadronEnergyFraction : 1.504e-03
                         :   23 : bjet_aeta                        : 1.217e-03
                         :   24 : belectron_aeta                   : 1.065e-03
                         : ---------------------------------------------------------
Factory                  : Train method: DNN for Classification
                         : 
                         : 
                         : [1m================================================================[0m
                         : [1mH e l p   f o r   M V A   m e t h o d   [ DNN ] :[0m
                         : 
                         : Keras is a high-level API for the Theano and Tensorflow packages.
                         : This method wraps the training and predictions steps of the Keras
                         : Python package for TMVA, so that dataloading, preprocessing and
                         : evaluation can be done within the TMVA system. To use this Keras
                         : interface, you have to generate a model with Keras first. Then,
                         : this model can be loaded and trained in TMVA.
                         : 
                         : 
                         : <Suppress this message by specifying "!H" in the booking option>
                         : [1m================================================================[0m
                         : 
                         : Preparing the Gaussian transformation...
                         : Preparing the Gaussian transformation...
TFHandler_DNN            :                         Variable                                Mean                                RMS                        [        Min                                Max ]
                         : -----------------------------------------------------------------------------------------------------------------------------------------------------------------------------------
                         :              belectron_P_jetrest:                         0.0032222                           0.99756   [                           -3.2787                            5.7307 ]
                         :              belectron_ptwrtbjet:                         0.0030551                           0.99790   [                           -3.2701                            5.7307 ]
                         :                 belectron_dR_l_j:                         0.0022080                           0.99760   [                           -3.2707                            5.7307 ]
                         :                 belectron_nsip3d:                         0.0038640                            1.0009   [                           -3.2831                            5.7307 ]
                         :              belectron_reltrkiso:                          -0.26391                            1.3037   [                           -3.2229                            5.7307 ]
                         :                 belectron_reliso:                        -0.0089922                            1.0199   [                           -3.2526                            5.7307 ]
                         :              belectron_palongjet:                         0.0023270                           0.99700   [                           -3.3164                            5.7307 ]
                         :         belectron_palongjetratio:                         0.0041943                           0.99916   [                           -3.2762                            5.7307 ]
                         :                     belectron_pt:                         0.0029315                           0.99629   [                           -3.3015                            5.7307 ]
                         :                   belectron_aeta:                         0.0036899                            1.0004   [                           -3.2931                            5.7307 ]
                         :   belectron_full5x5sigmaietaieta:                         0.0024428                           0.99670   [                           -3.2894                            5.7307 ]
                         :         fabs(belectron_detaseed):                         0.0023406                           0.99821   [                           -3.2592                            5.7307 ]
                         :                 belectron_HoverE:                          -0.91618                            1.6629   [                           -3.1559                            5.7307 ]
                         :          belectron_InvEminusInvP:                         0.0023510                           0.99841   [                           -3.3497                            5.7307 ]
                         :                          bjet_pt:                         0.0031166                           0.99705   [                           -3.2655                            5.7307 ]
                         :                        bjet_aeta:                         0.0032616                           0.99934   [                           -3.3153                            5.7307 ]
                         : bjet_ChargedHadronEnergyFraction:                         0.0023781                           0.99653   [                           -3.2418                            5.7307 ]
                         : bjet_NeutralHadronEnergyFraction:                          -0.74028                            1.6173   [                           -3.2242                            5.7307 ]
                         :     bjet_NeutralEmEnergyFraction:                         -0.013106                            1.0171   [                           -3.2410                            5.7307 ]
                         :     bjet_ChargedEmEnergyFraction:                           -1.1454                            1.7059   [                           -3.1237                            5.7307 ]
                         :          bjet_MuonEnergyFraction:                           -2.3006                           0.98443   [                           -2.6586                            5.7307 ]
                         :                fabs(bjet_charge):                         0.0042354                            1.0022   [                           -3.2707                            5.7307 ]
                         :         bjet_ChargedMultiplicity:                        -0.0086244                            1.0228   [                           -4.0944                            5.7307 ]
                         :         bjet_NeutralMultiplicity:                        0.00024298                            1.0152   [                           -4.0369                            5.7307 ]
                         : -----------------------------------------------------------------------------------------------------------------------------------------------------------------------------------
                         : Option TriesEarlyStopping: Training will stop after 30 number of epochs with no improvement of validation loss
Train on 38258 samples, validate on 50169 samples
Epoch 1/300
 - 14s - loss: 0.8654 - acc: 0.5974 - val_loss: 0.6942 - val_acc: 0.5995
Epoch 2/300
 - 11s - loss: 0.8543 - acc: 0.6048 - val_loss: 0.6893 - val_acc: 0.5959
Epoch 3/300
 - 10s - loss: 0.8485 - acc: 0.6027 - val_loss: 0.6836 - val_acc: 0.5938
Epoch 4/300
 - 11s - loss: 0.8436 - acc: 0.6014 - val_loss: 0.6773 - val_acc: 0.5999
Epoch 5/300
 - 9s - loss: 0.8372 - acc: 0.6043 - val_loss: 0.6681 - val_acc: 0.6050
Epoch 6/300
 - 10s - loss: 0.8324 - acc: 0.6035 - val_loss: 0.6704 - val_acc: 0.5937
Epoch 7/300
 - 10s - loss: 0.8286 - acc: 0.6052 - val_loss: 0.6845 - val_acc: 0.5895
Epoch 8/300
 - 10s - loss: 0.8240 - acc: 0.6056 - val_loss: 0.6660 - val_acc: 0.5996
Epoch 9/300
 - 10s - loss: 0.8241 - acc: 0.6032 - val_loss: 0.6716 - val_acc: 0.5886
Epoch 10/300
 - 9s - loss: 0.8202 - acc: 0.6046 - val_loss: 0.6507 - val_acc: 0.6077
Epoch 11/300
 - 10s - loss: 0.8191 - acc: 0.6039 - val_loss: 0.6538 - val_acc: 0.6037
Epoch 12/300
 - 11s - loss: 0.8171 - acc: 0.6070 - val_loss: 0.6715 - val_acc: 0.5837
Epoch 13/300
 - 10s - loss: 0.8165 - acc: 0.6049 - val_loss: 0.6481 - val_acc: 0.6183
Epoch 14/300
 - 10s - loss: 0.8155 - acc: 0.6080 - val_loss: 0.6602 - val_acc: 0.5921
Epoch 15/300
 - 10s - loss: 0.8144 - acc: 0.6088 - val_loss: 0.6639 - val_acc: 0.5975
Epoch 16/300
 - 11s - loss: 0.8131 - acc: 0.6065 - val_loss: 0.6661 - val_acc: 0.5910
Epoch 17/300
 - 9s - loss: 0.8124 - acc: 0.6085 - val_loss: 0.6667 - val_acc: 0.5855
Epoch 18/300
 - 10s - loss: 0.8111 - acc: 0.6104 - val_loss: 0.6764 - val_acc: 0.5866
Epoch 19/300
 - 10s - loss: 0.8111 - acc: 0.6061 - val_loss: 0.6571 - val_acc: 0.5968
Epoch 20/300
 - 10s - loss: 0.8109 - acc: 0.6061 - val_loss: 0.6551 - val_acc: 0.5981
Epoch 21/300
 - 10s - loss: 0.8100 - acc: 0.6079 - val_loss: 0.6542 - val_acc: 0.6042
Epoch 22/300
 - 10s - loss: 0.8093 - acc: 0.6077 - val_loss: 0.6440 - val_acc: 0.6073
Epoch 23/300
 - 10s - loss: 0.8078 - acc: 0.6115 - val_loss: 0.6568 - val_acc: 0.5910
Epoch 24/300
 - 10s - loss: 0.8076 - acc: 0.6084 - val_loss: 0.6518 - val_acc: 0.6043
Epoch 25/300
 - 10s - loss: 0.8076 - acc: 0.6097 - val_loss: 0.6454 - val_acc: 0.6060
Epoch 26/300
 - 11s - loss: 0.8064 - acc: 0.6094 - val_loss: 0.6453 - val_acc: 0.6093
Epoch 27/300
 - 9s - loss: 0.8064 - acc: 0.6105 - val_loss: 0.6542 - val_acc: 0.5985
Epoch 28/300
 - 10s - loss: 0.8054 - acc: 0.6078 - val_loss: 0.6516 - val_acc: 0.6012
Epoch 29/300
 - 10s - loss: 0.8058 - acc: 0.6108 - val_loss: 0.6531 - val_acc: 0.5977
Epoch 30/300
 - 10s - loss: 0.8061 - acc: 0.6098 - val_loss: 0.6565 - val_acc: 0.5955
Epoch 31/300
 - 10s - loss: 0.8041 - acc: 0.6123 - val_loss: 0.6506 - val_acc: 0.6030
Epoch 32/300
 - 10s - loss: 0.8061 - acc: 0.6107 - val_loss: 0.6553 - val_acc: 0.5972
Epoch 33/300
 - 11s - loss: 0.8049 - acc: 0.6102 - val_loss: 0.6399 - val_acc: 0.6097
Epoch 34/300
 - 10s - loss: 0.8051 - acc: 0.6116 - val_loss: 0.6482 - val_acc: 0.6004
Epoch 35/300
 - 10s - loss: 0.8040 - acc: 0.6088 - val_loss: 0.6536 - val_acc: 0.6000
Epoch 36/300
 - 10s - loss: 0.8047 - acc: 0.6090 - val_loss: 0.6452 - val_acc: 0.6028
Epoch 37/300
 - 9s - loss: 0.8044 - acc: 0.6101 - val_loss: 0.6513 - val_acc: 0.5986
Epoch 38/300
 - 10s - loss: 0.8030 - acc: 0.6122 - val_loss: 0.6546 - val_acc: 0.5978
Epoch 39/300
 - 10s - loss: 0.8041 - acc: 0.6110 - val_loss: 0.6504 - val_acc: 0.6030
Epoch 40/300
 - 10s - loss: 0.8032 - acc: 0.6108 - val_loss: 0.6578 - val_acc: 0.5901
Epoch 41/300
 - 9s - loss: 0.8039 - acc: 0.6107 - val_loss: 0.6586 - val_acc: 0.5901
Epoch 42/300
 - 10s - loss: 0.8042 - acc: 0.6114 - val_loss: 0.6585 - val_acc: 0.5889
Epoch 43/300
 - 9s - loss: 0.8019 - acc: 0.6145 - val_loss: 0.6591 - val_acc: 0.5939
Epoch 44/300
 - 10s - loss: 0.8023 - acc: 0.6095 - val_loss: 0.6490 - val_acc: 0.5960
Epoch 45/300
 - 10s - loss: 0.8026 - acc: 0.6124 - val_loss: 0.6494 - val_acc: 0.6016
Epoch 46/300
 - 9s - loss: 0.8020 - acc: 0.6106 - val_loss: 0.6693 - val_acc: 0.5828
Epoch 47/300
 - 9s - loss: 0.8028 - acc: 0.6117 - val_loss: 0.6605 - val_acc: 0.5915
Epoch 48/300
 - 10s - loss: 0.8036 - acc: 0.6110 - val_loss: 0.6495 - val_acc: 0.5991
Epoch 49/300
 - 11s - loss: 0.8030 - acc: 0.6112 - val_loss: 0.6553 - val_acc: 0.5965
Epoch 50/300
 - 11s - loss: 0.8015 - acc: 0.6113 - val_loss: 0.6503 - val_acc: 0.6049
Epoch 51/300
 - 11s - loss: 0.8009 - acc: 0.6141 - val_loss: 0.6436 - val_acc: 0.6060
Epoch 52/300
 - 9s - loss: 0.8019 - acc: 0.6121 - val_loss: 0.6440 - val_acc: 0.6055
Epoch 53/300
 - 10s - loss: 0.8019 - acc: 0.6124 - val_loss: 0.6652 - val_acc: 0.5883
Epoch 54/300
 - 10s - loss: 0.8027 - acc: 0.6109 - val_loss: 0.6536 - val_acc: 0.5996
Epoch 55/300
 - 9s - loss: 0.8024 - acc: 0.6127 - val_loss: 0.6556 - val_acc: 0.5945
Epoch 56/300
 - 9s - loss: 0.8023 - acc: 0.6123 - val_loss: 0.6470 - val_acc: 0.6020
Epoch 57/300
 - 9s - loss: 0.8019 - acc: 0.6114 - val_loss: 0.6542 - val_acc: 0.5981
Epoch 58/300
 - 10s - loss: 0.8020 - acc: 0.6125 - val_loss: 0.6545 - val_acc: 0.5993
Epoch 59/300
 - 10s - loss: 0.8017 - acc: 0.6111 - val_loss: 0.6485 - val_acc: 0.6041
Epoch 60/300
 - 9s - loss: 0.8009 - acc: 0.6144 - val_loss: 0.6554 - val_acc: 0.5962
Epoch 61/300
 - 9s - loss: 0.8016 - acc: 0.6137 - val_loss: 0.6430 - val_acc: 0.6041
Epoch 62/300
 - 11s - loss: 0.8012 - acc: 0.6117 - val_loss: 0.6526 - val_acc: 0.6030
Epoch 63/300
 - 10s - loss: 0.8016 - acc: 0.6150 - val_loss: 0.6580 - val_acc: 0.5926
Epoch 00063: early stopping
                         : Trained model written to file: electron2016preVFP__3__50__100__0.1/weights/TrainedModel_DNN.h5
                         : Elapsed time for training with 38258 events: 640 sec         
                         : Creating xml weight file: [0;36melectron2016preVFP__3__50__100__0.1/weights/electron2016preVFP__3__50__100__0.1_DNN.weights.xml[0m
                         : Creating standalone class: [0;36melectron2016preVFP__3__50__100__0.1/weights/electron2016preVFP__3__50__100__0.1_DNN.class.C[0m
Factory                  : Training finished
                         : 
                         : Ranking input variables (method specific)...
                         : No variable ranking supplied by classifier: DNN
Factory                  : === Destroy and recreate all methods via weight files for testing ===
                         : 
Factory                  : [1mTest all methods[0m
Factory                  : Test method: DNN for Classification performance
                         : 
                         : Load model from file: electron2016preVFP__3__50__100__0.1/weights/TrainedModel_DNN.h5
Factory                  : [1mEvaluate all methods[0m
Factory                  : Evaluate classifier: DNN
                         : 
TFHandler_DNN            :                         Variable                                Mean                                RMS                        [        Min                                Max ]
                         : -----------------------------------------------------------------------------------------------------------------------------------------------------------------------------------
                         :              belectron_P_jetrest:                          0.075648                            1.0146   [                           -3.1034                            5.7307 ]
                         :              belectron_ptwrtbjet:                          0.050431                            1.0210   [                           -5.7307                            5.7307 ]
                         :                 belectron_dR_l_j:                         -0.015984                            1.0186   [                           -3.4439                            5.7307 ]
                         :                 belectron_nsip3d:                         0.0045890                           0.99480   [                           -3.4477                            5.7307 ]
                         :              belectron_reltrkiso:                          -0.27199                            1.2992   [                           -3.2229                            5.7307 ]
                         :                 belectron_reliso:                         -0.026022                            1.0347   [                           -3.2526                            5.7307 ]
                         :              belectron_palongjet:                          0.053891                           0.99913   [                           -5.7307                            5.7307 ]
                         :         belectron_palongjetratio:                          0.034793                            1.0268   [                           -3.2800                            5.7307 ]
                         :                     belectron_pt:                          0.078855                            1.0097   [                           -3.3342                            5.7307 ]
                         :                   belectron_aeta:                        -0.0026675                           0.98983   [                           -3.2998                            5.7307 ]
                         :   belectron_full5x5sigmaietaieta:                         -0.028017                           0.99553   [                           -3.2894                            5.7307 ]
                         :         fabs(belectron_detaseed):                         -0.022549                           0.99079   [                           -3.3042                            3.6706 ]
                         :                 belectron_HoverE:                          -0.87761                            1.6681   [                           -3.1559                            5.7307 ]
                         :          belectron_InvEminusInvP:                         -0.025565                            1.0105   [                           -3.4222                            5.7307 ]
                         :                          bjet_pt:                          0.077954                            1.0148   [                           -3.2729                            5.7307 ]
                         :                        bjet_aeta:                        -0.0099820                           0.99248   [                           -3.3140                            5.7307 ]
                         : bjet_ChargedHadronEnergyFraction:                         -0.024736                            1.0012   [                           -3.2418                            5.7307 ]
                         : bjet_NeutralHadronEnergyFraction:                          -0.73549                            1.6152   [                           -3.2242                            5.7307 ]
                         :     bjet_NeutralEmEnergyFraction:                         -0.013548                            1.0225   [                           -3.2410                            5.7307 ]
                         :     bjet_ChargedEmEnergyFraction:                           -1.1028                            1.7209   [                           -3.1237                            5.7307 ]
                         :          bjet_MuonEnergyFraction:                           -2.3132                           0.96410   [                           -2.6586                            5.7307 ]
                         :                fabs(bjet_charge):                          0.048859                            1.0108   [                           -3.2696                            5.7307 ]
                         :         bjet_ChargedMultiplicity:                        -0.0077182                            1.0378   [                           -4.0997                            5.7307 ]
                         :         bjet_NeutralMultiplicity:                          0.014209                            1.0247   [                           -4.0369                            5.7307 ]
                         : -----------------------------------------------------------------------------------------------------------------------------------------------------------------------------------
DNN                      : [electron2016preVFP__3__50__100__0.1] : Loop over test events and fill histograms with classifier response...
                         : 
TFHandler_DNN            :                         Variable                                Mean                                RMS                        [        Min                                Max ]
                         : -----------------------------------------------------------------------------------------------------------------------------------------------------------------------------------
                         :              belectron_P_jetrest:                          0.075648                            1.0146   [                           -3.1034                            5.7307 ]
                         :              belectron_ptwrtbjet:                          0.050431                            1.0210   [                           -5.7307                            5.7307 ]
                         :                 belectron_dR_l_j:                         -0.015984                            1.0186   [                           -3.4439                            5.7307 ]
                         :                 belectron_nsip3d:                         0.0045890                           0.99480   [                           -3.4477                            5.7307 ]
                         :              belectron_reltrkiso:                          -0.27199                            1.2992   [                           -3.2229                            5.7307 ]
                         :                 belectron_reliso:                         -0.026022                            1.0347   [                           -3.2526                            5.7307 ]
                         :              belectron_palongjet:                          0.053891                           0.99913   [                           -5.7307                            5.7307 ]
                         :         belectron_palongjetratio:                          0.034793                            1.0268   [                           -3.2800                            5.7307 ]
                         :                     belectron_pt:                          0.078855                            1.0097   [                           -3.3342                            5.7307 ]
                         :                   belectron_aeta:                        -0.0026675                           0.98983   [                           -3.2998                            5.7307 ]
                         :   belectron_full5x5sigmaietaieta:                         -0.028017                           0.99553   [                           -3.2894                            5.7307 ]
                         :         fabs(belectron_detaseed):                         -0.022549                           0.99079   [                           -3.3042                            3.6706 ]
                         :                 belectron_HoverE:                          -0.87761                            1.6681   [                           -3.1559                            5.7307 ]
                         :          belectron_InvEminusInvP:                         -0.025565                            1.0105   [                           -3.4222                            5.7307 ]
                         :                          bjet_pt:                          0.077954                            1.0148   [                           -3.2729                            5.7307 ]
                         :                        bjet_aeta:                        -0.0099820                           0.99248   [                           -3.3140                            5.7307 ]
                         : bjet_ChargedHadronEnergyFraction:                         -0.024736                            1.0012   [                           -3.2418                            5.7307 ]
                         : bjet_NeutralHadronEnergyFraction:                          -0.73549                            1.6152   [                           -3.2242                            5.7307 ]
                         :     bjet_NeutralEmEnergyFraction:                         -0.013548                            1.0225   [                           -3.2410                            5.7307 ]
                         :     bjet_ChargedEmEnergyFraction:                           -1.1028                            1.7209   [                           -3.1237                            5.7307 ]
                         :          bjet_MuonEnergyFraction:                           -2.3132                           0.96410   [                           -2.6586                            5.7307 ]
                         :                fabs(bjet_charge):                          0.048859                            1.0108   [                           -3.2696                            5.7307 ]
                         :         bjet_ChargedMultiplicity:                        -0.0077182                            1.0378   [                           -4.0997                            5.7307 ]
                         :         bjet_NeutralMultiplicity:                          0.014209                            1.0247   [                           -4.0369                            5.7307 ]
                         : -----------------------------------------------------------------------------------------------------------------------------------------------------------------------------------
                         : [32m
                         : <PlotVariables> Will not produce scatter plots ==> 
                         : |  The number of 24 input variables and 0 target values would require 276 two-dimensional
                         : |  histograms, which would occupy the computer's memory. Note that this
                         : |  suppression does not have any consequences for your analysis, other
                         : |  than not disposing of these scatter plots. You can modify the maximum
                         : |  number of input variables allowed to generate scatter plots in your
                         : |  script via the command line:
                         : |  "(TMVA::gConfig().GetVariablePlotting()).fMaxNumOfAllowedVariablesForScatterPlots = <some int>;"[0m
                         : 
                         : Some more output
                         : 
                         : Evaluation results ranked by best signal efficiency and purity (area)
                         : -------------------------------------------------------------------------------------------------------------------
                         : DataSet       MVA                       
                         : Name:         Method:          ROC-integ
                         : electron2016preVFP__3__50__100__0.1 DNN            : 0.670
                         : -------------------------------------------------------------------------------------------------------------------
                         : 
                         : Testing efficiency compared to training efficiency (overtraining check)
                         : -------------------------------------------------------------------------------------------------------------------
                         : DataSet              MVA              Signal efficiency: from test sample (from training sample) 
                         : Name:                Method:          @B=0.01             @B=0.10            @B=0.30   
                         : -------------------------------------------------------------------------------------------------------------------
                         : electron2016preVFP__3__50__100__0.1 DNN            : 0.077 (0.083)       0.317 (0.336)      0.559 (0.573)
                         : -------------------------------------------------------------------------------------------------------------------
                         : 
Dataset:electron2016pr...: Created tree 'TestTree' with 50169 events
                         : 
Dataset:electron2016pr...: Created tree 'TrainTree' with 38258 events
                         : 
Factory                  : [1mThank you for using TMVA![0m
                         : [1mFor citation information, please visit: http://tmva.sf.net/citeTMVA.html[0m
ref.cut= DNN 0.415271360931
myerr=0
[ntry=1]
