<sig cut>= (bmuon_charge*bjet_partonFlavour < 0)&&Has_bMuon
<bkg cut>= (bmuon_charge*bjet_partonFlavour > 0)&&Has_bMuon
_________________________________________________________________
Layer (type)                 Output Shape              Param #   
=================================================================
dense_1 (Dense)              (None, 48)                1296      
_________________________________________________________________
batch_normalization_1 (Batch (None, 48)                192       
_________________________________________________________________
activation_1 (Activation)    (None, 48)                0         
_________________________________________________________________
dropout_1 (Dropout)          (None, 48)                0         
_________________________________________________________________
dense_2 (Dense)              (None, 48)                2352      
_________________________________________________________________
batch_normalization_2 (Batch (None, 48)                192       
_________________________________________________________________
activation_2 (Activation)    (None, 48)                0         
_________________________________________________________________
dropout_2 (Dropout)          (None, 48)                0         
_________________________________________________________________
dense_3 (Dense)              (None, 48)                2352      
_________________________________________________________________
batch_normalization_3 (Batch (None, 48)                192       
_________________________________________________________________
activation_3 (Activation)    (None, 48)                0         
_________________________________________________________________
dropout_3 (Dropout)          (None, 48)                0         
_________________________________________________________________
dense_4 (Dense)              (None, 2)                 98        
_________________________________________________________________
activation_4 (Activation)    (None, 2)                 0         
=================================================================
Total params: 6,674
Trainable params: 6,386
Non-trainable params: 288
_________________________________________________________________
---sig_test---
<self.testtree_sig> OutTree/sig
/data6/Users/jhchoi/TMVA/TMVA_TOOL/inputs/EEMu_MuMuE_Method/v2405.4.3/2016postVFP/EEMu_MuMuE_Method_DYJetsToEE_MiNNLO.root
/data6/Users/jhchoi/TMVA/TMVA_TOOL/inputs/EEMu_MuMuE_Method/v2405.4.3/2016postVFP/EEMu_MuMuE_Method_DYJetsToMuMu_MiNNLO.root
--bkg_test---
<self.testtree_bkg> OutTree/bkg
/data6/Users/jhchoi/TMVA/TMVA_TOOL/inputs/EEMu_MuMuE_Method/v2405.4.3/2016postVFP/EEMu_MuMuE_Method_DYJetsToEE_MiNNLO.root
/data6/Users/jhchoi/TMVA/TMVA_TOOL/inputs/EEMu_MuMuE_Method/v2405.4.3/2016postVFP/EEMu_MuMuE_Method_DYJetsToMuMu_MiNNLO.root
---sig_train---
<self.traintree_sig> OutTree/sig
/data6/Users/jhchoi/TMVA/TMVA_TOOL/inputs/EEMu_MuMuE_Method/v2405.4.3/2016postVFP/EEMu_MuMuE_Method_DYJets.root
---bkg_train---
<self.traintree_bkg> OutTree/bkg
/data6/Users/jhchoi/TMVA/TMVA_TOOL/inputs/EEMu_MuMuE_Method/v2405.4.3/2016postVFP/EEMu_MuMuE_Method_DYJets.root
DataSetInfo              : [muon2016postVFP__3__48__1100__0.1] : Added class "Signal"
                         : Add Tree OutTree/sig of type Signal with 387726 events
                         : Add Tree OutTree/sig of type Signal with 440734 events
DataSetInfo              : [muon2016postVFP__3__48__1100__0.1] : Added class "Background"
                         : Add Tree OutTree/bkg of type Background with 273702 events
                         : Add Tree OutTree/bkg of type Background with 310379 events
>>>>self.dataloader.PrepareTrainingAndTestTree
Set sig cut -> (bmuon_charge*bjet_partonFlavour < 0)&&Has_bMuon
Set bkg cut -> (bmuon_charge*bjet_partonFlavour > 0)&&Has_bMuon
Factory                  : Booking method: [1mDNN[0m
                         : 
DNN                      : [muon2016postVFP__3__48__1100__0.1] : Create Transformation "G" with events from all classes.
                         : 
                         : Transformation, Variable selection : 
                         : Input : variable 'bmuon_P_jetrest' <---> Output : variable 'bmuon_P_jetrest'
                         : Input : variable 'bmuon_ptwrtbjet' <---> Output : variable 'bmuon_ptwrtbjet'
                         : Input : variable 'bmuon_dR_l_j' <---> Output : variable 'bmuon_dR_l_j'
                         : Input : variable 'bmuon_nsip3d' <---> Output : variable 'bmuon_nsip3d'
                         : Input : variable 'bmuon_reltrkiso' <---> Output : variable 'bmuon_reltrkiso'
                         : Input : variable 'bmuon_reliso' <---> Output : variable 'bmuon_reliso'
                         : Input : variable 'bmuon_palongjet' <---> Output : variable 'bmuon_palongjet'
                         : Input : variable 'bmuon_palongjetratio' <---> Output : variable 'bmuon_palongjetratio'
                         : Input : variable 'bmuon_pt' <---> Output : variable 'bmuon_pt'
                         : Input : variable 'bmuon_aeta' <---> Output : variable 'bmuon_aeta'
                         : Input : variable 'bmuon_normchi2' <---> Output : variable 'bmuon_normchi2'
                         : Input : variable 'bmuon_ntracklayers' <---> Output : variable 'bmuon_ntracklayers'
                         : Input : variable 'bmuon_ntrackhits' <---> Output : variable 'bmuon_ntrackhits'
                         : Input : variable 'bmuon_nvalidmuonhits' <---> Output : variable 'bmuon_nvalidmuonhits'
                         : Input : variable 'bmuon_nmatchedstations' <---> Output : variable 'bmuon_nmatchedstations'
                         : Input : variable 'bjet_charge*bmuon_charge' <---> Output : variable 'bjet_charge*bmuon_charge'
                         : Input : variable 'bjet_pt' <---> Output : variable 'bjet_pt'
                         : Input : variable 'bjet_aeta' <---> Output : variable 'bjet_aeta'
                         : Input : variable 'bjet_ChargedHadronEnergyFraction' <---> Output : variable 'bjet_ChargedHadronEnergyFraction'
                         : Input : variable 'bjet_NeutralHadronEnergyFraction' <---> Output : variable 'bjet_NeutralHadronEnergyFraction'
                         : Input : variable 'bjet_NeutralEmEnergyFraction' <---> Output : variable 'bjet_NeutralEmEnergyFraction'
                         : Input : variable 'bjet_ChargedEmEnergyFraction' <---> Output : variable 'bjet_ChargedEmEnergyFraction'
                         : Input : variable 'bjet_MuonEnergyFraction' <---> Output : variable 'bjet_MuonEnergyFraction'
                         : Input : variable 'fabs(bjet_charge)' <---> Output : variable 'fabs(bjet_charge)'
                         : Input : variable 'bjet_ChargedMultiplicity' <---> Output : variable 'bjet_ChargedMultiplicity'
                         : Input : variable 'bjet_NeutralMultiplicity' <---> Output : variable 'bjet_NeutralMultiplicity'
                         : Load model from file: model.h5
Factory                  : [1mTrain all methods[0m
DataSetFactory           : [muon2016postVFP__3__48__1100__0.1] : Number of events in input trees
                         : Dataset[muon2016postVFP__3__48__1100__0.1] :     Signal     requirement: "(bmuon_charge*bjet_partonFlavour < 0)&&Has_bMuon"
                         : Dataset[muon2016postVFP__3__48__1100__0.1] :     Signal          -- number of events passed: 42053  / sum of weights: 42053
                         : Dataset[muon2016postVFP__3__48__1100__0.1] :     Signal          -- efficiency             : 0.0507604
                         : Dataset[muon2016postVFP__3__48__1100__0.1] :     Background requirement: "(bmuon_charge*bjet_partonFlavour > 0)&&Has_bMuon"
                         : Dataset[muon2016postVFP__3__48__1100__0.1] :     Background      -- number of events passed: 20185  / sum of weights: 20185
                         : Dataset[muon2016postVFP__3__48__1100__0.1] :     Background      -- efficiency             : 0.0345586
                         : Dataset[muon2016postVFP__3__48__1100__0.1] :  you have opted for interpreting the requested number of training/testing events
                         :  to be the number of events AFTER your preselection cuts
                         : 
                         : Dataset[muon2016postVFP__3__48__1100__0.1] :  you have opted for interpreting the requested number of training/testing events
                         :  to be the number of events AFTER your preselection cuts
                         : 
                         : Dataset[muon2016postVFP__3__48__1100__0.1] : Weight renormalisation mode: "EqualNumEvents": renormalises all event classes ...
                         : Dataset[muon2016postVFP__3__48__1100__0.1] :  such that the effective (weighted) number of events in each class is the same 
                         : Dataset[muon2016postVFP__3__48__1100__0.1] :  (and equals the number of events (entries) given for class=0 )
                         : Dataset[muon2016postVFP__3__48__1100__0.1] : ... i.e. such that Sum[i=1..N_j]{w_i} = N_classA, j=classA, classB, ...
                         : Dataset[muon2016postVFP__3__48__1100__0.1] : ... (note that N_j is the sum of TRAINING events
                         : Dataset[muon2016postVFP__3__48__1100__0.1] :  ..... Testing events are not renormalised nor included in the renormalisation factor!)
                         : Number of training and testing events
                         : ---------------------------------------------------------------------------
                         : Signal     -- training events            : 17271
                         : Signal     -- testing events             : 24782
                         : Signal     -- training and testing events: 42053
                         : Dataset[muon2016postVFP__3__48__1100__0.1] : Signal     -- due to the preselection a scaling factor has been applied to the numbers of requested events: 0.0507604
                         : Background -- training events            : 8200
                         : Background -- testing events             : 11985
                         : Background -- training and testing events: 20185
                         : Dataset[muon2016postVFP__3__48__1100__0.1] : Background -- due to the preselection a scaling factor has been applied to the numbers of requested events: 0.0345586
                         : 
DataSetInfo              : Correlation matrix (Signal):
                         : ---------------------------------------------------------------------------------------------------------------------------------------------------------------------------------------------------------------------------------------------------------------------------------------------------------------------------------------------------------------------------------------------------------------------------------------------------------------------------------------------------------------------------------------------------
                         :                                   bmuon_P_jetrest bmuon_ptwrtbjet bmuon_dR_l_j bmuon_nsip3d bmuon_reltrkiso bmuon_reliso bmuon_palongjet bmuon_palongjetratio bmuon_pt bmuon_aeta bmuon_normchi2 bmuon_ntracklayers bmuon_ntrackhits bmuon_nvalidmuonhits bmuon_nmatchedstations bjet_charge*bmuon_charge bjet_pt bjet_aeta bjet_ChargedHadronEnergyFraction bjet_NeutralHadronEnergyFraction bjet_NeutralEmEnergyFraction bjet_ChargedEmEnergyFraction bjet_MuonEnergyFraction fabs(bjet_charge) bjet_ChargedMultiplicity bjet_NeutralMultiplicity
                         :                  bmuon_P_jetrest:          +1.000          +0.482       +0.011       +0.001          -0.055       -0.149          +0.942               +0.936   +0.954     -0.006         -0.006             -0.015           -0.014               +0.014                 +0.017                   +0.105  +0.112    -0.007                           -0.068                           -0.035                       -0.057                       +0.000                  +0.131            +0.101                   +0.036                   +0.020
                         :                  bmuon_ptwrtbjet:          +0.482          +1.000       +0.444       +0.027          -0.070       -0.156          +0.227               +0.249   +0.254     -0.042         -0.011             -0.043           -0.046               +0.064                 +0.056                   +0.076  +0.136    -0.039                           -0.052                           -0.012                       -0.048                       +0.069                  +0.058            +0.064                   +0.053                   +0.027
                         :                     bmuon_dR_l_j:          +0.011          +0.444       +1.000       +0.058          +0.044       +0.250          -0.074               -0.144   -0.152     -0.003         +0.005             -0.015           -0.010               +0.010                 -0.018                   -0.246  -0.224    +0.010                           +0.197                           +0.118                       +0.095                       +0.133                  -0.408            -0.231                   +0.021                   +0.003
                         :                     bmuon_nsip3d:          +0.001          +0.027       +0.058       +1.000          -0.023       -0.006          -0.005               -0.010   -0.012     +0.010         +0.054             -0.050           -0.041               -0.028                 -0.019                   -0.021  -0.007    +0.012                           +0.002                           +0.011                       +0.041                       +0.001                  -0.038            -0.017                   -0.006                   +0.039
                         :                  bmuon_reltrkiso:          -0.055          -0.070       +0.044       -0.023          +1.000       +0.280          -0.026               -0.075   -0.046     -0.040         +0.023             -0.017           -0.029               -0.019                 -0.060                   -0.208  +0.087    -0.041                           +0.210                           -0.008                       -0.011                       +0.042                  -0.228            -0.096                   +0.102                   +0.055
                         :                     bmuon_reliso:          -0.149          -0.156       +0.250       -0.006          +0.280       +1.000          -0.076               -0.230   -0.138     -0.105         +0.082             -0.090           -0.092               -0.071                 -0.192                   -0.404  +0.272    -0.107                           +0.415                           +0.172                       +0.299                       -0.066                  -0.705            -0.362                   +0.234                   +0.258
                         :                  bmuon_palongjet:          +0.942          +0.227       -0.074       -0.005          -0.026       -0.076          +1.000               +0.961   +0.975     +0.104         -0.001             +0.019           +0.040               -0.052                 +0.007                   +0.059  +0.068    +0.103                           -0.025                           -0.015                       -0.040                       -0.011                  +0.069            +0.060                   -0.008                   -0.029
                         :             bmuon_palongjetratio:          +0.936          +0.249       -0.144       -0.010          -0.075       -0.230          +0.961               +1.000   +0.961     -0.000         -0.017             +0.003           +0.003               +0.022                 +0.034                   +0.165  -0.049    -0.003                           -0.128                           -0.069                       -0.092                       -0.044                  +0.260            +0.160                   -0.089                   -0.074
                         :                         bmuon_pt:          +0.954          +0.254       -0.152       -0.012          -0.046       -0.138          +0.975               +0.961   +1.000     -0.006         -0.004             -0.003           -0.003               +0.009                 +0.012                   +0.119  +0.172    -0.007                           -0.079                           -0.047                       -0.056                       -0.025                  +0.161            +0.117                   +0.006                   +0.012
                         :                       bmuon_aeta:          -0.006          -0.042       -0.003       +0.010          -0.040       -0.105          +0.104               -0.000   -0.006     +1.000         -0.012             +0.206           +0.367               -0.493                 +0.077                   +0.007  -0.035    +0.994                           +0.017                           +0.099                       -0.135                       +0.021                  +0.016            +0.026                   -0.070                   -0.200
                         :                   bmuon_normchi2:          -0.006          -0.011       +0.005       +0.054          +0.023       +0.082          -0.001               -0.017   -0.004     -0.012         +1.000             -0.086           -0.061               -0.110                 -0.129                   -0.041  +0.056    -0.010                           +0.048                           +0.014                       +0.036                       +0.025                  -0.097            -0.038                   +0.044                   +0.057
                         :               bmuon_ntracklayers:          -0.015          -0.043       -0.015       -0.050          -0.017       -0.090          +0.019               +0.003   -0.003     +0.206         -0.086             +1.000           +0.875               +0.015                 +0.150                   -0.011  -0.031    +0.206                           -0.002                           -0.003                       -0.115                       +0.001                  +0.087            -0.017                   -0.002                   -0.216
                         :                 bmuon_ntrackhits:          -0.014          -0.046       -0.010       -0.041          -0.029       -0.092          +0.040               +0.003   -0.003     +0.367         -0.061             +0.875           +1.000               -0.093                 +0.111                   -0.011  -0.034    +0.366                           +0.016                           +0.012                       -0.131                       +0.009                  +0.068            -0.017                   -0.006                   -0.257
                         :             bmuon_nvalidmuonhits:          +0.014          +0.064       +0.010       -0.028          -0.019       -0.071          -0.052               +0.022   +0.009     -0.493         -0.110             +0.015           -0.093               +1.000                 +0.601                   +0.058  -0.041    -0.489                           -0.185                           -0.075                       +0.021                       -0.038                  +0.238            +0.045                   -0.031                   +0.028
                         :           bmuon_nmatchedstations:          +0.017          +0.056       -0.018       -0.019          -0.060       -0.192          +0.007               +0.034   +0.012     +0.077         -0.129             +0.150           +0.111               +0.601                 +1.000                   +0.110  -0.061    +0.078                           -0.255                           -0.029                       -0.080                       -0.046                  +0.364            +0.106                   -0.093                   -0.081
                         :         bjet_charge*bmuon_charge:          +0.105          +0.076       -0.246       -0.021          -0.208       -0.404          +0.059               +0.165   +0.119     +0.007         -0.041             -0.011           -0.011               +0.058                 +0.110                   +1.000  -0.055    +0.007                           -0.361                           -0.050                       -0.065                       -0.113                  +0.510            +0.812                   -0.205                   -0.093
                         :                          bjet_pt:          +0.112          +0.136       -0.224       -0.007          +0.087       +0.272          +0.068               -0.049   +0.172     -0.035         +0.056             -0.031           -0.034               -0.041                 -0.061                   -0.055  +1.000    -0.039                           +0.064                           +0.012                       +0.081                       +0.057                  -0.163            -0.033                   +0.350                   +0.309
                         :                        bjet_aeta:          -0.007          -0.039       +0.010       +0.012          -0.041       -0.107          +0.103               -0.003   -0.007     +0.994         -0.010             +0.206           +0.366               -0.489                 +0.078                   +0.007  -0.039    +1.000                           +0.019                           +0.103                       -0.132                       +0.022                  +0.010            +0.026                   -0.071                   -0.200
                         : bjet_ChargedHadronEnergyFraction:          -0.068          -0.052       +0.197       +0.002          +0.210       +0.415          -0.025               -0.128   -0.079     +0.017         +0.048             -0.002           +0.016               -0.185                 -0.255                   -0.361  +0.064    +0.019                           +1.000                           -0.246                       -0.272                       -0.264                  -0.569            -0.386                   +0.404                   -0.091
                         : bjet_NeutralHadronEnergyFraction:          -0.035          -0.012       +0.118       +0.011          -0.008       +0.172          -0.015               -0.069   -0.047     +0.099         +0.014             -0.003           +0.012               -0.075                 -0.029                   -0.050  +0.012    +0.103                           -0.246                           +1.000                       -0.100                       -0.003                  -0.203            -0.043                   -0.128                   +0.136
                         :     bjet_NeutralEmEnergyFraction:          -0.057          -0.048       +0.095       +0.041          -0.011       +0.299          -0.040               -0.092   -0.056     -0.135         +0.036             -0.115           -0.131               +0.021                 -0.080                   -0.065  +0.081    -0.132                           -0.272                           -0.100                       +1.000                       -0.160                  -0.305            -0.078                   -0.054                   +0.433
                         :     bjet_ChargedEmEnergyFraction:          +0.000          +0.069       +0.133       +0.001          +0.042       -0.066          -0.011               -0.044   -0.025     +0.021         +0.025             +0.001           +0.009               -0.038                 -0.046                   -0.113  +0.057    +0.022                           -0.264                           -0.003                       -0.160                       +1.000                  -0.145            -0.032                   -0.033                   -0.083
                         :          bjet_MuonEnergyFraction:          +0.131          +0.058       -0.408       -0.038          -0.228       -0.705          +0.069               +0.260   +0.161     +0.016         -0.097             +0.087           +0.068               +0.238                 +0.364                   +0.510  -0.163    +0.010                           -0.569                           -0.203                       -0.305                       -0.145                  +1.000            +0.498                   -0.294                   -0.249
                         :                fabs(bjet_charge):          +0.101          +0.064       -0.231       -0.017          -0.096       -0.362          +0.060               +0.160   +0.117     +0.026         -0.038             -0.017           -0.017               +0.045                 +0.106                   +0.812  -0.033    +0.026                           -0.386                           -0.043                       -0.078                       -0.032                  +0.498            +1.000                   -0.257                   -0.100
                         :         bjet_ChargedMultiplicity:          +0.036          +0.053       +0.021       -0.006          +0.102       +0.234          -0.008               -0.089   +0.006     -0.070         +0.044             -0.002           -0.006               -0.031                 -0.093                   -0.205  +0.350    -0.071                           +0.404                           -0.128                       -0.054                       -0.033                  -0.294            -0.257                   +1.000                   +0.239
                         :         bjet_NeutralMultiplicity:          +0.020          +0.027       +0.003       +0.039          +0.055       +0.258          -0.029               -0.074   +0.012     -0.200         +0.057             -0.216           -0.257               +0.028                 -0.081                   -0.093  +0.309    -0.200                           -0.091                           +0.136                       +0.433                       -0.083                  -0.249            -0.100                   +0.239                   +1.000
                         : ---------------------------------------------------------------------------------------------------------------------------------------------------------------------------------------------------------------------------------------------------------------------------------------------------------------------------------------------------------------------------------------------------------------------------------------------------------------------------------------------------------------------------------------------------
DataSetInfo              : Correlation matrix (Background):
                         : ---------------------------------------------------------------------------------------------------------------------------------------------------------------------------------------------------------------------------------------------------------------------------------------------------------------------------------------------------------------------------------------------------------------------------------------------------------------------------------------------------------------------------------------------------
                         :                                   bmuon_P_jetrest bmuon_ptwrtbjet bmuon_dR_l_j bmuon_nsip3d bmuon_reltrkiso bmuon_reliso bmuon_palongjet bmuon_palongjetratio bmuon_pt bmuon_aeta bmuon_normchi2 bmuon_ntracklayers bmuon_ntrackhits bmuon_nvalidmuonhits bmuon_nmatchedstations bjet_charge*bmuon_charge bjet_pt bjet_aeta bjet_ChargedHadronEnergyFraction bjet_NeutralHadronEnergyFraction bjet_NeutralEmEnergyFraction bjet_ChargedEmEnergyFraction bjet_MuonEnergyFraction fabs(bjet_charge) bjet_ChargedMultiplicity bjet_NeutralMultiplicity
                         :                  bmuon_P_jetrest:          +1.000          +0.866       +0.156       +0.073          -0.079       -0.304          +0.636               +0.708   +0.718     -0.013         -0.019             -0.084           -0.077               +0.007                 +0.006                   +0.255  +0.185    -0.018                           -0.132                           -0.058                       -0.085                       -0.009                  +0.298            +0.185                   +0.092                   +0.051
                         :                  bmuon_ptwrtbjet:          +0.866          +1.000       +0.465       +0.107          -0.058       -0.195          +0.340               +0.440   +0.369     -0.007         -0.012             -0.075           -0.070               +0.005                 -0.005                   +0.140  +0.073    -0.009                           -0.071                           -0.026                       -0.058                       +0.041                  +0.131            +0.096                   +0.055                   +0.025
                         :                     bmuon_dR_l_j:          +0.156          +0.465       +1.000       +0.075          -0.012       +0.082          -0.186               -0.185   -0.280     +0.028         +0.016             -0.026           -0.025               -0.019                 -0.025                   -0.111  -0.220    +0.039                           +0.058                           +0.062                       -0.002                       +0.127                  -0.217            -0.074                   +0.016                   -0.019
                         :                     bmuon_nsip3d:          +0.073          +0.107       +0.075       +1.000          -0.028       -0.055          +0.007               +0.027   -0.000     +0.018         +0.047             -0.037           -0.030               -0.012                 -0.003                   +0.031  -0.002    +0.017                           -0.030                           +0.022                       +0.030                       -0.012                  +0.005            +0.016                   -0.009                   +0.037
                         :                  bmuon_reltrkiso:          -0.079          -0.058       -0.012       -0.028          +1.000       +0.195          -0.071               -0.133   -0.075     -0.044         +0.010             -0.005           -0.014               -0.021                 -0.055                   -0.091  +0.086    -0.046                           +0.124                           -0.030                       -0.005                       +0.028                  -0.158            +0.037                   +0.079                   +0.042
                         :                     bmuon_reliso:          -0.304          -0.195       +0.082       -0.055          +0.195       +1.000          -0.272               -0.554   -0.325     -0.107         +0.064             -0.065           -0.082               -0.044                 -0.121                   -0.371  +0.313    -0.108                           +0.336                           +0.126                       +0.238                       -0.150                  -0.628            -0.188                   +0.241                   +0.267
                         :                  bmuon_palongjet:          +0.636          +0.340       -0.186       +0.007          -0.071       -0.272          +1.000               +0.669   +0.809     +0.373         -0.009             +0.034           +0.112               -0.174                 +0.027                   +0.232  +0.274    +0.369                           -0.098                           -0.037                       -0.095                       -0.042                  +0.273            +0.193                   +0.005                   -0.114
                         :             bmuon_palongjetratio:          +0.708          +0.440       -0.185       +0.027          -0.133       -0.554          +0.669               +1.000   +0.735     -0.042         -0.047             -0.040           -0.040               +0.074                 +0.071                   +0.417  -0.157    -0.049                           -0.272                           -0.131                       -0.152                       -0.092                  +0.658            +0.306                   -0.197                   -0.156
                         :                         bmuon_pt:          +0.718          +0.369       -0.280       -0.000          -0.075       -0.325          +0.809               +0.735   +1.000     -0.042         -0.020             -0.050           -0.048               +0.037                 +0.038                   +0.309  +0.435    -0.044                           -0.178                           -0.094                       -0.091                       -0.067                  +0.433            +0.249                   +0.042                   +0.030
                         :                       bmuon_aeta:          -0.013          -0.007       +0.028       +0.018          -0.044       -0.107          +0.373               -0.042   -0.042     +1.000         +0.009             +0.188           +0.354               -0.502                 -0.003                   +0.027  -0.013    +0.995                           +0.052                           +0.100                       -0.107                       +0.013                  -0.052            +0.023                   -0.056                   -0.212
                         :                   bmuon_normchi2:          -0.019          -0.012       +0.016       +0.047          +0.010       +0.064          -0.009               -0.047   -0.020     +0.009         +1.000             -0.118           -0.094               -0.119                 -0.135                   -0.014  +0.041    +0.009                           +0.051                           +0.004                       +0.024                       +0.012                  -0.100            -0.024                   +0.053                   +0.056
                         :               bmuon_ntracklayers:          -0.084          -0.075       -0.026       -0.037          -0.005       -0.065          +0.034               -0.040   -0.050     +0.188         -0.118             +1.000           +0.886               +0.041                 +0.158                   -0.019  -0.020    +0.188                           +0.031                           -0.015                       -0.104                       -0.017                  +0.078            -0.038                   +0.022                   -0.218
                         :                 bmuon_ntrackhits:          -0.077          -0.070       -0.025       -0.030          -0.014       -0.082          +0.112               -0.040   -0.048     +0.354         -0.094             +0.886           +1.000               -0.073                 +0.108                   -0.010  -0.019    +0.353                           +0.041                           -0.000                       -0.110                       -0.014                  +0.057            -0.036                   +0.011                   -0.259
                         :             bmuon_nvalidmuonhits:          +0.007          +0.005       -0.019       -0.012          -0.021       -0.044          -0.174               +0.074   +0.037     -0.502         -0.119             +0.041           -0.073               +1.000                 +0.655                   +0.019  -0.044    -0.497                           -0.213                           -0.053                       +0.022                       -0.023                  +0.313            +0.028                   -0.039                   +0.023
                         :           bmuon_nmatchedstations:          +0.006          -0.005       -0.025       -0.003          -0.055       -0.121          +0.027               +0.071   +0.038     -0.003         -0.135             +0.158           +0.108               +0.655                 +1.000                   +0.066  -0.039    -0.000                           -0.260                           -0.002                       -0.043                       -0.021                  +0.397            +0.061                   -0.075                   -0.054
                         :         bjet_charge*bmuon_charge:          +0.255          +0.140       -0.111       +0.031          -0.091       -0.371          +0.232               +0.417   +0.309     +0.027         -0.014             -0.019           -0.010               +0.019                 +0.066                   +1.000  -0.060    +0.026                           -0.304                           +0.019                       +0.043                       -0.148                  +0.461            +0.444                   -0.068                   -0.010
                         :                          bjet_pt:          +0.185          +0.073       -0.220       -0.002          +0.086       +0.313          +0.274               -0.157   +0.435     -0.013         +0.041             -0.020           -0.019               -0.044                 -0.039                   -0.060  +1.000    -0.015                           +0.078                           +0.011                       +0.073                       +0.015                  -0.187            +0.006                   +0.369                   +0.280
                         :                        bjet_aeta:          -0.018          -0.009       +0.039       +0.017          -0.046       -0.108          +0.369               -0.049   -0.044     +0.995         +0.009             +0.188           +0.353               -0.497                 -0.000                   +0.026  -0.015    +1.000                           +0.054                           +0.103                       -0.107                       +0.014                  -0.056            +0.024                   -0.057                   -0.212
                         : bjet_ChargedHadronEnergyFraction:          -0.132          -0.071       +0.058       -0.030          +0.124       +0.336          -0.098               -0.272   -0.178     +0.052         +0.051             +0.031           +0.041               -0.213                 -0.260                   -0.304  +0.078    +0.054                           +1.000                           -0.337                       -0.344                       -0.362                  -0.478            -0.261                   +0.393                   -0.125
                         : bjet_NeutralHadronEnergyFraction:          -0.058          -0.026       +0.062       +0.022          -0.030       +0.126          -0.037               -0.131   -0.094     +0.100         +0.004             -0.015           -0.000               -0.053                 -0.002                   +0.019  +0.011    +0.103                           -0.337                           +1.000                       -0.122                       -0.013                  -0.140            -0.004                   -0.167                   +0.133
                         :     bjet_NeutralEmEnergyFraction:          -0.085          -0.058       -0.002       +0.030          -0.005       +0.238          -0.095               -0.152   -0.091     -0.107         +0.024             -0.104           -0.110               +0.022                 -0.043                   +0.043  +0.073    -0.107                           -0.344                           -0.122                       +1.000                       -0.207                  -0.213            -0.047                   -0.073                   +0.403
                         :     bjet_ChargedEmEnergyFraction:          -0.009          +0.041       +0.127       -0.012          +0.028       -0.150          -0.042               -0.092   -0.067     +0.013         +0.012             -0.017           -0.014               -0.023                 -0.021                   -0.148  +0.015    +0.014                           -0.362                           -0.013                       -0.207                       +1.000                  -0.106            +0.058                   -0.084                   -0.109
                         :          bjet_MuonEnergyFraction:          +0.298          +0.131       -0.217       +0.005          -0.158       -0.628          +0.273               +0.658   +0.433     -0.052         -0.100             +0.078           +0.057               +0.313                 +0.397                   +0.461  -0.187    -0.056                           -0.478                           -0.140                       -0.213                       -0.106                  +1.000            +0.342                   -0.265                   -0.212
                         :                fabs(bjet_charge):          +0.185          +0.096       -0.074       +0.016          +0.037       -0.188          +0.193               +0.306   +0.249     +0.023         -0.024             -0.038           -0.036               +0.028                 +0.061                   +0.444  +0.006    +0.024                           -0.261                           -0.004                       -0.047                       +0.058                  +0.342            +1.000                   -0.193                   -0.055
                         :         bjet_ChargedMultiplicity:          +0.092          +0.055       +0.016       -0.009          +0.079       +0.241          +0.005               -0.197   +0.042     -0.056         +0.053             +0.022           +0.011               -0.039                 -0.075                   -0.068  +0.369    -0.057                           +0.393                           -0.167                       -0.073                       -0.084                  -0.265            -0.193                   +1.000                   +0.224
                         :         bjet_NeutralMultiplicity:          +0.051          +0.025       -0.019       +0.037          +0.042       +0.267          -0.114               -0.156   +0.030     -0.212         +0.056             -0.218           -0.259               +0.023                 -0.054                   -0.010  +0.280    -0.212                           -0.125                           +0.133                       +0.403                       -0.109                  -0.212            -0.055                   +0.224                   +1.000
                         : ---------------------------------------------------------------------------------------------------------------------------------------------------------------------------------------------------------------------------------------------------------------------------------------------------------------------------------------------------------------------------------------------------------------------------------------------------------------------------------------------------------------------------------------------------
DataSetFactory           : [muon2016postVFP__3__48__1100__0.1] :  
                         : 
Factory                  : [muon2016postVFP__3__48__1100__0.1] : Create Transformation "I" with events from all classes.
                         : 
                         : Transformation, Variable selection : 
                         : Input : variable 'bmuon_P_jetrest' <---> Output : variable 'bmuon_P_jetrest'
                         : Input : variable 'bmuon_ptwrtbjet' <---> Output : variable 'bmuon_ptwrtbjet'
                         : Input : variable 'bmuon_dR_l_j' <---> Output : variable 'bmuon_dR_l_j'
                         : Input : variable 'bmuon_nsip3d' <---> Output : variable 'bmuon_nsip3d'
                         : Input : variable 'bmuon_reltrkiso' <---> Output : variable 'bmuon_reltrkiso'
                         : Input : variable 'bmuon_reliso' <---> Output : variable 'bmuon_reliso'
                         : Input : variable 'bmuon_palongjet' <---> Output : variable 'bmuon_palongjet'
                         : Input : variable 'bmuon_palongjetratio' <---> Output : variable 'bmuon_palongjetratio'
                         : Input : variable 'bmuon_pt' <---> Output : variable 'bmuon_pt'
                         : Input : variable 'bmuon_aeta' <---> Output : variable 'bmuon_aeta'
                         : Input : variable 'bmuon_normchi2' <---> Output : variable 'bmuon_normchi2'
                         : Input : variable 'bmuon_ntracklayers' <---> Output : variable 'bmuon_ntracklayers'
                         : Input : variable 'bmuon_ntrackhits' <---> Output : variable 'bmuon_ntrackhits'
                         : Input : variable 'bmuon_nvalidmuonhits' <---> Output : variable 'bmuon_nvalidmuonhits'
                         : Input : variable 'bmuon_nmatchedstations' <---> Output : variable 'bmuon_nmatchedstations'
                         : Input : variable 'bjet_charge*bmuon_charge' <---> Output : variable 'bjet_charge*bmuon_charge'
                         : Input : variable 'bjet_pt' <---> Output : variable 'bjet_pt'
                         : Input : variable 'bjet_aeta' <---> Output : variable 'bjet_aeta'
                         : Input : variable 'bjet_ChargedHadronEnergyFraction' <---> Output : variable 'bjet_ChargedHadronEnergyFraction'
                         : Input : variable 'bjet_NeutralHadronEnergyFraction' <---> Output : variable 'bjet_NeutralHadronEnergyFraction'
                         : Input : variable 'bjet_NeutralEmEnergyFraction' <---> Output : variable 'bjet_NeutralEmEnergyFraction'
                         : Input : variable 'bjet_ChargedEmEnergyFraction' <---> Output : variable 'bjet_ChargedEmEnergyFraction'
                         : Input : variable 'bjet_MuonEnergyFraction' <---> Output : variable 'bjet_MuonEnergyFraction'
                         : Input : variable 'fabs(bjet_charge)' <---> Output : variable 'fabs(bjet_charge)'
                         : Input : variable 'bjet_ChargedMultiplicity' <---> Output : variable 'bjet_ChargedMultiplicity'
                         : Input : variable 'bjet_NeutralMultiplicity' <---> Output : variable 'bjet_NeutralMultiplicity'
TFHandler_Factory        :                         Variable                                Mean                                RMS                        [        Min                                Max ]
                         : -----------------------------------------------------------------------------------------------------------------------------------------------------------------------------------
                         :                  bmuon_P_jetrest:                            1.3839                            1.9238   [                           0.18030                            302.45 ]
                         :                  bmuon_ptwrtbjet:                           0.96855                           0.83364   [                         0.0085029                            48.035 ]
                         :                     bmuon_dR_l_j:                          0.084309                          0.059581   [                        0.00079309                           0.39879 ]
                         :                     bmuon_nsip3d:                            18.520                            82.676   [                         0.0014549                            3469.9 ]
                         :                  bmuon_reltrkiso:                            1.8964                            5.5162   [                            0.0000                            429.05 ]
                         :                     bmuon_reliso:                            2.8403                            2.2507   [                            0.0000                            9.9992 ]
                         :                  bmuon_palongjet:                            29.524                            125.01   [                            4.8173                            22351. ]
                         :             bmuon_palongjetratio:                           0.25305                           0.38541   [                          0.014519                            64.173 ]
                         :                         bmuon_pt:                            14.813                            29.898   [                            5.0003                            5062.3 ]
                         :                       bmuon_aeta:                            1.0608                           0.66897   [                        9.3116e-05                            2.3999 ]
                         :                   bmuon_normchi2:                            1.1780                           0.73365   [                        0.00022604                            9.9332 ]
                         :               bmuon_ntracklayers:                            12.096                            1.8647   [                            3.0000                            17.000 ]
                         :                 bmuon_ntrackhits:                            17.228                            3.3881   [                            3.0000                            33.000 ]
                         :             bmuon_nvalidmuonhits:                            26.311                            12.901   [                            0.0000                            50.000 ]
                         :           bmuon_nmatchedstations:                            3.1687                           0.97936   [                            1.0000                            5.0000 ]
                         :         bjet_charge*bmuon_charge:                           0.21716                           0.32844   [                          -0.98958                            1.0000 ]
                         :                          bjet_pt:                            62.052                            35.232   [                            30.001                            622.19 ]
                         :                        bjet_aeta:                            1.0684                           0.67167   [                        8.8291e-05                            2.6262 ]
                         : bjet_ChargedHadronEnergyFraction:                           0.44328                           0.19033   [                            0.0000                            1.0000 ]
                         : bjet_NeutralHadronEnergyFraction:                          0.080855                          0.099315   [                            0.0000                           0.77320 ]
                         :     bjet_NeutralEmEnergyFraction:                           0.19077                           0.13213   [                            0.0000                           0.89660 ]
                         :     bjet_ChargedEmEnergyFraction:                          0.034779                           0.10558   [                            0.0000                           0.91448 ]
                         :          bjet_MuonEnergyFraction:                           0.25031                           0.16908   [                            0.0000                           0.94796 ]
                         :                fabs(bjet_charge):                           0.32496                           0.22233   [                        3.5924e-05                            1.0000 ]
                         :         bjet_ChargedMultiplicity:                            10.030                            3.6164   [                            1.0000                            38.000 ]
                         :         bjet_NeutralMultiplicity:                            8.8097                            4.5264   [                            0.0000                            38.000 ]
                         : -----------------------------------------------------------------------------------------------------------------------------------------------------------------------------------
                         : [32m
                         : <PlotVariables> Will not produce scatter plots ==> 
                         : |  The number of 26 input variables and 0 target values would require 325 two-dimensional
                         : |  histograms, which would occupy the computer's memory. Note that this
                         : |  suppression does not have any consequences for your analysis, other
                         : |  than not disposing of these scatter plots. You can modify the maximum
                         : |  number of input variables allowed to generate scatter plots in your
                         : |  script via the command line:
                         : |  "(TMVA::gConfig().GetVariablePlotting()).fMaxNumOfAllowedVariablesForScatterPlots = <some int>;"[0m
                         : 
                         : Some more output
                         : Ranking input variables (method unspecific)...
IdTransformation         : Ranking result (top variable is best ranked)
                         : ---------------------------------------------------------
                         : Rank : Variable                         : Separation
                         : ---------------------------------------------------------
                         :    1 : bjet_charge*bmuon_charge         : 1.299e-01
                         :    2 : bmuon_P_jetrest                  : 1.028e-01
                         :    3 : bjet_MuonEnergyFraction          : 7.910e-02
                         :    4 : bmuon_palongjetratio             : 7.670e-02
                         :    5 : bmuon_ptwrtbjet                  : 7.515e-02
                         :    6 : fabs(bjet_charge)                : 7.161e-02
                         :    7 : bmuon_reliso                     : 5.581e-02
                         :    8 : bmuon_reltrkiso                  : 4.589e-02
                         :    9 : bmuon_pt                         : 4.358e-02
                         :   10 : bjet_ChargedHadronEnergyFraction : 1.718e-02
                         :   11 : bmuon_palongjet                  : 1.529e-02
                         :   12 : bmuon_dR_l_j                     : 1.042e-02
                         :   13 : bjet_NeutralEmEnergyFraction     : 8.162e-03
                         :   14 : bjet_ChargedMultiplicity         : 8.082e-03
                         :   15 : bjet_pt                          : 7.260e-03
                         :   16 : bjet_NeutralMultiplicity         : 6.338e-03
                         :   17 : bmuon_nvalidmuonhits             : 5.569e-03
                         :   18 : bjet_ChargedEmEnergyFraction     : 4.728e-03
                         :   19 : bmuon_nsip3d                     : 4.469e-03
                         :   20 : bjet_NeutralHadronEnergyFraction : 4.280e-03
                         :   21 : bmuon_nmatchedstations           : 4.159e-03
                         :   22 : bmuon_normchi2                   : 2.898e-03
                         :   23 : bmuon_ntrackhits                 : 2.635e-03
                         :   24 : bjet_aeta                        : 2.298e-03
                         :   25 : bmuon_ntracklayers               : 2.276e-03
                         :   26 : bmuon_aeta                       : 2.015e-03
                         : ---------------------------------------------------------
Factory                  : Train method: DNN for Classification
                         : 
                         : 
                         : [1m================================================================[0m
                         : [1mH e l p   f o r   M V A   m e t h o d   [ DNN ] :[0m
                         : 
                         : Keras is a high-level API for the Theano and Tensorflow packages.
                         : This method wraps the training and predictions steps of the Keras
                         : Python package for TMVA, so that dataloading, preprocessing and
                         : evaluation can be done within the TMVA system. To use this Keras
                         : interface, you have to generate a model with Keras first. Then,
                         : this model can be loaded and trained in TMVA.
                         : 
                         : 
                         : <Suppress this message by specifying "!H" in the booking option>
                         : [1m================================================================[0m
                         : 
                         : Preparing the Gaussian transformation...
TFHandler_DNN            :                         Variable                                Mean                                RMS                        [        Min                                Max ]
                         : -----------------------------------------------------------------------------------------------------------------------------------------------------------------------------------
                         :                  bmuon_P_jetrest:                         0.0033522                           0.99465   [                           -3.3549                            5.7307 ]
                         :                  bmuon_ptwrtbjet:                         0.0034483                           0.99766   [                           -3.2819                            5.7307 ]
                         :                     bmuon_dR_l_j:                         0.0028953                           0.99737   [                           -3.3036                            5.7307 ]
                         :                     bmuon_nsip3d:                        -0.0052794                            1.0299   [                           -5.7307                            5.7307 ]
                         :                  bmuon_reltrkiso:                          -0.34340                            1.6745   [                           -5.7307                            5.7307 ]
                         :                     bmuon_reliso:                         -0.019003                            1.0253   [                           -3.3555                            5.7307 ]
                         :                  bmuon_palongjet:                         -0.017348                            1.0718   [                           -5.7307                            5.7307 ]
                         :             bmuon_palongjetratio:                         0.0033037                           0.99526   [                           -3.4052                            5.7307 ]
                         :                         bmuon_pt:                         0.0055988                           0.98842   [                           -2.5538                            5.7307 ]
                         :                       bmuon_aeta:                         0.0038268                            1.0004   [                           -3.2768                            5.7307 ]
                         :                   bmuon_normchi2:                         0.0018405                           0.99742   [                           -3.3365                            5.7307 ]
                         :               bmuon_ntracklayers:                        -0.0050946                            1.0146   [                           -5.0676                            5.7307 ]
                         :                 bmuon_ntrackhits:                         -0.024269                            1.0286   [                           -5.2492                            5.7307 ]
                         :             bmuon_nvalidmuonhits:                          -0.37775                            1.5162   [                           -3.6287                            5.7307 ]
                         :           bmuon_nmatchedstations:                          -0.69275                            1.3628   [                           -4.4665                            5.4200 ]
                         :         bjet_charge*bmuon_charge:                         0.0052005                            1.0053   [                           -3.3347                            5.7307 ]
                         :                          bjet_pt:                         0.0016260                           0.99561   [                           -3.2324                            5.7307 ]
                         :                        bjet_aeta:                         0.0031542                           0.99761   [                           -3.2836                            5.7307 ]
                         : bjet_ChargedHadronEnergyFraction:                         0.0017897                            1.0008   [                           -3.3680                            5.7307 ]
                         : bjet_NeutralHadronEnergyFraction:                          -0.83277                            1.6778   [                           -3.3034                            5.7307 ]
                         :     bjet_NeutralEmEnergyFraction:                         -0.019848                            1.0309   [                           -3.2507                            5.7307 ]
                         :     bjet_ChargedEmEnergyFraction:                           -2.2905                            1.0338   [                           -2.6920                            5.7307 ]
                         :          bjet_MuonEnergyFraction:                          -0.29134                            1.3299   [                           -3.2502                            5.7307 ]
                         :                fabs(bjet_charge):                         0.0077450                            1.0068   [                           -3.3202                            5.7307 ]
                         :         bjet_ChargedMultiplicity:                        -0.0068722                           0.99669   [                           -5.5506                            5.7307 ]
                         :         bjet_NeutralMultiplicity:                        -0.0010184                            1.0133   [                           -5.0106                            5.7307 ]
                         : -----------------------------------------------------------------------------------------------------------------------------------------------------------------------------------
                         : Option TriesEarlyStopping: Training will stop after 30 number of epochs with no improvement of validation loss
Train on 25471 samples, validate on 36767 samples
Epoch 1/300
 - 5s - loss: 0.8683 - acc: 0.6343 - val_loss: 0.6220 - val_acc: 0.6735
Epoch 2/300
 - 1s - loss: 0.8337 - acc: 0.6746 - val_loss: 0.6054 - val_acc: 0.6853
Epoch 3/300
 - 1s - loss: 0.8285 - acc: 0.6806 - val_loss: 0.6039 - val_acc: 0.6887
Epoch 4/300
 - 1s - loss: 0.8257 - acc: 0.6827 - val_loss: 0.6069 - val_acc: 0.6844
Epoch 5/300
 - 1s - loss: 0.8229 - acc: 0.6824 - val_loss: 0.5982 - val_acc: 0.6900
Epoch 6/300
 - 1s - loss: 0.8211 - acc: 0.6842 - val_loss: 0.6038 - val_acc: 0.6903
Epoch 7/300
 - 1s - loss: 0.8224 - acc: 0.6826 - val_loss: 0.6049 - val_acc: 0.6832
Epoch 8/300
 - 1s - loss: 0.8172 - acc: 0.6848 - val_loss: 0.6055 - val_acc: 0.6810
Epoch 9/300
 - 1s - loss: 0.8170 - acc: 0.6838 - val_loss: 0.6131 - val_acc: 0.6793
Epoch 10/300
 - 1s - loss: 0.8158 - acc: 0.6847 - val_loss: 0.6041 - val_acc: 0.6833
Epoch 11/300
 - 1s - loss: 0.8149 - acc: 0.6832 - val_loss: 0.5962 - val_acc: 0.6891
Epoch 12/300
 - 1s - loss: 0.8135 - acc: 0.6907 - val_loss: 0.6039 - val_acc: 0.6785
Epoch 13/300
 - 1s - loss: 0.8129 - acc: 0.6827 - val_loss: 0.5949 - val_acc: 0.6944
Epoch 14/300
 - 2s - loss: 0.8126 - acc: 0.6869 - val_loss: 0.5930 - val_acc: 0.6931
Epoch 15/300
 - 1s - loss: 0.8099 - acc: 0.6897 - val_loss: 0.6014 - val_acc: 0.6836
Epoch 16/300
 - 1s - loss: 0.8092 - acc: 0.6884 - val_loss: 0.5982 - val_acc: 0.6847
Epoch 17/300
 - 1s - loss: 0.8087 - acc: 0.6855 - val_loss: 0.5934 - val_acc: 0.6889
Epoch 18/300
 - 1s - loss: 0.8078 - acc: 0.6887 - val_loss: 0.5988 - val_acc: 0.6888
Epoch 19/300
 - 1s - loss: 0.8080 - acc: 0.6877 - val_loss: 0.5955 - val_acc: 0.6880
Epoch 20/300
 - 1s - loss: 0.8064 - acc: 0.6882 - val_loss: 0.5934 - val_acc: 0.6884
Epoch 21/300
 - 2s - loss: 0.8087 - acc: 0.6887 - val_loss: 0.5975 - val_acc: 0.6855
Epoch 22/300
 - 1s - loss: 0.8059 - acc: 0.6860 - val_loss: 0.5984 - val_acc: 0.6840
Epoch 23/300
 - 2s - loss: 0.8049 - acc: 0.6871 - val_loss: 0.5933 - val_acc: 0.6912
Epoch 24/300
 - 1s - loss: 0.8036 - acc: 0.6895 - val_loss: 0.5987 - val_acc: 0.6837
Epoch 25/300
 - 1s - loss: 0.8030 - acc: 0.6904 - val_loss: 0.5997 - val_acc: 0.6869
Epoch 26/300
 - 1s - loss: 0.8055 - acc: 0.6874 - val_loss: 0.6016 - val_acc: 0.6852
Epoch 27/300
 - 1s - loss: 0.8017 - acc: 0.6880 - val_loss: 0.6030 - val_acc: 0.6865
Epoch 28/300
 - 1s - loss: 0.8032 - acc: 0.6875 - val_loss: 0.6028 - val_acc: 0.6778
Epoch 29/300
 - 1s - loss: 0.8038 - acc: 0.6877 - val_loss: 0.5920 - val_acc: 0.6905
Epoch 30/300
 - 1s - loss: 0.8025 - acc: 0.6898 - val_loss: 0.5909 - val_acc: 0.6994
Epoch 31/300
 - 1s - loss: 0.8010 - acc: 0.6891 - val_loss: 0.5968 - val_acc: 0.6877
Epoch 32/300
 - 1s - loss: 0.8009 - acc: 0.6901 - val_loss: 0.5945 - val_acc: 0.6807
Epoch 33/300
 - 2s - loss: 0.8019 - acc: 0.6872 - val_loss: 0.5992 - val_acc: 0.6825
Epoch 34/300
 - 1s - loss: 0.8010 - acc: 0.6901 - val_loss: 0.5923 - val_acc: 0.6862
Epoch 35/300
 - 1s - loss: 0.8017 - acc: 0.6902 - val_loss: 0.5929 - val_acc: 0.6862
Epoch 36/300
 - 1s - loss: 0.8012 - acc: 0.6877 - val_loss: 0.5948 - val_acc: 0.6866
Epoch 37/300
 - 1s - loss: 0.7988 - acc: 0.6883 - val_loss: 0.5879 - val_acc: 0.6920
Epoch 38/300
 - 1s - loss: 0.7998 - acc: 0.6918 - val_loss: 0.5915 - val_acc: 0.6936
Epoch 39/300
 - 1s - loss: 0.7999 - acc: 0.6904 - val_loss: 0.5929 - val_acc: 0.6900
Epoch 40/300
 - 1s - loss: 0.7995 - acc: 0.6914 - val_loss: 0.5964 - val_acc: 0.6810
Epoch 41/300
 - 1s - loss: 0.7981 - acc: 0.6908 - val_loss: 0.5927 - val_acc: 0.6856
Epoch 42/300
 - 1s - loss: 0.7986 - acc: 0.6914 - val_loss: 0.5972 - val_acc: 0.6809
Epoch 43/300
 - 1s - loss: 0.7952 - acc: 0.6866 - val_loss: 0.5907 - val_acc: 0.6915
Epoch 44/300
 - 1s - loss: 0.7975 - acc: 0.6901 - val_loss: 0.5935 - val_acc: 0.6841
Epoch 45/300
 - 1s - loss: 0.7981 - acc: 0.6865 - val_loss: 0.5953 - val_acc: 0.6894
Epoch 46/300
 - 1s - loss: 0.7972 - acc: 0.6915 - val_loss: 0.5967 - val_acc: 0.6824
Epoch 47/300
 - 2s - loss: 0.7961 - acc: 0.6916 - val_loss: 0.6019 - val_acc: 0.6744
Epoch 48/300
 - 1s - loss: 0.7980 - acc: 0.6898 - val_loss: 0.6008 - val_acc: 0.6846
Epoch 49/300
 - 1s - loss: 0.7974 - acc: 0.6914 - val_loss: 0.5962 - val_acc: 0.6817
Epoch 50/300
 - 1s - loss: 0.7957 - acc: 0.6907 - val_loss: 0.5882 - val_acc: 0.6911
Epoch 51/300
 - 2s - loss: 0.7978 - acc: 0.6924 - val_loss: 0.5911 - val_acc: 0.6863
Epoch 52/300
 - 1s - loss: 0.7958 - acc: 0.6916 - val_loss: 0.5838 - val_acc: 0.6965
Epoch 53/300
 - 1s - loss: 0.7960 - acc: 0.6939 - val_loss: 0.5927 - val_acc: 0.6884
Epoch 54/300
 - 1s - loss: 0.7955 - acc: 0.6904 - val_loss: 0.5928 - val_acc: 0.6851
Epoch 55/300
 - 1s - loss: 0.7968 - acc: 0.6900 - val_loss: 0.5903 - val_acc: 0.6862
Epoch 56/300
 - 1s - loss: 0.7943 - acc: 0.6941 - val_loss: 0.6044 - val_acc: 0.6823
Epoch 57/300
 - 1s - loss: 0.7941 - acc: 0.6924 - val_loss: 0.6013 - val_acc: 0.6733
Epoch 58/300
 - 1s - loss: 0.7939 - acc: 0.6922 - val_loss: 0.5925 - val_acc: 0.6858
Epoch 59/300
 - 1s - loss: 0.7950 - acc: 0.6902 - val_loss: 0.5933 - val_acc: 0.6844
Epoch 60/300
 - 1s - loss: 0.7942 - acc: 0.6930 - val_loss: 0.5906 - val_acc: 0.6893
Epoch 61/300
 - 2s - loss: 0.7948 - acc: 0.6902 - val_loss: 0.5951 - val_acc: 0.6827
Epoch 62/300
 - 1s - loss: 0.7958 - acc: 0.6927 - val_loss: 0.5967 - val_acc: 0.6793
Epoch 63/300
 - 1s - loss: 0.7942 - acc: 0.6928 - val_loss: 0.5961 - val_acc: 0.6832
Epoch 64/300
 - 1s - loss: 0.7937 - acc: 0.6902 - val_loss: 0.5918 - val_acc: 0.6847
Epoch 65/300
 - 1s - loss: 0.7947 - acc: 0.6920 - val_loss: 0.5840 - val_acc: 0.6945
Epoch 66/300
 - 1s - loss: 0.7948 - acc: 0.6915 - val_loss: 0.5856 - val_acc: 0.6944
Epoch 67/300
 - 1s - loss: 0.7943 - acc: 0.6933 - val_loss: 0.6073 - val_acc: 0.6677
Epoch 68/300
 - 1s - loss: 0.7930 - acc: 0.6901 - val_loss: 0.5987 - val_acc: 0.6780
Epoch 69/300
 - 1s - loss: 0.7948 - acc: 0.6892 - val_loss: 0.5837 - val_acc: 0.6929
Epoch 70/300
 - 1s - loss: 0.7934 - acc: 0.6914 - val_loss: 0.5924 - val_acc: 0.6856
Epoch 71/300
 - 1s - loss: 0.7925 - acc: 0.6914 - val_loss: 0.5968 - val_acc: 0.6907
Epoch 72/300
 - 1s - loss: 0.7953 - acc: 0.6949 - val_loss: 0.5840 - val_acc: 0.6960
Epoch 73/300
 - 1s - loss: 0.7918 - acc: 0.6899 - val_loss: 0.5879 - val_acc: 0.6949
Epoch 74/300
 - 1s - loss: 0.7916 - acc: 0.6968 - val_loss: 0.6017 - val_acc: 0.6748
Epoch 75/300
 - 1s - loss: 0.7937 - acc: 0.6913 - val_loss: 0.5963 - val_acc: 0.6781
Epoch 76/300
 - 1s - loss: 0.7925 - acc: 0.6914 - val_loss: 0.5905 - val_acc: 0.6900
Epoch 77/300
 - 1s - loss: 0.7909 - acc: 0.6971 - val_loss: 0.6000 - val_acc: 0.6751
Epoch 78/300
 - 2s - loss: 0.7920 - acc: 0.6904 - val_loss: 0.5902 - val_acc: 0.6839
Epoch 79/300
 - 2s - loss: 0.7923 - acc: 0.6897 - val_loss: 0.5919 - val_acc: 0.6851
Epoch 80/300
 - 2s - loss: 0.7900 - acc: 0.6943 - val_loss: 0.5935 - val_acc: 0.6817
Epoch 81/300
 - 1s - loss: 0.7908 - acc: 0.6919 - val_loss: 0.5912 - val_acc: 0.6842
Epoch 82/300
 - 1s - loss: 0.7913 - acc: 0.6966 - val_loss: 0.5866 - val_acc: 0.6894
Epoch 83/300
 - 1s - loss: 0.7916 - acc: 0.6929 - val_loss: 0.6075 - val_acc: 0.6750
Epoch 84/300
 - 1s - loss: 0.7915 - acc: 0.6922 - val_loss: 0.5921 - val_acc: 0.6887
Epoch 85/300
 - 1s - loss: 0.7906 - acc: 0.6916 - val_loss: 0.5931 - val_acc: 0.6836
Epoch 86/300
 - 1s - loss: 0.7912 - acc: 0.6966 - val_loss: 0.5929 - val_acc: 0.6836
Epoch 87/300
 - 1s - loss: 0.7912 - acc: 0.6903 - val_loss: 0.5895 - val_acc: 0.6943
Epoch 88/300
 - 1s - loss: 0.7911 - acc: 0.6948 - val_loss: 0.5919 - val_acc: 0.6920
Epoch 89/300
 - 2s - loss: 0.7907 - acc: 0.6975 - val_loss: 0.6101 - val_acc: 0.6735
Epoch 90/300
 - 1s - loss: 0.7907 - acc: 0.6925 - val_loss: 0.5929 - val_acc: 0.6866
Epoch 91/300
 - 1s - loss: 0.7904 - acc: 0.6940 - val_loss: 0.5930 - val_acc: 0.6897
Epoch 92/300
 - 2s - loss: 0.7887 - acc: 0.6969 - val_loss: 0.5979 - val_acc: 0.6872
Epoch 93/300
 - 1s - loss: 0.7911 - acc: 0.6938 - val_loss: 0.5922 - val_acc: 0.6862
Epoch 94/300
 - 1s - loss: 0.7901 - acc: 0.6926 - val_loss: 0.5898 - val_acc: 0.6876
Epoch 95/300
 - 1s - loss: 0.7897 - acc: 0.6970 - val_loss: 0.5962 - val_acc: 0.6887
Epoch 96/300
 - 1s - loss: 0.7878 - acc: 0.6926 - val_loss: 0.5854 - val_acc: 0.6947
Epoch 97/300
 - 1s - loss: 0.7872 - acc: 0.6977 - val_loss: 0.5890 - val_acc: 0.6883
Epoch 98/300
 - 1s - loss: 0.7902 - acc: 0.6930 - val_loss: 0.5888 - val_acc: 0.6872
Epoch 99/300
 - 1s - loss: 0.7908 - acc: 0.6934 - val_loss: 0.5861 - val_acc: 0.6900
Epoch 00099: early stopping
                         : Trained model written to file: muon2016postVFP__3__48__1100__0.1/weights/TrainedModel_DNN.h5
                         : Elapsed time for training with 25471 events: 141 sec         
                         : Creating xml weight file: [0;36mmuon2016postVFP__3__48__1100__0.1/weights/muon2016postVFP__3__48__1100__0.1_DNN.weights.xml[0m
                         : Creating standalone class: [0;36mmuon2016postVFP__3__48__1100__0.1/weights/muon2016postVFP__3__48__1100__0.1_DNN.class.C[0m
Factory                  : Training finished
                         : 
                         : Ranking input variables (method specific)...
                         : No variable ranking supplied by classifier: DNN
Factory                  : === Destroy and recreate all methods via weight files for testing ===
                         : 
Factory                  : [1mTest all methods[0m
Factory                  : Test method: DNN for Classification performance
                         : 
                         : Load model from file: muon2016postVFP__3__48__1100__0.1/weights/TrainedModel_DNN.h5
Factory                  : [1mEvaluate all methods[0m
Factory                  : Evaluate classifier: DNN
                         : 
TFHandler_DNN            :                         Variable                                Mean                                RMS                        [        Min                                Max ]
                         : -----------------------------------------------------------------------------------------------------------------------------------------------------------------------------------
                         :                  bmuon_P_jetrest:                           0.14011                            1.0072   [                           -3.2979                            5.7307 ]
                         :                  bmuon_ptwrtbjet:                           0.10451                            1.0131   [                           -3.5881                            5.7307 ]
                         :                     bmuon_dR_l_j:                        -0.0085910                            1.0170   [                           -5.7307                            5.7307 ]
                         :                     bmuon_nsip3d:                         -0.024942                            1.0364   [                           -5.7307                            5.7307 ]
                         :                  bmuon_reltrkiso:                          -0.39297                            1.6499   [                           -5.7307                            5.7307 ]
                         :                     bmuon_reliso:                         -0.076394                            1.0346   [                           -3.3555                            5.7307 ]
                         :                  bmuon_palongjet:                          0.066746                            1.0746   [                           -5.7307                            3.4859 ]
                         :             bmuon_palongjetratio:                          0.077931                            1.0165   [                           -3.2674                            3.5314 ]
                         :                         bmuon_pt:                           0.13559                            1.0111   [                           -2.5558                            5.7307 ]
                         :                       bmuon_aeta:                         -0.032477                           0.98615   [                           -3.3332                            5.7307 ]
                         :                   bmuon_normchi2:                         -0.020463                            1.0003   [                           -3.3353                            5.7307 ]
                         :               bmuon_ntracklayers:                        -0.0010667                           0.98447   [                           -5.0676                            5.7307 ]
                         :                 bmuon_ntrackhits:                         -0.024421                            1.0071   [                           -5.2492                            5.4224 ]
                         :             bmuon_nvalidmuonhits:                          -0.34820                            1.5119   [                           -3.6287                            5.7307 ]
                         :           bmuon_nmatchedstations:                          -0.67075                            1.3457   [                           -4.4665                            5.4200 ]
                         :         bjet_charge*bmuon_charge:                           0.10818                            1.0046   [                           -3.4046                            5.7307 ]
                         :                          bjet_pt:                          0.081599                            1.0201   [                           -3.2341                            5.7307 ]
                         :                        bjet_aeta:                         -0.033432                           0.98969   [                           -3.2989                            5.7307 ]
                         : bjet_ChargedHadronEnergyFraction:                         -0.045049                            1.0009   [                           -3.3680                            5.7307 ]
                         : bjet_NeutralHadronEnergyFraction:                          -0.86070                            1.6636   [                           -3.3034                            5.7307 ]
                         :     bjet_NeutralEmEnergyFraction:                         -0.025381                            1.0440   [                           -3.2507                            5.7307 ]
                         :     bjet_ChargedEmEnergyFraction:                           -2.2908                            1.0333   [                           -2.6920                            5.7307 ]
                         :          bjet_MuonEnergyFraction:                          -0.21420                            1.3481   [                           -3.2502                            5.7307 ]
                         :                fabs(bjet_charge):                          0.088634                            1.0186   [                           -3.3856                            5.7307 ]
                         :         bjet_ChargedMultiplicity:                        -0.0078025                            1.0121   [                           -5.5506                            5.7307 ]
                         :         bjet_NeutralMultiplicity:                          0.015740                            1.0313   [                           -5.0106                            3.7896 ]
                         : -----------------------------------------------------------------------------------------------------------------------------------------------------------------------------------
DNN                      : [muon2016postVFP__3__48__1100__0.1] : Loop over test events and fill histograms with classifier response...
                         : 
TFHandler_DNN            :                         Variable                                Mean                                RMS                        [        Min                                Max ]
                         : -----------------------------------------------------------------------------------------------------------------------------------------------------------------------------------
                         :                  bmuon_P_jetrest:                           0.14011                            1.0072   [                           -3.2979                            5.7307 ]
                         :                  bmuon_ptwrtbjet:                           0.10451                            1.0131   [                           -3.5881                            5.7307 ]
                         :                     bmuon_dR_l_j:                        -0.0085910                            1.0170   [                           -5.7307                            5.7307 ]
                         :                     bmuon_nsip3d:                         -0.024942                            1.0364   [                           -5.7307                            5.7307 ]
                         :                  bmuon_reltrkiso:                          -0.39297                            1.6499   [                           -5.7307                            5.7307 ]
                         :                     bmuon_reliso:                         -0.076394                            1.0346   [                           -3.3555                            5.7307 ]
                         :                  bmuon_palongjet:                          0.066746                            1.0746   [                           -5.7307                            3.4859 ]
                         :             bmuon_palongjetratio:                          0.077931                            1.0165   [                           -3.2674                            3.5314 ]
                         :                         bmuon_pt:                           0.13559                            1.0111   [                           -2.5558                            5.7307 ]
                         :                       bmuon_aeta:                         -0.032477                           0.98615   [                           -3.3332                            5.7307 ]
                         :                   bmuon_normchi2:                         -0.020463                            1.0003   [                           -3.3353                            5.7307 ]
                         :               bmuon_ntracklayers:                        -0.0010667                           0.98447   [                           -5.0676                            5.7307 ]
                         :                 bmuon_ntrackhits:                         -0.024421                            1.0071   [                           -5.2492                            5.4224 ]
                         :             bmuon_nvalidmuonhits:                          -0.34820                            1.5119   [                           -3.6287                            5.7307 ]
                         :           bmuon_nmatchedstations:                          -0.67075                            1.3457   [                           -4.4665                            5.4200 ]
                         :         bjet_charge*bmuon_charge:                           0.10818                            1.0046   [                           -3.4046                            5.7307 ]
                         :                          bjet_pt:                          0.081599                            1.0201   [                           -3.2341                            5.7307 ]
                         :                        bjet_aeta:                         -0.033432                           0.98969   [                           -3.2989                            5.7307 ]
                         : bjet_ChargedHadronEnergyFraction:                         -0.045049                            1.0009   [                           -3.3680                            5.7307 ]
                         : bjet_NeutralHadronEnergyFraction:                          -0.86070                            1.6636   [                           -3.3034                            5.7307 ]
                         :     bjet_NeutralEmEnergyFraction:                         -0.025381                            1.0440   [                           -3.2507                            5.7307 ]
                         :     bjet_ChargedEmEnergyFraction:                           -2.2908                            1.0333   [                           -2.6920                            5.7307 ]
                         :          bjet_MuonEnergyFraction:                          -0.21420                            1.3481   [                           -3.2502                            5.7307 ]
                         :                fabs(bjet_charge):                          0.088634                            1.0186   [                           -3.3856                            5.7307 ]
                         :         bjet_ChargedMultiplicity:                        -0.0078025                            1.0121   [                           -5.5506                            5.7307 ]
                         :         bjet_NeutralMultiplicity:                          0.015740                            1.0313   [                           -5.0106                            3.7896 ]
                         : -----------------------------------------------------------------------------------------------------------------------------------------------------------------------------------
                         : [32m
                         : <PlotVariables> Will not produce scatter plots ==> 
                         : |  The number of 26 input variables and 0 target values would require 325 two-dimensional
                         : |  histograms, which would occupy the computer's memory. Note that this
                         : |  suppression does not have any consequences for your analysis, other
                         : |  than not disposing of these scatter plots. You can modify the maximum
                         : |  number of input variables allowed to generate scatter plots in your
                         : |  script via the command line:
                         : |  "(TMVA::gConfig().GetVariablePlotting()).fMaxNumOfAllowedVariablesForScatterPlots = <some int>;"[0m
                         : 
                         : Some more output
                         : 
                         : Evaluation results ranked by best signal efficiency and purity (area)
                         : -------------------------------------------------------------------------------------------------------------------
                         : DataSet       MVA                       
                         : Name:         Method:          ROC-integ
                         : muon2016postVFP__3__48__1100__0.1 DNN            : 0.765
                         : -------------------------------------------------------------------------------------------------------------------
                         : 
                         : Testing efficiency compared to training efficiency (overtraining check)
                         : -------------------------------------------------------------------------------------------------------------------
                         : DataSet              MVA              Signal efficiency: from test sample (from training sample) 
                         : Name:                Method:          @B=0.01             @B=0.10            @B=0.30   
                         : -------------------------------------------------------------------------------------------------------------------
                         : muon2016postVFP__3__48__1100__0.1 DNN            : 0.105 (0.097)       0.415 (0.423)      0.692 (0.702)
                         : -------------------------------------------------------------------------------------------------------------------
                         : 
Dataset:muon2016postVF...: Created tree 'TestTree' with 36767 events
                         : 
Dataset:muon2016postVF...: Created tree 'TrainTree' with 25471 events
                         : 
Factory                  : [1mThank you for using TMVA![0m
                         : [1mFor citation information, please visit: http://tmva.sf.net/citeTMVA.html[0m
ref.cut= DNN 0.487674770889
auc= 0.765370578798
myerr=0
[ntry=1]
