DataSetInfo              : [BDT_2016preVFP] : Added class "Signal"
                         : Add Tree OutTree/sig of type Signal with 471124 events
                         : Add Tree OutTree/sig of type Signal with 536163 events
DataSetInfo              : [BDT_2016preVFP] : Added class "Background"
                         : Add Tree OutTree/bkg of type Background with 289267 events
                         : Add Tree OutTree/bkg of type Background with 323995 events
Factory                  : Booking method: [1mBDT[0m
                         : 
                         : Parsing option string: 
                         : ... "!H:V:NTrees=800:MinNodeSize=1%:MaxDepth=4:Shrinkage=0.005:BoostType=Grad:AdaBoostBeta=:UseBaggedBoost=True:BaggedSampleFraction=0.1:SeparationType=CrossEntropy:nCuts=10:IgnoreNegWeightsInTraining=True:VarTransform=G"
                         : The following options are set:
                         : - By User:
                         :     <none>
                         : - Default:
                         :     Boost_num: "0" [Number of times the classifier will be boosted]
                         : Parsing option string: 
                         : ... "!H:V:NTrees=800:MinNodeSize=1%:MaxDepth=4:Shrinkage=0.005:BoostType=Grad:AdaBoostBeta=:UseBaggedBoost=True:BaggedSampleFraction=0.1:SeparationType=CrossEntropy:nCuts=10:IgnoreNegWeightsInTraining=True:VarTransform=G"
                         : The following options are set:
                         : - By User:
                         :     V: "True" [Verbose output (short form of "VerbosityLevel" below - overrides the latter one)]
                         :     VarTransform: "G" [List of variable transformations performed before training, e.g., "D_Background,P_Signal,G,N_AllClasses" for: "Decorrelation, PCA-transformation, Gaussianisation, Normalisation, each for the given class of events ('AllClasses' denotes all events of all classes, if no class indication is given, 'All' is assumed)"]
                         :     H: "False" [Print method-specific help message]
                         :     IgnoreNegWeightsInTraining: "True" [Events with negative weights are ignored in the training (but are included for testing and performance evaluation)]
                         :     NTrees: "800" [Number of trees in the forest]
                         :     MaxDepth: "4" [Max depth of the decision tree allowed]
                         :     MinNodeSize: "1%" [Minimum percentage of training events required in a leaf node (default: Classification: 5%, Regression: 0.2%)]
                         :     nCuts: "10" [Number of grid points in variable range used in finding optimal cut in node splitting]
                         :     BoostType: "Grad" [Boosting type for the trees in the forest (note: AdaCost is still experimental)]
                         :     UseBaggedBoost: "True" [Use only a random subsample of all events for growing the trees in each boost iteration.]
                         :     Shrinkage: "5.000000e-03" [Learning rate for BoostType=Grad algorithm]
                         :     AdaBoostBeta: "5.000000e-01" [Learning rate  for AdaBoost algorithm]
                         :     BaggedSampleFraction: "1.000000e-01" [Relative size of bagged event sample to original size of the data sample (used whenever bagging is used (i.e. UseBaggedBoost, Bagging,)]
                         :     SeparationType: "CrossEntropy" [Separation criterion for node splitting]
                         : - Default:
                         :     VerbosityLevel: "Default" [Verbosity level]
                         :     CreateMVAPdfs: "False" [Create PDFs for classifier outputs (signal and background)]
                         :     AdaBoostR2Loss: "Quadratic" [Type of Loss function in AdaBoostR2]
                         :     UseRandomisedTrees: "False" [Determine at each node splitting the cut variable only as the best out of a random subset of variables (like in RandomForests)]
                         :     UseNvars: "3" [Size of the subset of variables used with RandomisedTree option]
                         :     UsePoissonNvars: "True" [Interpret "UseNvars" not as fixed number but as mean of a Poisson distribution in each split with RandomisedTree option]
                         :     UseYesNoLeaf: "True" [Use Sig or Bkg categories, or the purity=S/(S+B) as classification of the leaf node -> Real-AdaBoost]
                         :     NegWeightTreatment: "InverseBoostNegWeights" [How to treat events with negative weights in the BDT training (particular the boosting) : IgnoreInTraining;  Boost With inverse boostweight; Pair events with negative and positive weights in training sample and *annihilate* them (experimental!)]
                         :     Css: "1.000000e+00" [AdaCost: cost of true signal selected signal]
                         :     Cts_sb: "1.000000e+00" [AdaCost: cost of true signal selected bkg]
                         :     Ctb_ss: "1.000000e+00" [AdaCost: cost of true bkg    selected signal]
                         :     Cbb: "1.000000e+00" [AdaCost: cost of true bkg    selected bkg ]
                         :     NodePurityLimit: "5.000000e-01" [In boosting/pruning, nodes with purity > NodePurityLimit are signal; background otherwise.]
                         :     RegressionLossFunctionBDTG: "Huber" [Loss function for BDTG regression.]
                         :     HuberQuantile: "7.000000e-01" [In the Huber loss function this is the quantile that separates the core from the tails in the residuals distribution.]
                         :     DoBoostMonitor: "False" [Create control plot with ROC integral vs tree number]
                         :     UseFisherCuts: "False" [Use multivariate splits using the Fisher criterion]
                         :     MinLinCorrForFisher: "8.000000e-01" [The minimum linear correlation between two variables demanded for use in Fisher criterion in node splitting]
                         :     UseExclusiveVars: "False" [Variables already used in fisher criterion are not anymore analysed individually for node splitting]
                         :     DoPreselection: "False" [and and apply automatic pre-selection for 100% efficient signal (bkg) cuts prior to training]
                         :     SigToBkgFraction: "1.000000e+00" [Sig to Bkg ratio used in Training (similar to NodePurityLimit, which cannot be used in real adaboost]
                         :     PruneMethod: "NoPruning" [Note: for BDTs use small trees (e.g.MaxDepth=3) and NoPruning:  Pruning: Method used for pruning (removal) of statistically insignificant branches ]
                         :     PruneStrength: "0.000000e+00" [Pruning strength]
                         :     PruningValFraction: "5.000000e-01" [Fraction of events to use for optimizing automatic pruning.]
                         :     SkipNormalization: "False" [Skip normalization at initialization, to keep expectation value of BDT output according to the fraction of events]
                         :     nEventsMin: "0" [deprecated: Use MinNodeSize (in % of training events) instead]
                         :     UseBaggedGrad: "False" [deprecated: Use *UseBaggedBoost* instead:  Use only a random subsample of all events for growing the trees in each iteration.]
                         :     GradBaggingFraction: "1.000000e-01" [deprecated: Use *BaggedSampleFraction* instead: Defines the fraction of events to be used in each iteration, e.g. when UseBaggedGrad=kTRUE. ]
                         :     UseNTrainEvents: "0" [deprecated: Use *BaggedSampleFraction* instead: Number of randomly picked training events used in randomised (and bagged) trees]
                         :     NNodesMax: "0" [deprecated: Use MaxDepth instead to limit the tree size]
BDT                      : [BDT_2016preVFP] : Create Transformation "G" with events from all classes.
                         : 
                         : Transformation, Variable selection : 
                         : Input : variable 'belectron_dR_l_j<0.13?0.13:belectron_dR_l_j' <---> Output : variable 'belectron_dR_l_j<0.13?0.13:belectron_dR_l_j'
                         : Input : variable 'belectron_P_jetrest<0.8?0.8:belectron_P_jetrest>1.5?1.5:belectron_P_jetrest' <---> Output : variable 'belectron_P_jetrest<0.8?0.8:belectron_P_jetrest>1.5?1.5:belectron_P_jetrest'
                         : Input : variable 'belectron_palongjet>15.?15.:belectron_palongjet' <---> Output : variable 'belectron_palongjet>15.?15.:belectron_palongjet'
                         : Input : variable 'belectron_palongjetratio>0.15?0.15:belectron_palongjetratio' <---> Output : variable 'belectron_palongjetratio>0.15?0.15:belectron_palongjetratio'
                         : Input : variable 'belectron_ptwrtbjet<0.8?0.8:belectron_ptwrtbjet>1.2?1.2:belectron_ptwrtbjet' <---> Output : variable 'belectron_ptwrtbjet<0.8?0.8:belectron_ptwrtbjet>1.2?1.2:belectron_ptwrtbjet'
                         : Input : variable 'bjet_ChargedEmEnergyFraction>0.2?0.2:bjet_ChargedEmEnergyFraction' <---> Output : variable 'bjet_ChargedEmEnergyFraction>0.2?0.2:bjet_ChargedEmEnergyFraction'
                         : Input : variable 'bjet_ChargedHadronEnergyFraction<0.3?0.3:bjet_ChargedHadronEnergyFraction>0.7?0.7:bjet_ChargedHadronEnergyFraction' <---> Output : variable 'bjet_ChargedHadronEnergyFraction<0.3?0.3:bjet_ChargedHadronEnergyFraction>0.7?0.7:bjet_ChargedHadronEnergyFraction'
                         : Input : variable 'bjet_NeutralEmEnergyFraction<0.2?0.2:bjet_NeutralEmEnergyFraction>0.6?0.6:bjet_NeutralEmEnergyFraction' <---> Output : variable 'bjet_NeutralEmEnergyFraction<0.2?0.2:bjet_NeutralEmEnergyFraction>0.6?0.6:bjet_NeutralEmEnergyFraction'
                         : Input : variable 'bjet_charge*belectron_charge<-0.4?-0.4:bjet_charge*belectron_charge>0.2?0.2:bjet_charge*belectron_charge' <---> Output : variable 'bjet_charge*belectron_charge<-0.4?-0.4:bjet_charge*belectron_charge>0.2?0.2:bjet_charge*belectron_charge'
                         : Input : variable 'fabs(bjet_charge)' <---> Output : variable 'fabs(bjet_charge)'
                         : the option NegWeightTreatment=InverseBoostNegWeights does not exist for BoostType=Grad
                         : --> change to new default NegWeightTreatment=Pray
                         : Rebuilding Dataset BDT_2016preVFP
                         : Building event vectors for type 1 Signal
                         : Dataset[BDT_2016preVFP] :  create input formulas for tree sig
                         : Dataset[BDT_2016preVFP] :  create input formulas for tree sig
                         : Dataset[BDT_2016preVFP] :  create input formulas for tree sig
                         : Building event vectors for type 0 Signal
                         : Dataset[BDT_2016preVFP] :  create input formulas for tree sig
                         : Dataset[BDT_2016preVFP] :  create input formulas for tree sig
                         : Building event vectors for type 1 Background
                         : Dataset[BDT_2016preVFP] :  create input formulas for tree bkg
                         : Dataset[BDT_2016preVFP] :  create input formulas for tree bkg
                         : Dataset[BDT_2016preVFP] :  create input formulas for tree bkg
                         : Building event vectors for type 0 Background
                         : Dataset[BDT_2016preVFP] :  create input formulas for tree bkg
                         : Dataset[BDT_2016preVFP] :  create input formulas for tree bkg
DataSetFactory           : [BDT_2016preVFP] : Number of events in input trees
                         : Dataset[BDT_2016preVFP] :     Signal     requirement: "(belectron_charge*bjet_partonFlavour < 0)&&(Has_bElectron)"
                         : Dataset[BDT_2016preVFP] :     Signal          -- number of events passed: 61061  / sum of weights: 33500.7
                         : Dataset[BDT_2016preVFP] :     Signal          -- efficiency             : 0.0579066
                         : Dataset[BDT_2016preVFP] :     Background requirement: "(belectron_charge*bjet_partonFlavour > 0)&&(Has_bElectron)"
                         : Dataset[BDT_2016preVFP] :     Background      -- number of events passed: 37508  / sum of weights: 20548.9
                         : Dataset[BDT_2016preVFP] :     Background      -- efficiency             : 0.0589012
                         : Dataset[BDT_2016preVFP] :  you have opted for interpreting the requested number of training/testing events
                         :  to be the number of events AFTER your preselection cuts
                         : 
                         : Dataset[BDT_2016preVFP] :  you have opted for interpreting the requested number of training/testing events
                         :  to be the number of events AFTER your preselection cuts
                         : 
                         : Dataset[BDT_2016preVFP] : Weight renormalisation mode: "EqualNumEvents": renormalises all event classes ...
                         : Dataset[BDT_2016preVFP] :  such that the effective (weighted) number of events in each class is the same 
                         : Dataset[BDT_2016preVFP] :  (and equals the number of events (entries) given for class=0 )
                         : Dataset[BDT_2016preVFP] : ... i.e. such that Sum[i=1..N_j]{w_i} = N_classA, j=classA, classB, ...
                         : Dataset[BDT_2016preVFP] : ... (note that N_j is the sum of TRAINING events
                         : Dataset[BDT_2016preVFP] :  ..... Testing events are not renormalised nor included in the renormalisation factor!)
                         : Number of training and testing events
                         : ---------------------------------------------------------------------------
                         : Signal     -- training events            : 26518
                         : Signal     -- testing events             : 34543
                         : Signal     -- training and testing events: 61061
                         : Dataset[BDT_2016preVFP] : Signal     -- due to the preselection a scaling factor has been applied to the numbers of requested events: 0.0606193
                         : Background -- training events            : 16167
                         : Background -- testing events             : 21341
                         : Background -- training and testing events: 37508
                         : Dataset[BDT_2016preVFP] : Background -- due to the preselection a scaling factor has been applied to the numbers of requested events: 0.0611615
                         : 
DataSetInfo              : Correlation matrix (Signal):
                         : --------------------------------------------------------------------------------------------------------------------------------------------------------------------------------------------------------------------------------------------------------------------------------------------------------------------------------------------------------------------------------------------------------------------------------------------------------------------------------------------------------------------------------------------------------------------------------------------------------------------------------------------------------------------------------------------------------------------------------------------------------------------------------------------------------------------------------------------------------------------
                         :                                                                                                                     belectron_dR_l_j_0.13_0.13:belectron_dR_l_j belectron_P_jetrest_0.8_0.8:belectron_P_jetrest_1.5_1.5:belectron_P_jetrest belectron_palongjet_15._15.:belectron_palongjet belectron_palongjetratio_0.15_0.15:belectron_palongjetratio belectron_ptwrtbjet_0.8_0.8:belectron_ptwrtbjet_1.2_1.2:belectron_ptwrtbjet bjet_ChargedEmEnergyFraction_0.2_0.2:bjet_ChargedEmEnergyFraction bjet_ChargedHadronEnergyFraction_0.3_0.3:bjet_ChargedHadronEnergyFraction_0.7_0.7:bjet_ChargedHadronEnergyFraction bjet_NeutralEmEnergyFraction_0.2_0.2:bjet_NeutralEmEnergyFraction_0.6_0.6:bjet_NeutralEmEnergyFraction bjet_charge_T_belectron_charge__M_0.4__M_0.4:bjet_charge_T_belectron_charge_0.2_0.2:bjet_charge_T_belectron_charge fabs_bjet_charge_
                         :                                                                        belectron_dR_l_j_0.13_0.13:belectron_dR_l_j:                                      +1.000                                                                      +0.180                                          -0.278                                                      -0.227                                                                      +0.340                                                            +0.003                                                                                                             +0.054                                                                                                 -0.025                                                                                                             -0.091            -0.037
                         :                                        belectron_P_jetrest_0.8_0.8:belectron_P_jetrest_1.5_1.5:belectron_P_jetrest:                                      +0.180                                                                      +1.000                                          +0.485                                                      +0.358                                                                      +0.655                                                            +0.267                                                                                                             -0.297                                                                                                 -0.122                                                                                                             +0.220            +0.223
                         :                                                                    belectron_palongjet_15._15.:belectron_palongjet:                                      -0.278                                                                      +0.485                                          +1.000                                                      +0.427                                                                      +0.160                                                            +0.166                                                                                                             -0.215                                                                                                 -0.088                                                                                                             +0.188            +0.169
                         :                                                        belectron_palongjetratio_0.15_0.15:belectron_palongjetratio:                                      -0.227                                                                      +0.358                                          +0.427                                                      +1.000                                                                      +0.135                                                            +0.216                                                                                                             -0.149                                                                                                 -0.027                                                                                                             +0.229            +0.102
                         :                                        belectron_ptwrtbjet_0.8_0.8:belectron_ptwrtbjet_1.2_1.2:belectron_ptwrtbjet:                                      +0.340                                                                      +0.655                                          +0.160                                                      +0.135                                                                      +1.000                                                            +0.179                                                                                                             -0.108                                                                                                 -0.072                                                                                                             +0.083            +0.097
                         :                                                  bjet_ChargedEmEnergyFraction_0.2_0.2:bjet_ChargedEmEnergyFraction:                                      +0.003                                                                      +0.267                                          +0.166                                                      +0.216                                                                      +0.179                                                            +1.000                                                                                                             -0.559                                                                                                 -0.447                                                                                                             +0.100            +0.126
                         : bjet_ChargedHadronEnergyFraction_0.3_0.3:bjet_ChargedHadronEnergyFraction_0.7_0.7:bjet_ChargedHadronEnergyFraction:                                      +0.054                                                                      -0.297                                          -0.215                                                      -0.149                                                                      -0.108                                                            -0.559                                                                                                             +1.000                                                                                                 -0.156                                                                                                             -0.126            -0.231
                         :             bjet_NeutralEmEnergyFraction_0.2_0.2:bjet_NeutralEmEnergyFraction_0.6_0.6:bjet_NeutralEmEnergyFraction:                                      -0.025                                                                      -0.122                                          -0.088                                                      -0.027                                                                      -0.072                                                            -0.447                                                                                                             -0.156                                                                                                 +1.000                                                                                                             -0.005            -0.046
                         : bjet_charge_T_belectron_charge__M_0.4__M_0.4:bjet_charge_T_belectron_charge_0.2_0.2:bjet_charge_T_belectron_charge:                                      -0.091                                                                      +0.220                                          +0.188                                                      +0.229                                                                      +0.083                                                            +0.100                                                                                                             -0.126                                                                                                 -0.005                                                                                                             +1.000            +0.342
                         :                                                                                                  fabs_bjet_charge_:                                      -0.037                                                                      +0.223                                          +0.169                                                      +0.102                                                                      +0.097                                                            +0.126                                                                                                             -0.231                                                                                                 -0.046                                                                                                             +0.342            +1.000
                         : --------------------------------------------------------------------------------------------------------------------------------------------------------------------------------------------------------------------------------------------------------------------------------------------------------------------------------------------------------------------------------------------------------------------------------------------------------------------------------------------------------------------------------------------------------------------------------------------------------------------------------------------------------------------------------------------------------------------------------------------------------------------------------------------------------------------------------------------------------------------
DataSetInfo              : Correlation matrix (Background):
                         : --------------------------------------------------------------------------------------------------------------------------------------------------------------------------------------------------------------------------------------------------------------------------------------------------------------------------------------------------------------------------------------------------------------------------------------------------------------------------------------------------------------------------------------------------------------------------------------------------------------------------------------------------------------------------------------------------------------------------------------------------------------------------------------------------------------------------------------------------------------------
                         :                                                                                                                     belectron_dR_l_j_0.13_0.13:belectron_dR_l_j belectron_P_jetrest_0.8_0.8:belectron_P_jetrest_1.5_1.5:belectron_P_jetrest belectron_palongjet_15._15.:belectron_palongjet belectron_palongjetratio_0.15_0.15:belectron_palongjetratio belectron_ptwrtbjet_0.8_0.8:belectron_ptwrtbjet_1.2_1.2:belectron_ptwrtbjet bjet_ChargedEmEnergyFraction_0.2_0.2:bjet_ChargedEmEnergyFraction bjet_ChargedHadronEnergyFraction_0.3_0.3:bjet_ChargedHadronEnergyFraction_0.7_0.7:bjet_ChargedHadronEnergyFraction bjet_NeutralEmEnergyFraction_0.2_0.2:bjet_NeutralEmEnergyFraction_0.6_0.6:bjet_NeutralEmEnergyFraction bjet_charge_T_belectron_charge__M_0.4__M_0.4:bjet_charge_T_belectron_charge_0.2_0.2:bjet_charge_T_belectron_charge fabs_bjet_charge_
                         :                                                                        belectron_dR_l_j_0.13_0.13:belectron_dR_l_j:                                      +1.000                                                                      +0.234                                          -0.156                                                      -0.193                                                                      +0.381                                                            -0.058                                                                                                             -0.004                                                                                                 -0.052                                                                                                             -0.074            +0.052
                         :                                        belectron_P_jetrest_0.8_0.8:belectron_P_jetrest_1.5_1.5:belectron_P_jetrest:                                      +0.234                                                                      +1.000                                          +0.518                                                      +0.313                                                                      +0.692                                                            +0.150                                                                                                             -0.227                                                                                                 -0.044                                                                                                             +0.160            +0.124
                         :                                                                    belectron_palongjet_15._15.:belectron_palongjet:                                      -0.156                                                                      +0.518                                          +1.000                                                      +0.368                                                                      +0.219                                                            +0.136                                                                                                             -0.179                                                                                                 -0.044                                                                                                             +0.135            +0.092
                         :                                                        belectron_palongjetratio_0.15_0.15:belectron_palongjetratio:                                      -0.193                                                                      +0.313                                          +0.368                                                      +1.000                                                                      +0.099                                                            +0.207                                                                                                             -0.119                                                                                                 -0.003                                                                                                             +0.198            +0.009
                         :                                        belectron_ptwrtbjet_0.8_0.8:belectron_ptwrtbjet_1.2_1.2:belectron_ptwrtbjet:                                      +0.381                                                                      +0.692                                          +0.219                                                      +0.099                                                                      +1.000                                                            +0.084                                                                                                             -0.110                                                                                                 -0.025                                                                                                             +0.029            +0.071
                         :                                                  bjet_ChargedEmEnergyFraction_0.2_0.2:bjet_ChargedEmEnergyFraction:                                      -0.058                                                                      +0.150                                          +0.136                                                      +0.207                                                                      +0.084                                                            +1.000                                                                                                             -0.522                                                                                                 -0.399                                                                                                             +0.074            +0.034
                         : bjet_ChargedHadronEnergyFraction_0.3_0.3:bjet_ChargedHadronEnergyFraction_0.7_0.7:bjet_ChargedHadronEnergyFraction:                                      -0.004                                                                      -0.227                                          -0.179                                                      -0.119                                                                      -0.110                                                            -0.522                                                                                                             +1.000                                                                                                 -0.215                                                                                                             -0.101            -0.169
                         :             bjet_NeutralEmEnergyFraction_0.2_0.2:bjet_NeutralEmEnergyFraction_0.6_0.6:bjet_NeutralEmEnergyFraction:                                      -0.052                                                                      -0.044                                          -0.044                                                      -0.003                                                                      -0.025                                                            -0.399                                                                                                             -0.215                                                                                                 +1.000                                                                                                             +0.055            -0.018
                         : bjet_charge_T_belectron_charge__M_0.4__M_0.4:bjet_charge_T_belectron_charge_0.2_0.2:bjet_charge_T_belectron_charge:                                      -0.074                                                                      +0.160                                          +0.135                                                      +0.198                                                                      +0.029                                                            +0.074                                                                                                             -0.101                                                                                                 +0.055                                                                                                             +1.000            +0.036
                         :                                                                                                  fabs_bjet_charge_:                                      +0.052                                                                      +0.124                                          +0.092                                                      +0.009                                                                      +0.071                                                            +0.034                                                                                                             -0.169                                                                                                 -0.018                                                                                                             +0.036            +1.000
                         : --------------------------------------------------------------------------------------------------------------------------------------------------------------------------------------------------------------------------------------------------------------------------------------------------------------------------------------------------------------------------------------------------------------------------------------------------------------------------------------------------------------------------------------------------------------------------------------------------------------------------------------------------------------------------------------------------------------------------------------------------------------------------------------------------------------------------------------------------------------------
DataSetFactory           : [BDT_2016preVFP] :  
                         : 
Factory                  : [1mTrain all methods[0m
Factory                  : [BDT_2016preVFP] : Create Transformation "I" with events from all classes.
                         : 
                         : Transformation, Variable selection : 
                         : Input : variable 'belectron_dR_l_j<0.13?0.13:belectron_dR_l_j' <---> Output : variable 'belectron_dR_l_j<0.13?0.13:belectron_dR_l_j'
                         : Input : variable 'belectron_P_jetrest<0.8?0.8:belectron_P_jetrest>1.5?1.5:belectron_P_jetrest' <---> Output : variable 'belectron_P_jetrest<0.8?0.8:belectron_P_jetrest>1.5?1.5:belectron_P_jetrest'
                         : Input : variable 'belectron_palongjet>15.?15.:belectron_palongjet' <---> Output : variable 'belectron_palongjet>15.?15.:belectron_palongjet'
                         : Input : variable 'belectron_palongjetratio>0.15?0.15:belectron_palongjetratio' <---> Output : variable 'belectron_palongjetratio>0.15?0.15:belectron_palongjetratio'
                         : Input : variable 'belectron_ptwrtbjet<0.8?0.8:belectron_ptwrtbjet>1.2?1.2:belectron_ptwrtbjet' <---> Output : variable 'belectron_ptwrtbjet<0.8?0.8:belectron_ptwrtbjet>1.2?1.2:belectron_ptwrtbjet'
                         : Input : variable 'bjet_ChargedEmEnergyFraction>0.2?0.2:bjet_ChargedEmEnergyFraction' <---> Output : variable 'bjet_ChargedEmEnergyFraction>0.2?0.2:bjet_ChargedEmEnergyFraction'
                         : Input : variable 'bjet_ChargedHadronEnergyFraction<0.3?0.3:bjet_ChargedHadronEnergyFraction>0.7?0.7:bjet_ChargedHadronEnergyFraction' <---> Output : variable 'bjet_ChargedHadronEnergyFraction<0.3?0.3:bjet_ChargedHadronEnergyFraction>0.7?0.7:bjet_ChargedHadronEnergyFraction'
                         : Input : variable 'bjet_NeutralEmEnergyFraction<0.2?0.2:bjet_NeutralEmEnergyFraction>0.6?0.6:bjet_NeutralEmEnergyFraction' <---> Output : variable 'bjet_NeutralEmEnergyFraction<0.2?0.2:bjet_NeutralEmEnergyFraction>0.6?0.6:bjet_NeutralEmEnergyFraction'
                         : Input : variable 'bjet_charge*belectron_charge<-0.4?-0.4:bjet_charge*belectron_charge>0.2?0.2:bjet_charge*belectron_charge' <---> Output : variable 'bjet_charge*belectron_charge<-0.4?-0.4:bjet_charge*belectron_charge>0.2?0.2:bjet_charge*belectron_charge'
                         : Input : variable 'fabs(bjet_charge)' <---> Output : variable 'fabs(bjet_charge)'
TFHandler_Factory        :                                                                                                           Variable                                                                                                                  Mean                                                                                                                  RMS                                                                                                          [        Min                                                                                                                  Max ]
                         : -------------------------------------------------------------------------------------------------------------------------------------------------------------------------------------------------------------------------------------------------------------------------------------------------------------------------------------------------------------------------------------------------------------------------------------------------------------------------------------------------------------------------------------------------------------------------------------------------------------
                         :                                                                        belectron_dR_l_j<0.13?0.13:belectron_dR_l_j:                                                                                                             0.13871                                                                                                            0.028006   [                                                                                                             0.13000                                                                                                             0.39958 ]
                         :                                        belectron_P_jetrest<0.8?0.8:belectron_P_jetrest>1.5?1.5:belectron_P_jetrest:                                                                                                              1.2135                                                                                                             0.28730   [                                                                                                             0.80000                                                                                                              1.5000 ]
                         :                                                                    belectron_palongjet>15.?15.:belectron_palongjet:                                                                                                              13.158                                                                                                              2.9072   [                                                                                                              4.8489                                                                                                              15.000 ]
                         :                                                        belectron_palongjetratio>0.15?0.15:belectron_palongjetratio:                                                                                                             0.14141                                                                                                            0.020738   [                                                                                                            0.016921                                                                                                             0.15000 ]
                         :                                        belectron_ptwrtbjet<0.8?0.8:belectron_ptwrtbjet>1.2?1.2:belectron_ptwrtbjet:                                                                                                             0.96561                                                                                                             0.17999   [                                                                                                             0.80000                                                                                                              1.2000 ]
                         :                                                  bjet_ChargedEmEnergyFraction>0.2?0.2:bjet_ChargedEmEnergyFraction:                                                                                                             0.11268                                                                                                            0.090101   [                                                                                                              0.0000                                                                                                             0.20000 ]
                         : bjet_ChargedHadronEnergyFraction<0.3?0.3:bjet_ChargedHadronEnergyFraction>0.7?0.7:bjet_ChargedHadronEnergyFraction:                                                                                                             0.47513                                                                                                             0.14753   [                                                                                                             0.30000                                                                                                             0.70000 ]
                         :             bjet_NeutralEmEnergyFraction<0.2?0.2:bjet_NeutralEmEnergyFraction>0.6?0.6:bjet_NeutralEmEnergyFraction:                                                                                                             0.27694                                                                                                             0.11029   [                                                                                                             0.20000                                                                                                             0.60000 ]
                         :           bjet_charge*belectron_charge<-0.4?-0.4:bjet_charge*belectron_charge>0.2?0.2:bjet_charge*belectron_charge:                                                                                                            0.054570                                                                                                             0.18975   [                                                                                                            -0.40000                                                                                                             0.20000 ]
                         :                                                                                                  fabs(bjet_charge):                                                                                                             0.29771                                                                                                             0.21319   [                                                                                                          6.8888e-06                                                                                                              1.0000 ]
                         : -------------------------------------------------------------------------------------------------------------------------------------------------------------------------------------------------------------------------------------------------------------------------------------------------------------------------------------------------------------------------------------------------------------------------------------------------------------------------------------------------------------------------------------------------------------------------------------------------------------
                         : Ranking input variables (method unspecific)...
IdTransformation         : Ranking result (top variable is best ranked)
                         : -------------------------------------------------------------------------------------------------------------------------------------------
                         : Rank : Variable                                                                                                           : Separation
                         : -------------------------------------------------------------------------------------------------------------------------------------------
                         :    1 : bjet_charge*belectron_charge<-0.4?-0.4:bjet_charge*belectron_charge>0.2?0.2:bjet_charge*belectron_charge           : 8.782e-02
                         :    2 : fabs(bjet_charge)                                                                                                  : 4.375e-02
                         :    3 : belectron_P_jetrest<0.8?0.8:belectron_P_jetrest>1.5?1.5:belectron_P_jetrest                                        : 3.128e-02
                         :    4 : belectron_ptwrtbjet<0.8?0.8:belectron_ptwrtbjet>1.2?1.2:belectron_ptwrtbjet                                        : 2.039e-02
                         :    5 : bjet_ChargedEmEnergyFraction>0.2?0.2:bjet_ChargedEmEnergyFraction                                                  : 2.026e-02
                         :    6 : belectron_palongjet>15.?15.:belectron_palongjet                                                                    : 1.064e-02
                         :    7 : belectron_palongjetratio>0.15?0.15:belectron_palongjetratio                                                        : 1.035e-02
                         :    8 : bjet_ChargedHadronEnergyFraction<0.3?0.3:bjet_ChargedHadronEnergyFraction>0.7?0.7:bjet_ChargedHadronEnergyFraction : 6.929e-03
                         :    9 : bjet_NeutralEmEnergyFraction<0.2?0.2:bjet_NeutralEmEnergyFraction>0.6?0.6:bjet_NeutralEmEnergyFraction             : 4.016e-03
                         :   10 : belectron_dR_l_j<0.13?0.13:belectron_dR_l_j                                                                        : 3.096e-03
                         : -------------------------------------------------------------------------------------------------------------------------------------------
Factory                  : Train method: BDT for Classification
                         : 
                         : Preparing the Gaussian transformation...
TFHandler_BDT            :                                                                                                           Variable                                                                                                                  Mean                                                                                                                  RMS                                                                                                          [        Min                                                                                                                  Max ]
                         : -------------------------------------------------------------------------------------------------------------------------------------------------------------------------------------------------------------------------------------------------------------------------------------------------------------------------------------------------------------------------------------------------------------------------------------------------------------------------------------------------------------------------------------------------------------------------------------------------------------
                         :                                                                        belectron_dR_l_j<0.13?0.13:belectron_dR_l_j:                                                                                                             -2.0802                                                                                                              1.0141   [                                                                                                             -2.4909                                                                                                              5.7307 ]
                         :                                        belectron_P_jetrest<0.8?0.8:belectron_P_jetrest>1.5?1.5:belectron_P_jetrest:                                                                                                              1.6900                                                                                                              3.4199   [                                                                                                             -2.8826                                                                                                              5.7307 ]
                         :                                                                    belectron_palongjet>15.?15.:belectron_palongjet:                                                                                                              3.6061                                                                                                              2.8309   [                                                                                                             -3.0184                                                                                                              5.7307 ]
                         :                                                        belectron_palongjetratio>0.15?0.15:belectron_palongjetratio:                                                                                                              4.4741                                                                                                              2.4130   [                                                                                                             -2.8666                                                                                                              5.7307 ]
                         :                                        belectron_ptwrtbjet<0.8?0.8:belectron_ptwrtbjet>1.2?1.2:belectron_ptwrtbjet:                                                                                                             0.47509                                                                                                              3.6565   [                                                                                                             -2.7403                                                                                                              5.7307 ]
                         :                                                  bjet_ChargedEmEnergyFraction>0.2?0.2:bjet_ChargedEmEnergyFraction:                                                                                                              1.2552                                                                                                              3.8801   [                                                                                                             -2.9838                                                                                                              5.7307 ]
                         : bjet_ChargedHadronEnergyFraction<0.3?0.3:bjet_ChargedHadronEnergyFraction>0.7?0.7:bjet_ChargedHadronEnergyFraction:                                                                                                            0.015975                                                                                                              2.6390   [                                                                                                             -2.9976                                                                                                              5.7307 ]
                         :             bjet_NeutralEmEnergyFraction<0.2?0.2:bjet_NeutralEmEnergyFraction>0.6?0.6:bjet_NeutralEmEnergyFraction:                                                                                                             -1.3386                                                                                                              2.0351   [                                                                                                             -3.0865                                                                                                              5.7307 ]
                         :           bjet_charge*belectron_charge<-0.4?-0.4:bjet_charge*belectron_charge>0.2?0.2:bjet_charge*belectron_charge:                                                                                                              2.5201                                                                                                              3.1182   [                                                                                                             -2.9500                                                                                                              5.7307 ]
                         :                                                                                                  fabs(bjet_charge):                                                                                                           0.0069701                                                                                                              1.0072   [                                                                                                             -3.2971                                                                                                              5.7307 ]
                         : -------------------------------------------------------------------------------------------------------------------------------------------------------------------------------------------------------------------------------------------------------------------------------------------------------------------------------------------------------------------------------------------------------------------------------------------------------------------------------------------------------------------------------------------------------------------------------------------------------------
                         : Events with weight == 0 are going to be simply ignored 
BDT                      : #events: (reweighted) sig: 14654 bkg: 14654
                         : #events: (unweighted) sig: 18208 bkg: 11100
                         : Training 800 Decision Trees ... patience please
                         : Elapsed time for training with 42685 events: 14.1 sec         
BDT                      : [BDT_2016preVFP] : Evaluation of BDT on training sample (42685 events)
                         : Elapsed time for evaluation of 42685 events: 7.12 sec       
                         : Creating xml weight file: [0;36mBDT_2016preVFP/weights/BDT_2016preVFP_BDT.weights.xml[0m
                         : Creating standalone class: [0;36mBDT_2016preVFP/weights/BDT_2016preVFP_BDT.class.C[0m
                         : BDT_2016preVFP.root:/BDT_2016preVFP/Method_BDT/BDT
Factory                  : Training finished
                         : 
                         : Ranking input variables (method specific)...
BDT                      : Ranking result (top variable is best ranked)
                         : ----------------------------------------------------------------------------------------------------------------------------------------------------
                         : Rank : Variable                                                                                                           : Variable Importance
                         : ----------------------------------------------------------------------------------------------------------------------------------------------------
                         :    1 : bjet_charge*belectron_charge<-0.4?-0.4:bjet_charge*belectron_charge>0.2?0.2:bjet_charge*belectron_charge           : 2.034e-01
                         :    2 : fabs(bjet_charge)                                                                                                  : 1.131e-01
                         :    3 : belectron_P_jetrest<0.8?0.8:belectron_P_jetrest>1.5?1.5:belectron_P_jetrest                                        : 9.450e-02
                         :    4 : bjet_NeutralEmEnergyFraction<0.2?0.2:bjet_NeutralEmEnergyFraction>0.6?0.6:bjet_NeutralEmEnergyFraction             : 9.408e-02
                         :    5 : bjet_ChargedHadronEnergyFraction<0.3?0.3:bjet_ChargedHadronEnergyFraction>0.7?0.7:bjet_ChargedHadronEnergyFraction : 9.280e-02
                         :    6 : bjet_ChargedEmEnergyFraction>0.2?0.2:bjet_ChargedEmEnergyFraction                                                  : 8.857e-02
                         :    7 : belectron_ptwrtbjet<0.8?0.8:belectron_ptwrtbjet>1.2?1.2:belectron_ptwrtbjet                                        : 8.497e-02
                         :    8 : belectron_palongjet>15.?15.:belectron_palongjet                                                                    : 8.224e-02
                         :    9 : belectron_dR_l_j<0.13?0.13:belectron_dR_l_j                                                                        : 7.576e-02
                         :   10 : belectron_palongjetratio>0.15?0.15:belectron_palongjetratio                                                        : 7.061e-02
                         : ----------------------------------------------------------------------------------------------------------------------------------------------------
Factory                  : === Destroy and recreate all methods via weight files for testing ===
                         : 
                         : Reading weight file: [0;36mBDT_2016preVFP/weights/BDT_2016preVFP_BDT.weights.xml[0m
Factory                  : [1mTest all methods[0m
Factory                  : Test method: BDT for Classification performance
                         : 
BDT                      : [BDT_2016preVFP] : Evaluation of BDT on testing sample (55884 events)
                         : Elapsed time for evaluation of 55884 events: 7.19 sec       
Factory                  : [1mEvaluate all methods[0m
Factory                  : Evaluate classifier: BDT
                         : 
TFHandler_BDT            :                                                                                                           Variable                                                                                                                  Mean                                                                                                                  RMS                                                                                                          [        Min                                                                                                                  Max ]
                         : -------------------------------------------------------------------------------------------------------------------------------------------------------------------------------------------------------------------------------------------------------------------------------------------------------------------------------------------------------------------------------------------------------------------------------------------------------------------------------------------------------------------------------------------------------------------------------------------------------------
                         :                                                                        belectron_dR_l_j<0.13?0.13:belectron_dR_l_j:                                                                                                             -2.0636                                                                                                              1.0381   [                                                                                                             -2.4909                                                                                                              5.7307 ]
                         :                                        belectron_P_jetrest<0.8?0.8:belectron_P_jetrest>1.5?1.5:belectron_P_jetrest:                                                                                                              1.9282                                                                                                              3.4329   [                                                                                                             -2.8826                                                                                                              5.7307 ]
                         :                                                                    belectron_palongjet>15.?15.:belectron_palongjet:                                                                                                              3.6892                                                                                                              2.7953   [                                                                                                             -5.7307                                                                                                              5.7307 ]
                         :                                                        belectron_palongjetratio>0.15?0.15:belectron_palongjetratio:                                                                                                              4.4517                                                                                                              2.4404   [                                                                                                             -3.3446                                                                                                              5.7307 ]
                         :                                        belectron_ptwrtbjet<0.8?0.8:belectron_ptwrtbjet>1.2?1.2:belectron_ptwrtbjet:                                                                                                             0.67187                                                                                                              3.7003   [                                                                                                             -2.7403                                                                                                              5.7307 ]
                         :                                                  bjet_ChargedEmEnergyFraction>0.2?0.2:bjet_ChargedEmEnergyFraction:                                                                                                              1.3149                                                                                                              3.8956   [                                                                                                             -2.9838                                                                                                              5.7307 ]
                         : bjet_ChargedHadronEnergyFraction<0.3?0.3:bjet_ChargedHadronEnergyFraction>0.7?0.7:bjet_ChargedHadronEnergyFraction:                                                                                                           -0.022876                                                                                                              2.6520   [                                                                                                             -2.9976                                                                                                              5.7307 ]
                         :             bjet_NeutralEmEnergyFraction<0.2?0.2:bjet_NeutralEmEnergyFraction>0.6?0.6:bjet_NeutralEmEnergyFraction:                                                                                                             -1.3443                                                                                                              2.0427   [                                                                                                             -3.0865                                                                                                              5.7307 ]
                         :           bjet_charge*belectron_charge<-0.4?-0.4:bjet_charge*belectron_charge>0.2?0.2:bjet_charge*belectron_charge:                                                                                                              2.7012                                                                                                              3.1017   [                                                                                                             -2.9500                                                                                                              5.7307 ]
                         :                                                                                                  fabs(bjet_charge):                                                                                                            0.042328                                                                                                              1.0158   [                                                                                                             -3.2963                                                                                                              5.7307 ]
                         : -------------------------------------------------------------------------------------------------------------------------------------------------------------------------------------------------------------------------------------------------------------------------------------------------------------------------------------------------------------------------------------------------------------------------------------------------------------------------------------------------------------------------------------------------------------------------------------------------------------
BDT                      : [BDT_2016preVFP] : Loop over test events and fill histograms with classifier response...
                         : 
TFHandler_BDT            :                                                                                                           Variable                                                                                                                  Mean                                                                                                                  RMS                                                                                                          [        Min                                                                                                                  Max ]
                         : -------------------------------------------------------------------------------------------------------------------------------------------------------------------------------------------------------------------------------------------------------------------------------------------------------------------------------------------------------------------------------------------------------------------------------------------------------------------------------------------------------------------------------------------------------------------------------------------------------------
                         :                                                                        belectron_dR_l_j<0.13?0.13:belectron_dR_l_j:                                                                                                             -2.0636                                                                                                              1.0381   [                                                                                                             -2.4909                                                                                                              5.7307 ]
                         :                                        belectron_P_jetrest<0.8?0.8:belectron_P_jetrest>1.5?1.5:belectron_P_jetrest:                                                                                                              1.9282                                                                                                              3.4329   [                                                                                                             -2.8826                                                                                                              5.7307 ]
                         :                                                                    belectron_palongjet>15.?15.:belectron_palongjet:                                                                                                              3.6892                                                                                                              2.7953   [                                                                                                             -5.7307                                                                                                              5.7307 ]
                         :                                                        belectron_palongjetratio>0.15?0.15:belectron_palongjetratio:                                                                                                              4.4517                                                                                                              2.4404   [                                                                                                             -3.3446                                                                                                              5.7307 ]
                         :                                        belectron_ptwrtbjet<0.8?0.8:belectron_ptwrtbjet>1.2?1.2:belectron_ptwrtbjet:                                                                                                             0.67187                                                                                                              3.7003   [                                                                                                             -2.7403                                                                                                              5.7307 ]
                         :                                                  bjet_ChargedEmEnergyFraction>0.2?0.2:bjet_ChargedEmEnergyFraction:                                                                                                              1.3149                                                                                                              3.8956   [                                                                                                             -2.9838                                                                                                              5.7307 ]
                         : bjet_ChargedHadronEnergyFraction<0.3?0.3:bjet_ChargedHadronEnergyFraction>0.7?0.7:bjet_ChargedHadronEnergyFraction:                                                                                                           -0.022876                                                                                                              2.6520   [                                                                                                             -2.9976                                                                                                              5.7307 ]
                         :             bjet_NeutralEmEnergyFraction<0.2?0.2:bjet_NeutralEmEnergyFraction>0.6?0.6:bjet_NeutralEmEnergyFraction:                                                                                                             -1.3443                                                                                                              2.0427   [                                                                                                             -3.0865                                                                                                              5.7307 ]
                         :           bjet_charge*belectron_charge<-0.4?-0.4:bjet_charge*belectron_charge>0.2?0.2:bjet_charge*belectron_charge:                                                                                                              2.7012                                                                                                              3.1017   [                                                                                                             -2.9500                                                                                                              5.7307 ]
                         :                                                                                                  fabs(bjet_charge):                                                                                                            0.042328                                                                                                              1.0158   [                                                                                                             -3.2963                                                                                                              5.7307 ]
                         : -------------------------------------------------------------------------------------------------------------------------------------------------------------------------------------------------------------------------------------------------------------------------------------------------------------------------------------------------------------------------------------------------------------------------------------------------------------------------------------------------------------------------------------------------------------------------------------------------------------
                         : 
                         : Evaluation results ranked by best signal efficiency and purity (area)
                         : -------------------------------------------------------------------------------------------------------------------
                         : DataSet       MVA                       
                         : Name:         Method:          ROC-integ
                         : BDT_2016preVFP BDT            : 0.700
                         : -------------------------------------------------------------------------------------------------------------------
                         : 
                         : Testing efficiency compared to training efficiency (overtraining check)
                         : -------------------------------------------------------------------------------------------------------------------
                         : DataSet              MVA              Signal efficiency: from test sample (from training sample) 
                         : Name:                Method:          @B=0.01             @B=0.10            @B=0.30   
                         : -------------------------------------------------------------------------------------------------------------------
                         : BDT_2016preVFP       BDT            : 0.051 (0.063)       0.301 (0.293)      0.592 (0.590)
                         : -------------------------------------------------------------------------------------------------------------------
                         : 
Dataset:BDT_2016preVFP   : Created tree 'TestTree' with 55884 events
                         : 
Dataset:BDT_2016preVFP   : Created tree 'TrainTree' with 42685 events
                         : 
Factory                  : [1mThank you for using TMVA![0m
                         : [1mFor citation information, please visit: http://tmva.sf.net/citeTMVA.html[0m
['bmuon_dR_l_j < 0.05 ? 0.05 : bmuon_dR_l_j', 'bmuon_nsip3d > 10. ? 10. : bmuon_nsip3d', 'bmuon_P_jetrest < 1. ? 1 : bmuon_P_jetrest > 3. ? 3. : bmuon_P_jetrest', 'bmuon_palongjet > 10. ? 10. : bmuon_palongjet', 'bmuon_palongjetratio > 0.4 ? 0.4 : bmuon_palongjetratio', 'bmuon_ptwrtbjet < 0.5 ? 0.5 : bmuon_ptwrtbjet > 3. ? 3. : bmuon_ptwrtbjet', 'log10(1.+bmuon_reliso) > 1.2 ? 1.2 : log10(1.+bmuon_reliso)', 'bjet_ChargedHadronEnergyFraction < 0.1 ? 0.1 : bjet_ChargedHadronEnergyFraction > 0.9 ? 0.9 : bjet_ChargedHadronEnergyFraction', 'bjet_ChargedMultiplicity > 20 ? 20 : bjet_ChargedMultiplicity', 'bjet_MuonEnergyFraction < 0.2 ? 0.2 : bjet_MuonEnergyFraction > 0.5 ? 0.5 : bjet_MuonEnergyFraction', 'bjet_NeutralEmEnergyFraction < 0.15 ? 0.15 : bjet_NeutralEmEnergyFraction > 0.5 ? 0.5 : bjet_NeutralEmEnergyFraction', 'bjet_NeutralHadronEnergyFraction < 0.15 ? 0.15 : bjet_NeutralHadronEnergyFraction > 0.4 ? 0.4 : bjet_NeutralHadronEnergyFraction', 'bjet_NeutralMultiplicity > 25 ? 25 : bjet_NeutralMultiplicity', 'bjet_charge*bmuon_charge < -0.4 ? -0.4 : bjet_charge*bmuon_charge', 'fabs(bjet_charge)'] ['belectron_dR_l_j < 0.13 ? 0.13 : belectron_dR_l_j', 'belectron_P_jetrest < 0.8 ? 0.8 : belectron_P_jetrest > 1.5 ? 1.5 : belectron_P_jetrest', 'belectron_palongjet > 15.? 15. : belectron_palongjet', 'belectron_palongjetratio > 0.15 ? 0.15 : belectron_palongjetratio', 'belectron_ptwrtbjet < 0.8 ? 0.8 : belectron_ptwrtbjet > 1.2 ? 1.2 : belectron_ptwrtbjet', 'bjet_ChargedEmEnergyFraction > 0.2 ? 0.2 : bjet_ChargedEmEnergyFraction', 'bjet_ChargedHadronEnergyFraction < 0.3 ? 0.3 : bjet_ChargedHadronEnergyFraction > 0.7 ? 0.7 : bjet_ChargedHadronEnergyFraction', 'bjet_NeutralEmEnergyFraction < 0.2 ? 0.2 : bjet_NeutralEmEnergyFraction > 0.6 ? 0.6 : bjet_NeutralEmEnergyFraction', 'bjet_charge*belectron_charge < -0.4 ? -0.4 : bjet_charge*belectron_charge > 0.2 ? 0.2 : bjet_charge*belectron_charge', 'fabs(bjet_charge)'] ['bjet_ChargedHadronEnergyFraction < 0.15 ? 0.15 : bjet_ChargedHadronEnergyFraction', 'bjet_ChargedMultiplicity > 30 ? 30 : bjet_ChargedMultiplicity', 'bjet_NeutralEmEnergyFraction < 0.1 ? 0.1 : bjet_NeutralEmEnergyFraction > 0.7 ? 0.7 : bjet_NeutralEmEnergyFraction', 'bjet_NeutralHadronEnergyFraction < 0.1 ? 0.1 : bjet_NeutralHadronEnergyFraction > 0.4 ? 0.4 : bjet_NeutralHadronEnergyFraction', 'bjet_NeutralMultiplicity > 30 ? 30 : bjet_NeutralMultiplicity', 'fabs(bjet_charge)']
(bmuon_charge*bjet_partonFlavour < 0)&&Has_bMuon (bmuon_charge*bjet_partonFlavour > 0)&&Has_bMuon (belectron_charge*bjet_partonFlavour < 0)&&(Has_bElectron) (belectron_charge*bjet_partonFlavour > 0)&&(Has_bElectron) (bjet_charge*bjet_partonFlavour < 0)&&(!Has_bElectron)&&(!Has_bMuon) (bjet_charge*bjet_partonFlavour > 0)&&(!Has_bElectron)&&(!Has_bMuon)
sigcut= (belectron_charge*bjet_partonFlavour < 0)&&(Has_bElectron)
bkgcut= (belectron_charge*bjet_partonFlavour > 0)&&(Has_bElectron)
<sig cut>= (belectron_charge*bjet_partonFlavour < 0)&&(Has_bElectron)
<bkg cut>= (belectron_charge*bjet_partonFlavour > 0)&&(Has_bElectron)
---sig_test---
<self.testtree_sig> OutTree/sig
/data9/Users/jhchoi/Generate_BDT_Model/TMVA_TOOL/inputs/EEMu_MuMuE_Method/v2608.2/2016preVFP/EEMu_MuMuE_Method_DYJetsToEE_MiNNLO.root
/data9/Users/jhchoi/Generate_BDT_Model/TMVA_TOOL/inputs/EEMu_MuMuE_Method/v2608.2/2016preVFP/EEMu_MuMuE_Method_DYJetsToMuMu_MiNNLO.root
--bkg_test---
<self.testtree_bkg> OutTree/bkg
/data9/Users/jhchoi/Generate_BDT_Model/TMVA_TOOL/inputs/EEMu_MuMuE_Method/v2608.2/2016preVFP/EEMu_MuMuE_Method_DYJetsToEE_MiNNLO.root
/data9/Users/jhchoi/Generate_BDT_Model/TMVA_TOOL/inputs/EEMu_MuMuE_Method/v2608.2/2016preVFP/EEMu_MuMuE_Method_DYJetsToMuMu_MiNNLO.root
---sig_train---
<self.traintree_sig> OutTree/sig
/data9/Users/jhchoi/Generate_BDT_Model/TMVA_TOOL/inputs/EEMu_MuMuE_Method/v2608.2/2016preVFP/EEMu_MuMuE_Method_DYJets.root
---bkg_train---
<self.traintree_bkg> OutTree/bkg
/data9/Users/jhchoi/Generate_BDT_Model/TMVA_TOOL/inputs/EEMu_MuMuE_Method/v2608.2/2016preVFP/EEMu_MuMuE_Method_DYJets.root
>>>>self.dataloader.PrepareTrainingAndTestTree
Set sig cut -> (belectron_charge*bjet_partonFlavour < 0)&&(Has_bElectron)
Set bkg cut -> (belectron_charge*bjet_partonFlavour > 0)&&(Has_bElectron)
----AUC and Efficiency----
auc= 0.699832425178084
BDT_2016preVFP BDT
B = 0.005 : 0.0270 (0.0380)
B = 0.010 : 0.0510 (0.0630)
B = 0.015 : 0.0710 (0.0960)
B = 0.020 : 0.0900 (0.1070)
B = 0.025 : 0.1070 (0.1210)
B = 0.030 : 0.1230 (0.1370)
B = 0.035 : 0.1370 (0.1490)
B = 0.040 : 0.1530 (0.1600)
B = 0.045 : 0.1650 (0.1750)
B = 0.050 : 0.1810 (0.1880)
B = 0.100 : 0.3010 (0.2930)
B = 0.200 : 0.4660 (0.4650)
B = 0.300 : 0.5920 (0.5900)
B = 0.400 : 0.6940 (0.6840)
B = 0.500 : 0.7700 (0.7700)
B = 0.600 : 0.8350 (0.8330)
END of RUNNING...run_single
myerr=0
[ntry=1]
