Submitting job(s)..........
10 job(s) submitted to cluster 2251454.
Submitting job(s)..................................................
50 job(s) submitted to cluster 2251461.
Submitting job(s)..................................................
50 job(s) submitted to cluster 2251469.
condor_submit WORKDIR_HADD/run.jds > WORKDIR_HADD/run.jid
condor_submit WORKDIR_HADD/run.jds > WORKDIR_HADD/run.jid
condor_submit WORKDIR_HADD/run.jds > WORKDIR_HADD/run.jid
##################################################
Submission Finished
- JobID = 767142
- Analyzer = DiLeptonAnalyzer
- Skim = SkimTree_Dilepton
- InputSamples = ['DoubleMuon:F', 'DoubleMuon:G', 'DoubleMuon:H']
- NJobs = 50
- Era = 2016postVFP
- UserFlags = []
- RunDir = /data6/Users/jhchoi/SKFlatRunlog//2024_04_18_214107__767142__DiLeptonAnalyzer__Era2016postVFP__SkimTree_Dilepton__TAMSA1/DoubleMuon_periodH/
- output will be send to : /data6/Users/jhchoi/SKFlatOutput//Run2UltraLegacy_v3/DiLeptonAnalyzer/2016postVFP//DATA/
##################################################
submit hadd
CheckOutputSize...
<AFTER hadd fin. please rm remainings..>
rm /data6/Users/jhchoi/SKFlatRunlog//2024_04_18_214107__767142__DiLeptonAnalyzer__Era2016postVFP__SkimTree_Dilepton__TAMSA1/DoubleMuon_periodF//output/*.root
submit hadd
CheckOutputSize...
<AFTER hadd fin. please rm remainings..>
rm /data6/Users/jhchoi/SKFlatRunlog//2024_04_18_214107__767142__DiLeptonAnalyzer__Era2016postVFP__SkimTree_Dilepton__TAMSA1/DoubleMuon_periodG//output/*.root
submit hadd
CheckOutputSize...
<AFTER hadd fin. please rm remainings..>
rm /data6/Users/jhchoi/SKFlatRunlog//2024_04_18_214107__767142__DiLeptonAnalyzer__Era2016postVFP__SkimTree_Dilepton__TAMSA1/DoubleMuon_periodH//output/*.root
