Submitting job(s)..................................................
50 job(s) submitted to cluster 2236019.
Submitting job(s)..................................................
50 job(s) submitted to cluster 2236023.
Submitting job(s)..................................................
50 job(s) submitted to cluster 2236025.
Submitting job(s)..................................................
50 job(s) submitted to cluster 2236027.
Submitting job(s)..................................................
50 job(s) submitted to cluster 2236029.
condor_submit WORKDIR_HADD/run.jds > WORKDIR_HADD/run.jid
condor_submit WORKDIR_HADD/run.jds > WORKDIR_HADD/run.jid
condor_submit WORKDIR_HADD/run.jds > WORKDIR_HADD/run.jid
condor_submit WORKDIR_HADD/run.jds > WORKDIR_HADD/run.jid
condor_submit WORKDIR_HADD/run.jds > WORKDIR_HADD/run.jid
##################################################
Submission Finished
- JobID = 374559
- Analyzer = DiLeptonAnalyzer
- Skim = SkimTree_Dilepton
- InputSamples = ['TTLL_powheg', 'TTLJ_powheg', 'DYJetsToEE_MiNNLO', 'DYJetsToMuMu_MiNNLO', 'DYJetsToTauTau_MiNNLO']
- NJobs = 50
- Era = 2016postVFP
- UserFlags = []
- RunDir = /data6/Users/jhchoi/SKFlatRunlog//2024_03_24_162659__374559__DiLeptonAnalyzer__Era2016postVFP__SkimTree_Dilepton__TAMSA1/DYJetsToTauTau_MiNNLO/
- output will be send to : /data6/Users/jhchoi/SKFlatOutput//Run2UltraLegacy_v3/DiLeptonAnalyzer/2016postVFP/
##################################################
submit hadd
CheckOutputSize...
<AFTER hadd fin. please rm remainings..>
rm /data6/Users/jhchoi/SKFlatRunlog//2024_03_24_162659__374559__DiLeptonAnalyzer__Era2016postVFP__SkimTree_Dilepton__TAMSA1/TTLL_powheg//output/*.root
submit hadd
CheckOutputSize...
<AFTER hadd fin. please rm remainings..>
rm /data6/Users/jhchoi/SKFlatRunlog//2024_03_24_162659__374559__DiLeptonAnalyzer__Era2016postVFP__SkimTree_Dilepton__TAMSA1/TTLJ_powheg//output/*.root
submit hadd
CheckOutputSize...
<AFTER hadd fin. please rm remainings..>
rm /data6/Users/jhchoi/SKFlatRunlog//2024_03_24_162659__374559__DiLeptonAnalyzer__Era2016postVFP__SkimTree_Dilepton__TAMSA1/DYJetsToTauTau_MiNNLO//output/*.root
submit hadd
CheckOutputSize...
<AFTER hadd fin. please rm remainings..>
rm /data6/Users/jhchoi/SKFlatRunlog//2024_03_24_162659__374559__DiLeptonAnalyzer__Era2016postVFP__SkimTree_Dilepton__TAMSA1/DYJetsToEE_MiNNLO//output/*.root
submit hadd
CheckOutputSize...
<AFTER hadd fin. please rm remainings..>
rm /data6/Users/jhchoi/SKFlatRunlog//2024_03_24_162659__374559__DiLeptonAnalyzer__Era2016postVFP__SkimTree_Dilepton__TAMSA1/DYJetsToMuMu_MiNNLO//output/*.root
