Submitting job(s)..................................................
50 job(s) submitted to cluster 2271068.
Submitting job(s)..................................................
50 job(s) submitted to cluster 2271075.
Submitting job(s)..................................................
50 job(s) submitted to cluster 2271089.
Submitting job(s)..................................................
50 job(s) submitted to cluster 2271109.
condor_submit WORKDIR_HADD/run.jds > WORKDIR_HADD/run.jid
condor_submit WORKDIR_HADD/run.jds > WORKDIR_HADD/run.jid
condor_submit WORKDIR_HADD/run.jds > WORKDIR_HADD/run.jid
condor_submit WORKDIR_HADD/run.jds > WORKDIR_HADD/run.jid
##################################################
Submission Finished
- JobID = 964870
- Analyzer = DiLeptonAnalyzer
- Skim = SkimTree_Dilepton
- InputSamples = ['DoubleMuon:A', 'DoubleMuon:B', 'DoubleMuon:C', 'DoubleMuon:D']
- NJobs = 50
- Era = 2018
- UserFlags = ['runSys']
- RunDir = /data6/Users/jhchoi/SKFlatRunlog//2024_04_30_182433__964870__DiLeptonAnalyzer__Era2018__SkimTree_Dilepton__runSys__TAMSA1/DoubleMuon_periodD/
- output will be send to : /data6/Users/jhchoi/SKFlatOutput//Run2UltraLegacy_v3/DiLeptonAnalyzer/2018/runSys__/DATA/
##################################################
submit hadd
CheckOutputSize...
<AFTER hadd fin. please rm remainings..>
rm /data6/Users/jhchoi/SKFlatRunlog//2024_04_30_182433__964870__DiLeptonAnalyzer__Era2018__SkimTree_Dilepton__runSys__TAMSA1/DoubleMuon_periodA//output/*.root
submit hadd
CheckOutputSize...
<AFTER hadd fin. please rm remainings..>
rm /data6/Users/jhchoi/SKFlatRunlog//2024_04_30_182433__964870__DiLeptonAnalyzer__Era2018__SkimTree_Dilepton__runSys__TAMSA1/DoubleMuon_periodB//output/*.root
submit hadd
CheckOutputSize...
<AFTER hadd fin. please rm remainings..>
rm /data6/Users/jhchoi/SKFlatRunlog//2024_04_30_182433__964870__DiLeptonAnalyzer__Era2018__SkimTree_Dilepton__runSys__TAMSA1/DoubleMuon_periodC//output/*.root
submit hadd
CheckOutputSize...
<AFTER hadd fin. please rm remainings..>
rm /data6/Users/jhchoi/SKFlatRunlog//2024_04_30_182433__964870__DiLeptonAnalyzer__Era2018__SkimTree_Dilepton__runSys__TAMSA1/DoubleMuon_periodD//output/*.root
