Submitting job(s)..................................................
50 job(s) submitted to cluster 2235016.
Submitting job(s)..................................................
50 job(s) submitted to cluster 2235022.
Submitting job(s)..................................................
50 job(s) submitted to cluster 2235025.
Submitting job(s)..................................................
50 job(s) submitted to cluster 2235028.
Submitting job(s)..................................................
50 job(s) submitted to cluster 2235031.
condor_submit WORKDIR_HADD/run.jds > WORKDIR_HADD/run.jid
condor_submit WORKDIR_HADD/run.jds > WORKDIR_HADD/run.jid
condor_submit WORKDIR_HADD/run.jds > WORKDIR_HADD/run.jid
##################################################
Submission Finished
- JobID = 738436
- Analyzer = DiLeptonAnalyzer
- Skim = SkimTree_Dilepton
- InputSamples = ['TTLL_powheg', 'TTLJ_powheg', 'DYJetsToEE_MiNNLO', 'DYJetsToMuMu_MiNNLO', 'DYJetsToTauTau_MiNNLO']
- NJobs = 50
- Era = 2018
- UserFlags = ['runSys']
- RunDir = /data6/Users/jhchoi/SKFlatRunlog//2024_03_23_101707__738436__DiLeptonAnalyzer__Era2018__SkimTree_Dilepton__runSys__TAMSA1/DYJetsToTauTau_MiNNLO/
- output will be send to : /data6/Users/jhchoi/SKFlatOutput//Run2UltraLegacy_v3/DiLeptonAnalyzer/2018/runSys__
##################################################
submit hadd
CheckOutputSize...
<AFTER hadd fin. please rm remainings..>
rm /data6/Users/jhchoi/SKFlatRunlog//2024_03_23_101707__738436__DiLeptonAnalyzer__Era2018__SkimTree_Dilepton__runSys__TAMSA1/DYJetsToTauTau_MiNNLO//output/*.root
submit hadd
CheckOutputSize...
<AFTER hadd fin. please rm remainings..>
rm /data6/Users/jhchoi/SKFlatRunlog//2024_03_23_101707__738436__DiLeptonAnalyzer__Era2018__SkimTree_Dilepton__runSys__TAMSA1/TTLL_powheg//output/*.root
submit hadd
CheckOutputSize...
<AFTER hadd fin. please rm remainings..>
rm /data6/Users/jhchoi/SKFlatRunlog//2024_03_23_101707__738436__DiLeptonAnalyzer__Era2018__SkimTree_Dilepton__runSys__TAMSA1/TTLJ_powheg//output/*.root
Traceback (most recent call last):
  File "/data6/Users/jhchoi/SKFlatAnalyzers/test/ForTMVA/SKFlatAnalyzer/python/SKFlat.py", line 694, in <module>
    statuslog = open(base_rundir+'/JobStatus.log','w')
IOError: [Errno 2] No such file or directory: '/data6/Users/jhchoi/SKFlatRunlog//2024_03_23_101707__738436__DiLeptonAnalyzer__Era2018__SkimTree_Dilepton__runSys__TAMSA1/DYJetsToEE_MiNNLO//JobStatus.log'
