Submitting job(s)..................................................
50 job(s) submitted to cluster 2235018.
Submitting job(s)..................................................
50 job(s) submitted to cluster 2235023.
Submitting job(s)..................................................
50 job(s) submitted to cluster 2235026.
Submitting job(s)..................................................
50 job(s) submitted to cluster 2235027.
Submitting job(s)....................
20 job(s) submitted to cluster 2235029.
Submitting job(s).................................
33 job(s) submitted to cluster 2235030.
Submitting job(s)...............................
31 job(s) submitted to cluster 2235032.
Submitting job(s)..................................................
50 job(s) submitted to cluster 2235033.
condor_submit WORKDIR_HADD/run.jds > WORKDIR_HADD/run.jid
condor_submit WORKDIR_HADD/run.jds > WORKDIR_HADD/run.jid
condor_submit WORKDIR_HADD/run.jds > WORKDIR_HADD/run.jid
condor_submit WORKDIR_HADD/run.jds > WORKDIR_HADD/run.jid
condor_submit WORKDIR_HADD/run.jds > WORKDIR_HADD/run.jid
condor_submit WORKDIR_HADD/run.jds > WORKDIR_HADD/run.jid
condor_submit WORKDIR_HADD/run.jds > WORKDIR_HADD/run.jid
